============================================================
 ARTCHO NODE — MODE=L2 — NODE_ID=B
============================================================
 Bucket duration : 2.0s
 TEST_EPOCH      : 1776796146.0
 BUCKET_EPOCH    : 1776778146.0
 sim offset      : 18000s  (5.00h)
 Use blacklist   : False
 Detect enabled  : False
 Dual radio      : True
============================================================

[WAIT] sleeping 20.1s until TEST_EPOCH...
[INIT] L2 cold-start (bucket=9000):
       active  wlan0 -> ch10 (2457 MHz)
       bg      wlan1 -> ch4 (2427 MHz)
       confirmed blacklist: []
[INIT] L2 cold-start complete.

[TX  ->  *] bucket=9000 L2 active=wlan0 ch10  BL=[]
[RX  <- A] bucket=9000  peer_BL=[]  my_BL=[]
[20:29:08] HOP bucket=9001 L2 active=wlan1 ch4  | prep wlan0 ch9  | BL=[]
[TX  ->  *] bucket=9001 L2 active=wlan1 ch4  BL=[]
[RX  <- A] bucket=9001  peer_BL=[]  my_BL=[]
[20:29:10] HOP bucket=9002 L2 active=wlan0 ch9  | prep wlan1 ch11  | BL=[]
[RX  <- A] bucket=9002  peer_BL=[]  my_BL=[]
[TX  ->  *] bucket=9002 L2 active=wlan0 ch9  BL=[]
[20:29:12] HOP bucket=9003 L2 active=wlan1 ch11  | prep wlan0 ch11  | BL=[]
[RX  <- A] bucket=9003  peer_BL=[]  my_BL=[]
[TX  ->  *] bucket=9003 L2 active=wlan1 ch11  BL=[]
[20:29:14] HOP bucket=9004 L2 active=wlan0 ch11  | prep wlan1 ch6  | BL=[]
[TX  ->  *] bucket=9004 L2 active=wlan0 ch11  BL=[]
[RX  <- A] bucket=9004  peer_BL=[]  my_BL=[]
[20:29:16] HOP bucket=9005 L2 active=wlan1 ch6  | prep wlan0 ch6  | BL=[]
[TX  ->  *] bucket=9005 L2 active=wlan1 ch6  BL=[]
[RX  <- A] bucket=9005  peer_BL=[]  my_BL=[]
[20:29:18] HOP bucket=9006 L2 active=wlan0 ch6  | prep wlan1 ch9  | BL=[]
[TX  ->  *] bucket=9006 L2 active=wlan0 ch6  BL=[]
[RX  <- A] bucket=9006  peer_BL=[]  my_BL=[]
[20:29:20] HOP bucket=9007 L2 active=wlan1 ch9  | prep wlan0 ch9  | BL=[]
[TX  ->  *] bucket=9007 L2 active=wlan1 ch9  BL=[]
[RX  <- A] bucket=9007  peer_BL=[]  my_BL=[]
[20:29:22] HOP bucket=9008 L2 active=wlan0 ch9  | prep wlan1 ch7  | BL=[]
[TX  ->  *] bucket=9008 L2 active=wlan0 ch9  BL=[]
[RX  <- A] bucket=9008  peer_BL=[]  my_BL=[]
[20:29:24] HOP bucket=9009 L2 active=wlan1 ch7  | prep wlan0 ch10  | BL=[]
[TX  ->  *] bucket=9009 L2 active=wlan1 ch7  BL=[]
[RX  <- A] bucket=9009  peer_BL=[]  my_BL=[]
[20:29:26] HOP bucket=9010 L2 active=wlan0 ch10  | prep wlan1 ch3  | BL=[]
[TX  ->  *] bucket=9010 L2 active=wlan0 ch10  BL=[]
[RX  <- A] bucket=9010  peer_BL=[]  my_BL=[]
[20:29:28] HOP bucket=9011 L2 active=wlan1 ch3  | prep wlan0 ch6  | BL=[]
[TX  ->  *] bucket=9011 L2 active=wlan1 ch3  BL=[]
[RX  <- A] bucket=9011  peer_BL=[]  my_BL=[]
[20:29:30] HOP bucket=9012 L2 active=wlan0 ch6  | prep wlan1 ch8  | BL=[]
[RX  <- A] bucket=9012  peer_BL=[]  my_BL=[]
[TX  ->  *] bucket=9012 L2 active=wlan0 ch6  BL=[]
[20:29:32] HOP bucket=9013 L2 active=wlan1 ch8  | prep wlan0 ch4  | BL=[]
[RX  <- A] bucket=9013  peer_BL=[]  my_BL=[]
[TX  ->  *] bucket=9013 L2 active=wlan1 ch8  BL=[]
[20:29:34] HOP bucket=9014 L2 active=wlan0 ch4  | prep wlan1 ch11  | BL=[]
[RX  <- A] bucket=9014  peer_BL=[]  my_BL=[]
[TX  ->  *] bucket=9014 L2 active=wlan0 ch4  BL=[]
[20:29:36] HOP bucket=9015 L2 active=wlan1 ch11  | prep wlan0 ch4  | BL=[]
[TX  ->  *] bucket=9015 L2 active=wlan1 ch11  BL=[]
[RX  <- A] bucket=9015  peer_BL=[]  my_BL=[]
[20:29:38] HOP bucket=9016 L2 active=wlan0 ch4  | prep wlan1 ch6  | BL=[]
[TX  ->  *] bucket=9016 L2 active=wlan0 ch4  BL=[]
[RX  <- A] bucket=9016  peer_BL=[]  my_BL=[]
[20:29:40] HOP bucket=9017 L2 active=wlan1 ch6  | prep wlan0 ch6  | BL=[]
[TX  ->  *] bucket=9017 L2 active=wlan1 ch6  BL=[]
[RX  <- A] bucket=9017  peer_BL=[]  my_BL=[]
[20:29:42] HOP bucket=9018 L2 active=wlan0 ch6  | prep wlan1 ch4  | BL=[]
[TX  ->  *] bucket=9018 L2 active=wlan0 ch6  BL=[]
[RX  <- A] bucket=9018  peer_BL=[]  my_BL=[]
[20:29:44] HOP bucket=9019 L2 active=wlan1 ch4  | prep wlan0 ch6  | BL=[]
[RX  <- A] bucket=9019  peer_BL=[]  my_BL=[]
[TX  ->  *] bucket=9019 L2 active=wlan1 ch4  BL=[]
[20:29:46] HOP bucket=9020 L2 active=wlan0 ch6  | prep wlan1 ch7  | BL=[]
[TX  ->  *] bucket=9020 L2 active=wlan0 ch6  BL=[]
[RX  <- A] bucket=9020  peer_BL=[]  my_BL=[]
[20:29:48] HOP bucket=9021 L2 active=wlan1 ch7  | prep wlan0 ch3  | BL=[]
[TX  ->  *] bucket=9021 L2 active=wlan1 ch7  BL=[]
[RX  <- A] bucket=9021  peer_BL=[]  my_BL=[]
[20:29:50] HOP bucket=9022 L2 active=wlan0 ch3  | prep wlan1 ch3  | BL=[]
[TX  ->  *] bucket=9022 L2 active=wlan0 ch3  BL=[]
[RX  <- A] bucket=9022  peer_BL=[]  my_BL=[]
[20:29:52] HOP bucket=9023 L2 active=wlan1 ch3  | prep wlan0 ch7  | BL=[]
[TX  ->  *] bucket=9023 L2 active=wlan1 ch3  BL=[]
[RX  <- A] bucket=9023  peer_BL=[]  my_BL=[]
[20:29:54] HOP bucket=9024 L2 active=wlan0 ch7  | prep wlan1 ch11  | BL=[]
[TX  ->  *] bucket=9024 L2 active=wlan0 ch7  BL=[]
[RX  <- A] bucket=9024  peer_BL=[]  my_BL=[]
[20:29:56] HOP bucket=9025 L2 active=wlan1 ch11  | prep wlan0 ch4  | BL=[]
[TX  ->  *] bucket=9025 L2 active=wlan1 ch11  BL=[]
[RX  <- A] bucket=9025  peer_BL=[]  my_BL=[]
[20:29:58] HOP bucket=9026 L2 active=wlan0 ch4  | prep wlan1 ch10  | BL=[]
[RX  <- A] bucket=9026  peer_BL=[]  my_BL=[]
[TX  ->  *] bucket=9026 L2 active=wlan0 ch4  BL=[]
[20:30:00] HOP bucket=9027 L2 active=wlan1 ch10  | prep wlan0 ch3  | BL=[]
[RX  <- A] bucket=9027  peer_BL=[]  my_BL=[]
[TX  ->  *] bucket=9027 L2 active=wlan1 ch10  BL=[]
[20:30:02] HOP bucket=9028 L2 active=wlan0 ch3  | prep wlan1 ch6  | BL=[]
[TX  ->  *] bucket=9028 L2 active=wlan0 ch3  BL=[]
[RX  <- A] bucket=9028  peer_BL=[]  my_BL=[]
[20:30:04] HOP bucket=9029 L2 active=wlan1 ch6  | prep wlan0 ch10  | BL=[]
[TX  ->  *] bucket=9029 L2 active=wlan1 ch6  BL=[]
[RX  <- A] bucket=9029  peer_BL=[]  my_BL=[]
[20:30:06] HOP bucket=9030 L2 active=wlan0 ch10  | prep wlan1 ch10  | BL=[]
[RX  <- A] bucket=9030  peer_BL=[]  my_BL=[]
[TX  ->  *] bucket=9030 L2 active=wlan0 ch10  BL=[]
[20:30:08] HOP bucket=9031 L2 active=wlan1 ch10  | prep wlan0 ch3  | BL=[]
[RX  <- A] bucket=9031  peer_BL=[]  my_BL=[]
[TX  ->  *] bucket=9031 L2 active=wlan1 ch10  BL=[]
[20:30:10] HOP bucket=9032 L2 active=wlan0 ch3  | prep wlan1 ch5  | BL=[]
[TX  ->  *] bucket=9032 L2 active=wlan0 ch3  BL=[]
[RX  <- A] bucket=9032  peer_BL=[]  my_BL=[]
[20:30:12] HOP bucket=9033 L2 active=wlan1 ch5  | prep wlan0 ch6  | BL=[]
[RX  <- A] bucket=9033  peer_BL=[]  my_BL=[]
[TX  ->  *] bucket=9033 L2 active=wlan1 ch5  BL=[]
[20:30:14] HOP bucket=9034 L2 active=wlan0 ch6  | prep wlan1 ch3  | BL=[]
[TX  ->  *] bucket=9034 L2 active=wlan0 ch6  BL=[]
[20:30:16] HOP bucket=9035 L2 active=wlan1 ch3  | prep wlan0 ch10  | BL=[]
[RX  <- A] bucket=9035  peer_BL=[]  my_BL=[]
[TX  ->  *] bucket=9035 L2 active=wlan1 ch3  BL=[]
[20:30:18] HOP bucket=9036 L2 active=wlan0 ch10  | prep wlan1 ch6  | BL=[]
[RX  <- A] bucket=9036  peer_BL=[]  my_BL=[]
[TX  ->  *] bucket=9036 L2 active=wlan0 ch10  BL=[]
[20:30:20] HOP bucket=9037 L2 active=wlan1 ch6  | prep wlan0 ch4  | BL=[]
[TX  ->  *] bucket=9037 L2 active=wlan1 ch6  BL=[]
[20:30:22] HOP bucket=9038 L2 active=wlan0 ch4  | prep wlan1 ch5  | BL=[]
[RX  <- A] bucket=9038  peer_BL=[]  my_BL=[]
[TX  ->  *] bucket=9038 L2 active=wlan0 ch4  BL=[]
[20:30:24] HOP bucket=9039 L2 active=wlan1 ch5  | prep wlan0 ch11  | BL=[]
[RX  <- A] bucket=9039  peer_BL=[]  my_BL=[]
[TX  ->  *] bucket=9039 L2 active=wlan1 ch5  BL=[]
[20:30:26] HOP bucket=9040 L2 active=wlan0 ch11  | prep wlan1 ch10  | BL=[]
[RX  <- A] bucket=9040  peer_BL=[]  my_BL=[]
[TX  ->  *] bucket=9040 L2 active=wlan0 ch11  BL=[]
[20:30:28] HOP bucket=9041 L2 active=wlan1 ch10  | prep wlan0 ch8  | BL=[]
[RX  <- A] bucket=9041  peer_BL=[]  my_BL=[]
[TX  ->  *] bucket=9041 L2 active=wlan1 ch10  BL=[]
[20:30:30] HOP bucket=9042 L2 active=wlan0 ch8  | prep wlan1 ch9  | BL=[]
[RX  <- A] bucket=9042  peer_BL=[]  my_BL=[]
[TX  ->  *] bucket=9042 L2 active=wlan0 ch8  BL=[]
[20:30:32] HOP bucket=9043 L2 active=wlan1 ch9  | prep wlan0 ch11  | BL=[]
[RX  <- A] bucket=9043  peer_BL=[]  my_BL=[]
[TX  ->  *] bucket=9043 L2 active=wlan1 ch9  BL=[]
[20:30:34] HOP bucket=9044 L2 active=wlan0 ch11  | prep wlan1 ch11  | BL=[]
[RX  <- A] bucket=9044  peer_BL=[]  my_BL=[]
[TX  ->  *] bucket=9044 L2 active=wlan0 ch11  BL=[]
[20:30:36] HOP bucket=9045 L2 active=wlan1 ch11  | prep wlan0 ch5  | BL=[]
[TX  ->  *] bucket=9045 L2 active=wlan1 ch11  BL=[]
[RX  <- A] bucket=9045  peer_BL=[]  my_BL=[]
[20:30:38] HOP bucket=9046 L2 active=wlan0 ch5  | prep wlan1 ch4  | BL=[]
[TX  ->  *] bucket=9046 L2 active=wlan0 ch5  BL=[]
[RX  <- A] bucket=9046  peer_BL=[]  my_BL=[]
[20:30:40] HOP bucket=9047 L2 active=wlan1 ch4  | prep wlan0 ch4  | BL=[]
[TX  ->  *] bucket=9047 L2 active=wlan1 ch4  BL=[]
[RX  <- A] bucket=9047  peer_BL=[]  my_BL=[]
[20:30:42] HOP bucket=9048 L2 active=wlan0 ch4  | prep wlan1 ch11  | BL=[]
[RX  <- A] bucket=9048  peer_BL=[]  my_BL=[]
[TX  ->  *] bucket=9048 L2 active=wlan0 ch4  BL=[]
[20:30:44] HOP bucket=9049 L2 active=wlan1 ch11  | prep wlan0 ch3  | BL=[]
[RX  <- A] bucket=9049  peer_BL=[]  my_BL=[]
[TX  ->  *] bucket=9049 L2 active=wlan1 ch11  BL=[]
[20:30:46] HOP bucket=9050 L2 active=wlan0 ch3  | prep wlan1 ch8  | BL=[]
[TX  ->  *] bucket=9050 L2 active=wlan0 ch3  BL=[]
[RX  <- A] bucket=9050  peer_BL=[]  my_BL=[]
[20:30:48] HOP bucket=9051 L2 active=wlan1 ch8  | prep wlan0 ch9  | BL=[]
[TX  ->  *] bucket=9051 L2 active=wlan1 ch8  BL=[]
[RX  <- A] bucket=9051  peer_BL=[]  my_BL=[]
[20:30:50] HOP bucket=9052 L2 active=wlan0 ch9  | prep wlan1 ch6  | BL=[]
[TX  ->  *] bucket=9052 L2 active=wlan0 ch9  BL=[]
[RX  <- A] bucket=9052  peer_BL=[]  my_BL=[]
[20:30:52] HOP bucket=9053 L2 active=wlan1 ch6  | prep wlan0 ch8  | BL=[]
[TX  ->  *] bucket=9053 L2 active=wlan1 ch6  BL=[]
[20:30:54] HOP bucket=9054 L2 active=wlan0 ch8  | prep wlan1 ch3  | BL=[]
[TX  ->  *] bucket=9054 L2 active=wlan0 ch8  BL=[]
[RX  <- A] bucket=9054  peer_BL=[]  my_BL=[]
[20:30:56] HOP bucket=9055 L2 active=wlan1 ch3  | prep wlan0 ch5  | BL=[]
[TX  ->  *] bucket=9055 L2 active=wlan1 ch3  BL=[]
[RX  <- A] bucket=9055  peer_BL=[]  my_BL=[]
[20:30:58] HOP bucket=9056 L2 active=wlan0 ch5  | prep wlan1 ch11  | BL=[]
[TX  ->  *] bucket=9056 L2 active=wlan0 ch5  BL=[]
[RX  <- A] bucket=9056  peer_BL=[]  my_BL=[]
[20:31:00] HOP bucket=9057 L2 active=wlan1 ch11  | prep wlan0 ch3  | BL=[]
[TX  ->  *] bucket=9057 L2 active=wlan1 ch11  BL=[]
[RX  <- A] bucket=9057  peer_BL=[]  my_BL=[]
[20:31:02] HOP bucket=9058 L2 active=wlan0 ch3  | prep wlan1 ch7  | BL=[]
[RX  <- A] bucket=9058  peer_BL=[]  my_BL=[]
[TX  ->  *] bucket=9058 L2 active=wlan0 ch3  BL=[]
[20:31:04] HOP bucket=9059 L2 active=wlan1 ch7  | prep wlan0 ch6  | BL=[]
[TX  ->  *] bucket=9059 L2 active=wlan1 ch7  BL=[]
[RX  <- A] bucket=9059  peer_BL=[]  my_BL=[]
[20:31:06] HOP bucket=9060 L2 active=wlan0 ch6  | prep wlan1 ch11  | BL=[]
[TX  ->  *] bucket=9060 L2 active=wlan0 ch6  BL=[]
[20:31:08] HOP bucket=9061 L2 active=wlan1 ch11  | prep wlan0 ch3  | BL=[]
[TX  ->  *] bucket=9061 L2 active=wlan1 ch11  BL=[]
[RX  <- A] bucket=9061  peer_BL=[]  my_BL=[]
[20:31:10] HOP bucket=9062 L2 active=wlan0 ch3  | prep wlan1 ch7  | BL=[]
[RX  <- A] bucket=9062  peer_BL=[]  my_BL=[]
[TX  ->  *] bucket=9062 L2 active=wlan0 ch3  BL=[]
[20:31:12] HOP bucket=9063 L2 active=wlan1 ch7  | prep wlan0 ch5  | BL=[]
[RX  <- A] bucket=9063  peer_BL=[]  my_BL=[]
[TX  ->  *] bucket=9063 L2 active=wlan1 ch7  BL=[]
[20:31:14] HOP bucket=9064 L2 active=wlan0 ch5  | prep wlan1 ch10  | BL=[]
[RX  <- A] bucket=9064  peer_BL=[]  my_BL=[]
[TX  ->  *] bucket=9064 L2 active=wlan0 ch5  BL=[]
[20:31:16] HOP bucket=9065 L2 active=wlan1 ch10  | prep wlan0 ch6  | BL=[]
[RX  <- A] bucket=9065  peer_BL=[]  my_BL=[]
[TX  ->  *] bucket=9065 L2 active=wlan1 ch10  BL=[]
[20:31:18] HOP bucket=9066 L2 active=wlan0 ch6  | prep wlan1 ch8  | BL=[]
[TX  ->  *] bucket=9066 L2 active=wlan0 ch6  BL=[]
[20:31:20] HOP bucket=9067 L2 active=wlan1 ch8  | prep wlan0 ch6  | BL=[]
[RX  <- A] bucket=9067  peer_BL=[]  my_BL=[]
[TX  ->  *] bucket=9067 L2 active=wlan1 ch8  BL=[]
[20:31:22] HOP bucket=9068 L2 active=wlan0 ch6  | prep wlan1 ch5  | BL=[]
[TX  ->  *] bucket=9068 L2 active=wlan0 ch6  BL=[]
[20:31:24] HOP bucket=9069 L2 active=wlan1 ch5  | prep wlan0 ch4  | BL=[]
[TX  ->  *] bucket=9069 L2 active=wlan1 ch5  BL=[]
[RX  <- A] bucket=9069  peer_BL=[]  my_BL=[]
[20:31:26] HOP bucket=9070 L2 active=wlan0 ch4  | prep wlan1 ch3  | BL=[]
[TX  ->  *] bucket=9070 L2 active=wlan0 ch4  BL=[]
[RX  <- A] bucket=9070  peer_BL=[]  my_BL=[]
[20:31:28] HOP bucket=9071 L2 active=wlan1 ch3  | prep wlan0 ch8  | BL=[]
[TX  ->  *] bucket=9071 L2 active=wlan1 ch3  BL=[]
[RX  <- A] bucket=9071  peer_BL=[]  my_BL=[]
[20:31:30] HOP bucket=9072 L2 active=wlan0 ch8  | prep wlan1 ch3  | BL=[]
[TX  ->  *] bucket=9072 L2 active=wlan0 ch8  BL=[]
[RX  <- A] bucket=9072  peer_BL=[]  my_BL=[]
[20:31:32] HOP bucket=9073 L2 active=wlan1 ch3  | prep wlan0 ch6  | BL=[]
[TX  ->  *] bucket=9073 L2 active=wlan1 ch3  BL=[]
[RX  <- A] bucket=9073  peer_BL=[]  my_BL=[]
[20:31:34] HOP bucket=9074 L2 active=wlan0 ch6  | prep wlan1 ch3  | BL=[]
[TX  ->  *] bucket=9074 L2 active=wlan0 ch6  BL=[]
[20:31:36] HOP bucket=9075 L2 active=wlan1 ch3  | prep wlan0 ch8  | BL=[]
[RX  <- A] bucket=9075  peer_BL=[]  my_BL=[]
[TX  ->  *] bucket=9075 L2 active=wlan1 ch3  BL=[]
[20:31:38] HOP bucket=9076 L2 active=wlan0 ch8  | prep wlan1 ch9  | BL=[]
[RX  <- A] bucket=9076  peer_BL=[]  my_BL=[]
[TX  ->  *] bucket=9076 L2 active=wlan0 ch8  BL=[]
[20:31:40] HOP bucket=9077 L2 active=wlan1 ch9  | prep wlan0 ch8  | BL=[]
[TX  ->  *] bucket=9077 L2 active=wlan1 ch9  BL=[]
[RX  <- A] bucket=9077  peer_BL=[]  my_BL=[]
[20:31:42] HOP bucket=9078 L2 active=wlan0 ch8  | prep wlan1 ch7  | BL=[]
[TX  ->  *] bucket=9078 L2 active=wlan0 ch8  BL=[]
[RX  <- A] bucket=9078  peer_BL=[]  my_BL=[]
[20:31:44] HOP bucket=9079 L2 active=wlan1 ch7  | prep wlan0 ch9  | BL=[]
[RX  <- A] bucket=9079  peer_BL=[]  my_BL=[]
[TX  ->  *] bucket=9079 L2 active=wlan1 ch7  BL=[]
[20:31:46] HOP bucket=9080 L2 active=wlan0 ch9  | prep wlan1 ch9  | BL=[]
[RX  <- A] bucket=9080  peer_BL=[]  my_BL=[]
[TX  ->  *] bucket=9080 L2 active=wlan0 ch9  BL=[]
[20:31:48] HOP bucket=9081 L2 active=wlan1 ch9  | prep wlan0 ch9  | BL=[]
[RX  <- A] bucket=9081  peer_BL=[]  my_BL=[]
[TX  ->  *] bucket=9081 L2 active=wlan1 ch9  BL=[]
[20:31:50] HOP bucket=9082 L2 active=wlan0 ch9  | prep wlan1 ch3  | BL=[]
[TX  ->  *] bucket=9082 L2 active=wlan0 ch9  BL=[]
[RX  <- A] bucket=9082  peer_BL=[]  my_BL=[]
[20:31:52] HOP bucket=9083 L2 active=wlan1 ch3  | prep wlan0 ch4  | BL=[]
[RX  <- A] bucket=9083  peer_BL=[]  my_BL=[]
[TX  ->  *] bucket=9083 L2 active=wlan1 ch3  BL=[]
[20:31:54] HOP bucket=9084 L2 active=wlan0 ch4  | prep wlan1 ch11  | BL=[]
[RX  <- A] bucket=9084  peer_BL=[]  my_BL=[]
[TX  ->  *] bucket=9084 L2 active=wlan0 ch4  BL=[]
[20:31:56] HOP bucket=9085 L2 active=wlan1 ch11  | prep wlan0 ch8  | BL=[]
[RX  <- A] bucket=9085  peer_BL=[]  my_BL=[]
[TX  ->  *] bucket=9085 L2 active=wlan1 ch11  BL=[]
[20:31:58] HOP bucket=9086 L2 active=wlan0 ch8  | prep wlan1 ch5  | BL=[]
[RX  <- A] bucket=9086  peer_BL=[]  my_BL=[]
[TX  ->  *] bucket=9086 L2 active=wlan0 ch8  BL=[]
[20:32:00] HOP bucket=9087 L2 active=wlan1 ch5  | prep wlan0 ch7  | BL=[]
[TX  ->  *] bucket=9087 L2 active=wlan1 ch5  BL=[]
[RX  <- A] bucket=9087  peer_BL=[]  my_BL=[]
[20:32:02] HOP bucket=9088 L2 active=wlan0 ch7  | prep wlan1 ch4  | BL=[]
[RX  <- A] bucket=9088  peer_BL=[]  my_BL=[]
[TX  ->  *] bucket=9088 L2 active=wlan0 ch7  BL=[]
[20:32:04] HOP bucket=9089 L2 active=wlan1 ch4  | prep wlan0 ch6  | BL=[]
[RX  <- A] bucket=9089  peer_BL=[]  my_BL=[]
[TX  ->  *] bucket=9089 L2 active=wlan1 ch4  BL=[]
[20:32:06] HOP bucket=9090 L2 active=wlan0 ch6  | prep wlan1 ch5  | BL=[]
[TX  ->  *] bucket=9090 L2 active=wlan0 ch6  BL=[]
[20:32:08] HOP bucket=9091 L2 active=wlan1 ch5  | prep wlan0 ch9  | BL=[]
[RX  <- A] bucket=9091  peer_BL=[]  my_BL=[]
[TX  ->  *] bucket=9091 L2 active=wlan1 ch5  BL=[]
[20:32:10] HOP bucket=9092 L2 active=wlan0 ch9  | prep wlan1 ch4  | BL=[]
[RX  <- A] bucket=9092  peer_BL=[]  my_BL=[]
[TX  ->  *] bucket=9092 L2 active=wlan0 ch9  BL=[]
[20:32:12] HOP bucket=9093 L2 active=wlan1 ch4  | prep wlan0 ch7  | BL=[]
[TX  ->  *] bucket=9093 L2 active=wlan1 ch4  BL=[]
[RX  <- A] bucket=9093  peer_BL=[]  my_BL=[]
[20:32:14] HOP bucket=9094 L2 active=wlan0 ch7  | prep wlan1 ch5  | BL=[]
[TX  ->  *] bucket=9094 L2 active=wlan0 ch7  BL=[]
[20:32:16] HOP bucket=9095 L2 active=wlan1 ch5  | prep wlan0 ch9  | BL=[]
[RX  <- A] bucket=9095  peer_BL=[]  my_BL=[]
[TX  ->  *] bucket=9095 L2 active=wlan1 ch5  BL=[]
[20:32:18] HOP bucket=9096 L2 active=wlan0 ch9  | prep wlan1 ch7  | BL=[]
[RX  <- A] bucket=9096  peer_BL=[]  my_BL=[]
[TX  ->  *] bucket=9096 L2 active=wlan0 ch9  BL=[]
[20:32:20] HOP bucket=9097 L2 active=wlan1 ch7  | prep wlan0 ch5  | BL=[]
[TX  ->  *] bucket=9097 L2 active=wlan1 ch7  BL=[]
[20:32:22] HOP bucket=9098 L2 active=wlan0 ch5  | prep wlan1 ch6  | BL=[]
[TX  ->  *] bucket=9098 L2 active=wlan0 ch5  BL=[]
[RX  <- A] bucket=9098  peer_BL=[]  my_BL=[]
[20:32:24] HOP bucket=9099 L2 active=wlan1 ch6  | prep wlan0 ch3  | BL=[]
[TX  ->  *] bucket=9099 L2 active=wlan1 ch6  BL=[]
[20:32:26] HOP bucket=9100 L2 active=wlan0 ch3  | prep wlan1 ch8  | BL=[]
[TX  ->  *] bucket=9100 L2 active=wlan0 ch3  BL=[]
[RX  <- A] bucket=9100  peer_BL=[]  my_BL=[]
[20:32:28] HOP bucket=9101 L2 active=wlan1 ch8  | prep wlan0 ch4  | BL=[]
[RX  <- A] bucket=9101  peer_BL=[]  my_BL=[]
[TX  ->  *] bucket=9101 L2 active=wlan1 ch8  BL=[]
[20:32:30] HOP bucket=9102 L2 active=wlan0 ch4  | prep wlan1 ch3  | BL=[]
[RX  <- A] bucket=9102  peer_BL=[]  my_BL=[]
[TX  ->  *] bucket=9102 L2 active=wlan0 ch4  BL=[]
[20:32:32] HOP bucket=9103 L2 active=wlan1 ch3  | prep wlan0 ch5  | BL=[]
[RX  <- A] bucket=9103  peer_BL=[]  my_BL=[]
[TX  ->  *] bucket=9103 L2 active=wlan1 ch3  BL=[]
[20:32:34] HOP bucket=9104 L2 active=wlan0 ch5  | prep wlan1 ch7  | BL=[]
[TX  ->  *] bucket=9104 L2 active=wlan0 ch5  BL=[]
[RX  <- A] bucket=9104  peer_BL=[]  my_BL=[]
[20:32:36] HOP bucket=9105 L2 active=wlan1 ch7  | prep wlan0 ch4  | BL=[]
[TX  ->  *] bucket=9105 L2 active=wlan1 ch7  BL=[]
[20:32:38] HOP bucket=9106 L2 active=wlan0 ch4  | prep wlan1 ch4  | BL=[]
[RX  <- A] bucket=9106  peer_BL=[]  my_BL=[]
[TX  ->  *] bucket=9106 L2 active=wlan0 ch4  BL=[]
[20:32:40] HOP bucket=9107 L2 active=wlan1 ch4  | prep wlan0 ch8  | BL=[]
[TX  ->  *] bucket=9107 L2 active=wlan1 ch4  BL=[]
[RX  <- A] bucket=9107  peer_BL=[]  my_BL=[]
[20:32:42] HOP bucket=9108 L2 active=wlan0 ch8  | prep wlan1 ch6  | BL=[]
[RX  <- A] bucket=9108  peer_BL=[]  my_BL=[]
[TX  ->  *] bucket=9108 L2 active=wlan0 ch8  BL=[]
[20:32:44] HOP bucket=9109 L2 active=wlan1 ch6  | prep wlan0 ch4  | BL=[]
[TX  ->  *] bucket=9109 L2 active=wlan1 ch6  BL=[]
[20:32:46] HOP bucket=9110 L2 active=wlan0 ch4  | prep wlan1 ch4  | BL=[]
[TX  ->  *] bucket=9110 L2 active=wlan0 ch4  BL=[]
[RX  <- A] bucket=9110  peer_BL=[]  my_BL=[]
[20:32:48] HOP bucket=9111 L2 active=wlan1 ch4  | prep wlan0 ch11  | BL=[]
[TX  ->  *] bucket=9111 L2 active=wlan1 ch4  BL=[]
[RX  <- A] bucket=9111  peer_BL=[]  my_BL=[]
[20:32:50] HOP bucket=9112 L2 active=wlan0 ch11  | prep wlan1 ch4  | BL=[]
[RX  <- A] bucket=9112  peer_BL=[]  my_BL=[]
[TX  ->  *] bucket=9112 L2 active=wlan0 ch11  BL=[]
[20:32:52] HOP bucket=9113 L2 active=wlan1 ch4  | prep wlan0 ch10  | BL=[]
[RX  <- A] bucket=9113  peer_BL=[]  my_BL=[]
[TX  ->  *] bucket=9113 L2 active=wlan1 ch4  BL=[]
[20:32:54] HOP bucket=9114 L2 active=wlan0 ch10  | prep wlan1 ch5  | BL=[]
[RX  <- A] bucket=9114  peer_BL=[]  my_BL=[]
[TX  ->  *] bucket=9114 L2 active=wlan0 ch10  BL=[]
[20:32:56] HOP bucket=9115 L2 active=wlan1 ch5  | prep wlan0 ch5  | BL=[]
[RX  <- A] bucket=9115  peer_BL=[]  my_BL=[]
[TX  ->  *] bucket=9115 L2 active=wlan1 ch5  BL=[]
[20:32:58] HOP bucket=9116 L2 active=wlan0 ch5  | prep wlan1 ch8  | BL=[]
[TX  ->  *] bucket=9116 L2 active=wlan0 ch5  BL=[]
[RX  <- A] bucket=9116  peer_BL=[]  my_BL=[]
[20:33:00] HOP bucket=9117 L2 active=wlan1 ch8  | prep wlan0 ch6  | BL=[]
[TX  ->  *] bucket=9117 L2 active=wlan1 ch8  BL=[]
[RX  <- A] bucket=9117  peer_BL=[]  my_BL=[]
[20:33:02] HOP bucket=9118 L2 active=wlan0 ch6  | prep wlan1 ch4  | BL=[]
[TX  ->  *] bucket=9118 L2 active=wlan0 ch6  BL=[]
[20:33:04] HOP bucket=9119 L2 active=wlan1 ch4  | prep wlan0 ch3  | BL=[]
[TX  ->  *] bucket=9119 L2 active=wlan1 ch4  BL=[]
[RX  <- A] bucket=9119  peer_BL=[]  my_BL=[]
[20:33:06] HOP bucket=9120 L2 active=wlan0 ch3  | prep wlan1 ch7  | BL=[]
[TX  ->  *] bucket=9120 L2 active=wlan0 ch3  BL=[]
[RX  <- A] bucket=9120  peer_BL=[]  my_BL=[]
[20:33:08] HOP bucket=9121 L2 active=wlan1 ch7  | prep wlan0 ch8  | BL=[]
[TX  ->  *] bucket=9121 L2 active=wlan1 ch7  BL=[]
[20:33:10] HOP bucket=9122 L2 active=wlan0 ch8  | prep wlan1 ch10  | BL=[]
[TX  ->  *] bucket=9122 L2 active=wlan0 ch8  BL=[]
[RX  <- A] bucket=9122  peer_BL=[]  my_BL=[]
[20:33:12] HOP bucket=9123 L2 active=wlan1 ch10  | prep wlan0 ch7  | BL=[]
[TX  ->  *] bucket=9123 L2 active=wlan1 ch10  BL=[]
[RX  <- A] bucket=9123  peer_BL=[]  my_BL=[]
[20:33:14] HOP bucket=9124 L2 active=wlan0 ch7  | prep wlan1 ch5  | BL=[]
[TX  ->  *] bucket=9124 L2 active=wlan0 ch7  BL=[]
[20:33:16] HOP bucket=9125 L2 active=wlan1 ch5  | prep wlan0 ch8  | BL=[]
[TX  ->  *] bucket=9125 L2 active=wlan1 ch5  BL=[]
[RX  <- A] bucket=9125  peer_BL=[]  my_BL=[]
[20:33:18] HOP bucket=9126 L2 active=wlan0 ch8  | prep wlan1 ch4  | BL=[]
[RX  <- A] bucket=9126  peer_BL=[]  my_BL=[]
[TX  ->  *] bucket=9126 L2 active=wlan0 ch8  BL=[]
[20:33:20] HOP bucket=9127 L2 active=wlan1 ch4  | prep wlan0 ch8  | BL=[]
[RX  <- A] bucket=9127  peer_BL=[]  my_BL=[]
[TX  ->  *] bucket=9127 L2 active=wlan1 ch4  BL=[]
[20:33:22] HOP bucket=9128 L2 active=wlan0 ch8  | prep wlan1 ch9  | BL=[]
[RX  <- A] bucket=9128  peer_BL=[]  my_BL=[]
[TX  ->  *] bucket=9128 L2 active=wlan0 ch8  BL=[]
[20:33:24] HOP bucket=9129 L2 active=wlan1 ch9  | prep wlan0 ch3  | BL=[]
[TX  ->  *] bucket=9129 L2 active=wlan1 ch9  BL=[]
[RX  <- A] bucket=9129  peer_BL=[]  my_BL=[]
[20:33:26] HOP bucket=9130 L2 active=wlan0 ch3  | prep wlan1 ch7  | BL=[]
[TX  ->  *] bucket=9130 L2 active=wlan0 ch3  BL=[]
[RX  <- A] bucket=9130  peer_BL=[]  my_BL=[]
[20:33:28] HOP bucket=9131 L2 active=wlan1 ch7  | prep wlan0 ch10  | BL=[]
[TX  ->  *] bucket=9131 L2 active=wlan1 ch7  BL=[]
[20:33:30] HOP bucket=9132 L2 active=wlan0 ch10  | prep wlan1 ch7  | BL=[]
[TX  ->  *] bucket=9132 L2 active=wlan0 ch10  BL=[]
[RX  <- A] bucket=9132  peer_BL=[]  my_BL=[]
[20:33:32] HOP bucket=9133 L2 active=wlan1 ch7  | prep wlan0 ch11  | BL=[]
[TX  ->  *] bucket=9133 L2 active=wlan1 ch7  BL=[]
[20:33:34] HOP bucket=9134 L2 active=wlan0 ch11  | prep wlan1 ch10  | BL=[]
[TX  ->  *] bucket=9134 L2 active=wlan0 ch11  BL=[]
[RX  <- A] bucket=9134  peer_BL=[]  my_BL=[]
[20:33:36] HOP bucket=9135 L2 active=wlan1 ch10  | prep wlan0 ch4  | BL=[]
[TX  ->  *] bucket=9135 L2 active=wlan1 ch10  BL=[]
[RX  <- A] bucket=9135  peer_BL=[]  my_BL=[]
[20:33:38] HOP bucket=9136 L2 active=wlan0 ch4  | prep wlan1 ch4  | BL=[]
[TX  ->  *] bucket=9136 L2 active=wlan0 ch4  BL=[]
[RX  <- A] bucket=9136  peer_BL=[]  my_BL=[]
[20:33:40] HOP bucket=9137 L2 active=wlan1 ch4  | prep wlan0 ch8  | BL=[]
[TX  ->  *] bucket=9137 L2 active=wlan1 ch4  BL=[]
[RX  <- A] bucket=9137  peer_BL=[]  my_BL=[]
[20:33:42] HOP bucket=9138 L2 active=wlan0 ch8  | prep wlan1 ch6  | BL=[]
[TX  ->  *] bucket=9138 L2 active=wlan0 ch8  BL=[]
[RX  <- A] bucket=9138  peer_BL=[]  my_BL=[]
[20:33:44] HOP bucket=9139 L2 active=wlan1 ch6  | prep wlan0 ch10  | BL=[]
[TX  ->  *] bucket=9139 L2 active=wlan1 ch6  BL=[]
[20:33:46] HOP bucket=9140 L2 active=wlan0 ch10  | prep wlan1 ch9  | BL=[]
[TX  ->  *] bucket=9140 L2 active=wlan0 ch10  BL=[]
[RX  <- A] bucket=9140  peer_BL=[]  my_BL=[]
[20:33:48] HOP bucket=9141 L2 active=wlan1 ch9  | prep wlan0 ch11  | BL=[]
[TX  ->  *] bucket=9141 L2 active=wlan1 ch9  BL=[]
[RX  <- A] bucket=9141  peer_BL=[]  my_BL=[]
[20:33:50] HOP bucket=9142 L2 active=wlan0 ch11  | prep wlan1 ch9  | BL=[]
[TX  ->  *] bucket=9142 L2 active=wlan0 ch11  BL=[]
[RX  <- A] bucket=9142  peer_BL=[]  my_BL=[]
[20:33:52] HOP bucket=9143 L2 active=wlan1 ch9  | prep wlan0 ch4  | BL=[]
[TX  ->  *] bucket=9143 L2 active=wlan1 ch9  BL=[]
[RX  <- A] bucket=9143  peer_BL=[]  my_BL=[]
[20:33:54] HOP bucket=9144 L2 active=wlan0 ch4  | prep wlan1 ch5  | BL=[]
[RX  <- A] bucket=9144  peer_BL=[]  my_BL=[]
[TX  ->  *] bucket=9144 L2 active=wlan0 ch4  BL=[]
[20:33:56] HOP bucket=9145 L2 active=wlan1 ch5  | prep wlan0 ch10  | BL=[]
[RX  <- A] bucket=9145  peer_BL=[]  my_BL=[]
[TX  ->  *] bucket=9145 L2 active=wlan1 ch5  BL=[]
[20:33:58] HOP bucket=9146 L2 active=wlan0 ch10  | prep wlan1 ch7  | BL=[]
[RX  <- A] bucket=9146  peer_BL=[]  my_BL=[]
[TX  ->  *] bucket=9146 L2 active=wlan0 ch10  BL=[]
[20:34:00] HOP bucket=9147 L2 active=wlan1 ch7  | prep wlan0 ch6  | BL=[]
[TX  ->  *] bucket=9147 L2 active=wlan1 ch7  BL=[]
[20:34:02] HOP bucket=9148 L2 active=wlan0 ch6  | prep wlan1 ch9  | BL=[]
[TX  ->  *] bucket=9148 L2 active=wlan0 ch6  BL=[]
[20:34:04] HOP bucket=9149 L2 active=wlan1 ch9  | prep wlan0 ch11  | BL=[]
[TX  ->  *] bucket=9149 L2 active=wlan1 ch9  BL=[]
[RX  <- A] bucket=9149  peer_BL=[]  my_BL=[]
[20:34:06] HOP bucket=9150 L2 active=wlan0 ch11  | prep wlan1 ch9  | BL=[]
[RX  <- A] bucket=9150  peer_BL=[]  my_BL=[]
[TX  ->  *] bucket=9150 L2 active=wlan0 ch11  BL=[]
[20:34:08] HOP bucket=9151 L2 active=wlan1 ch9  | prep wlan0 ch7  | BL=[]
[RX  <- A] bucket=9151  peer_BL=[]  my_BL=[]
[TX  ->  *] bucket=9151 L2 active=wlan1 ch9  BL=[]
[20:34:10] HOP bucket=9152 L2 active=wlan0 ch7  | prep wlan1 ch10  | BL=[]
[TX  ->  *] bucket=9152 L2 active=wlan0 ch7  BL=[]
[20:34:12] HOP bucket=9153 L2 active=wlan1 ch10  | prep wlan0 ch5  | BL=[]
[RX  <- A] bucket=9153  peer_BL=[]  my_BL=[]
[TX  ->  *] bucket=9153 L2 active=wlan1 ch10  BL=[]
[20:34:14] HOP bucket=9154 L2 active=wlan0 ch5  | prep wlan1 ch5  | BL=[]
[RX  <- A] bucket=9154  peer_BL=[]  my_BL=[]
[TX  ->  *] bucket=9154 L2 active=wlan0 ch5  BL=[]
[20:34:16] HOP bucket=9155 L2 active=wlan1 ch5  | prep wlan0 ch7  | BL=[]
[TX  ->  *] bucket=9155 L2 active=wlan1 ch5  BL=[]
[RX  <- A] bucket=9155  peer_BL=[]  my_BL=[]
[20:34:18] HOP bucket=9156 L2 active=wlan0 ch7  | prep wlan1 ch6  | BL=[]
[TX  ->  *] bucket=9156 L2 active=wlan0 ch7  BL=[]
[20:34:20] HOP bucket=9157 L2 active=wlan1 ch6  | prep wlan0 ch6  | BL=[]
[RX  <- A] bucket=9157  peer_BL=[]  my_BL=[]
[TX  ->  *] bucket=9157 L2 active=wlan1 ch6  BL=[]
[20:34:22] HOP bucket=9158 L2 active=wlan0 ch6  | prep wlan1 ch9  | BL=[]
[RX  <- A] bucket=9158  peer_BL=[]  my_BL=[]
[TX  ->  *] bucket=9158 L2 active=wlan0 ch6  BL=[]
[20:34:24] HOP bucket=9159 L2 active=wlan1 ch9  | prep wlan0 ch7  | BL=[]
[RX  <- A] bucket=9159  peer_BL=[]  my_BL=[]
[TX  ->  *] bucket=9159 L2 active=wlan1 ch9  BL=[]
[20:34:26] HOP bucket=9160 L2 active=wlan0 ch7  | prep wlan1 ch4  | BL=[]
[TX  ->  *] bucket=9160 L2 active=wlan0 ch7  BL=[]
[20:34:28] HOP bucket=9161 L2 active=wlan1 ch4  | prep wlan0 ch9  | BL=[]
[TX  ->  *] bucket=9161 L2 active=wlan1 ch4  BL=[]
[RX  <- A] bucket=9161  peer_BL=[]  my_BL=[]
[20:34:30] HOP bucket=9162 L2 active=wlan0 ch9  | prep wlan1 ch6  | BL=[]
[TX  ->  *] bucket=9162 L2 active=wlan0 ch9  BL=[]
[RX  <- A] bucket=9162  peer_BL=[]  my_BL=[]
[20:34:32] HOP bucket=9163 L2 active=wlan1 ch6  | prep wlan0 ch3  | BL=[]
[RX  <- A] bucket=9163  peer_BL=[]  my_BL=[]
[TX  ->  *] bucket=9163 L2 active=wlan1 ch6  BL=[]
[20:34:34] HOP bucket=9164 L2 active=wlan0 ch3  | prep wlan1 ch9  | BL=[]
[RX  <- A] bucket=9164  peer_BL=[]  my_BL=[]
[TX  ->  *] bucket=9164 L2 active=wlan0 ch3  BL=[]
[20:34:36] HOP bucket=9165 L2 active=wlan1 ch9  | prep wlan0 ch7  | BL=[]
[RX  <- A] bucket=9165  peer_BL=[]  my_BL=[]
[TX  ->  *] bucket=9165 L2 active=wlan1 ch9  BL=[]
[20:34:38] HOP bucket=9166 L2 active=wlan0 ch7  | prep wlan1 ch11  | BL=[]
[TX  ->  *] bucket=9166 L2 active=wlan0 ch7  BL=[]
[20:34:40] HOP bucket=9167 L2 active=wlan1 ch11  | prep wlan0 ch3  | BL=[]
[RX  <- A] bucket=9167  peer_BL=[]  my_BL=[]
[TX  ->  *] bucket=9167 L2 active=wlan1 ch11  BL=[]
[20:34:42] HOP bucket=9168 L2 active=wlan0 ch3  | prep wlan1 ch3  | BL=[]
[RX  <- A] bucket=9168  peer_BL=[]  my_BL=[]
[TX  ->  *] bucket=9168 L2 active=wlan0 ch3  BL=[]
[20:34:44] HOP bucket=9169 L2 active=wlan1 ch3  | prep wlan0 ch8  | BL=[]
[TX  ->  *] bucket=9169 L2 active=wlan1 ch3  BL=[]
[RX  <- A] bucket=9169  peer_BL=[]  my_BL=[]
[20:34:46] HOP bucket=9170 L2 active=wlan0 ch8  | prep wlan1 ch7  | BL=[]
[RX  <- A] bucket=9170  peer_BL=[]  my_BL=[]
[TX  ->  *] bucket=9170 L2 active=wlan0 ch8  BL=[]
[20:34:48] HOP bucket=9171 L2 active=wlan1 ch7  | prep wlan0 ch5  | BL=[]
[TX  ->  *] bucket=9171 L2 active=wlan1 ch7  BL=[]
[20:34:50] HOP bucket=9172 L2 active=wlan0 ch5  | prep wlan1 ch4  | BL=[]
[RX  <- A] bucket=9172  peer_BL=[]  my_BL=[]
[TX  ->  *] bucket=9172 L2 active=wlan0 ch5  BL=[]
[20:34:52] HOP bucket=9173 L2 active=wlan1 ch4  | prep wlan0 ch8  | BL=[]
[RX  <- A] bucket=9173  peer_BL=[]  my_BL=[]
[TX  ->  *] bucket=9173 L2 active=wlan1 ch4  BL=[]
[20:34:54] HOP bucket=9174 L2 active=wlan0 ch8  | prep wlan1 ch3  | BL=[]
[RX  <- A] bucket=9174  peer_BL=[]  my_BL=[]
[TX  ->  *] bucket=9174 L2 active=wlan0 ch8  BL=[]
[20:34:56] HOP bucket=9175 L2 active=wlan1 ch3  | prep wlan0 ch4  | BL=[]
[TX  ->  *] bucket=9175 L2 active=wlan1 ch3  BL=[]
[RX  <- A] bucket=9175  peer_BL=[]  my_BL=[]
[20:34:58] HOP bucket=9176 L2 active=wlan0 ch4  | prep wlan1 ch7  | BL=[]
[TX  ->  *] bucket=9176 L2 active=wlan0 ch4  BL=[]
[RX  <- A] bucket=9176  peer_BL=[]  my_BL=[]
[20:35:00] HOP bucket=9177 L2 active=wlan1 ch7  | prep wlan0 ch11  | BL=[]
[TX  ->  *] bucket=9177 L2 active=wlan1 ch7  BL=[]
[20:35:02] HOP bucket=9178 L2 active=wlan0 ch11  | prep wlan1 ch6  | BL=[]
[RX  <- A] bucket=9178  peer_BL=[]  my_BL=[]
[TX  ->  *] bucket=9178 L2 active=wlan0 ch11  BL=[]
[20:35:04] HOP bucket=9179 L2 active=wlan1 ch6  | prep wlan0 ch7  | BL=[]
[TX  ->  *] bucket=9179 L2 active=wlan1 ch6  BL=[]
[RX  <- A] bucket=9179  peer_BL=[]  my_BL=[]
[20:35:06] HOP bucket=9180 L2 active=wlan0 ch7  | prep wlan1 ch8  | BL=[]
[TX  ->  *] bucket=9180 L2 active=wlan0 ch7  BL=[]
[20:35:08] HOP bucket=9181 L2 active=wlan1 ch8  | prep wlan0 ch6  | BL=[]
[RX  <- A] bucket=9181  peer_BL=[]  my_BL=[]
[TX  ->  *] bucket=9181 L2 active=wlan1 ch8  BL=[]
[20:35:10] HOP bucket=9182 L2 active=wlan0 ch6  | prep wlan1 ch5  | BL=[]
[RX  <- A] bucket=9182  peer_BL=[]  my_BL=[]
[TX  ->  *] bucket=9182 L2 active=wlan0 ch6  BL=[]
[20:35:12] HOP bucket=9183 L2 active=wlan1 ch5  | prep wlan0 ch4  | BL=[]
[RX  <- A] bucket=9183  peer_BL=[]  my_BL=[]
[TX  ->  *] bucket=9183 L2 active=wlan1 ch5  BL=[]
[20:35:14] HOP bucket=9184 L2 active=wlan0 ch4  | prep wlan1 ch3  | BL=[]
[TX  ->  *] bucket=9184 L2 active=wlan0 ch4  BL=[]
[RX  <- A] bucket=9184  peer_BL=[]  my_BL=[]
[20:35:16] HOP bucket=9185 L2 active=wlan1 ch3  | prep wlan0 ch3  | BL=[]
[TX  ->  *] bucket=9185 L2 active=wlan1 ch3  BL=[]
[RX  <- A] bucket=9185  peer_BL=[]  my_BL=[]
[20:35:18] HOP bucket=9186 L2 active=wlan0 ch3  | prep wlan1 ch4  | BL=[]
[TX  ->  *] bucket=9186 L2 active=wlan0 ch3  BL=[]
[RX  <- A] bucket=9186  peer_BL=[]  my_BL=[]
[20:35:20] HOP bucket=9187 L2 active=wlan1 ch4  | prep wlan0 ch3  | BL=[]
[TX  ->  *] bucket=9187 L2 active=wlan1 ch4  BL=[]
[RX  <- A] bucket=9187  peer_BL=[]  my_BL=[]
[20:35:22] HOP bucket=9188 L2 active=wlan0 ch3  | prep wlan1 ch9  | BL=[]
[RX  <- A] bucket=9188  peer_BL=[]  my_BL=[]
[TX  ->  *] bucket=9188 L2 active=wlan0 ch3  BL=[]
[20:35:24] HOP bucket=9189 L2 active=wlan1 ch9  | prep wlan0 ch5  | BL=[]
[RX  <- A] bucket=9189  peer_BL=[]  my_BL=[]
[TX  ->  *] bucket=9189 L2 active=wlan1 ch9  BL=[]
[20:35:26] HOP bucket=9190 L2 active=wlan0 ch5  | prep wlan1 ch8  | BL=[]
[TX  ->  *] bucket=9190 L2 active=wlan0 ch5  BL=[]
[RX  <- A] bucket=9190  peer_BL=[]  my_BL=[]
[20:35:28] HOP bucket=9191 L2 active=wlan1 ch8  | prep wlan0 ch4  | BL=[]
[TX  ->  *] bucket=9191 L2 active=wlan1 ch8  BL=[]
[RX  <- A] bucket=9191  peer_BL=[]  my_BL=[]
[20:35:30] HOP bucket=9192 L2 active=wlan0 ch4  | prep wlan1 ch7  | BL=[]
[TX  ->  *] bucket=9192 L2 active=wlan0 ch4  BL=[]
[RX  <- A] bucket=9192  peer_BL=[]  my_BL=[]
[20:35:32] HOP bucket=9193 L2 active=wlan1 ch7  | prep wlan0 ch5  | BL=[]
[TX  ->  *] bucket=9193 L2 active=wlan1 ch7  BL=[]
[20:35:34] HOP bucket=9194 L2 active=wlan0 ch5  | prep wlan1 ch5  | BL=[]
[TX  ->  *] bucket=9194 L2 active=wlan0 ch5  BL=[]
[RX  <- A] bucket=9194  peer_BL=[]  my_BL=[]
[20:35:36] HOP bucket=9195 L2 active=wlan1 ch5  | prep wlan0 ch8  | BL=[]
[TX  ->  *] bucket=9195 L2 active=wlan1 ch5  BL=[]
[RX  <- A] bucket=9195  peer_BL=[]  my_BL=[]
[20:35:38] HOP bucket=9196 L2 active=wlan0 ch8  | prep wlan1 ch5  | BL=[]
[TX  ->  *] bucket=9196 L2 active=wlan0 ch8  BL=[]
[RX  <- A] bucket=9196  peer_BL=[]  my_BL=[]
[20:35:40] HOP bucket=9197 L2 active=wlan1 ch5  | prep wlan0 ch5  | BL=[]
[RX  <- A] bucket=9197  peer_BL=[]  my_BL=[]
[TX  ->  *] bucket=9197 L2 active=wlan1 ch5  BL=[]
[20:35:42] HOP bucket=9198 L2 active=wlan0 ch5  | prep wlan1 ch10  | BL=[]
[TX  ->  *] bucket=9198 L2 active=wlan0 ch5  BL=[]
[RX  <- A] bucket=9198  peer_BL=[]  my_BL=[]
[20:35:44] HOP bucket=9199 L2 active=wlan1 ch10  | prep wlan0 ch7  | BL=[]
[TX  ->  *] bucket=9199 L2 active=wlan1 ch10  BL=[]
[RX  <- A] bucket=9199  peer_BL=[]  my_BL=[]
[20:35:46] HOP bucket=9200 L2 active=wlan0 ch7  | prep wlan1 ch5  | BL=[]
[TX  ->  *] bucket=9200 L2 active=wlan0 ch7  BL=[]
[20:35:48] HOP bucket=9201 L2 active=wlan1 ch5  | prep wlan0 ch3  | BL=[]
[TX  ->  *] bucket=9201 L2 active=wlan1 ch5  BL=[]
[RX  <- A] bucket=9201  peer_BL=[]  my_BL=[]
[20:35:50] HOP bucket=9202 L2 active=wlan0 ch3  | prep wlan1 ch4  | BL=[]
[TX  ->  *] bucket=9202 L2 active=wlan0 ch3  BL=[]
[RX  <- A] bucket=9202  peer_BL=[]  my_BL=[]
[20:35:52] HOP bucket=9203 L2 active=wlan1 ch4  | prep wlan0 ch5  | BL=[]
[TX  ->  *] bucket=9203 L2 active=wlan1 ch4  BL=[]
[RX  <- A] bucket=9203  peer_BL=[]  my_BL=[]
[20:35:54] HOP bucket=9204 L2 active=wlan0 ch5  | prep wlan1 ch8  | BL=[]
[RX  <- A] bucket=9204  peer_BL=[]  my_BL=[]
[TX  ->  *] bucket=9204 L2 active=wlan0 ch5  BL=[]
[20:35:56] HOP bucket=9205 L2 active=wlan1 ch8  | prep wlan0 ch9  | BL=[]
[RX  <- A] bucket=9205  peer_BL=[]  my_BL=[]
[TX  ->  *] bucket=9205 L2 active=wlan1 ch8  BL=[]
[20:35:58] HOP bucket=9206 L2 active=wlan0 ch9  | prep wlan1 ch5  | BL=[]
[TX  ->  *] bucket=9206 L2 active=wlan0 ch9  BL=[]
[RX  <- A] bucket=9206  peer_BL=[]  my_BL=[]
[20:36:00] HOP bucket=9207 L2 active=wlan1 ch5  | prep wlan0 ch4  | BL=[]
[RX  <- A] bucket=9207  peer_BL=[]  my_BL=[]
[TX  ->  *] bucket=9207 L2 active=wlan1 ch5  BL=[]
[20:36:02] HOP bucket=9208 L2 active=wlan0 ch4  | prep wlan1 ch7  | BL=[]
[RX  <- A] bucket=9208  peer_BL=[]  my_BL=[]
[TX  ->  *] bucket=9208 L2 active=wlan0 ch4  BL=[]
[20:36:04] HOP bucket=9209 L2 active=wlan1 ch7  | prep wlan0 ch3  | BL=[]
[TX  ->  *] bucket=9209 L2 active=wlan1 ch7  BL=[]
[20:36:06] HOP bucket=9210 L2 active=wlan0 ch3  | prep wlan1 ch7  | BL=[]
[RX  <- A] bucket=9210  peer_BL=[]  my_BL=[]
[TX  ->  *] bucket=9210 L2 active=wlan0 ch3  BL=[]
[20:36:08] HOP bucket=9211 L2 active=wlan1 ch7  | prep wlan0 ch10  | BL=[]
[TX  ->  *] bucket=9211 L2 active=wlan1 ch7  BL=[]
[20:36:10] HOP bucket=9212 L2 active=wlan0 ch10  | prep wlan1 ch9  | BL=[]
[RX  <- A] bucket=9212  peer_BL=[]  my_BL=[]
[TX  ->  *] bucket=9212 L2 active=wlan0 ch10  BL=[]
[20:36:12] HOP bucket=9213 L2 active=wlan1 ch9  | prep wlan0 ch8  | BL=[]
[RX  <- A] bucket=9213  peer_BL=[]  my_BL=[]
[TX  ->  *] bucket=9213 L2 active=wlan1 ch9  BL=[]
[20:36:14] HOP bucket=9214 L2 active=wlan0 ch8  | prep wlan1 ch11  | BL=[]
[TX  ->  *] bucket=9214 L2 active=wlan0 ch8  BL=[]
[20:36:16] HOP bucket=9215 L2 active=wlan1 ch11  | prep wlan0 ch3  | BL=[]
[RX  <- A] bucket=9215  peer_BL=[]  my_BL=[]
[TX  ->  *] bucket=9215 L2 active=wlan1 ch11  BL=[]
[20:36:18] HOP bucket=9216 L2 active=wlan0 ch3  | prep wlan1 ch7  | BL=[]
[TX  ->  *] bucket=9216 L2 active=wlan0 ch3  BL=[]
[RX  <- A] bucket=9216  peer_BL=[]  my_BL=[]
[20:36:20] HOP bucket=9217 L2 active=wlan1 ch7  | prep wlan0 ch9  | BL=[]
[TX  ->  *] bucket=9217 L2 active=wlan1 ch7  BL=[]
[20:36:22] HOP bucket=9218 L2 active=wlan0 ch9  | prep wlan1 ch5  | BL=[]
[RX  <- A] bucket=9218  peer_BL=[]  my_BL=[]
[TX  ->  *] bucket=9218 L2 active=wlan0 ch9  BL=[]
[20:36:24] HOP bucket=9219 L2 active=wlan1 ch5  | prep wlan0 ch10  | BL=[]
[TX  ->  *] bucket=9219 L2 active=wlan1 ch5  BL=[]
[20:36:26] HOP bucket=9220 L2 active=wlan0 ch10  | prep wlan1 ch7  | BL=[]
[RX  <- A] bucket=9220  peer_BL=[]  my_BL=[]
[TX  ->  *] bucket=9220 L2 active=wlan0 ch10  BL=[]
[20:36:28] HOP bucket=9221 L2 active=wlan1 ch7  | prep wlan0 ch8  | BL=[]
[TX  ->  *] bucket=9221 L2 active=wlan1 ch7  BL=[]
[20:36:30] HOP bucket=9222 L2 active=wlan0 ch8  | prep wlan1 ch4  | BL=[]
[TX  ->  *] bucket=9222 L2 active=wlan0 ch8  BL=[]
[20:36:32] HOP bucket=9223 L2 active=wlan1 ch4  | prep wlan0 ch10  | BL=[]
[TX  ->  *] bucket=9223 L2 active=wlan1 ch4  BL=[]
[RX  <- A] bucket=9223  peer_BL=[]  my_BL=[]
[20:36:34] HOP bucket=9224 L2 active=wlan0 ch10  | prep wlan1 ch9  | BL=[]
[TX  ->  *] bucket=9224 L2 active=wlan0 ch10  BL=[]
[RX  <- A] bucket=9224  peer_BL=[]  my_BL=[]
[20:36:36] HOP bucket=9225 L2 active=wlan1 ch9  | prep wlan0 ch7  | BL=[]
[TX  ->  *] bucket=9225 L2 active=wlan1 ch9  BL=[]
[RX  <- A] bucket=9225  peer_BL=[]  my_BL=[]
[20:36:38] HOP bucket=9226 L2 active=wlan0 ch7  | prep wlan1 ch7  | BL=[]
[TX  ->  *] bucket=9226 L2 active=wlan0 ch7  BL=[]
[20:36:40] HOP bucket=9227 L2 active=wlan1 ch7  | prep wlan0 ch10  | BL=[]
[TX  ->  *] bucket=9227 L2 active=wlan1 ch7  BL=[]
[20:36:42] HOP bucket=9228 L2 active=wlan0 ch10  | prep wlan1 ch4  | BL=[]
[TX  ->  *] bucket=9228 L2 active=wlan0 ch10  BL=[]
[RX  <- A] bucket=9228  peer_BL=[]  my_BL=[]
[20:36:44] HOP bucket=9229 L2 active=wlan1 ch4  | prep wlan0 ch11  | BL=[]
[TX  ->  *] bucket=9229 L2 active=wlan1 ch4  BL=[]
[RX  <- A] bucket=9229  peer_BL=[]  my_BL=[]
[20:36:46] HOP bucket=9230 L2 active=wlan0 ch11  | prep wlan1 ch8  | BL=[]
[TX  ->  *] bucket=9230 L2 active=wlan0 ch11  BL=[]
[RX  <- A] bucket=9230  peer_BL=[]  my_BL=[]
[20:36:48] HOP bucket=9231 L2 active=wlan1 ch8  | prep wlan0 ch6  | BL=[]
[TX  ->  *] bucket=9231 L2 active=wlan1 ch8  BL=[]
[20:36:50] HOP bucket=9232 L2 active=wlan0 ch6  | prep wlan1 ch8  | BL=[]
[TX  ->  *] bucket=9232 L2 active=wlan0 ch6  BL=[]
[RX  <- A] bucket=9232  peer_BL=[]  my_BL=[]
[20:36:52] HOP bucket=9233 L2 active=wlan1 ch8  | prep wlan0 ch9  | BL=[]
[TX  ->  *] bucket=9233 L2 active=wlan1 ch8  BL=[]
[20:36:54] HOP bucket=9234 L2 active=wlan0 ch9  | prep wlan1 ch11  | BL=[]
[RX  <- A] bucket=9234  peer_BL=[]  my_BL=[]
[TX  ->  *] bucket=9234 L2 active=wlan0 ch9  BL=[]
[20:36:56] HOP bucket=9235 L2 active=wlan1 ch11  | prep wlan0 ch7  | BL=[]
[RX  <- A] bucket=9235  peer_BL=[]  my_BL=[]
[TX  ->  *] bucket=9235 L2 active=wlan1 ch11  BL=[]
[20:36:58] HOP bucket=9236 L2 active=wlan0 ch7  | prep wlan1 ch11  | BL=[]
[TX  ->  *] bucket=9236 L2 active=wlan0 ch7  BL=[]
[20:37:00] HOP bucket=9237 L2 active=wlan1 ch11  | prep wlan0 ch5  | BL=[]
[RX  <- A] bucket=9237  peer_BL=[]  my_BL=[]
[TX  ->  *] bucket=9237 L2 active=wlan1 ch11  BL=[]
[20:37:02] HOP bucket=9238 L2 active=wlan0 ch5  | prep wlan1 ch5  | BL=[]
[TX  ->  *] bucket=9238 L2 active=wlan0 ch5  BL=[]
[20:37:04] HOP bucket=9239 L2 active=wlan1 ch5  | prep wlan0 ch6  | BL=[]
[TX  ->  *] bucket=9239 L2 active=wlan1 ch5  BL=[]
[20:37:06] HOP bucket=9240 L2 active=wlan0 ch6  | prep wlan1 ch6  | BL=[]
[TX  ->  *] bucket=9240 L2 active=wlan0 ch6  BL=[]
[RX  <- A] bucket=9240  peer_BL=[]  my_BL=[]
[20:37:08] HOP bucket=9241 L2 active=wlan1 ch6  | prep wlan0 ch4  | BL=[]
[TX  ->  *] bucket=9241 L2 active=wlan1 ch6  BL=[]
[RX  <- A] bucket=9241  peer_BL=[]  my_BL=[]
[20:37:10] HOP bucket=9242 L2 active=wlan0 ch4  | prep wlan1 ch4  | BL=[]
[TX  ->  *] bucket=9242 L2 active=wlan0 ch4  BL=[]
[RX  <- A] bucket=9242  peer_BL=[]  my_BL=[]
[20:37:12] HOP bucket=9243 L2 active=wlan1 ch4  | prep wlan0 ch9  | BL=[]
[RX  <- A] bucket=9243  peer_BL=[]  my_BL=[]
[TX  ->  *] bucket=9243 L2 active=wlan1 ch4  BL=[]
[20:37:14] HOP bucket=9244 L2 active=wlan0 ch9  | prep wlan1 ch7  | BL=[]
[TX  ->  *] bucket=9244 L2 active=wlan0 ch9  BL=[]
[RX  <- A] bucket=9244  peer_BL=[]  my_BL=[]
[20:37:16] HOP bucket=9245 L2 active=wlan1 ch7  | prep wlan0 ch5  | BL=[]
[TX  ->  *] bucket=9245 L2 active=wlan1 ch7  BL=[]
[20:37:18] HOP bucket=9246 L2 active=wlan0 ch5  | prep wlan1 ch9  | BL=[]
[TX  ->  *] bucket=9246 L2 active=wlan0 ch5  BL=[]
[20:37:20] HOP bucket=9247 L2 active=wlan1 ch9  | prep wlan0 ch9  | BL=[]
[RX  <- A] bucket=9247  peer_BL=[]  my_BL=[]
[TX  ->  *] bucket=9247 L2 active=wlan1 ch9  BL=[]
[20:37:22] HOP bucket=9248 L2 active=wlan0 ch9  | prep wlan1 ch6  | BL=[]
[RX  <- A] bucket=9248  peer_BL=[]  my_BL=[]
[TX  ->  *] bucket=9248 L2 active=wlan0 ch9  BL=[]
[20:37:24] HOP bucket=9249 L2 active=wlan1 ch6  | prep wlan0 ch5  | BL=[]
[RX  <- A] bucket=9249  peer_BL=[]  my_BL=[]
[TX  ->  *] bucket=9249 L2 active=wlan1 ch6  BL=[]
[20:37:26] HOP bucket=9250 L2 active=wlan0 ch5  | prep wlan1 ch9  | BL=[]
[TX  ->  *] bucket=9250 L2 active=wlan0 ch5  BL=[]
[20:37:28] HOP bucket=9251 L2 active=wlan1 ch9  | prep wlan0 ch7  | BL=[]
[TX  ->  *] bucket=9251 L2 active=wlan1 ch9  BL=[]
[RX  <- A] bucket=9251  peer_BL=[]  my_BL=[]
[20:37:30] HOP bucket=9252 L2 active=wlan0 ch7  | prep wlan1 ch9  | BL=[]
[TX  ->  *] bucket=9252 L2 active=wlan0 ch7  BL=[]
[20:37:32] HOP bucket=9253 L2 active=wlan1 ch9  | prep wlan0 ch4  | BL=[]
[RX  <- A] bucket=9253  peer_BL=[]  my_BL=[]
[TX  ->  *] bucket=9253 L2 active=wlan1 ch9  BL=[]
[20:37:34] HOP bucket=9254 L2 active=wlan0 ch4  | prep wlan1 ch8  | BL=[]
[TX  ->  *] bucket=9254 L2 active=wlan0 ch4  BL=[]
[RX  <- A] bucket=9254  peer_BL=[]  my_BL=[]
[20:37:36] HOP bucket=9255 L2 active=wlan1 ch8  | prep wlan0 ch10  | BL=[]
[TX  ->  *] bucket=9255 L2 active=wlan1 ch8  BL=[]
[20:37:38] HOP bucket=9256 L2 active=wlan0 ch10  | prep wlan1 ch7  | BL=[]
[RX  <- A] bucket=9256  peer_BL=[]  my_BL=[]
[TX  ->  *] bucket=9256 L2 active=wlan0 ch10  BL=[]
[20:37:40] HOP bucket=9257 L2 active=wlan1 ch7  | prep wlan0 ch6  | BL=[]
[TX  ->  *] bucket=9257 L2 active=wlan1 ch7  BL=[]
[20:37:42] HOP bucket=9258 L2 active=wlan0 ch6  | prep wlan1 ch10  | BL=[]
[RX  <- A] bucket=9258  peer_BL=[]  my_BL=[]
[TX  ->  *] bucket=9258 L2 active=wlan0 ch6  BL=[]
[20:37:44] HOP bucket=9259 L2 active=wlan1 ch10  | prep wlan0 ch4  | BL=[]
[RX  <- A] bucket=9259  peer_BL=[]  my_BL=[]
[TX  ->  *] bucket=9259 L2 active=wlan1 ch10  BL=[]
[20:37:46] HOP bucket=9260 L2 active=wlan0 ch4  | prep wlan1 ch8  | BL=[]
[RX  <- A] bucket=9260  peer_BL=[]  my_BL=[]
[TX  ->  *] bucket=9260 L2 active=wlan0 ch4  BL=[]
[20:37:48] HOP bucket=9261 L2 active=wlan1 ch8  | prep wlan0 ch3  | BL=[]
[TX  ->  *] bucket=9261 L2 active=wlan1 ch8  BL=[]
[20:37:50] HOP bucket=9262 L2 active=wlan0 ch3  | prep wlan1 ch3  | BL=[]
[RX  <- A] bucket=9262  peer_BL=[]  my_BL=[]
[TX  ->  *] bucket=9262 L2 active=wlan0 ch3  BL=[]
[20:37:52] HOP bucket=9263 L2 active=wlan1 ch3  | prep wlan0 ch7  | BL=[]
[RX  <- A] bucket=9263  peer_BL=[]  my_BL=[]
[TX  ->  *] bucket=9263 L2 active=wlan1 ch3  BL=[]
[20:37:54] HOP bucket=9264 L2 active=wlan0 ch7  | prep wlan1 ch8  | BL=[]
[TX  ->  *] bucket=9264 L2 active=wlan0 ch7  BL=[]
[20:37:56] HOP bucket=9265 L2 active=wlan1 ch8  | prep wlan0 ch6  | BL=[]
[TX  ->  *] bucket=9265 L2 active=wlan1 ch8  BL=[]
[20:37:58] HOP bucket=9266 L2 active=wlan0 ch6  | prep wlan1 ch8  | BL=[]
[TX  ->  *] bucket=9266 L2 active=wlan0 ch6  BL=[]
[RX  <- A] bucket=9266  peer_BL=[]  my_BL=[]
[20:38:00] HOP bucket=9267 L2 active=wlan1 ch8  | prep wlan0 ch8  | BL=[]
[TX  ->  *] bucket=9267 L2 active=wlan1 ch8  BL=[]
[20:38:02] HOP bucket=9268 L2 active=wlan0 ch8  | prep wlan1 ch4  | BL=[]
[TX  ->  *] bucket=9268 L2 active=wlan0 ch8  BL=[]
[20:38:04] HOP bucket=9269 L2 active=wlan1 ch4  | prep wlan0 ch7  | BL=[]
[TX  ->  *] bucket=9269 L2 active=wlan1 ch4  BL=[]
[RX  <- A] bucket=9269  peer_BL=[]  my_BL=[]
[20:38:06] HOP bucket=9270 L2 active=wlan0 ch7  | prep wlan1 ch9  | BL=[]
[TX  ->  *] bucket=9270 L2 active=wlan0 ch7  BL=[]
[RX  <- A] bucket=9270  peer_BL=[]  my_BL=[]
[20:38:08] HOP bucket=9271 L2 active=wlan1 ch9  | prep wlan0 ch3  | BL=[]
[RX  <- A] bucket=9271  peer_BL=[]  my_BL=[]
[TX  ->  *] bucket=9271 L2 active=wlan1 ch9  BL=[]
[20:38:10] HOP bucket=9272 L2 active=wlan0 ch3  | prep wlan1 ch9  | BL=[]
[RX  <- A] bucket=9272  peer_BL=[]  my_BL=[]
[TX  ->  *] bucket=9272 L2 active=wlan0 ch3  BL=[]
[20:38:12] HOP bucket=9273 L2 active=wlan1 ch9  | prep wlan0 ch4  | BL=[]
[RX  <- A] bucket=9273  peer_BL=[]  my_BL=[]
[TX  ->  *] bucket=9273 L2 active=wlan1 ch9  BL=[]
[20:38:14] HOP bucket=9274 L2 active=wlan0 ch4  | prep wlan1 ch6  | BL=[]
[RX  <- A] bucket=9274  peer_BL=[]  my_BL=[]
[TX  ->  *] bucket=9274 L2 active=wlan0 ch4  BL=[]
[20:38:16] HOP bucket=9275 L2 active=wlan1 ch6  | prep wlan0 ch10  | BL=[]
[RX  <- A] bucket=9275  peer_BL=[]  my_BL=[]
[TX  ->  *] bucket=9275 L2 active=wlan1 ch6  BL=[]
[20:38:18] HOP bucket=9276 L2 active=wlan0 ch10  | prep wlan1 ch10  | BL=[]
[TX  ->  *] bucket=9276 L2 active=wlan0 ch10  BL=[]
[RX  <- A] bucket=9276  peer_BL=[]  my_BL=[]
[20:38:20] HOP bucket=9277 L2 active=wlan1 ch10  | prep wlan0 ch10  | BL=[]
[TX  ->  *] bucket=9277 L2 active=wlan1 ch10  BL=[]
[RX  <- A] bucket=9277  peer_BL=[]  my_BL=[]
[20:38:22] HOP bucket=9278 L2 active=wlan0 ch10  | prep wlan1 ch5  | BL=[]
[TX  ->  *] bucket=9278 L2 active=wlan0 ch10  BL=[]
[RX  <- A] bucket=9278  peer_BL=[]  my_BL=[]
[20:38:24] HOP bucket=9279 L2 active=wlan1 ch5  | prep wlan0 ch11  | BL=[]
[TX  ->  *] bucket=9279 L2 active=wlan1 ch5  BL=[]
[RX  <- A] bucket=9279  peer_BL=[]  my_BL=[]
[20:38:26] HOP bucket=9280 L2 active=wlan0 ch11  | prep wlan1 ch7  | BL=[]
[RX  <- A] bucket=9280  peer_BL=[]  my_BL=[]
[TX  ->  *] bucket=9280 L2 active=wlan0 ch11  BL=[]
[20:38:28] HOP bucket=9281 L2 active=wlan1 ch7  | prep wlan0 ch11  | BL=[]
[RX  <- A] bucket=9281  peer_BL=[]  my_BL=[]
[TX  ->  *] bucket=9281 L2 active=wlan1 ch7  BL=[]
[20:38:30] HOP bucket=9282 L2 active=wlan0 ch11  | prep wlan1 ch10  | BL=[]
[RX  <- A] bucket=9282  peer_BL=[]  my_BL=[]
[TX  ->  *] bucket=9282 L2 active=wlan0 ch11  BL=[]
[20:38:32] HOP bucket=9283 L2 active=wlan1 ch10  | prep wlan0 ch6  | BL=[]
[RX  <- A] bucket=9283  peer_BL=[]  my_BL=[]
[TX  ->  *] bucket=9283 L2 active=wlan1 ch10  BL=[]
[20:38:34] HOP bucket=9284 L2 active=wlan0 ch6  | prep wlan1 ch7  | BL=[]
[TX  ->  *] bucket=9284 L2 active=wlan0 ch6  BL=[]
[RX  <- A] bucket=9284  peer_BL=[]  my_BL=[]
[20:38:36] HOP bucket=9285 L2 active=wlan1 ch7  | prep wlan0 ch11  | BL=[]
[TX  ->  *] bucket=9285 L2 active=wlan1 ch7  BL=[]
[RX  <- A] bucket=9285  peer_BL=[]  my_BL=[]
[20:38:38] HOP bucket=9286 L2 active=wlan0 ch11  | prep wlan1 ch6  | BL=[]
[RX  <- A] bucket=9286  peer_BL=[]  my_BL=[]
[TX  ->  *] bucket=9286 L2 active=wlan0 ch11  BL=[]
[20:38:40] HOP bucket=9287 L2 active=wlan1 ch6  | prep wlan0 ch11  | BL=[]
[RX  <- A] bucket=9287  peer_BL=[]  my_BL=[]
[TX  ->  *] bucket=9287 L2 active=wlan1 ch6  BL=[]
[20:38:42] HOP bucket=9288 L2 active=wlan0 ch11  | prep wlan1 ch6  | BL=[]
[RX  <- A] bucket=9288  peer_BL=[]  my_BL=[]
[TX  ->  *] bucket=9288 L2 active=wlan0 ch11  BL=[]
[20:38:44] HOP bucket=9289 L2 active=wlan1 ch6  | prep wlan0 ch3  | BL=[]
[RX  <- A] bucket=9289  peer_BL=[]  my_BL=[]
[TX  ->  *] bucket=9289 L2 active=wlan1 ch6  BL=[]
[20:38:46] HOP bucket=9290 L2 active=wlan0 ch3  | prep wlan1 ch6  | BL=[]
[RX  <- A] bucket=9290  peer_BL=[]  my_BL=[]
[TX  ->  *] bucket=9290 L2 active=wlan0 ch3  BL=[]
[20:38:48] HOP bucket=9291 L2 active=wlan1 ch6  | prep wlan0 ch9  | BL=[]
[TX  ->  *] bucket=9291 L2 active=wlan1 ch6  BL=[]
[RX  <- A] bucket=9291  peer_BL=[]  my_BL=[]
[20:38:50] HOP bucket=9292 L2 active=wlan0 ch9  | prep wlan1 ch8  | BL=[]
[RX  <- A] bucket=9292  peer_BL=[]  my_BL=[]
[TX  ->  *] bucket=9292 L2 active=wlan0 ch9  BL=[]
[20:38:52] HOP bucket=9293 L2 active=wlan1 ch8  | prep wlan0 ch11  | BL=[]
[TX  ->  *] bucket=9293 L2 active=wlan1 ch8  BL=[]
[RX  <- A] bucket=9293  peer_BL=[]  my_BL=[]
[20:38:54] HOP bucket=9294 L2 active=wlan0 ch11  | prep wlan1 ch4  | BL=[]
[RX  <- A] bucket=9294  peer_BL=[]  my_BL=[]
[TX  ->  *] bucket=9294 L2 active=wlan0 ch11  BL=[]
[20:38:56] HOP bucket=9295 L2 active=wlan1 ch4  | prep wlan0 ch5  | BL=[]
[RX  <- A] bucket=9295  peer_BL=[]  my_BL=[]
[TX  ->  *] bucket=9295 L2 active=wlan1 ch4  BL=[]
[20:38:58] HOP bucket=9296 L2 active=wlan0 ch5  | prep wlan1 ch6  | BL=[]
[TX  ->  *] bucket=9296 L2 active=wlan0 ch5  BL=[]
[RX  <- A] bucket=9296  peer_BL=[]  my_BL=[]
[20:39:00] HOP bucket=9297 L2 active=wlan1 ch6  | prep wlan0 ch11  | BL=[]
[RX  <- A] bucket=9297  peer_BL=[]  my_BL=[]
[TX  ->  *] bucket=9297 L2 active=wlan1 ch6  BL=[]
[20:39:02] HOP bucket=9298 L2 active=wlan0 ch11  | prep wlan1 ch4  | BL=[]
[RX  <- A] bucket=9298  peer_BL=[]  my_BL=[]
[TX  ->  *] bucket=9298 L2 active=wlan0 ch11  BL=[]
[20:39:04] HOP bucket=9299 L2 active=wlan1 ch4  | prep wlan0 ch9  | BL=[]
[TX  ->  *] bucket=9299 L2 active=wlan1 ch4  BL=[]
[RX  <- A] bucket=9299  peer_BL=[]  my_BL=[]
[20:39:06] HOP bucket=9300 L2 active=wlan0 ch9  | prep wlan1 ch6  | BL=[]
[RX  <- A] bucket=9300  peer_BL=[]  my_BL=[]
[TX  ->  *] bucket=9300 L2 active=wlan0 ch9  BL=[]
[20:39:08] HOP bucket=9301 L2 active=wlan1 ch6  | prep wlan0 ch5  | BL=[]
[RX  <- A] bucket=9301  peer_BL=[]  my_BL=[]
[TX  ->  *] bucket=9301 L2 active=wlan1 ch6  BL=[]
[20:39:10] HOP bucket=9302 L2 active=wlan0 ch5  | prep wlan1 ch10  | BL=[]
[TX  ->  *] bucket=9302 L2 active=wlan0 ch5  BL=[]
[RX  <- A] bucket=9302  peer_BL=[]  my_BL=[]
[20:39:12] HOP bucket=9303 L2 active=wlan1 ch10  | prep wlan0 ch4  | BL=[]
[RX  <- A] bucket=9303  peer_BL=[]  my_BL=[]
[TX  ->  *] bucket=9303 L2 active=wlan1 ch10  BL=[]
[20:39:14] HOP bucket=9304 L2 active=wlan0 ch4  | prep wlan1 ch6  | BL=[]
[RX  <- A] bucket=9304  peer_BL=[]  my_BL=[]
[TX  ->  *] bucket=9304 L2 active=wlan0 ch4  BL=[]
[20:39:16] HOP bucket=9305 L2 active=wlan1 ch6  | prep wlan0 ch10  | BL=[]
[TX  ->  *] bucket=9305 L2 active=wlan1 ch6  BL=[]
[RX  <- A] bucket=9305  peer_BL=[]  my_BL=[]
[20:39:18] HOP bucket=9306 L2 active=wlan0 ch10  | prep wlan1 ch4  | BL=[]
[TX  ->  *] bucket=9306 L2 active=wlan0 ch10  BL=[]
[RX  <- A] bucket=9306  peer_BL=[]  my_BL=[]
[20:39:20] HOP bucket=9307 L2 active=wlan1 ch4  | prep wlan0 ch3  | BL=[]
[TX  ->  *] bucket=9307 L2 active=wlan1 ch4  BL=[]
[RX  <- A] bucket=9307  peer_BL=[]  my_BL=[]
[20:39:22] HOP bucket=9308 L2 active=wlan0 ch3  | prep wlan1 ch5  | BL=[]
[TX  ->  *] bucket=9308 L2 active=wlan0 ch3  BL=[]
[20:39:24] HOP bucket=9309 L2 active=wlan1 ch5  | prep wlan0 ch5  | BL=[]
[RX  <- A] bucket=9309  peer_BL=[]  my_BL=[]
[TX  ->  *] bucket=9309 L2 active=wlan1 ch5  BL=[]
[20:39:26] HOP bucket=9310 L2 active=wlan0 ch5  | prep wlan1 ch7  | BL=[]
[RX  <- A] bucket=9310  peer_BL=[]  my_BL=[]
[TX  ->  *] bucket=9310 L2 active=wlan0 ch5  BL=[]
[20:39:28] HOP bucket=9311 L2 active=wlan1 ch7  | prep wlan0 ch7  | BL=[]
[TX  ->  *] bucket=9311 L2 active=wlan1 ch7  BL=[]
[RX  <- A] bucket=9311  peer_BL=[]  my_BL=[]
[20:39:30] HOP bucket=9312 L2 active=wlan0 ch7  | prep wlan1 ch9  | BL=[]
[TX  ->  *] bucket=9312 L2 active=wlan0 ch7  BL=[]
[RX  <- A] bucket=9312  peer_BL=[]  my_BL=[]
[20:39:32] HOP bucket=9313 L2 active=wlan1 ch9  | prep wlan0 ch8  | BL=[]
[RX  <- A] bucket=9313  peer_BL=[]  my_BL=[]
[TX  ->  *] bucket=9313 L2 active=wlan1 ch9  BL=[]
[20:39:34] HOP bucket=9314 L2 active=wlan0 ch8  | prep wlan1 ch8  | BL=[]
[RX  <- A] bucket=9314  peer_BL=[]  my_BL=[]
[TX  ->  *] bucket=9314 L2 active=wlan0 ch8  BL=[]
[20:39:36] HOP bucket=9315 L2 active=wlan1 ch8  | prep wlan0 ch3  | BL=[]
[RX  <- A] bucket=9315  peer_BL=[]  my_BL=[]
[TX  ->  *] bucket=9315 L2 active=wlan1 ch8  BL=[]
[20:39:38] HOP bucket=9316 L2 active=wlan0 ch3  | prep wlan1 ch10  | BL=[]
[TX  ->  *] bucket=9316 L2 active=wlan0 ch3  BL=[]
[20:39:40] HOP bucket=9317 L2 active=wlan1 ch10  | prep wlan0 ch5  | BL=[]
[TX  ->  *] bucket=9317 L2 active=wlan1 ch10  BL=[]
[RX  <- A] bucket=9317  peer_BL=[]  my_BL=[]
[20:39:42] HOP bucket=9318 L2 active=wlan0 ch5  | prep wlan1 ch7  | BL=[]
[TX  ->  *] bucket=9318 L2 active=wlan0 ch5  BL=[]
[RX  <- A] bucket=9318  peer_BL=[]  my_BL=[]
[20:39:44] HOP bucket=9319 L2 active=wlan1 ch7  | prep wlan0 ch8  | BL=[]
[RX  <- A] bucket=9319  peer_BL=[]  my_BL=[]
[TX  ->  *] bucket=9319 L2 active=wlan1 ch7  BL=[]
[20:39:46] HOP bucket=9320 L2 active=wlan0 ch8  | prep wlan1 ch11  | BL=[]
[RX  <- A] bucket=9320  peer_BL=[]  my_BL=[]
[TX  ->  *] bucket=9320 L2 active=wlan0 ch8  BL=[]
[20:39:48] HOP bucket=9321 L2 active=wlan1 ch11  | prep wlan0 ch5  | BL=[]
[TX  ->  *] bucket=9321 L2 active=wlan1 ch11  BL=[]
[RX  <- A] bucket=9321  peer_BL=[]  my_BL=[]
[20:39:50] HOP bucket=9322 L2 active=wlan0 ch5  | prep wlan1 ch8  | BL=[]
[TX  ->  *] bucket=9322 L2 active=wlan0 ch5  BL=[]
[RX  <- A] bucket=9322  peer_BL=[]  my_BL=[]
[20:39:52] HOP bucket=9323 L2 active=wlan1 ch8  | prep wlan0 ch5  | BL=[]
[RX  <- A] bucket=9323  peer_BL=[]  my_BL=[]
[TX  ->  *] bucket=9323 L2 active=wlan1 ch8  BL=[]
[20:39:54] HOP bucket=9324 L2 active=wlan0 ch5  | prep wlan1 ch9  | BL=[]
[RX  <- A] bucket=9324  peer_BL=[]  my_BL=[]
[TX  ->  *] bucket=9324 L2 active=wlan0 ch5  BL=[]
[20:39:56] HOP bucket=9325 L2 active=wlan1 ch9  | prep wlan0 ch8  | BL=[]
[TX  ->  *] bucket=9325 L2 active=wlan1 ch9  BL=[]
[RX  <- A] bucket=9325  peer_BL=[]  my_BL=[]
[20:39:58] HOP bucket=9326 L2 active=wlan0 ch8  | prep wlan1 ch10  | BL=[]
[TX  ->  *] bucket=9326 L2 active=wlan0 ch8  BL=[]
[RX  <- A] bucket=9326  peer_BL=[]  my_BL=[]
[20:40:00] HOP bucket=9327 L2 active=wlan1 ch10  | prep wlan0 ch9  | BL=[]
[TX  ->  *] bucket=9327 L2 active=wlan1 ch10  BL=[]
[RX  <- A] bucket=9327  peer_BL=[]  my_BL=[]
[20:40:02] HOP bucket=9328 L2 active=wlan0 ch9  | prep wlan1 ch5  | BL=[]
[TX  ->  *] bucket=9328 L2 active=wlan0 ch9  BL=[]
[RX  <- A] bucket=9328  peer_BL=[]  my_BL=[]
[20:40:04] HOP bucket=9329 L2 active=wlan1 ch5  | prep wlan0 ch6  | BL=[]
[RX  <- A] bucket=9329  peer_BL=[]  my_BL=[]
[TX  ->  *] bucket=9329 L2 active=wlan1 ch5  BL=[]
[20:40:06] HOP bucket=9330 L2 active=wlan0 ch6  | prep wlan1 ch8  | BL=[]
[RX  <- A] bucket=9330  peer_BL=[]  my_BL=[]
[TX  ->  *] bucket=9330 L2 active=wlan0 ch6  BL=[]
[20:40:08] HOP bucket=9331 L2 active=wlan1 ch8  | prep wlan0 ch10  | BL=[]
[RX  <- A] bucket=9331  peer_BL=[]  my_BL=[]
[TX  ->  *] bucket=9331 L2 active=wlan1 ch8  BL=[]
[20:40:10] HOP bucket=9332 L2 active=wlan0 ch10  | prep wlan1 ch3  | BL=[]
[TX  ->  *] bucket=9332 L2 active=wlan0 ch10  BL=[]
[RX  <- A] bucket=9332  peer_BL=[]  my_BL=[]
[20:40:12] HOP bucket=9333 L2 active=wlan1 ch3  | prep wlan0 ch10  | BL=[]
[TX  ->  *] bucket=9333 L2 active=wlan1 ch3  BL=[]
[20:40:14] HOP bucket=9334 L2 active=wlan0 ch10  | prep wlan1 ch3  | BL=[]
[TX  ->  *] bucket=9334 L2 active=wlan0 ch10  BL=[]
[RX  <- A] bucket=9334  peer_BL=[]  my_BL=[]
[20:40:16] HOP bucket=9335 L2 active=wlan1 ch3  | prep wlan0 ch10  | BL=[]
[TX  ->  *] bucket=9335 L2 active=wlan1 ch3  BL=[]
[20:40:18] HOP bucket=9336 L2 active=wlan0 ch10  | prep wlan1 ch9  | BL=[]
[TX  ->  *] bucket=9336 L2 active=wlan0 ch10  BL=[]
[RX  <- A] bucket=9336  peer_BL=[]  my_BL=[]
[20:40:20] HOP bucket=9337 L2 active=wlan1 ch9  | prep wlan0 ch7  | BL=[]
[TX  ->  *] bucket=9337 L2 active=wlan1 ch9  BL=[]
[RX  <- A] bucket=9337  peer_BL=[]  my_BL=[]
[20:40:22] HOP bucket=9338 L2 active=wlan0 ch7  | prep wlan1 ch8  | BL=[]
[TX  ->  *] bucket=9338 L2 active=wlan0 ch7  BL=[]
[RX  <- A] bucket=9338  peer_BL=[]  my_BL=[]
[20:40:24] HOP bucket=9339 L2 active=wlan1 ch8  | prep wlan0 ch8  | BL=[]
[TX  ->  *] bucket=9339 L2 active=wlan1 ch8  BL=[]
[RX  <- A] bucket=9339  peer_BL=[]  my_BL=[]
[20:40:26] HOP bucket=9340 L2 active=wlan0 ch8  | prep wlan1 ch11  | BL=[]
[RX  <- A] bucket=9340  peer_BL=[]  my_BL=[]
[TX  ->  *] bucket=9340 L2 active=wlan0 ch8  BL=[]
[20:40:28] HOP bucket=9341 L2 active=wlan1 ch11  | prep wlan0 ch8  | BL=[]
[RX  <- A] bucket=9341  peer_BL=[]  my_BL=[]
[TX  ->  *] bucket=9341 L2 active=wlan1 ch11  BL=[]
[20:40:30] HOP bucket=9342 L2 active=wlan0 ch8  | prep wlan1 ch7  | BL=[]
[RX  <- A] bucket=9342  peer_BL=[]  my_BL=[]
[TX  ->  *] bucket=9342 L2 active=wlan0 ch8  BL=[]
[20:40:32] HOP bucket=9343 L2 active=wlan1 ch7  | prep wlan0 ch3  | BL=[]
[RX  <- A] bucket=9343  peer_BL=[]  my_BL=[]
[TX  ->  *] bucket=9343 L2 active=wlan1 ch7  BL=[]
[20:40:34] HOP bucket=9344 L2 active=wlan0 ch3  | prep wlan1 ch6  | BL=[]
[TX  ->  *] bucket=9344 L2 active=wlan0 ch3  BL=[]
[20:40:36] HOP bucket=9345 L2 active=wlan1 ch6  | prep wlan0 ch4  | BL=[]
[RX  <- A] bucket=9345  peer_BL=[]  my_BL=[]
[TX  ->  *] bucket=9345 L2 active=wlan1 ch6  BL=[]
[20:40:38] HOP bucket=9346 L2 active=wlan0 ch4  | prep wlan1 ch11  | BL=[]
[TX  ->  *] bucket=9346 L2 active=wlan0 ch4  BL=[]
[20:40:40] HOP bucket=9347 L2 active=wlan1 ch11  | prep wlan0 ch4  | BL=[]
[RX  <- A] bucket=9347  peer_BL=[]  my_BL=[]
[TX  ->  *] bucket=9347 L2 active=wlan1 ch11  BL=[]
[20:40:42] HOP bucket=9348 L2 active=wlan0 ch4  | prep wlan1 ch9  | BL=[]
[TX  ->  *] bucket=9348 L2 active=wlan0 ch4  BL=[]
[20:40:44] HOP bucket=9349 L2 active=wlan1 ch9  | prep wlan0 ch7  | BL=[]
[TX  ->  *] bucket=9349 L2 active=wlan1 ch9  BL=[]
[RX  <- A] bucket=9349  peer_BL=[]  my_BL=[]
[20:40:46] HOP bucket=9350 L2 active=wlan0 ch7  | prep wlan1 ch9  | BL=[]
[RX  <- A] bucket=9350  peer_BL=[]  my_BL=[]
[TX  ->  *] bucket=9350 L2 active=wlan0 ch7  BL=[]
[20:40:48] HOP bucket=9351 L2 active=wlan1 ch9  | prep wlan0 ch6  | BL=[]
[TX  ->  *] bucket=9351 L2 active=wlan1 ch9  BL=[]
[RX  <- A] bucket=9351  peer_BL=[]  my_BL=[]
[20:40:50] HOP bucket=9352 L2 active=wlan0 ch6  | prep wlan1 ch4  | BL=[]
[TX  ->  *] bucket=9352 L2 active=wlan0 ch6  BL=[]
[RX  <- A] bucket=9352  peer_BL=[]  my_BL=[]
[20:40:52] HOP bucket=9353 L2 active=wlan1 ch4  | prep wlan0 ch8  | BL=[]
[TX  ->  *] bucket=9353 L2 active=wlan1 ch4  BL=[]
[20:40:54] HOP bucket=9354 L2 active=wlan0 ch8  | prep wlan1 ch6  | BL=[]
[RX  <- A] bucket=9354  peer_BL=[]  my_BL=[]
[TX  ->  *] bucket=9354 L2 active=wlan0 ch8  BL=[]
[20:40:56] HOP bucket=9355 L2 active=wlan1 ch6  | prep wlan0 ch3  | BL=[]
[TX  ->  *] bucket=9355 L2 active=wlan1 ch6  BL=[]
[RX  <- A] bucket=9355  peer_BL=[]  my_BL=[]
[20:40:58] HOP bucket=9356 L2 active=wlan0 ch3  | prep wlan1 ch3  | BL=[]
[TX  ->  *] bucket=9356 L2 active=wlan0 ch3  BL=[]
[20:41:00] HOP bucket=9357 L2 active=wlan1 ch3  | prep wlan0 ch9  | BL=[]
[TX  ->  *] bucket=9357 L2 active=wlan1 ch3  BL=[]
[20:41:02] HOP bucket=9358 L2 active=wlan0 ch9  | prep wlan1 ch10  | BL=[]
[TX  ->  *] bucket=9358 L2 active=wlan0 ch9  BL=[]
[RX  <- A] bucket=9358  peer_BL=[]  my_BL=[]
[20:41:04] HOP bucket=9359 L2 active=wlan1 ch10  | prep wlan0 ch6  | BL=[]
[TX  ->  *] bucket=9359 L2 active=wlan1 ch10  BL=[]
[RX  <- A] bucket=9359  peer_BL=[]  my_BL=[]
[20:41:06] HOP bucket=9360 L2 active=wlan0 ch6  | prep wlan1 ch9  | BL=[]
[TX  ->  *] bucket=9360 L2 active=wlan0 ch6  BL=[]
[20:41:08] HOP bucket=9361 L2 active=wlan1 ch9  | prep wlan0 ch9  | BL=[]
[TX  ->  *] bucket=9361 L2 active=wlan1 ch9  BL=[]
[RX  <- A] bucket=9361  peer_BL=[]  my_BL=[]
[20:41:10] HOP bucket=9362 L2 active=wlan0 ch9  | prep wlan1 ch3  | BL=[]
[TX  ->  *] bucket=9362 L2 active=wlan0 ch9  BL=[]
[RX  <- A] bucket=9362  peer_BL=[]  my_BL=[]
[20:41:12] HOP bucket=9363 L2 active=wlan1 ch3  | prep wlan0 ch10  | BL=[]
[TX  ->  *] bucket=9363 L2 active=wlan1 ch3  BL=[]
[RX  <- A] bucket=9363  peer_BL=[]  my_BL=[]
[20:41:14] HOP bucket=9364 L2 active=wlan0 ch10  | prep wlan1 ch7  | BL=[]
[TX  ->  *] bucket=9364 L2 active=wlan0 ch10  BL=[]
[RX  <- A] bucket=9364  peer_BL=[]  my_BL=[]
[20:41:16] HOP bucket=9365 L2 active=wlan1 ch7  | prep wlan0 ch4  | BL=[]
[RX  <- A] bucket=9365  peer_BL=[]  my_BL=[]
[TX  ->  *] bucket=9365 L2 active=wlan1 ch7  BL=[]
[20:41:18] HOP bucket=9366 L2 active=wlan0 ch4  | prep wlan1 ch10  | BL=[]
[TX  ->  *] bucket=9366 L2 active=wlan0 ch4  BL=[]
[20:41:20] HOP bucket=9367 L2 active=wlan1 ch10  | prep wlan0 ch4  | BL=[]
[TX  ->  *] bucket=9367 L2 active=wlan1 ch10  BL=[]
[RX  <- A] bucket=9367  peer_BL=[]  my_BL=[]
[20:41:22] HOP bucket=9368 L2 active=wlan0 ch4  | prep wlan1 ch4  | BL=[]
[TX  ->  *] bucket=9368 L2 active=wlan0 ch4  BL=[]
[20:41:24] HOP bucket=9369 L2 active=wlan1 ch4  | prep wlan0 ch5  | BL=[]
[TX  ->  *] bucket=9369 L2 active=wlan1 ch4  BL=[]
[20:41:26] HOP bucket=9370 L2 active=wlan0 ch5  | prep wlan1 ch5  | BL=[]
[TX  ->  *] bucket=9370 L2 active=wlan0 ch5  BL=[]
[20:41:28] HOP bucket=9371 L2 active=wlan1 ch5  | prep wlan0 ch6  | BL=[]
[TX  ->  *] bucket=9371 L2 active=wlan1 ch5  BL=[]
[20:41:30] HOP bucket=9372 L2 active=wlan0 ch6  | prep wlan1 ch3  | BL=[]
[TX  ->  *] bucket=9372 L2 active=wlan0 ch6  BL=[]
[20:41:32] HOP bucket=9373 L2 active=wlan1 ch3  | prep wlan0 ch6  | BL=[]
[TX  ->  *] bucket=9373 L2 active=wlan1 ch3  BL=[]
[RX  <- A] bucket=9373  peer_BL=[]  my_BL=[]
[20:41:34] HOP bucket=9374 L2 active=wlan0 ch6  | prep wlan1 ch10  | BL=[]
[TX  ->  *] bucket=9374 L2 active=wlan0 ch6  BL=[]
[20:41:36] HOP bucket=9375 L2 active=wlan1 ch10  | prep wlan0 ch3  | BL=[]
[RX  <- A] bucket=9375  peer_BL=[]  my_BL=[]
[TX  ->  *] bucket=9375 L2 active=wlan1 ch10  BL=[]
[20:41:38] HOP bucket=9376 L2 active=wlan0 ch3  | prep wlan1 ch4  | BL=[]
[RX  <- A] bucket=9376  peer_BL=[]  my_BL=[]
[TX  ->  *] bucket=9376 L2 active=wlan0 ch3  BL=[]
[20:41:40] HOP bucket=9377 L2 active=wlan1 ch4  | prep wlan0 ch9  | BL=[]
[TX  ->  *] bucket=9377 L2 active=wlan1 ch4  BL=[]
[20:41:42] HOP bucket=9378 L2 active=wlan0 ch9  | prep wlan1 ch4  | BL=[]
[RX  <- A] bucket=9378  peer_BL=[]  my_BL=[]
[TX  ->  *] bucket=9378 L2 active=wlan0 ch9  BL=[]
[20:41:44] HOP bucket=9379 L2 active=wlan1 ch4  | prep wlan0 ch7  | BL=[]
[TX  ->  *] bucket=9379 L2 active=wlan1 ch4  BL=[]
[20:41:46] HOP bucket=9380 L2 active=wlan0 ch7  | prep wlan1 ch4  | BL=[]
[TX  ->  *] bucket=9380 L2 active=wlan0 ch7  BL=[]
[RX  <- A] bucket=9380  peer_BL=[]  my_BL=[]
[20:41:48] HOP bucket=9381 L2 active=wlan1 ch4  | prep wlan0 ch9  | BL=[]
[TX  ->  *] bucket=9381 L2 active=wlan1 ch4  BL=[]
[20:41:50] HOP bucket=9382 L2 active=wlan0 ch9  | prep wlan1 ch9  | BL=[]
[TX  ->  *] bucket=9382 L2 active=wlan0 ch9  BL=[]
[RX  <- A] bucket=9382  peer_BL=[]  my_BL=[]
[20:41:52] HOP bucket=9383 L2 active=wlan1 ch9  | prep wlan0 ch4  | BL=[]
[RX  <- A] bucket=9383  peer_BL=[]  my_BL=[]
[TX  ->  *] bucket=9383 L2 active=wlan1 ch9  BL=[]
[20:41:54] HOP bucket=9384 L2 active=wlan0 ch4  | prep wlan1 ch5  | BL=[]
[TX  ->  *] bucket=9384 L2 active=wlan0 ch4  BL=[]
[20:41:56] HOP bucket=9385 L2 active=wlan1 ch5  | prep wlan0 ch4  | BL=[]
[TX  ->  *] bucket=9385 L2 active=wlan1 ch5  BL=[]
[20:41:58] HOP bucket=9386 L2 active=wlan0 ch4  | prep wlan1 ch11  | BL=[]
[TX  ->  *] bucket=9386 L2 active=wlan0 ch4  BL=[]
[20:42:00] HOP bucket=9387 L2 active=wlan1 ch11  | prep wlan0 ch11  | BL=[]
[TX  ->  *] bucket=9387 L2 active=wlan1 ch11  BL=[]
[RX  <- A] bucket=9387  peer_BL=[]  my_BL=[]
[20:42:02] HOP bucket=9388 L2 active=wlan0 ch11  | prep wlan1 ch5  | BL=[]
[TX  ->  *] bucket=9388 L2 active=wlan0 ch11  BL=[]
[RX  <- A] bucket=9388  peer_BL=[]  my_BL=[]
[20:42:04] HOP bucket=9389 L2 active=wlan1 ch5  | prep wlan0 ch8  | BL=[]
[TX  ->  *] bucket=9389 L2 active=wlan1 ch5  BL=[]
[20:42:06] HOP bucket=9390 L2 active=wlan0 ch8  | prep wlan1 ch8  | BL=[]
[TX  ->  *] bucket=9390 L2 active=wlan0 ch8  BL=[]
[RX  <- A] bucket=9390  peer_BL=[]  my_BL=[]
[20:42:08] HOP bucket=9391 L2 active=wlan1 ch8  | prep wlan0 ch9  | BL=[]
[TX  ->  *] bucket=9391 L2 active=wlan1 ch8  BL=[]
[RX  <- A] bucket=9391  peer_BL=[]  my_BL=[]
[20:42:10] HOP bucket=9392 L2 active=wlan0 ch9  | prep wlan1 ch11  | BL=[]
[RX  <- A] bucket=9392  peer_BL=[]  my_BL=[]
[TX  ->  *] bucket=9392 L2 active=wlan0 ch9  BL=[]
[20:42:12] HOP bucket=9393 L2 active=wlan1 ch11  | prep wlan0 ch3  | BL=[]
[RX  <- A] bucket=9393  peer_BL=[]  my_BL=[]
[TX  ->  *] bucket=9393 L2 active=wlan1 ch11  BL=[]
[20:42:14] HOP bucket=9394 L2 active=wlan0 ch3  | prep wlan1 ch10  | BL=[]
[RX  <- A] bucket=9394  peer_BL=[]  my_BL=[]
[TX  ->  *] bucket=9394 L2 active=wlan0 ch3  BL=[]
[20:42:16] HOP bucket=9395 L2 active=wlan1 ch10  | prep wlan0 ch9  | BL=[]
[RX  <- A] bucket=9395  peer_BL=[]  my_BL=[]
[TX  ->  *] bucket=9395 L2 active=wlan1 ch10  BL=[]
[20:42:18] HOP bucket=9396 L2 active=wlan0 ch9  | prep wlan1 ch7  | BL=[]
[RX  <- A] bucket=9396  peer_BL=[]  my_BL=[]
[TX  ->  *] bucket=9396 L2 active=wlan0 ch9  BL=[]
[20:42:20] HOP bucket=9397 L2 active=wlan1 ch7  | prep wlan0 ch4  | BL=[]
[TX  ->  *] bucket=9397 L2 active=wlan1 ch7  BL=[]
[20:42:22] HOP bucket=9398 L2 active=wlan0 ch4  | prep wlan1 ch10  | BL=[]
[TX  ->  *] bucket=9398 L2 active=wlan0 ch4  BL=[]
[20:42:24] HOP bucket=9399 L2 active=wlan1 ch10  | prep wlan0 ch5  | BL=[]
[RX  <- A] bucket=9399  peer_BL=[]  my_BL=[]
[TX  ->  *] bucket=9399 L2 active=wlan1 ch10  BL=[]
[20:42:26] HOP bucket=9400 L2 active=wlan0 ch5  | prep wlan1 ch10  | BL=[]
[TX  ->  *] bucket=9400 L2 active=wlan0 ch5  BL=[]
[20:42:28] HOP bucket=9401 L2 active=wlan1 ch10  | prep wlan0 ch9  | BL=[]
[RX  <- A] bucket=9401  peer_BL=[]  my_BL=[]
[TX  ->  *] bucket=9401 L2 active=wlan1 ch10  BL=[]
[20:42:30] HOP bucket=9402 L2 active=wlan0 ch9  | prep wlan1 ch10  | BL=[]
[RX  <- A] bucket=9402  peer_BL=[]  my_BL=[]
[TX  ->  *] bucket=9402 L2 active=wlan0 ch9  BL=[]
[20:42:32] HOP bucket=9403 L2 active=wlan1 ch10  | prep wlan0 ch8  | BL=[]
[RX  <- A] bucket=9403  peer_BL=[]  my_BL=[]
[TX  ->  *] bucket=9403 L2 active=wlan1 ch10  BL=[]
[20:42:34] HOP bucket=9404 L2 active=wlan0 ch8  | prep wlan1 ch8  | BL=[]
[RX  <- A] bucket=9404  peer_BL=[]  my_BL=[]
[TX  ->  *] bucket=9404 L2 active=wlan0 ch8  BL=[]
[20:42:36] HOP bucket=9405 L2 active=wlan1 ch8  | prep wlan0 ch10  | BL=[]
[RX  <- A] bucket=9405  peer_BL=[]  my_BL=[]
[TX  ->  *] bucket=9405 L2 active=wlan1 ch8  BL=[]
[20:42:38] HOP bucket=9406 L2 active=wlan0 ch10  | prep wlan1 ch7  | BL=[]
[RX  <- A] bucket=9406  peer_BL=[]  my_BL=[]
[TX  ->  *] bucket=9406 L2 active=wlan0 ch10  BL=[]
[20:42:40] HOP bucket=9407 L2 active=wlan1 ch7  | prep wlan0 ch4  | BL=[]
[TX  ->  *] bucket=9407 L2 active=wlan1 ch7  BL=[]
[20:42:42] HOP bucket=9408 L2 active=wlan0 ch4  | prep wlan1 ch9  | BL=[]
[TX  ->  *] bucket=9408 L2 active=wlan0 ch4  BL=[]
[20:42:44] HOP bucket=9409 L2 active=wlan1 ch9  | prep wlan0 ch5  | BL=[]
[RX  <- A] bucket=9409  peer_BL=[]  my_BL=[]
[TX  ->  *] bucket=9409 L2 active=wlan1 ch9  BL=[]
[20:42:46] HOP bucket=9410 L2 active=wlan0 ch5  | prep wlan1 ch11  | BL=[]
[TX  ->  *] bucket=9410 L2 active=wlan0 ch5  BL=[]
[20:42:48] HOP bucket=9411 L2 active=wlan1 ch11  | prep wlan0 ch3  | BL=[]
[RX  <- A] bucket=9411  peer_BL=[]  my_BL=[]
[TX  ->  *] bucket=9411 L2 active=wlan1 ch11  BL=[]
[20:42:50] HOP bucket=9412 L2 active=wlan0 ch3  | prep wlan1 ch3  | BL=[]
[TX  ->  *] bucket=9412 L2 active=wlan0 ch3  BL=[]
[RX  <- A] bucket=9412  peer_BL=[]  my_BL=[]
[20:42:52] HOP bucket=9413 L2 active=wlan1 ch3  | prep wlan0 ch11  | BL=[]
[RX  <- A] bucket=9413  peer_BL=[]  my_BL=[]
[TX  ->  *] bucket=9413 L2 active=wlan1 ch3  BL=[]
[20:42:54] HOP bucket=9414 L2 active=wlan0 ch11  | prep wlan1 ch4  | BL=[]
[RX  <- A] bucket=9414  peer_BL=[]  my_BL=[]
[TX  ->  *] bucket=9414 L2 active=wlan0 ch11  BL=[]
[20:42:56] HOP bucket=9415 L2 active=wlan1 ch4  | prep wlan0 ch7  | BL=[]
[TX  ->  *] bucket=9415 L2 active=wlan1 ch4  BL=[]
[20:42:58] HOP bucket=9416 L2 active=wlan0 ch7  | prep wlan1 ch4  | BL=[]
[TX  ->  *] bucket=9416 L2 active=wlan0 ch7  BL=[]
[20:43:00] HOP bucket=9417 L2 active=wlan1 ch4  | prep wlan0 ch8  | BL=[]
[TX  ->  *] bucket=9417 L2 active=wlan1 ch4  BL=[]
[20:43:02] HOP bucket=9418 L2 active=wlan0 ch8  | prep wlan1 ch7  | BL=[]
[RX  <- A] bucket=9418  peer_BL=[]  my_BL=[]
[TX  ->  *] bucket=9418 L2 active=wlan0 ch8  BL=[]
[20:43:04] HOP bucket=9419 L2 active=wlan1 ch7  | prep wlan0 ch7  | BL=[]
[TX  ->  *] bucket=9419 L2 active=wlan1 ch7  BL=[]
[20:43:06] HOP bucket=9420 L2 active=wlan0 ch7  | prep wlan1 ch10  | BL=[]
[TX  ->  *] bucket=9420 L2 active=wlan0 ch7  BL=[]
[20:43:08] HOP bucket=9421 L2 active=wlan1 ch10  | prep wlan0 ch9  | BL=[]
[TX  ->  *] bucket=9421 L2 active=wlan1 ch10  BL=[]
[RX  <- A] bucket=9421  peer_BL=[]  my_BL=[]
[20:43:10] HOP bucket=9422 L2 active=wlan0 ch9  | prep wlan1 ch7  | BL=[]
[TX  ->  *] bucket=9422 L2 active=wlan0 ch9  BL=[]
[20:43:12] HOP bucket=9423 L2 active=wlan1 ch7  | prep wlan0 ch11  | BL=[]
[TX  ->  *] bucket=9423 L2 active=wlan1 ch7  BL=[]
[20:43:14] HOP bucket=9424 L2 active=wlan0 ch11  | prep wlan1 ch8  | BL=[]
[TX  ->  *] bucket=9424 L2 active=wlan0 ch11  BL=[]
[RX  <- A] bucket=9424  peer_BL=[]  my_BL=[]
[20:43:16] HOP bucket=9425 L2 active=wlan1 ch8  | prep wlan0 ch6  | BL=[]
[TX  ->  *] bucket=9425 L2 active=wlan1 ch8  BL=[]
[20:43:18] HOP bucket=9426 L2 active=wlan0 ch6  | prep wlan1 ch4  | BL=[]
[TX  ->  *] bucket=9426 L2 active=wlan0 ch6  BL=[]
[RX  <- A] bucket=9426  peer_BL=[]  my_BL=[]
[20:43:20] HOP bucket=9427 L2 active=wlan1 ch4  | prep wlan0 ch10  | BL=[]
[RX  <- A] bucket=9427  peer_BL=[]  my_BL=[]
[TX  ->  *] bucket=9427 L2 active=wlan1 ch4  BL=[]
[20:43:22] HOP bucket=9428 L2 active=wlan0 ch10  | prep wlan1 ch10  | BL=[]
[RX  <- A] bucket=9428  peer_BL=[]  my_BL=[]
[TX  ->  *] bucket=9428 L2 active=wlan0 ch10  BL=[]
[20:43:24] HOP bucket=9429 L2 active=wlan1 ch10  | prep wlan0 ch10  | BL=[]
[RX  <- A] bucket=9429  peer_BL=[]  my_BL=[]
[TX  ->  *] bucket=9429 L2 active=wlan1 ch10  BL=[]
[20:43:26] HOP bucket=9430 L2 active=wlan0 ch10  | prep wlan1 ch9  | BL=[]
[TX  ->  *] bucket=9430 L2 active=wlan0 ch10  BL=[]
[RX  <- A] bucket=9430  peer_BL=[]  my_BL=[]
[20:43:28] HOP bucket=9431 L2 active=wlan1 ch9  | prep wlan0 ch11  | BL=[]
[TX  ->  *] bucket=9431 L2 active=wlan1 ch9  BL=[]
[20:43:30] HOP bucket=9432 L2 active=wlan0 ch11  | prep wlan1 ch11  | BL=[]
[TX  ->  *] bucket=9432 L2 active=wlan0 ch11  BL=[]
[RX  <- A] bucket=9432  peer_BL=[]  my_BL=[]
[20:43:32] HOP bucket=9433 L2 active=wlan1 ch11  | prep wlan0 ch10  | BL=[]
[TX  ->  *] bucket=9433 L2 active=wlan1 ch11  BL=[]
[RX  <- A] bucket=9433  peer_BL=[]  my_BL=[]
[20:43:34] HOP bucket=9434 L2 active=wlan0 ch10  | prep wlan1 ch6  | BL=[]
[RX  <- A] bucket=9434  peer_BL=[]  my_BL=[]
[TX  ->  *] bucket=9434 L2 active=wlan0 ch10  BL=[]
[20:43:36] HOP bucket=9435 L2 active=wlan1 ch6  | prep wlan0 ch4  | BL=[]
[RX  <- A] bucket=9435  peer_BL=[]  my_BL=[]
[TX  ->  *] bucket=9435 L2 active=wlan1 ch6  BL=[]
[20:43:38] HOP bucket=9436 L2 active=wlan0 ch4  | prep wlan1 ch11  | BL=[]
[TX  ->  *] bucket=9436 L2 active=wlan0 ch4  BL=[]
[RX  <- A] bucket=9436  peer_BL=[]  my_BL=[]
[20:43:40] HOP bucket=9437 L2 active=wlan1 ch11  | prep wlan0 ch11  | BL=[]
[RX  <- A] bucket=9437  peer_BL=[]  my_BL=[]
[TX  ->  *] bucket=9437 L2 active=wlan1 ch11  BL=[]
[20:43:42] HOP bucket=9438 L2 active=wlan0 ch11  | prep wlan1 ch8  | BL=[]
[TX  ->  *] bucket=9438 L2 active=wlan0 ch11  BL=[]
[RX  <- A] bucket=9438  peer_BL=[]  my_BL=[]
[20:43:44] HOP bucket=9439 L2 active=wlan1 ch8  | prep wlan0 ch10  | BL=[]
[TX  ->  *] bucket=9439 L2 active=wlan1 ch8  BL=[]
[20:43:46] HOP bucket=9440 L2 active=wlan0 ch10  | prep wlan1 ch5  | BL=[]
[TX  ->  *] bucket=9440 L2 active=wlan0 ch10  BL=[]
[RX  <- A] bucket=9440  peer_BL=[]  my_BL=[]
[20:43:48] HOP bucket=9441 L2 active=wlan1 ch5  | prep wlan0 ch4  | BL=[]
[TX  ->  *] bucket=9441 L2 active=wlan1 ch5  BL=[]
[RX  <- A] bucket=9441  peer_BL=[]  my_BL=[]
[20:43:50] HOP bucket=9442 L2 active=wlan0 ch4  | prep wlan1 ch5  | BL=[]
[TX  ->  *] bucket=9442 L2 active=wlan0 ch4  BL=[]
[RX  <- A] bucket=9442  peer_BL=[]  my_BL=[]
[20:43:52] HOP bucket=9443 L2 active=wlan1 ch5  | prep wlan0 ch8  | BL=[]
[TX  ->  *] bucket=9443 L2 active=wlan1 ch5  BL=[]
[RX  <- A] bucket=9443  peer_BL=[]  my_BL=[]
[20:43:54] HOP bucket=9444 L2 active=wlan0 ch8  | prep wlan1 ch8  | BL=[]
[TX  ->  *] bucket=9444 L2 active=wlan0 ch8  BL=[]
[20:43:56] HOP bucket=9445 L2 active=wlan1 ch8  | prep wlan0 ch5  | BL=[]
[TX  ->  *] bucket=9445 L2 active=wlan1 ch8  BL=[]
[20:43:58] HOP bucket=9446 L2 active=wlan0 ch5  | prep wlan1 ch4  | BL=[]
[TX  ->  *] bucket=9446 L2 active=wlan0 ch5  BL=[]
[RX  <- A] bucket=9446  peer_BL=[]  my_BL=[]
[20:44:00] HOP bucket=9447 L2 active=wlan1 ch4  | prep wlan0 ch7  | BL=[]
[TX  ->  *] bucket=9447 L2 active=wlan1 ch4  BL=[]
[RX  <- A] bucket=9447  peer_BL=[]  my_BL=[]
[20:44:02] HOP bucket=9448 L2 active=wlan0 ch7  | prep wlan1 ch8  | BL=[]
[TX  ->  *] bucket=9448 L2 active=wlan0 ch7  BL=[]
[20:44:04] HOP bucket=9449 L2 active=wlan1 ch8  | prep wlan0 ch6  | BL=[]
[TX  ->  *] bucket=9449 L2 active=wlan1 ch8  BL=[]
[20:44:06] HOP bucket=9450 L2 active=wlan0 ch6  | prep wlan1 ch9  | BL=[]
[RX  <- A] bucket=9450  peer_BL=[]  my_BL=[]
[TX  ->  *] bucket=9450 L2 active=wlan0 ch6  BL=[]
[20:44:08] HOP bucket=9451 L2 active=wlan1 ch9  | prep wlan0 ch6  | BL=[]
[TX  ->  *] bucket=9451 L2 active=wlan1 ch9  BL=[]
[20:44:10] HOP bucket=9452 L2 active=wlan0 ch6  | prep wlan1 ch9  | BL=[]
[RX  <- A] bucket=9452  peer_BL=[]  my_BL=[]
[TX  ->  *] bucket=9452 L2 active=wlan0 ch6  BL=[]
[20:44:12] HOP bucket=9453 L2 active=wlan1 ch9  | prep wlan0 ch7  | BL=[]
[TX  ->  *] bucket=9453 L2 active=wlan1 ch9  BL=[]
[20:44:14] HOP bucket=9454 L2 active=wlan0 ch7  | prep wlan1 ch11  | BL=[]
[TX  ->  *] bucket=9454 L2 active=wlan0 ch7  BL=[]
[20:44:16] HOP bucket=9455 L2 active=wlan1 ch11  | prep wlan0 ch6  | BL=[]
[TX  ->  *] bucket=9455 L2 active=wlan1 ch11  BL=[]
[RX  <- A] bucket=9455  peer_BL=[]  my_BL=[]
[20:44:18] HOP bucket=9456 L2 active=wlan0 ch6  | prep wlan1 ch8  | BL=[]
[TX  ->  *] bucket=9456 L2 active=wlan0 ch6  BL=[]
[RX  <- A] bucket=9456  peer_BL=[]  my_BL=[]
[20:44:20] HOP bucket=9457 L2 active=wlan1 ch8  | prep wlan0 ch4  | BL=[]
[TX  ->  *] bucket=9457 L2 active=wlan1 ch8  BL=[]
[20:44:22] HOP bucket=9458 L2 active=wlan0 ch4  | prep wlan1 ch5  | BL=[]
[TX  ->  *] bucket=9458 L2 active=wlan0 ch4  BL=[]
[RX  <- A] bucket=9458  peer_BL=[]  my_BL=[]
[20:44:24] HOP bucket=9459 L2 active=wlan1 ch5  | prep wlan0 ch7  | BL=[]
[RX  <- A] bucket=9459  peer_BL=[]  my_BL=[]
[TX  ->  *] bucket=9459 L2 active=wlan1 ch5  BL=[]
[20:44:26] HOP bucket=9460 L2 active=wlan0 ch7  | prep wlan1 ch9  | BL=[]
[TX  ->  *] bucket=9460 L2 active=wlan0 ch7  BL=[]
[20:44:28] HOP bucket=9461 L2 active=wlan1 ch9  | prep wlan0 ch9  | BL=[]
[TX  ->  *] bucket=9461 L2 active=wlan1 ch9  BL=[]
[20:44:30] HOP bucket=9462 L2 active=wlan0 ch9  | prep wlan1 ch6  | BL=[]
[TX  ->  *] bucket=9462 L2 active=wlan0 ch9  BL=[]
[20:44:32] HOP bucket=9463 L2 active=wlan1 ch6  | prep wlan0 ch6  | BL=[]
[RX  <- A] bucket=9463  peer_BL=[]  my_BL=[]
[TX  ->  *] bucket=9463 L2 active=wlan1 ch6  BL=[]
[20:44:34] HOP bucket=9464 L2 active=wlan0 ch6  | prep wlan1 ch4  | BL=[]
[TX  ->  *] bucket=9464 L2 active=wlan0 ch6  BL=[]
[RX  <- A] bucket=9464  peer_BL=[]  my_BL=[]
[20:44:36] HOP bucket=9465 L2 active=wlan1 ch4  | prep wlan0 ch3  | BL=[]
[TX  ->  *] bucket=9465 L2 active=wlan1 ch4  BL=[]
[RX  <- A] bucket=9465  peer_BL=[]  my_BL=[]
[20:44:38] HOP bucket=9466 L2 active=wlan0 ch3  | prep wlan1 ch7  | BL=[]
[RX  <- A] bucket=9466  peer_BL=[]  my_BL=[]
[TX  ->  *] bucket=9466 L2 active=wlan0 ch3  BL=[]
[20:44:40] HOP bucket=9467 L2 active=wlan1 ch7  | prep wlan0 ch11  | BL=[]
[TX  ->  *] bucket=9467 L2 active=wlan1 ch7  BL=[]
[20:44:42] HOP bucket=9468 L2 active=wlan0 ch11  | prep wlan1 ch6  | BL=[]
[TX  ->  *] bucket=9468 L2 active=wlan0 ch11  BL=[]
[RX  <- A] bucket=9468  peer_BL=[]  my_BL=[]
[20:44:44] HOP bucket=9469 L2 active=wlan1 ch6  | prep wlan0 ch5  | BL=[]
[TX  ->  *] bucket=9469 L2 active=wlan1 ch6  BL=[]
[RX  <- A] bucket=9469  peer_BL=[]  my_BL=[]
[20:44:46] HOP bucket=9470 L2 active=wlan0 ch5  | prep wlan1 ch4  | BL=[]
[RX  <- A] bucket=9470  peer_BL=[]  my_BL=[]
[TX  ->  *] bucket=9470 L2 active=wlan0 ch5  BL=[]
[20:44:48] HOP bucket=9471 L2 active=wlan1 ch4  | prep wlan0 ch5  | BL=[]
[RX  <- A] bucket=9471  peer_BL=[]  my_BL=[]
[TX  ->  *] bucket=9471 L2 active=wlan1 ch4  BL=[]
[20:44:50] HOP bucket=9472 L2 active=wlan0 ch5  | prep wlan1 ch8  | BL=[]
[RX  <- A] bucket=9472  peer_BL=[]  my_BL=[]
[TX  ->  *] bucket=9472 L2 active=wlan0 ch5  BL=[]
[20:44:52] HOP bucket=9473 L2 active=wlan1 ch8  | prep wlan0 ch3  | BL=[]
[TX  ->  *] bucket=9473 L2 active=wlan1 ch8  BL=[]
[20:44:54] HOP bucket=9474 L2 active=wlan0 ch3  | prep wlan1 ch8  | BL=[]
[TX  ->  *] bucket=9474 L2 active=wlan0 ch3  BL=[]
[RX  <- A] bucket=9474  peer_BL=[]  my_BL=[]
[20:44:56] HOP bucket=9475 L2 active=wlan1 ch8  | prep wlan0 ch8  | BL=[]
[TX  ->  *] bucket=9475 L2 active=wlan1 ch8  BL=[]
[20:44:58] HOP bucket=9476 L2 active=wlan0 ch8  | prep wlan1 ch3  | BL=[]
[TX  ->  *] bucket=9476 L2 active=wlan0 ch8  BL=[]
[20:45:00] HOP bucket=9477 L2 active=wlan1 ch3  | prep wlan0 ch3  | BL=[]
[TX  ->  *] bucket=9477 L2 active=wlan1 ch3  BL=[]
[RX  <- A] bucket=9477  peer_BL=[]  my_BL=[]
[20:45:02] HOP bucket=9478 L2 active=wlan0 ch3  | prep wlan1 ch9  | BL=[]
[TX  ->  *] bucket=9478 L2 active=wlan0 ch3  BL=[]
[RX  <- A] bucket=9478  peer_BL=[]  my_BL=[]
[20:45:04] HOP bucket=9479 L2 active=wlan1 ch9  | prep wlan0 ch8  | BL=[]
[TX  ->  *] bucket=9479 L2 active=wlan1 ch9  BL=[]
[20:45:06] HOP bucket=9480 L2 active=wlan0 ch8  | prep wlan1 ch5  | BL=[]
[TX  ->  *] bucket=9480 L2 active=wlan0 ch8  BL=[]
[RX  <- A] bucket=9480  peer_BL=[]  my_BL=[]
[20:45:08] HOP bucket=9481 L2 active=wlan1 ch5  | prep wlan0 ch8  | BL=[]
[TX  ->  *] bucket=9481 L2 active=wlan1 ch5  BL=[]
[RX  <- A] bucket=9481  peer_BL=[]  my_BL=[]
[20:45:10] HOP bucket=9482 L2 active=wlan0 ch8  | prep wlan1 ch8  | BL=[]
[TX  ->  *] bucket=9482 L2 active=wlan0 ch8  BL=[]
[RX  <- A] bucket=9482  peer_BL=[]  my_BL=[]
[20:45:12] HOP bucket=9483 L2 active=wlan1 ch8  | prep wlan0 ch10  | BL=[]
[RX  <- A] bucket=9483  peer_BL=[]  my_BL=[]
[TX  ->  *] bucket=9483 L2 active=wlan1 ch8  BL=[]
[20:45:14] HOP bucket=9484 L2 active=wlan0 ch10  | prep wlan1 ch9  | BL=[]
[TX  ->  *] bucket=9484 L2 active=wlan0 ch10  BL=[]
[20:45:16] HOP bucket=9485 L2 active=wlan1 ch9  | prep wlan0 ch5  | BL=[]
[RX  <- A] bucket=9485  peer_BL=[]  my_BL=[]
[TX  ->  *] bucket=9485 L2 active=wlan1 ch9  BL=[]
[20:45:18] HOP bucket=9486 L2 active=wlan0 ch5  | prep wlan1 ch3  | BL=[]
[TX  ->  *] bucket=9486 L2 active=wlan0 ch5  BL=[]
[RX  <- A] bucket=9486  peer_BL=[]  my_BL=[]
[20:45:20] HOP bucket=9487 L2 active=wlan1 ch3  | prep wlan0 ch4  | BL=[]
[RX  <- A] bucket=9487  peer_BL=[]  my_BL=[]
[TX  ->  *] bucket=9487 L2 active=wlan1 ch3  BL=[]
[20:45:22] HOP bucket=9488 L2 active=wlan0 ch4  | prep wlan1 ch8  | BL=[]
[RX  <- A] bucket=9488  peer_BL=[]  my_BL=[]
[TX  ->  *] bucket=9488 L2 active=wlan0 ch4  BL=[]
[20:45:24] HOP bucket=9489 L2 active=wlan1 ch8  | prep wlan0 ch9  | BL=[]
[TX  ->  *] bucket=9489 L2 active=wlan1 ch8  BL=[]
[RX  <- A] bucket=9489  peer_BL=[]  my_BL=[]
[20:45:26] HOP bucket=9490 L2 active=wlan0 ch9  | prep wlan1 ch6  | BL=[]
[TX  ->  *] bucket=9490 L2 active=wlan0 ch9  BL=[]
[RX  <- A] bucket=9490  peer_BL=[]  my_BL=[]
[20:45:28] HOP bucket=9491 L2 active=wlan1 ch6  | prep wlan0 ch6  | BL=[]
[TX  ->  *] bucket=9491 L2 active=wlan1 ch6  BL=[]
[RX  <- A] bucket=9491  peer_BL=[]  my_BL=[]
[20:45:30] HOP bucket=9492 L2 active=wlan0 ch6  | prep wlan1 ch3  | BL=[]
[TX  ->  *] bucket=9492 L2 active=wlan0 ch6  BL=[]
[RX  <- A] bucket=9492  peer_BL=[]  my_BL=[]
[20:45:32] HOP bucket=9493 L2 active=wlan1 ch3  | prep wlan0 ch11  | BL=[]
[TX  ->  *] bucket=9493 L2 active=wlan1 ch3  BL=[]
[RX  <- A] bucket=9493  peer_BL=[]  my_BL=[]
[20:45:34] HOP bucket=9494 L2 active=wlan0 ch11  | prep wlan1 ch8  | BL=[]
[TX  ->  *] bucket=9494 L2 active=wlan0 ch11  BL=[]
[20:45:36] HOP bucket=9495 L2 active=wlan1 ch8  | prep wlan0 ch8  | BL=[]
[TX  ->  *] bucket=9495 L2 active=wlan1 ch8  BL=[]
[RX  <- A] bucket=9495  peer_BL=[]  my_BL=[]
[20:45:38] HOP bucket=9496 L2 active=wlan0 ch8  | prep wlan1 ch8  | BL=[]
[RX  <- A] bucket=9496  peer_BL=[]  my_BL=[]
[TX  ->  *] bucket=9496 L2 active=wlan0 ch8  BL=[]
[20:45:40] HOP bucket=9497 L2 active=wlan1 ch8  | prep wlan0 ch4  | BL=[]
[TX  ->  *] bucket=9497 L2 active=wlan1 ch8  BL=[]
[RX  <- A] bucket=9497  peer_BL=[]  my_BL=[]
[20:45:42] HOP bucket=9498 L2 active=wlan0 ch4  | prep wlan1 ch6  | BL=[]
[TX  ->  *] bucket=9498 L2 active=wlan0 ch4  BL=[]
[RX  <- A] bucket=9498  peer_BL=[]  my_BL=[]
[20:45:44] HOP bucket=9499 L2 active=wlan1 ch6  | prep wlan0 ch4  | BL=[]
[TX  ->  *] bucket=9499 L2 active=wlan1 ch6  BL=[]
[RX  <- A] bucket=9499  peer_BL=[]  my_BL=[]
[20:45:46] HOP bucket=9500 L2 active=wlan0 ch4  | prep wlan1 ch3  | BL=[]
[TX  ->  *] bucket=9500 L2 active=wlan0 ch4  BL=[]
[RX  <- A] bucket=9500  peer_BL=[]  my_BL=[]
[20:45:48] HOP bucket=9501 L2 active=wlan1 ch3  | prep wlan0 ch11  | BL=[]
[TX  ->  *] bucket=9501 L2 active=wlan1 ch3  BL=[]
[RX  <- A] bucket=9501  peer_BL=[]  my_BL=[]
[20:45:50] HOP bucket=9502 L2 active=wlan0 ch11  | prep wlan1 ch6  | BL=[]
[TX  ->  *] bucket=9502 L2 active=wlan0 ch11  BL=[]
[20:45:52] HOP bucket=9503 L2 active=wlan1 ch6  | prep wlan0 ch11  | BL=[]
[TX  ->  *] bucket=9503 L2 active=wlan1 ch6  BL=[]
[RX  <- A] bucket=9503  peer_BL=[]  my_BL=[]
[20:45:54] HOP bucket=9504 L2 active=wlan0 ch11  | prep wlan1 ch9  | BL=[]
[TX  ->  *] bucket=9504 L2 active=wlan0 ch11  BL=[]
[20:45:56] HOP bucket=9505 L2 active=wlan1 ch9  | prep wlan0 ch10  | BL=[]
[RX  <- A] bucket=9505  peer_BL=[]  my_BL=[]
[TX  ->  *] bucket=9505 L2 active=wlan1 ch9  BL=[]
[20:45:58] HOP bucket=9506 L2 active=wlan0 ch10  | prep wlan1 ch8  | BL=[]
[TX  ->  *] bucket=9506 L2 active=wlan0 ch10  BL=[]
[20:46:00] HOP bucket=9507 L2 active=wlan1 ch8  | prep wlan0 ch11  | BL=[]
[TX  ->  *] bucket=9507 L2 active=wlan1 ch8  BL=[]
[RX  <- A] bucket=9507  peer_BL=[]  my_BL=[]
[20:46:02] HOP bucket=9508 L2 active=wlan0 ch11  | prep wlan1 ch9  | BL=[]
[TX  ->  *] bucket=9508 L2 active=wlan0 ch11  BL=[]
[20:46:04] HOP bucket=9509 L2 active=wlan1 ch9  | prep wlan0 ch9  | BL=[]
[RX  <- A] bucket=9509  peer_BL=[]  my_BL=[]