============================================================
 ARTCHO NODE — MODE=L5 — NODE_ID=A
============================================================
 Bucket duration : 2.0s
 TEST_EPOCH      : 1772502920.0
 BUCKET_EPOCH    : 1772460320.0
 sim offset      : 42600s  (11.83h)
 Use blacklist   : False
 Detect enabled  : False
 Dual radio      : True
============================================================

[WAIT] sleeping 16.1s until TEST_EPOCH...
[INIT] L5 cold-start (bucket=21300):
       active  wlan0 -> ch8 (2447 MHz)
       bg      wlan1 -> ch9 (2452 MHz)
       confirmed blacklist: []
[INIT] L5 cold-start complete.

[RX  <- B] bucket=21300  peer_BL=[]  my_BL=[]
[TX  ->  *] bucket=21300 L5 active=wlan0 ch8  BL=[]
[02:55:22] HOP bucket=21301 L5 active=wlan1 ch9  | prep wlan0 ch3  | BL=[]
[RX  <- B] bucket=21301  peer_BL=[]  my_BL=[]
[TX  ->  *] bucket=21301 L5 active=wlan1 ch9  BL=[]
[02:55:24] HOP bucket=21302 L5 active=wlan0 ch3  | prep wlan1 ch3  | BL=[]
[TX  ->  *] bucket=21302 L5 active=wlan0 ch3  BL=[]
[RX  <- B] bucket=21302  peer_BL=[]  my_BL=[]
[02:55:26] HOP bucket=21303 L5 active=wlan1 ch3  | prep wlan0 ch3  | BL=[]
[RX  <- B] bucket=21303  peer_BL=[]  my_BL=[]
[TX  ->  *] bucket=21303 L5 active=wlan1 ch3  BL=[]
[02:55:28] HOP bucket=21304 L5 active=wlan0 ch3  | prep wlan1 ch11  | BL=[]
[RX  <- B] bucket=21304  peer_BL=[]  my_BL=[]
[TX  ->  *] bucket=21304 L5 active=wlan0 ch3  BL=[]
[02:55:30] HOP bucket=21305 L5 active=wlan1 ch11  | prep wlan0 ch10  | BL=[]
[RX  <- B] bucket=21305  peer_BL=[]  my_BL=[]
[TX  ->  *] bucket=21305 L5 active=wlan1 ch11  BL=[]
[02:55:32] HOP bucket=21306 L5 active=wlan0 ch10  | prep wlan1 ch8  | BL=[]
[TX  ->  *] bucket=21306 L5 active=wlan0 ch10  BL=[]
[RX  <- B] bucket=21306  peer_BL=[]  my_BL=[]
[02:55:34] HOP bucket=21307 L5 active=wlan1 ch8  | prep wlan0 ch4  | BL=[]
[TX  ->  *] bucket=21307 L5 active=wlan1 ch8  BL=[]
[RX  <- B] bucket=21307  peer_BL=[]  my_BL=[]
[02:55:36] HOP bucket=21308 L5 active=wlan0 ch4  | prep wlan1 ch8  | BL=[]
[RX  <- B] bucket=21308  peer_BL=[]  my_BL=[]
[TX  ->  *] bucket=21308 L5 active=wlan0 ch4  BL=[]
[02:55:38] HOP bucket=21309 L5 active=wlan1 ch8  | prep wlan0 ch7  | BL=[]
[TX  ->  *] bucket=21309 L5 active=wlan1 ch8  BL=[]
[RX  <- B] bucket=21309  peer_BL=[]  my_BL=[]
[02:55:40] HOP bucket=21310 L5 active=wlan0 ch7  | prep wlan1 ch7  | BL=[]
[RX  <- B] bucket=21310  peer_BL=[]  my_BL=[]
[TX  ->  *] bucket=21310 L5 active=wlan0 ch7  BL=[]
[02:55:42] HOP bucket=21311 L5 active=wlan1 ch7  | prep wlan0 ch3  | BL=[]
[TX  ->  *] bucket=21311 L5 active=wlan1 ch7  BL=[]
[RX  <- B] bucket=21311  peer_BL=[]  my_BL=[]
[02:55:44] HOP bucket=21312 L5 active=wlan0 ch3  | prep wlan1 ch5  | BL=[]
[RX  <- B] bucket=21312  peer_BL=[]  my_BL=[]
[TX  ->  *] bucket=21312 L5 active=wlan0 ch3  BL=[]
[02:55:46] HOP bucket=21313 L5 active=wlan1 ch5  | prep wlan0 ch4  | BL=[]
[TX  ->  *] bucket=21313 L5 active=wlan1 ch5  BL=[]
[RX  <- B] bucket=21313  peer_BL=[]  my_BL=[]
[02:55:48] HOP bucket=21314 L5 active=wlan0 ch4  | prep wlan1 ch8  | BL=[]
[TX  ->  *] bucket=21314 L5 active=wlan0 ch4  BL=[]
[RX  <- B] bucket=21314  peer_BL=[]  my_BL=[]
[02:55:50] HOP bucket=21315 L5 active=wlan1 ch8  | prep wlan0 ch4  | BL=[]
[TX  ->  *] bucket=21315 L5 active=wlan1 ch8  BL=[]
[RX  <- B] bucket=21315  peer_BL=[]  my_BL=[]
[02:55:52] HOP bucket=21316 L5 active=wlan0 ch4  | prep wlan1 ch3  | BL=[]
[RX  <- B] bucket=21316  peer_BL=[]  my_BL=[]
[TX  ->  *] bucket=21316 L5 active=wlan0 ch4  BL=[]
[02:55:54] HOP bucket=21317 L5 active=wlan1 ch3  | prep wlan0 ch11  | BL=[]
[TX  ->  *] bucket=21317 L5 active=wlan1 ch3  BL=[]
[RX  <- B] bucket=21317  peer_BL=[]  my_BL=[]
[02:55:56] HOP bucket=21318 L5 active=wlan0 ch11  | prep wlan1 ch4  | BL=[]
[TX  ->  *] bucket=21318 L5 active=wlan0 ch11  BL=[]
[RX  <- B] bucket=21318  peer_BL=[]  my_BL=[]
[02:55:58] HOP bucket=21319 L5 active=wlan1 ch4  | prep wlan0 ch11  | BL=[]
[TX  ->  *] bucket=21319 L5 active=wlan1 ch4  BL=[]
[RX  <- B] bucket=21319  peer_BL=[]  my_BL=[]
[02:56:00] HOP bucket=21320 L5 active=wlan0 ch11  | prep wlan1 ch4  | BL=[]
[RX  <- B] bucket=21320  peer_BL=[]  my_BL=[]
[TX  ->  *] bucket=21320 L5 active=wlan0 ch11  BL=[]
[02:56:02] HOP bucket=21321 L5 active=wlan1 ch4  | prep wlan0 ch8  | BL=[]
[RX  <- B] bucket=21321  peer_BL=[]  my_BL=[]
[TX  ->  *] bucket=21321 L5 active=wlan1 ch4  BL=[]
[02:56:04] HOP bucket=21322 L5 active=wlan0 ch8  | prep wlan1 ch9  | BL=[]
[TX  ->  *] bucket=21322 L5 active=wlan0 ch8  BL=[]
[RX  <- B] bucket=21322  peer_BL=[]  my_BL=[]
[02:56:06] HOP bucket=21323 L5 active=wlan1 ch9  | prep wlan0 ch8  | BL=[]
[TX  ->  *] bucket=21323 L5 active=wlan1 ch9  BL=[]
[RX  <- B] bucket=21323  peer_BL=[]  my_BL=[]
[02:56:08] HOP bucket=21324 L5 active=wlan0 ch8  | prep wlan1 ch6  | BL=[]
[RX  <- B] bucket=21324  peer_BL=[]  my_BL=[]
[TX  ->  *] bucket=21324 L5 active=wlan0 ch8  BL=[]
[02:56:10] HOP bucket=21325 L5 active=wlan1 ch6  | prep wlan0 ch9  | BL=[]
[TX  ->  *] bucket=21325 L5 active=wlan1 ch6  BL=[]
[RX  <- B] bucket=21325  peer_BL=[]  my_BL=[]
[02:56:12] HOP bucket=21326 L5 active=wlan0 ch9  | prep wlan1 ch4  | BL=[]
[TX  ->  *] bucket=21326 L5 active=wlan0 ch9  BL=[]
[RX  <- B] bucket=21326  peer_BL=[]  my_BL=[]
[02:56:14] HOP bucket=21327 L5 active=wlan1 ch4  | prep wlan0 ch7  | BL=[]
[TX  ->  *] bucket=21327 L5 active=wlan1 ch4  BL=[]
[RX  <- B] bucket=21327  peer_BL=[]  my_BL=[]
[02:56:16] HOP bucket=21328 L5 active=wlan0 ch7  | prep wlan1 ch5  | BL=[]
[TX  ->  *] bucket=21328 L5 active=wlan0 ch7  BL=[]
[RX  <- B] bucket=21328  peer_BL=[]  my_BL=[]
[02:56:18] HOP bucket=21329 L5 active=wlan1 ch5  | prep wlan0 ch11  | BL=[]
[RX  <- B] bucket=21329  peer_BL=[]  my_BL=[]
[TX  ->  *] bucket=21329 L5 active=wlan1 ch5  BL=[]
[02:56:20] HOP bucket=21330 L5 active=wlan0 ch11  | prep wlan1 ch7  | BL=[]
[TX  ->  *] bucket=21330 L5 active=wlan0 ch11  BL=[]
[RX  <- B] bucket=21330  peer_BL=[]  my_BL=[]
[02:56:22] HOP bucket=21331 L5 active=wlan1 ch7  | prep wlan0 ch10  | BL=[]
[TX  ->  *] bucket=21331 L5 active=wlan1 ch7  BL=[]
[RX  <- B] bucket=21331  peer_BL=[]  my_BL=[]
[02:56:24] HOP bucket=21332 L5 active=wlan0 ch10  | prep wlan1 ch11  | BL=[]
[RX  <- B] bucket=21332  peer_BL=[]  my_BL=[]
[TX  ->  *] bucket=21332 L5 active=wlan0 ch10  BL=[]
[02:56:26] HOP bucket=21333 L5 active=wlan1 ch11  | prep wlan0 ch5  | BL=[]
[TX  ->  *] bucket=21333 L5 active=wlan1 ch11  BL=[]
[RX  <- B] bucket=21333  peer_BL=[]  my_BL=[]
[02:56:28] HOP bucket=21334 L5 active=wlan0 ch5  | prep wlan1 ch4  | BL=[]
[TX  ->  *] bucket=21334 L5 active=wlan0 ch5  BL=[]
[RX  <- B] bucket=21334  peer_BL=[]  my_BL=[]
[02:56:30] HOP bucket=21335 L5 active=wlan1 ch4  | prep wlan0 ch6  | BL=[]
[RX  <- B] bucket=21335  peer_BL=[]  my_BL=[]
[TX  ->  *] bucket=21335 L5 active=wlan1 ch4  BL=[]
[02:56:32] HOP bucket=21336 L5 active=wlan0 ch6  | prep wlan1 ch11  | BL=[]
[RX  <- B] bucket=21336  peer_BL=[]  my_BL=[]
[TX  ->  *] bucket=21336 L5 active=wlan0 ch6  BL=[]
[02:56:34] HOP bucket=21337 L5 active=wlan1 ch11  | prep wlan0 ch4  | BL=[]
[TX  ->  *] bucket=21337 L5 active=wlan1 ch11  BL=[]
[RX  <- B] bucket=21337  peer_BL=[]  my_BL=[]
[02:56:36] HOP bucket=21338 L5 active=wlan0 ch4  | prep wlan1 ch10  | BL=[]
[TX  ->  *] bucket=21338 L5 active=wlan0 ch4  BL=[]
[RX  <- B] bucket=21338  peer_BL=[]  my_BL=[]
[02:56:38] HOP bucket=21339 L5 active=wlan1 ch10  | prep wlan0 ch3  | BL=[]
[TX  ->  *] bucket=21339 L5 active=wlan1 ch10  BL=[]
[RX  <- B] bucket=21339  peer_BL=[]  my_BL=[]
[02:56:40] HOP bucket=21340 L5 active=wlan0 ch3  | prep wlan1 ch9  | BL=[]
[TX  ->  *] bucket=21340 L5 active=wlan0 ch3  BL=[]
[RX  <- B] bucket=21340  peer_BL=[]  my_BL=[]
[02:56:42] HOP bucket=21341 L5 active=wlan1 ch9  | prep wlan0 ch4  | BL=[]
[TX  ->  *] bucket=21341 L5 active=wlan1 ch9  BL=[]
[RX  <- B] bucket=21341  peer_BL=[]  my_BL=[]
[02:56:44] HOP bucket=21342 L5 active=wlan0 ch4  | prep wlan1 ch8  | BL=[]
[RX  <- B] bucket=21342  peer_BL=[]  my_BL=[]
[TX  ->  *] bucket=21342 L5 active=wlan0 ch4  BL=[]
[02:56:46] HOP bucket=21343 L5 active=wlan1 ch8  | prep wlan0 ch4  | BL=[]
[RX  <- B] bucket=21343  peer_BL=[]  my_BL=[]
[TX  ->  *] bucket=21343 L5 active=wlan1 ch8  BL=[]
[02:56:48] HOP bucket=21344 L5 active=wlan0 ch4  | prep wlan1 ch5  | BL=[]
[TX  ->  *] bucket=21344 L5 active=wlan0 ch4  BL=[]
[RX  <- B] bucket=21344  peer_BL=[]  my_BL=[]
[02:56:50] HOP bucket=21345 L5 active=wlan1 ch5  | prep wlan0 ch4  | BL=[]
[TX  ->  *] bucket=21345 L5 active=wlan1 ch5  BL=[]
[RX  <- B] bucket=21345  peer_BL=[]  my_BL=[]
[02:56:52] HOP bucket=21346 L5 active=wlan0 ch4  | prep wlan1 ch5  | BL=[]
[TX  ->  *] bucket=21346 L5 active=wlan0 ch4  BL=[]
[RX  <- B] bucket=21346  peer_BL=[]  my_BL=[]
[02:56:54] HOP bucket=21347 L5 active=wlan1 ch5  | prep wlan0 ch8  | BL=[]
[TX  ->  *] bucket=21347 L5 active=wlan1 ch5  BL=[]
[RX  <- B] bucket=21347  peer_BL=[]  my_BL=[]
[02:56:56] HOP bucket=21348 L5 active=wlan0 ch8  | prep wlan1 ch6  | BL=[]
[TX  ->  *] bucket=21348 L5 active=wlan0 ch8  BL=[]
[RX  <- B] bucket=21348  peer_BL=[]  my_BL=[]
[02:56:58] HOP bucket=21349 L5 active=wlan1 ch6  | prep wlan0 ch4  | BL=[]
[TX  ->  *] bucket=21349 L5 active=wlan1 ch6  BL=[]
[RX  <- B] bucket=21349  peer_BL=[]  my_BL=[]
[02:57:00] HOP bucket=21350 L5 active=wlan0 ch4  | prep wlan1 ch5  | BL=[]
[RX  <- B] bucket=21350  peer_BL=[]  my_BL=[]
[TX  ->  *] bucket=21350 L5 active=wlan0 ch4  BL=[]
[02:57:02] HOP bucket=21351 L5 active=wlan1 ch5  | prep wlan0 ch6  | BL=[]
[TX  ->  *] bucket=21351 L5 active=wlan1 ch5  BL=[]
[RX  <- B] bucket=21351  peer_BL=[]  my_BL=[]
[02:57:04] HOP bucket=21352 L5 active=wlan0 ch6  | prep wlan1 ch7  | BL=[]
[TX  ->  *] bucket=21352 L5 active=wlan0 ch6  BL=[]
[RX  <- B] bucket=21352  peer_BL=[]  my_BL=[]
[02:57:06] HOP bucket=21353 L5 active=wlan1 ch7  | prep wlan0 ch5  | BL=[]
[TX  ->  *] bucket=21353 L5 active=wlan1 ch7  BL=[]
[RX  <- B] bucket=21353  peer_BL=[]  my_BL=[]
[02:57:08] HOP bucket=21354 L5 active=wlan0 ch5  | prep wlan1 ch6  | BL=[]
[TX  ->  *] bucket=21354 L5 active=wlan0 ch5  BL=[]
[RX  <- B] bucket=21354  peer_BL=[]  my_BL=[]
[02:57:10] HOP bucket=21355 L5 active=wlan1 ch6  | prep wlan0 ch6  | BL=[]
[TX  ->  *] bucket=21355 L5 active=wlan1 ch6  BL=[]
[RX  <- B] bucket=21355  peer_BL=[]  my_BL=[]
[02:57:12] HOP bucket=21356 L5 active=wlan0 ch6  | prep wlan1 ch3  | BL=[]
[TX  ->  *] bucket=21356 L5 active=wlan0 ch6  BL=[]
[RX  <- B] bucket=21356  peer_BL=[]  my_BL=[]
[02:57:14] HOP bucket=21357 L5 active=wlan1 ch3  | prep wlan0 ch9  | BL=[]
[TX  ->  *] bucket=21357 L5 active=wlan1 ch3  BL=[]
[RX  <- B] bucket=21357  peer_BL=[]  my_BL=[]
[02:57:16] HOP bucket=21358 L5 active=wlan0 ch9  | prep wlan1 ch6  | BL=[]
[TX  ->  *] bucket=21358 L5 active=wlan0 ch9  BL=[]
[RX  <- B] bucket=21358  peer_BL=[]  my_BL=[]
[02:57:18] HOP bucket=21359 L5 active=wlan1 ch6  | prep wlan0 ch6  | BL=[]
[TX  ->  *] bucket=21359 L5 active=wlan1 ch6  BL=[]
[RX  <- B] bucket=21359  peer_BL=[]  my_BL=[]
[02:57:20] HOP bucket=21360 L5 active=wlan0 ch6  | prep wlan1 ch8  | BL=[]
[RX  <- B] bucket=21360  peer_BL=[]  my_BL=[]
[TX  ->  *] bucket=21360 L5 active=wlan0 ch6  BL=[]
[02:57:22] HOP bucket=21361 L5 active=wlan1 ch8  | prep wlan0 ch7  | BL=[]
[TX  ->  *] bucket=21361 L5 active=wlan1 ch8  BL=[]
[RX  <- B] bucket=21361  peer_BL=[]  my_BL=[]
[02:57:24] HOP bucket=21362 L5 active=wlan0 ch7  | prep wlan1 ch3  | BL=[]
[RX  <- B] bucket=21362  peer_BL=[]  my_BL=[]
[TX  ->  *] bucket=21362 L5 active=wlan0 ch7  BL=[]
[02:57:26] HOP bucket=21363 L5 active=wlan1 ch3  | prep wlan0 ch3  | BL=[]
[TX  ->  *] bucket=21363 L5 active=wlan1 ch3  BL=[]
[RX  <- B] bucket=21363  peer_BL=[]  my_BL=[]
[02:57:28] HOP bucket=21364 L5 active=wlan0 ch3  | prep wlan1 ch5  | BL=[]
[TX  ->  *] bucket=21364 L5 active=wlan0 ch3  BL=[]
[RX  <- B] bucket=21364  peer_BL=[]  my_BL=[]
[02:57:30] HOP bucket=21365 L5 active=wlan1 ch5  | prep wlan0 ch5  | BL=[]
[RX  <- B] bucket=21365  peer_BL=[]  my_BL=[]
[TX  ->  *] bucket=21365 L5 active=wlan1 ch5  BL=[]
[02:57:32] HOP bucket=21366 L5 active=wlan0 ch5  | prep wlan1 ch9  | BL=[]
[TX  ->  *] bucket=21366 L5 active=wlan0 ch5  BL=[]
[RX  <- B] bucket=21366  peer_BL=[]  my_BL=[]
[02:57:34] HOP bucket=21367 L5 active=wlan1 ch9  | prep wlan0 ch11  | BL=[]
[TX  ->  *] bucket=21367 L5 active=wlan1 ch9  BL=[]
[RX  <- B] bucket=21367  peer_BL=[]  my_BL=[]
[02:57:36] HOP bucket=21368 L5 active=wlan0 ch11  | prep wlan1 ch9  | BL=[]
[RX  <- B] bucket=21368  peer_BL=[]  my_BL=[]
[TX  ->  *] bucket=21368 L5 active=wlan0 ch11  BL=[]
[02:57:38] HOP bucket=21369 L5 active=wlan1 ch9  | prep wlan0 ch5  | BL=[]
[RX  <- B] bucket=21369  peer_BL=[]  my_BL=[]
[TX  ->  *] bucket=21369 L5 active=wlan1 ch9  BL=[]
[02:57:40] HOP bucket=21370 L5 active=wlan0 ch5  | prep wlan1 ch8  | BL=[]
[RX  <- B] bucket=21370  peer_BL=[]  my_BL=[]
[TX  ->  *] bucket=21370 L5 active=wlan0 ch5  BL=[]
[02:57:42] HOP bucket=21371 L5 active=wlan1 ch8  | prep wlan0 ch4  | BL=[]
[RX  <- B] bucket=21371  peer_BL=[]  my_BL=[]
[TX  ->  *] bucket=21371 L5 active=wlan1 ch8  BL=[]
[02:57:44] HOP bucket=21372 L5 active=wlan0 ch4  | prep wlan1 ch10  | BL=[]
[RX  <- B] bucket=21372  peer_BL=[]  my_BL=[]
[TX  ->  *] bucket=21372 L5 active=wlan0 ch4  BL=[]
[02:57:46] HOP bucket=21373 L5 active=wlan1 ch10  | prep wlan0 ch4  | BL=[]
[RX  <- B] bucket=21373  peer_BL=[]  my_BL=[]
[TX  ->  *] bucket=21373 L5 active=wlan1 ch10  BL=[]
[02:57:48] HOP bucket=21374 L5 active=wlan0 ch4  | prep wlan1 ch3  | BL=[]
[RX  <- B] bucket=21374  peer_BL=[]  my_BL=[]
[TX  ->  *] bucket=21374 L5 active=wlan0 ch4  BL=[]
[02:57:50] HOP bucket=21375 L5 active=wlan1 ch3  | prep wlan0 ch6  | BL=[]
[RX  <- B] bucket=21375  peer_BL=[]  my_BL=[]
[TX  ->  *] bucket=21375 L5 active=wlan1 ch3  BL=[]
[02:57:52] HOP bucket=21376 L5 active=wlan0 ch6  | prep wlan1 ch4  | BL=[]
[TX  ->  *] bucket=21376 L5 active=wlan0 ch6  BL=[]
[RX  <- B] bucket=21376  peer_BL=[]  my_BL=[]
[02:57:54] HOP bucket=21377 L5 active=wlan1 ch4  | prep wlan0 ch9  | BL=[]
[TX  ->  *] bucket=21377 L5 active=wlan1 ch4  BL=[]
[RX  <- B] bucket=21377  peer_BL=[]  my_BL=[]
[02:57:56] HOP bucket=21378 L5 active=wlan0 ch9  | prep wlan1 ch3  | BL=[]
[TX  ->  *] bucket=21378 L5 active=wlan0 ch9  BL=[]
[RX  <- B] bucket=21378  peer_BL=[]  my_BL=[]
[02:57:58] HOP bucket=21379 L5 active=wlan1 ch3  | prep wlan0 ch11  | BL=[]
[RX  <- B] bucket=21379  peer_BL=[]  my_BL=[]
[TX  ->  *] bucket=21379 L5 active=wlan1 ch3  BL=[]
[02:58:00] HOP bucket=21380 L5 active=wlan0 ch11  | prep wlan1 ch9  | BL=[]
[RX  <- B] bucket=21380  peer_BL=[]  my_BL=[]
[TX  ->  *] bucket=21380 L5 active=wlan0 ch11  BL=[]
[02:58:02] HOP bucket=21381 L5 active=wlan1 ch9  | prep wlan0 ch3  | BL=[]
[RX  <- B] bucket=21381  peer_BL=[]  my_BL=[]
[TX  ->  *] bucket=21381 L5 active=wlan1 ch9  BL=[]
[02:58:04] HOP bucket=21382 L5 active=wlan0 ch3  | prep wlan1 ch10  | BL=[]
[RX  <- B] bucket=21382  peer_BL=[]  my_BL=[]
[TX  ->  *] bucket=21382 L5 active=wlan0 ch3  BL=[]
[02:58:06] HOP bucket=21383 L5 active=wlan1 ch10  | prep wlan0 ch11  | BL=[]
[RX  <- B] bucket=21383  peer_BL=[]  my_BL=[]
[TX  ->  *] bucket=21383 L5 active=wlan1 ch10  BL=[]
[02:58:08] HOP bucket=21384 L5 active=wlan0 ch11  | prep wlan1 ch3  | BL=[]
[TX  ->  *] bucket=21384 L5 active=wlan0 ch11  BL=[]
[RX  <- B] bucket=21384  peer_BL=[]  my_BL=[]
[02:58:10] HOP bucket=21385 L5 active=wlan1 ch3  | prep wlan0 ch8  | BL=[]
[TX  ->  *] bucket=21385 L5 active=wlan1 ch3  BL=[]
[RX  <- B] bucket=21385  peer_BL=[]  my_BL=[]
[02:58:12] HOP bucket=21386 L5 active=wlan0 ch8  | prep wlan1 ch5  | BL=[]
[RX  <- B] bucket=21386  peer_BL=[]  my_BL=[]
[TX  ->  *] bucket=21386 L5 active=wlan0 ch8  BL=[]
[02:58:14] HOP bucket=21387 L5 active=wlan1 ch5  | prep wlan0 ch5  | BL=[]
[TX  ->  *] bucket=21387 L5 active=wlan1 ch5  BL=[]
[RX  <- B] bucket=21387  peer_BL=[]  my_BL=[]
[02:58:16] HOP bucket=21388 L5 active=wlan0 ch5  | prep wlan1 ch6  | BL=[]
[TX  ->  *] bucket=21388 L5 active=wlan0 ch5  BL=[]
[RX  <- B] bucket=21388  peer_BL=[]  my_BL=[]
[02:58:18] HOP bucket=21389 L5 active=wlan1 ch6  | prep wlan0 ch6  | BL=[]
[TX  ->  *] bucket=21389 L5 active=wlan1 ch6  BL=[]
[RX  <- B] bucket=21389  peer_BL=[]  my_BL=[]
[02:58:20] HOP bucket=21390 L5 active=wlan0 ch6  | prep wlan1 ch9  | BL=[]
[TX  ->  *] bucket=21390 L5 active=wlan0 ch6  BL=[]
[RX  <- B] bucket=21390  peer_BL=[]  my_BL=[]
[02:58:22] HOP bucket=21391 L5 active=wlan1 ch9  | prep wlan0 ch7  | BL=[]
[TX  ->  *] bucket=21391 L5 active=wlan1 ch9  BL=[]
[RX  <- B] bucket=21391  peer_BL=[]  my_BL=[]
[02:58:24] HOP bucket=21392 L5 active=wlan0 ch7  | prep wlan1 ch4  | BL=[]
[TX  ->  *] bucket=21392 L5 active=wlan0 ch7  BL=[]
[RX  <- B] bucket=21392  peer_BL=[]  my_BL=[]
[02:58:26] HOP bucket=21393 L5 active=wlan1 ch4  | prep wlan0 ch10  | BL=[]
[TX  ->  *] bucket=21393 L5 active=wlan1 ch4  BL=[]
[RX  <- B] bucket=21393  peer_BL=[]  my_BL=[]
[02:58:28] HOP bucket=21394 L5 active=wlan0 ch10  | prep wlan1 ch6  | BL=[]
[TX  ->  *] bucket=21394 L5 active=wlan0 ch10  BL=[]
[RX  <- B] bucket=21394  peer_BL=[]  my_BL=[]
[02:58:30] HOP bucket=21395 L5 active=wlan1 ch6  | prep wlan0 ch8  | BL=[]
[TX  ->  *] bucket=21395 L5 active=wlan1 ch6  BL=[]
[RX  <- B] bucket=21395  peer_BL=[]  my_BL=[]
[02:58:32] HOP bucket=21396 L5 active=wlan0 ch8  | prep wlan1 ch3  | BL=[]
[TX  ->  *] bucket=21396 L5 active=wlan0 ch8  BL=[]
[RX  <- B] bucket=21396  peer_BL=[]  my_BL=[]
[02:58:34] HOP bucket=21397 L5 active=wlan1 ch3  | prep wlan0 ch11  | BL=[]
[TX  ->  *] bucket=21397 L5 active=wlan1 ch3  BL=[]
[RX  <- B] bucket=21397  peer_BL=[]  my_BL=[]
[02:58:36] HOP bucket=21398 L5 active=wlan0 ch11  | prep wlan1 ch10  | BL=[]
[TX  ->  *] bucket=21398 L5 active=wlan0 ch11  BL=[]
[RX  <- B] bucket=21398  peer_BL=[]  my_BL=[]
[02:58:38] HOP bucket=21399 L5 active=wlan1 ch10  | prep wlan0 ch8  | BL=[]
[TX  ->  *] bucket=21399 L5 active=wlan1 ch10  BL=[]
[RX  <- B] bucket=21399  peer_BL=[]  my_BL=[]
[02:58:40] HOP bucket=21400 L5 active=wlan0 ch8  | prep wlan1 ch6  | BL=[]
[TX  ->  *] bucket=21400 L5 active=wlan0 ch8  BL=[]
[RX  <- B] bucket=21400  peer_BL=[]  my_BL=[]
[02:58:42] HOP bucket=21401 L5 active=wlan1 ch6  | prep wlan0 ch7  | BL=[]
[TX  ->  *] bucket=21401 L5 active=wlan1 ch6  BL=[]
[RX  <- B] bucket=21401  peer_BL=[]  my_BL=[]
[02:58:44] HOP bucket=21402 L5 active=wlan0 ch7  | prep wlan1 ch10  | BL=[]
[TX  ->  *] bucket=21402 L5 active=wlan0 ch7  BL=[]
[RX  <- B] bucket=21402  peer_BL=[]  my_BL=[]
[02:58:46] HOP bucket=21403 L5 active=wlan1 ch10  | prep wlan0 ch11  | BL=[]
[TX  ->  *] bucket=21403 L5 active=wlan1 ch10  BL=[]
[RX  <- B] bucket=21403  peer_BL=[]  my_BL=[]
[02:58:48] HOP bucket=21404 L5 active=wlan0 ch11  | prep wlan1 ch3  | BL=[]
[TX  ->  *] bucket=21404 L5 active=wlan0 ch11  BL=[]
[RX  <- B] bucket=21404  peer_BL=[]  my_BL=[]
[02:58:50] HOP bucket=21405 L5 active=wlan1 ch3  | prep wlan0 ch8  | BL=[]
[RX  <- B] bucket=21405  peer_BL=[]  my_BL=[]
[TX  ->  *] bucket=21405 L5 active=wlan1 ch3  BL=[]
[02:58:52] HOP bucket=21406 L5 active=wlan0 ch8  | prep wlan1 ch10  | BL=[]
[RX  <- B] bucket=21406  peer_BL=[]  my_BL=[]
[TX  ->  *] bucket=21406 L5 active=wlan0 ch8  BL=[]
[02:58:54] HOP bucket=21407 L5 active=wlan1 ch10  | prep wlan0 ch8  | BL=[]
[RX  <- B] bucket=21407  peer_BL=[]  my_BL=[]
[TX  ->  *] bucket=21407 L5 active=wlan1 ch10  BL=[]
[02:58:56] HOP bucket=21408 L5 active=wlan0 ch8  | prep wlan1 ch11  | BL=[]
[TX  ->  *] bucket=21408 L5 active=wlan0 ch8  BL=[]
[RX  <- B] bucket=21408  peer_BL=[]  my_BL=[]
[02:58:58] HOP bucket=21409 L5 active=wlan1 ch11  | prep wlan0 ch11  | BL=[]
[TX  ->  *] bucket=21409 L5 active=wlan1 ch11  BL=[]
[RX  <- B] bucket=21409  peer_BL=[]  my_BL=[]
[02:59:00] HOP bucket=21410 L5 active=wlan0 ch11  | prep wlan1 ch7  | BL=[]
[TX  ->  *] bucket=21410 L5 active=wlan0 ch11  BL=[]
[RX  <- B] bucket=21410  peer_BL=[]  my_BL=[]
[02:59:02] HOP bucket=21411 L5 active=wlan1 ch7  | prep wlan0 ch5  | BL=[]
[TX  ->  *] bucket=21411 L5 active=wlan1 ch7  BL=[]
[RX  <- B] bucket=21411  peer_BL=[]  my_BL=[]
[02:59:04] HOP bucket=21412 L5 active=wlan0 ch5  | prep wlan1 ch11  | BL=[]
[TX  ->  *] bucket=21412 L5 active=wlan0 ch5  BL=[]
[RX  <- B] bucket=21412  peer_BL=[]  my_BL=[]
[02:59:06] HOP bucket=21413 L5 active=wlan1 ch11  | prep wlan0 ch7  | BL=[]
[TX  ->  *] bucket=21413 L5 active=wlan1 ch11  BL=[]
[RX  <- B] bucket=21413  peer_BL=[]  my_BL=[]
[02:59:08] HOP bucket=21414 L5 active=wlan0 ch7  | prep wlan1 ch8  | BL=[]
[TX  ->  *] bucket=21414 L5 active=wlan0 ch7  BL=[]
[RX  <- B] bucket=21414  peer_BL=[]  my_BL=[]
[02:59:10] HOP bucket=21415 L5 active=wlan1 ch8  | prep wlan0 ch7  | BL=[]
[TX  ->  *] bucket=21415 L5 active=wlan1 ch8  BL=[]
[RX  <- B] bucket=21415  peer_BL=[]  my_BL=[]
[02:59:12] HOP bucket=21416 L5 active=wlan0 ch7  | prep wlan1 ch10  | BL=[]
[TX  ->  *] bucket=21416 L5 active=wlan0 ch7  BL=[]
[RX  <- B] bucket=21416  peer_BL=[]  my_BL=[]
[02:59:14] HOP bucket=21417 L5 active=wlan1 ch10  | prep wlan0 ch3  | BL=[]
[RX  <- B] bucket=21417  peer_BL=[]  my_BL=[]
[TX  ->  *] bucket=21417 L5 active=wlan1 ch10  BL=[]
[02:59:16] HOP bucket=21418 L5 active=wlan0 ch3  | prep wlan1 ch9  | BL=[]
[TX  ->  *] bucket=21418 L5 active=wlan0 ch3  BL=[]
[RX  <- B] bucket=21418  peer_BL=[]  my_BL=[]
[02:59:18] HOP bucket=21419 L5 active=wlan1 ch9  | prep wlan0 ch10  | BL=[]
[TX  ->  *] bucket=21419 L5 active=wlan1 ch9  BL=[]
[RX  <- B] bucket=21419  peer_BL=[]  my_BL=[]
[02:59:20] HOP bucket=21420 L5 active=wlan0 ch10  | prep wlan1 ch10  | BL=[]
[TX  ->  *] bucket=21420 L5 active=wlan0 ch10  BL=[]
[RX  <- B] bucket=21420  peer_BL=[]  my_BL=[]
[02:59:22] HOP bucket=21421 L5 active=wlan1 ch10  | prep wlan0 ch9  | BL=[]
[RX  <- B] bucket=21421  peer_BL=[]  my_BL=[]
[TX  ->  *] bucket=21421 L5 active=wlan1 ch10  BL=[]
[02:59:24] HOP bucket=21422 L5 active=wlan0 ch9  | prep wlan1 ch7  | BL=[]
[TX  ->  *] bucket=21422 L5 active=wlan0 ch9  BL=[]
[RX  <- B] bucket=21422  peer_BL=[]  my_BL=[]
[02:59:26] HOP bucket=21423 L5 active=wlan1 ch7  | prep wlan0 ch5  | BL=[]
[TX  ->  *] bucket=21423 L5 active=wlan1 ch7  BL=[]
[RX  <- B] bucket=21423  peer_BL=[]  my_BL=[]
[02:59:28] HOP bucket=21424 L5 active=wlan0 ch5  | prep wlan1 ch9  | BL=[]
[TX  ->  *] bucket=21424 L5 active=wlan0 ch5  BL=[]
[RX  <- B] bucket=21424  peer_BL=[]  my_BL=[]
[02:59:30] HOP bucket=21425 L5 active=wlan1 ch9  | prep wlan0 ch11  | BL=[]
[TX  ->  *] bucket=21425 L5 active=wlan1 ch9  BL=[]
[RX  <- B] bucket=21425  peer_BL=[]  my_BL=[]
[02:59:32] HOP bucket=21426 L5 active=wlan0 ch11  | prep wlan1 ch7  | BL=[]
[RX  <- B] bucket=21426  peer_BL=[]  my_BL=[]
[TX  ->  *] bucket=21426 L5 active=wlan0 ch11  BL=[]
[02:59:34] HOP bucket=21427 L5 active=wlan1 ch7  | prep wlan0 ch11  | BL=[]
[TX  ->  *] bucket=21427 L5 active=wlan1 ch7  BL=[]
[RX  <- B] bucket=21427  peer_BL=[]  my_BL=[]
[02:59:36] HOP bucket=21428 L5 active=wlan0 ch11  | prep wlan1 ch5  | BL=[]
[TX  ->  *] bucket=21428 L5 active=wlan0 ch11  BL=[]
[RX  <- B] bucket=21428  peer_BL=[]  my_BL=[]
[02:59:38] HOP bucket=21429 L5 active=wlan1 ch5  | prep wlan0 ch10  | BL=[]
[TX  ->  *] bucket=21429 L5 active=wlan1 ch5  BL=[]
[RX  <- B] bucket=21429  peer_BL=[]  my_BL=[]
[02:59:40] HOP bucket=21430 L5 active=wlan0 ch10  | prep wlan1 ch7  | BL=[]
[TX  ->  *] bucket=21430 L5 active=wlan0 ch10  BL=[]
[RX  <- B] bucket=21430  peer_BL=[]  my_BL=[]
[02:59:42] HOP bucket=21431 L5 active=wlan1 ch7  | prep wlan0 ch7  | BL=[]
[TX  ->  *] bucket=21431 L5 active=wlan1 ch7  BL=[]
[RX  <- B] bucket=21431  peer_BL=[]  my_BL=[]
[02:59:44] HOP bucket=21432 L5 active=wlan0 ch7  | prep wlan1 ch4  | BL=[]
[TX  ->  *] bucket=21432 L5 active=wlan0 ch7  BL=[]
[RX  <- B] bucket=21432  peer_BL=[]  my_BL=[]
[02:59:46] HOP bucket=21433 L5 active=wlan1 ch4  | prep wlan0 ch8  | BL=[]
[TX  ->  *] bucket=21433 L5 active=wlan1 ch4  BL=[]
[RX  <- B] bucket=21433  peer_BL=[]  my_BL=[]
[02:59:48] HOP bucket=21434 L5 active=wlan0 ch8  | prep wlan1 ch9  | BL=[]
[RX  <- B] bucket=21434  peer_BL=[]  my_BL=[]
[TX  ->  *] bucket=21434 L5 active=wlan0 ch8  BL=[]
[02:59:50] HOP bucket=21435 L5 active=wlan1 ch9  | prep wlan0 ch9  | BL=[]
[RX  <- B] bucket=21435  peer_BL=[]  my_BL=[]
[TX  ->  *] bucket=21435 L5 active=wlan1 ch9  BL=[]
[02:59:52] HOP bucket=21436 L5 active=wlan0 ch9  | prep wlan1 ch7  | BL=[]
[TX  ->  *] bucket=21436 L5 active=wlan0 ch9  BL=[]
[RX  <- B] bucket=21436  peer_BL=[]  my_BL=[]
[02:59:54] HOP bucket=21437 L5 active=wlan1 ch7  | prep wlan0 ch8  | BL=[]
[RX  <- B] bucket=21437  peer_BL=[]  my_BL=[]
[TX  ->  *] bucket=21437 L5 active=wlan1 ch7  BL=[]
[02:59:56] HOP bucket=21438 L5 active=wlan0 ch8  | prep wlan1 ch3  | BL=[]
[TX  ->  *] bucket=21438 L5 active=wlan0 ch8  BL=[]
[RX  <- B] bucket=21438  peer_BL=[]  my_BL=[]
[02:59:58] HOP bucket=21439 L5 active=wlan1 ch3  | prep wlan0 ch3  | BL=[]
[TX  ->  *] bucket=21439 L5 active=wlan1 ch3  BL=[]
[RX  <- B] bucket=21439  peer_BL=[]  my_BL=[]
[03:00:00] HOP bucket=21440 L5 active=wlan0 ch3  | prep wlan1 ch5  | BL=[]
[RX  <- B] bucket=21440  peer_BL=[]  my_BL=[]
[TX  ->  *] bucket=21440 L5 active=wlan0 ch3  BL=[]
[03:00:02] HOP bucket=21441 L5 active=wlan1 ch5  | prep wlan0 ch6  | BL=[]
[TX  ->  *] bucket=21441 L5 active=wlan1 ch5  BL=[]
[RX  <- B] bucket=21441  peer_BL=[]  my_BL=[]
[03:00:04] HOP bucket=21442 L5 active=wlan0 ch6  | prep wlan1 ch3  | BL=[]
[TX  ->  *] bucket=21442 L5 active=wlan0 ch6  BL=[]
[RX  <- B] bucket=21442  peer_BL=[]  my_BL=[]
[03:00:06] HOP bucket=21443 L5 active=wlan1 ch3  | prep wlan0 ch5  | BL=[]
[TX  ->  *] bucket=21443 L5 active=wlan1 ch3  BL=[]
[RX  <- B] bucket=21443  peer_BL=[]  my_BL=[]
[03:00:08] HOP bucket=21444 L5 active=wlan0 ch5  | prep wlan1 ch4  | BL=[]
[TX  ->  *] bucket=21444 L5 active=wlan0 ch5  BL=[]
[RX  <- B] bucket=21444  peer_BL=[]  my_BL=[]
[03:00:10] HOP bucket=21445 L5 active=wlan1 ch4  | prep wlan0 ch11  | BL=[]
[TX  ->  *] bucket=21445 L5 active=wlan1 ch4  BL=[]
[RX  <- B] bucket=21445  peer_BL=[]  my_BL=[]
[03:00:12] HOP bucket=21446 L5 active=wlan0 ch11  | prep wlan1 ch11  | BL=[]
[RX  <- B] bucket=21446  peer_BL=[]  my_BL=[]
[TX  ->  *] bucket=21446 L5 active=wlan0 ch11  BL=[]
[03:00:14] HOP bucket=21447 L5 active=wlan1 ch11  | prep wlan0 ch10  | BL=[]
[TX  ->  *] bucket=21447 L5 active=wlan1 ch11  BL=[]
[RX  <- B] bucket=21447  peer_BL=[]  my_BL=[]
[03:00:16] HOP bucket=21448 L5 active=wlan0 ch10  | prep wlan1 ch11  | BL=[]
[TX  ->  *] bucket=21448 L5 active=wlan0 ch10  BL=[]
[RX  <- B] bucket=21448  peer_BL=[]  my_BL=[]
[03:00:18] HOP bucket=21449 L5 active=wlan1 ch11  | prep wlan0 ch7  | BL=[]
[TX  ->  *] bucket=21449 L5 active=wlan1 ch11  BL=[]
[RX  <- B] bucket=21449  peer_BL=[]  my_BL=[]
[03:00:20] HOP bucket=21450 L5 active=wlan0 ch7  | prep wlan1 ch10  | BL=[]
[TX  ->  *] bucket=21450 L5 active=wlan0 ch7  BL=[]
[RX  <- B] bucket=21450  peer_BL=[]  my_BL=[]
[03:00:22] HOP bucket=21451 L5 active=wlan1 ch10  | prep wlan0 ch9  | BL=[]
[TX  ->  *] bucket=21451 L5 active=wlan1 ch10  BL=[]
[RX  <- B] bucket=21451  peer_BL=[]  my_BL=[]
[03:00:24] HOP bucket=21452 L5 active=wlan0 ch9  | prep wlan1 ch3  | BL=[]
[TX  ->  *] bucket=21452 L5 active=wlan0 ch9  BL=[]
[RX  <- B] bucket=21452  peer_BL=[]  my_BL=[]
[03:00:26] HOP bucket=21453 L5 active=wlan1 ch3  | prep wlan0 ch3  | BL=[]
[TX  ->  *] bucket=21453 L5 active=wlan1 ch3  BL=[]
[RX  <- B] bucket=21453  peer_BL=[]  my_BL=[]
[03:00:28] HOP bucket=21454 L5 active=wlan0 ch3  | prep wlan1 ch10  | BL=[]
[RX  <- B] bucket=21454  peer_BL=[]  my_BL=[]
[TX  ->  *] bucket=21454 L5 active=wlan0 ch3  BL=[]
[03:00:30] HOP bucket=21455 L5 active=wlan1 ch10  | prep wlan0 ch8  | BL=[]
[TX  ->  *] bucket=21455 L5 active=wlan1 ch10  BL=[]
[RX  <- B] bucket=21455  peer_BL=[]  my_BL=[]
[03:00:32] HOP bucket=21456 L5 active=wlan0 ch8  | prep wlan1 ch3  | BL=[]
[TX  ->  *] bucket=21456 L5 active=wlan0 ch8  BL=[]
[RX  <- B] bucket=21456  peer_BL=[]  my_BL=[]
[03:00:34] HOP bucket=21457 L5 active=wlan1 ch3  | prep wlan0 ch11  | BL=[]
[TX  ->  *] bucket=21457 L5 active=wlan1 ch3  BL=[]
[RX  <- B] bucket=21457  peer_BL=[]  my_BL=[]
[03:00:36] HOP bucket=21458 L5 active=wlan0 ch11  | prep wlan1 ch5  | BL=[]
[TX  ->  *] bucket=21458 L5 active=wlan0 ch11  BL=[]
[RX  <- B] bucket=21458  peer_BL=[]  my_BL=[]
[03:00:38] HOP bucket=21459 L5 active=wlan1 ch5  | prep wlan0 ch4  | BL=[]
[TX  ->  *] bucket=21459 L5 active=wlan1 ch5  BL=[]
[RX  <- B] bucket=21459  peer_BL=[]  my_BL=[]
[03:00:40] HOP bucket=21460 L5 active=wlan0 ch4  | prep wlan1 ch7  | BL=[]
[TX  ->  *] bucket=21460 L5 active=wlan0 ch4  BL=[]
[RX  <- B] bucket=21460  peer_BL=[]  my_BL=[]
[03:00:42] HOP bucket=21461 L5 active=wlan1 ch7  | prep wlan0 ch6  | BL=[]
[TX  ->  *] bucket=21461 L5 active=wlan1 ch7  BL=[]
[RX  <- B] bucket=21461  peer_BL=[]  my_BL=[]
[03:00:44] HOP bucket=21462 L5 active=wlan0 ch6  | prep wlan1 ch11  | BL=[]
[TX  ->  *] bucket=21462 L5 active=wlan0 ch6  BL=[]
[RX  <- B] bucket=21462  peer_BL=[]  my_BL=[]
[03:00:46] HOP bucket=21463 L5 active=wlan1 ch11  | prep wlan0 ch7  | BL=[]
[RX  <- B] bucket=21463  peer_BL=[]  my_BL=[]
[TX  ->  *] bucket=21463 L5 active=wlan1 ch11  BL=[]
[03:00:48] HOP bucket=21464 L5 active=wlan0 ch7  | prep wlan1 ch8  | BL=[]
[TX  ->  *] bucket=21464 L5 active=wlan0 ch7  BL=[]
[RX  <- B] bucket=21464  peer_BL=[]  my_BL=[]
[03:00:50] HOP bucket=21465 L5 active=wlan1 ch8  | prep wlan0 ch8  | BL=[]
[RX  <- B] bucket=21465  peer_BL=[]  my_BL=[]
[TX  ->  *] bucket=21465 L5 active=wlan1 ch8  BL=[]
[03:00:52] HOP bucket=21466 L5 active=wlan0 ch8  | prep wlan1 ch9  | BL=[]
[TX  ->  *] bucket=21466 L5 active=wlan0 ch8  BL=[]
[RX  <- B] bucket=21466  peer_BL=[]  my_BL=[]
[03:00:54] HOP bucket=21467 L5 active=wlan1 ch9  | prep wlan0 ch4  | BL=[]
[RX  <- B] bucket=21467  peer_BL=[]  my_BL=[]
[TX  ->  *] bucket=21467 L5 active=wlan1 ch9  BL=[]
[03:00:56] HOP bucket=21468 L5 active=wlan0 ch4  | prep wlan1 ch7  | BL=[]
[RX  <- B] bucket=21468  peer_BL=[]  my_BL=[]
[TX  ->  *] bucket=21468 L5 active=wlan0 ch4  BL=[]
[03:00:58] HOP bucket=21469 L5 active=wlan1 ch7  | prep wlan0 ch4  | BL=[]
[RX  <- B] bucket=21469  peer_BL=[]  my_BL=[]
[TX  ->  *] bucket=21469 L5 active=wlan1 ch7  BL=[]
[03:01:00] HOP bucket=21470 L5 active=wlan0 ch4  | prep wlan1 ch6  | BL=[]
[TX  ->  *] bucket=21470 L5 active=wlan0 ch4  BL=[]
[RX  <- B] bucket=21470  peer_BL=[]  my_BL=[]
[03:01:02] HOP bucket=21471 L5 active=wlan1 ch6  | prep wlan0 ch8  | BL=[]
[TX  ->  *] bucket=21471 L5 active=wlan1 ch6  BL=[]
[RX  <- B] bucket=21471  peer_BL=[]  my_BL=[]
[03:01:04] HOP bucket=21472 L5 active=wlan0 ch8  | prep wlan1 ch11  | BL=[]
[TX  ->  *] bucket=21472 L5 active=wlan0 ch8  BL=[]
[RX  <- B] bucket=21472  peer_BL=[]  my_BL=[]
[03:01:06] HOP bucket=21473 L5 active=wlan1 ch11  | prep wlan0 ch10  | BL=[]
[TX  ->  *] bucket=21473 L5 active=wlan1 ch11  BL=[]
[RX  <- B] bucket=21473  peer_BL=[]  my_BL=[]
[03:01:08] HOP bucket=21474 L5 active=wlan0 ch10  | prep wlan1 ch11  | BL=[]
[TX  ->  *] bucket=21474 L5 active=wlan0 ch10  BL=[]
[RX  <- B] bucket=21474  peer_BL=[]  my_BL=[]
[03:01:10] HOP bucket=21475 L5 active=wlan1 ch11  | prep wlan0 ch5  | BL=[]
[RX  <- B] bucket=21475  peer_BL=[]  my_BL=[]
[TX  ->  *] bucket=21475 L5 active=wlan1 ch11  BL=[]
[03:01:12] HOP bucket=21476 L5 active=wlan0 ch5  | prep wlan1 ch7  | BL=[]
[RX  <- B] bucket=21476  peer_BL=[]  my_BL=[]
[TX  ->  *] bucket=21476 L5 active=wlan0 ch5  BL=[]
[03:01:14] HOP bucket=21477 L5 active=wlan1 ch7  | prep wlan0 ch3  | BL=[]
[TX  ->  *] bucket=21477 L5 active=wlan1 ch7  BL=[]
[RX  <- B] bucket=21477  peer_BL=[]  my_BL=[]
[03:01:16] HOP bucket=21478 L5 active=wlan0 ch3  | prep wlan1 ch9  | BL=[]
[TX  ->  *] bucket=21478 L5 active=wlan0 ch3  BL=[]
[RX  <- B] bucket=21478  peer_BL=[]  my_BL=[]
[03:01:18] HOP bucket=21479 L5 active=wlan1 ch9  | prep wlan0 ch10  | BL=[]
[TX  ->  *] bucket=21479 L5 active=wlan1 ch9  BL=[]
[RX  <- B] bucket=21479  peer_BL=[]  my_BL=[]
[03:01:20] HOP bucket=21480 L5 active=wlan0 ch10  | prep wlan1 ch7  | BL=[]
[TX  ->  *] bucket=21480 L5 active=wlan0 ch10  BL=[]
[RX  <- B] bucket=21480  peer_BL=[]  my_BL=[]
[03:01:22] HOP bucket=21481 L5 active=wlan1 ch7  | prep wlan0 ch6  | BL=[]
[TX  ->  *] bucket=21481 L5 active=wlan1 ch7  BL=[]
[RX  <- B] bucket=21481  peer_BL=[]  my_BL=[]
[03:01:24] HOP bucket=21482 L5 active=wlan0 ch6  | prep wlan1 ch8  | BL=[]
[TX  ->  *] bucket=21482 L5 active=wlan0 ch6  BL=[]
[RX  <- B] bucket=21482  peer_BL=[]  my_BL=[]
[03:01:26] HOP bucket=21483 L5 active=wlan1 ch8  | prep wlan0 ch5  | BL=[]
[TX  ->  *] bucket=21483 L5 active=wlan1 ch8  BL=[]
[RX  <- B] bucket=21483  peer_BL=[]  my_BL=[]
[03:01:28] HOP bucket=21484 L5 active=wlan0 ch5  | prep wlan1 ch5  | BL=[]
[TX  ->  *] bucket=21484 L5 active=wlan0 ch5  BL=[]
[RX  <- B] bucket=21484  peer_BL=[]  my_BL=[]
[03:01:30] HOP bucket=21485 L5 active=wlan1 ch5  | prep wlan0 ch10  | BL=[]
[TX  ->  *] bucket=21485 L5 active=wlan1 ch5  BL=[]
[RX  <- B] bucket=21485  peer_BL=[]  my_BL=[]
[03:01:32] HOP bucket=21486 L5 active=wlan0 ch10  | prep wlan1 ch4  | BL=[]
[TX  ->  *] bucket=21486 L5 active=wlan0 ch10  BL=[]
[RX  <- B] bucket=21486  peer_BL=[]  my_BL=[]
[03:01:34] HOP bucket=21487 L5 active=wlan1 ch4  | prep wlan0 ch11  | BL=[]
[TX  ->  *] bucket=21487 L5 active=wlan1 ch4  BL=[]
[RX  <- B] bucket=21487  peer_BL=[]  my_BL=[]
[03:01:36] HOP bucket=21488 L5 active=wlan0 ch11  | prep wlan1 ch9  | BL=[]
[TX  ->  *] bucket=21488 L5 active=wlan0 ch11  BL=[]
[RX  <- B] bucket=21488  peer_BL=[]  my_BL=[]
[03:01:38] HOP bucket=21489 L5 active=wlan1 ch9  | prep wlan0 ch3  | BL=[]
[RX  <- B] bucket=21489  peer_BL=[]  my_BL=[]
[TX  ->  *] bucket=21489 L5 active=wlan1 ch9  BL=[]
[03:01:40] HOP bucket=21490 L5 active=wlan0 ch3  | prep wlan1 ch9  | BL=[]
[RX  <- B] bucket=21490  peer_BL=[]  my_BL=[]
[TX  ->  *] bucket=21490 L5 active=wlan0 ch3  BL=[]
[03:01:42] HOP bucket=21491 L5 active=wlan1 ch9  | prep wlan0 ch8  | BL=[]
[TX  ->  *] bucket=21491 L5 active=wlan1 ch9  BL=[]
[RX  <- B] bucket=21491  peer_BL=[]  my_BL=[]
[03:01:44] HOP bucket=21492 L5 active=wlan0 ch8  | prep wlan1 ch9  | BL=[]
[TX  ->  *] bucket=21492 L5 active=wlan0 ch8  BL=[]
[RX  <- B] bucket=21492  peer_BL=[]  my_BL=[]
[03:01:46] HOP bucket=21493 L5 active=wlan1 ch9  | prep wlan0 ch7  | BL=[]
[TX  ->  *] bucket=21493 L5 active=wlan1 ch9  BL=[]
[RX  <- B] bucket=21493  peer_BL=[]  my_BL=[]
[03:01:48] HOP bucket=21494 L5 active=wlan0 ch7  | prep wlan1 ch10  | BL=[]
[TX  ->  *] bucket=21494 L5 active=wlan0 ch7  BL=[]
[RX  <- B] bucket=21494  peer_BL=[]  my_BL=[]
[03:01:50] HOP bucket=21495 L5 active=wlan1 ch10  | prep wlan0 ch8  | BL=[]
[TX  ->  *] bucket=21495 L5 active=wlan1 ch10  BL=[]
[RX  <- B] bucket=21495  peer_BL=[]  my_BL=[]
[03:01:52] HOP bucket=21496 L5 active=wlan0 ch8  | prep wlan1 ch4  | BL=[]
[TX  ->  *] bucket=21496 L5 active=wlan0 ch8  BL=[]
[RX  <- B] bucket=21496  peer_BL=[]  my_BL=[]
[03:01:54] HOP bucket=21497 L5 active=wlan1 ch4  | prep wlan0 ch7  | BL=[]
[TX  ->  *] bucket=21497 L5 active=wlan1 ch4  BL=[]
[RX  <- B] bucket=21497  peer_BL=[]  my_BL=[]
[03:01:56] HOP bucket=21498 L5 active=wlan0 ch7  | prep wlan1 ch4  | BL=[]
[TX  ->  *] bucket=21498 L5 active=wlan0 ch7  BL=[]
[RX  <- B] bucket=21498  peer_BL=[]  my_BL=[]
[03:01:58] HOP bucket=21499 L5 active=wlan1 ch4  | prep wlan0 ch5  | BL=[]
[TX  ->  *] bucket=21499 L5 active=wlan1 ch4  BL=[]
[RX  <- B] bucket=21499  peer_BL=[]  my_BL=[]
[03:02:00] HOP bucket=21500 L5 active=wlan0 ch5  | prep wlan1 ch4  | BL=[]
[TX  ->  *] bucket=21500 L5 active=wlan0 ch5  BL=[]
[RX  <- B] bucket=21500  peer_BL=[]  my_BL=[]
[03:02:02] HOP bucket=21501 L5 active=wlan1 ch4  | prep wlan0 ch5  | BL=[]
[TX  ->  *] bucket=21501 L5 active=wlan1 ch4  BL=[]
[RX  <- B] bucket=21501  peer_BL=[]  my_BL=[]
[03:02:04] HOP bucket=21502 L5 active=wlan0 ch5  | prep wlan1 ch9  | BL=[]
[TX  ->  *] bucket=21502 L5 active=wlan0 ch5  BL=[]
[RX  <- B] bucket=21502  peer_BL=[]  my_BL=[]
[03:02:06] HOP bucket=21503 L5 active=wlan1 ch9  | prep wlan0 ch5  | BL=[]
[TX  ->  *] bucket=21503 L5 active=wlan1 ch9  BL=[]
[RX  <- B] bucket=21503  peer_BL=[]  my_BL=[]
[03:02:08] HOP bucket=21504 L5 active=wlan0 ch5  | prep wlan1 ch7  | BL=[]
[TX  ->  *] bucket=21504 L5 active=wlan0 ch5  BL=[]
[RX  <- B] bucket=21504  peer_BL=[]  my_BL=[]
[03:02:10] HOP bucket=21505 L5 active=wlan1 ch7  | prep wlan0 ch6  | BL=[]
[RX  <- B] bucket=21505  peer_BL=[]  my_BL=[]
[TX  ->  *] bucket=21505 L5 active=wlan1 ch7  BL=[]
[03:02:12] HOP bucket=21506 L5 active=wlan0 ch6  | prep wlan1 ch7  | BL=[]
[RX  <- B] bucket=21506  peer_BL=[]  my_BL=[]
[TX  ->  *] bucket=21506 L5 active=wlan0 ch6  BL=[]
[03:02:14] HOP bucket=21507 L5 active=wlan1 ch7  | prep wlan0 ch4  | BL=[]
[RX  <- B] bucket=21507  peer_BL=[]  my_BL=[]
[TX  ->  *] bucket=21507 L5 active=wlan1 ch7  BL=[]
[03:02:16] HOP bucket=21508 L5 active=wlan0 ch4  | prep wlan1 ch10  | BL=[]
[TX  ->  *] bucket=21508 L5 active=wlan0 ch4  BL=[]
[RX  <- B] bucket=21508  peer_BL=[]  my_BL=[]
[03:02:18] HOP bucket=21509 L5 active=wlan1 ch10  | prep wlan0 ch11  | BL=[]
[TX  ->  *] bucket=21509 L5 active=wlan1 ch10  BL=[]
[RX  <- B] bucket=21509  peer_BL=[]  my_BL=[]
[03:02:20] HOP bucket=21510 L5 active=wlan0 ch11  | prep wlan1 ch5  | BL=[]
[TX  ->  *] bucket=21510 L5 active=wlan0 ch11  BL=[]
[RX  <- B] bucket=21510  peer_BL=[]  my_BL=[]
[03:02:22] HOP bucket=21511 L5 active=wlan1 ch5  | prep wlan0 ch3  | BL=[]
[TX  ->  *] bucket=21511 L5 active=wlan1 ch5  BL=[]
[RX  <- B] bucket=21511  peer_BL=[]  my_BL=[]
[03:02:24] HOP bucket=21512 L5 active=wlan0 ch3  | prep wlan1 ch5  | BL=[]
[TX  ->  *] bucket=21512 L5 active=wlan0 ch3  BL=[]
[RX  <- B] bucket=21512  peer_BL=[]  my_BL=[]
[03:02:26] HOP bucket=21513 L5 active=wlan1 ch5  | prep wlan0 ch3  | BL=[]
[TX  ->  *] bucket=21513 L5 active=wlan1 ch5  BL=[]
[RX  <- B] bucket=21513  peer_BL=[]  my_BL=[]
[03:02:28] HOP bucket=21514 L5 active=wlan0 ch3  | prep wlan1 ch9  | BL=[]
[RX  <- B] bucket=21514  peer_BL=[]  my_BL=[]
[TX  ->  *] bucket=21514 L5 active=wlan0 ch3  BL=[]
[03:02:30] HOP bucket=21515 L5 active=wlan1 ch9  | prep wlan0 ch7  | BL=[]
[TX  ->  *] bucket=21515 L5 active=wlan1 ch9  BL=[]
[RX  <- B] bucket=21515  peer_BL=[]  my_BL=[]
[03:02:32] HOP bucket=21516 L5 active=wlan0 ch7  | prep wlan1 ch9  | BL=[]
[TX  ->  *] bucket=21516 L5 active=wlan0 ch7  BL=[]
[RX  <- B] bucket=21516  peer_BL=[]  my_BL=[]
[03:02:34] HOP bucket=21517 L5 active=wlan1 ch9  | prep wlan0 ch4  | BL=[]
[TX  ->  *] bucket=21517 L5 active=wlan1 ch9  BL=[]
[RX  <- B] bucket=21517  peer_BL=[]  my_BL=[]
[03:02:36] HOP bucket=21518 L5 active=wlan0 ch4  | prep wlan1 ch6  | BL=[]
[RX  <- B] bucket=21518  peer_BL=[]  my_BL=[]
[TX  ->  *] bucket=21518 L5 active=wlan0 ch4  BL=[]
[03:02:38] HOP bucket=21519 L5 active=wlan1 ch6  | prep wlan0 ch10  | BL=[]
[RX  <- B] bucket=21519  peer_BL=[]  my_BL=[]
[TX  ->  *] bucket=21519 L5 active=wlan1 ch6  BL=[]
[03:02:40] HOP bucket=21520 L5 active=wlan0 ch10  | prep wlan1 ch5  | BL=[]
[RX  <- B] bucket=21520  peer_BL=[]  my_BL=[]
[TX  ->  *] bucket=21520 L5 active=wlan0 ch10  BL=[]
[03:02:42] HOP bucket=21521 L5 active=wlan1 ch5  | prep wlan0 ch8  | BL=[]
[RX  <- B] bucket=21521  peer_BL=[]  my_BL=[]
[TX  ->  *] bucket=21521 L5 active=wlan1 ch5  BL=[]
[03:02:44] HOP bucket=21522 L5 active=wlan0 ch8  | prep wlan1 ch10  | BL=[]
[TX  ->  *] bucket=21522 L5 active=wlan0 ch8  BL=[]
[RX  <- B] bucket=21522  peer_BL=[]  my_BL=[]
[03:02:46] HOP bucket=21523 L5 active=wlan1 ch10  | prep wlan0 ch9  | BL=[]
[RX  <- B] bucket=21523  peer_BL=[]  my_BL=[]
[TX  ->  *] bucket=21523 L5 active=wlan1 ch10  BL=[]
[03:02:48] HOP bucket=21524 L5 active=wlan0 ch9  | prep wlan1 ch3  | BL=[]
[RX  <- B] bucket=21524  peer_BL=[]  my_BL=[]
[TX  ->  *] bucket=21524 L5 active=wlan0 ch9  BL=[]
[03:02:50] HOP bucket=21525 L5 active=wlan1 ch3  | prep wlan0 ch3  | BL=[]
[RX  <- B] bucket=21525  peer_BL=[]  my_BL=[]
[TX  ->  *] bucket=21525 L5 active=wlan1 ch3  BL=[]
[03:02:52] HOP bucket=21526 L5 active=wlan0 ch3  | prep wlan1 ch4  | BL=[]
[TX  ->  *] bucket=21526 L5 active=wlan0 ch3  BL=[]
[RX  <- B] bucket=21526  peer_BL=[]  my_BL=[]
[03:02:54] HOP bucket=21527 L5 active=wlan1 ch4  | prep wlan0 ch11  | BL=[]
[TX  ->  *] bucket=21527 L5 active=wlan1 ch4  BL=[]
[RX  <- B] bucket=21527  peer_BL=[]  my_BL=[]
[03:02:56] HOP bucket=21528 L5 active=wlan0 ch11  | prep wlan1 ch10  | BL=[]
[TX  ->  *] bucket=21528 L5 active=wlan0 ch11  BL=[]
[RX  <- B] bucket=21528  peer_BL=[]  my_BL=[]
[03:02:58] HOP bucket=21529 L5 active=wlan1 ch10  | prep wlan0 ch8  | BL=[]
[TX  ->  *] bucket=21529 L5 active=wlan1 ch10  BL=[]
[RX  <- B] bucket=21529  peer_BL=[]  my_BL=[]
[03:03:00] HOP bucket=21530 L5 active=wlan0 ch8  | prep wlan1 ch4  | BL=[]
[TX  ->  *] bucket=21530 L5 active=wlan0 ch8  BL=[]
[RX  <- B] bucket=21530  peer_BL=[]  my_BL=[]
[03:03:02] HOP bucket=21531 L5 active=wlan1 ch4  | prep wlan0 ch6  | BL=[]
[RX  <- B] bucket=21531  peer_BL=[]  my_BL=[]
[TX  ->  *] bucket=21531 L5 active=wlan1 ch4  BL=[]
[03:03:04] HOP bucket=21532 L5 active=wlan0 ch6  | prep wlan1 ch4  | BL=[]
[RX  <- B] bucket=21532  peer_BL=[]  my_BL=[]
[TX  ->  *] bucket=21532 L5 active=wlan0 ch6  BL=[]
[03:03:06] HOP bucket=21533 L5 active=wlan1 ch4  | prep wlan0 ch4  | BL=[]
[TX  ->  *] bucket=21533 L5 active=wlan1 ch4  BL=[]
[RX  <- B] bucket=21533  peer_BL=[]  my_BL=[]
[03:03:08] HOP bucket=21534 L5 active=wlan0 ch4  | prep wlan1 ch9  | BL=[]
[TX  ->  *] bucket=21534 L5 active=wlan0 ch4  BL=[]
[RX  <- B] bucket=21534  peer_BL=[]  my_BL=[]
[03:03:10] HOP bucket=21535 L5 active=wlan1 ch9  | prep wlan0 ch8  | BL=[]
[TX  ->  *] bucket=21535 L5 active=wlan1 ch9  BL=[]
[RX  <- B] bucket=21535  peer_BL=[]  my_BL=[]
[03:03:12] HOP bucket=21536 L5 active=wlan0 ch8  | prep wlan1 ch9  | BL=[]
[TX  ->  *] bucket=21536 L5 active=wlan0 ch8  BL=[]
[RX  <- B] bucket=21536  peer_BL=[]  my_BL=[]
[03:03:14] HOP bucket=21537 L5 active=wlan1 ch9  | prep wlan0 ch9  | BL=[]
[RX  <- B] bucket=21537  peer_BL=[]  my_BL=[]
[TX  ->  *] bucket=21537 L5 active=wlan1 ch9  BL=[]
[03:03:16] HOP bucket=21538 L5 active=wlan0 ch9  | prep wlan1 ch5  | BL=[]
[RX  <- B] bucket=21538  peer_BL=[]  my_BL=[]
[TX  ->  *] bucket=21538 L5 active=wlan0 ch9  BL=[]
[03:03:18] HOP bucket=21539 L5 active=wlan1 ch5  | prep wlan0 ch5  | BL=[]
[RX  <- B] bucket=21539  peer_BL=[]  my_BL=[]
[TX  ->  *] bucket=21539 L5 active=wlan1 ch5  BL=[]
[03:03:20] HOP bucket=21540 L5 active=wlan0 ch5  | prep wlan1 ch8  | BL=[]
[RX  <- B] bucket=21540  peer_BL=[]  my_BL=[]
[TX  ->  *] bucket=21540 L5 active=wlan0 ch5  BL=[]
[03:03:22] HOP bucket=21541 L5 active=wlan1 ch8  | prep wlan0 ch9  | BL=[]
[TX  ->  *] bucket=21541 L5 active=wlan1 ch8  BL=[]
[RX  <- B] bucket=21541  peer_BL=[]  my_BL=[]
[03:03:24] HOP bucket=21542 L5 active=wlan0 ch9  | prep wlan1 ch11  | BL=[]
[TX  ->  *] bucket=21542 L5 active=wlan0 ch9  BL=[]
[RX  <- B] bucket=21542  peer_BL=[]  my_BL=[]
[03:03:26] HOP bucket=21543 L5 active=wlan1 ch11  | prep wlan0 ch4  | BL=[]
[RX  <- B] bucket=21543  peer_BL=[]  my_BL=[]
[TX  ->  *] bucket=21543 L5 active=wlan1 ch11  BL=[]
[03:03:28] HOP bucket=21544 L5 active=wlan0 ch4  | prep wlan1 ch4  | BL=[]
[TX  ->  *] bucket=21544 L5 active=wlan0 ch4  BL=[]
[RX  <- B] bucket=21544  peer_BL=[]  my_BL=[]
[03:03:30] HOP bucket=21545 L5 active=wlan1 ch4  | prep wlan0 ch9  | BL=[]
[TX  ->  *] bucket=21545 L5 active=wlan1 ch4  BL=[]
[RX  <- B] bucket=21545  peer_BL=[]  my_BL=[]
[03:03:32] HOP bucket=21546 L5 active=wlan0 ch9  | prep wlan1 ch8  | BL=[]
[TX  ->  *] bucket=21546 L5 active=wlan0 ch9  BL=[]
[RX  <- B] bucket=21546  peer_BL=[]  my_BL=[]
[03:03:34] HOP bucket=21547 L5 active=wlan1 ch8  | prep wlan0 ch4  | BL=[]
[TX  ->  *] bucket=21547 L5 active=wlan1 ch8  BL=[]
[RX  <- B] bucket=21547  peer_BL=[]  my_BL=[]
[03:03:36] HOP bucket=21548 L5 active=wlan0 ch4  | prep wlan1 ch10  | BL=[]
[RX  <- B] bucket=21548  peer_BL=[]  my_BL=[]
[TX  ->  *] bucket=21548 L5 active=wlan0 ch4  BL=[]
[03:03:38] HOP bucket=21549 L5 active=wlan1 ch10  | prep wlan0 ch11  | BL=[]
[TX  ->  *] bucket=21549 L5 active=wlan1 ch10  BL=[]
[RX  <- B] bucket=21549  peer_BL=[]  my_BL=[]
[03:03:40] HOP bucket=21550 L5 active=wlan0 ch11  | prep wlan1 ch8  | BL=[]
[TX  ->  *] bucket=21550 L5 active=wlan0 ch11  BL=[]
[RX  <- B] bucket=21550  peer_BL=[]  my_BL=[]
[03:03:42] HOP bucket=21551 L5 active=wlan1 ch8  | prep wlan0 ch3  | BL=[]
[TX  ->  *] bucket=21551 L5 active=wlan1 ch8  BL=[]
[RX  <- B] bucket=21551  peer_BL=[]  my_BL=[]
[03:03:44] HOP bucket=21552 L5 active=wlan0 ch3  | prep wlan1 ch11  | BL=[]
[TX  ->  *] bucket=21552 L5 active=wlan0 ch3  BL=[]
[RX  <- B] bucket=21552  peer_BL=[]  my_BL=[]
[03:03:46] HOP bucket=21553 L5 active=wlan1 ch11  | prep wlan0 ch5  | BL=[]
[TX  ->  *] bucket=21553 L5 active=wlan1 ch11  BL=[]
[RX  <- B] bucket=21553  peer_BL=[]  my_BL=[]
[03:03:48] HOP bucket=21554 L5 active=wlan0 ch5  | prep wlan1 ch5  | BL=[]
[RX  <- B] bucket=21554  peer_BL=[]  my_BL=[]
[TX  ->  *] bucket=21554 L5 active=wlan0 ch5  BL=[]
[03:03:50] HOP bucket=21555 L5 active=wlan1 ch5  | prep wlan0 ch7  | BL=[]
[TX  ->  *] bucket=21555 L5 active=wlan1 ch5  BL=[]
[RX  <- B] bucket=21555  peer_BL=[]  my_BL=[]
[03:03:52] HOP bucket=21556 L5 active=wlan0 ch7  | prep wlan1 ch4  | BL=[]
[RX  <- B] bucket=21556  peer_BL=[]  my_BL=[]
[TX  ->  *] bucket=21556 L5 active=wlan0 ch7  BL=[]
[03:03:54] HOP bucket=21557 L5 active=wlan1 ch4  | prep wlan0 ch3  | BL=[]
[RX  <- B] bucket=21557  peer_BL=[]  my_BL=[]
[TX  ->  *] bucket=21557 L5 active=wlan1 ch4  BL=[]
[03:03:56] HOP bucket=21558 L5 active=wlan0 ch3  | prep wlan1 ch8  | BL=[]
[RX  <- B] bucket=21558  peer_BL=[]  my_BL=[]
[TX  ->  *] bucket=21558 L5 active=wlan0 ch3  BL=[]
[03:03:58] HOP bucket=21559 L5 active=wlan1 ch8  | prep wlan0 ch10  | BL=[]
[TX  ->  *] bucket=21559 L5 active=wlan1 ch8  BL=[]
[RX  <- B] bucket=21559  peer_BL=[]  my_BL=[]
[03:04:00] HOP bucket=21560 L5 active=wlan0 ch10  | prep wlan1 ch7  | BL=[]
[TX  ->  *] bucket=21560 L5 active=wlan0 ch10  BL=[]
[RX  <- B] bucket=21560  peer_BL=[]  my_BL=[]
[03:04:02] HOP bucket=21561 L5 active=wlan1 ch7  | prep wlan0 ch9  | BL=[]
[TX  ->  *] bucket=21561 L5 active=wlan1 ch7  BL=[]
[RX  <- B] bucket=21561  peer_BL=[]  my_BL=[]
[03:04:04] HOP bucket=21562 L5 active=wlan0 ch9  | prep wlan1 ch11  | BL=[]
[RX  <- B] bucket=21562  peer_BL=[]  my_BL=[]
[TX  ->  *] bucket=21562 L5 active=wlan0 ch9  BL=[]
[03:04:06] HOP bucket=21563 L5 active=wlan1 ch11  | prep wlan0 ch3  | BL=[]
[TX  ->  *] bucket=21563 L5 active=wlan1 ch11  BL=[]
[RX  <- B] bucket=21563  peer_BL=[]  my_BL=[]
[03:04:08] HOP bucket=21564 L5 active=wlan0 ch3  | prep wlan1 ch4  | BL=[]
[TX  ->  *] bucket=21564 L5 active=wlan0 ch3  BL=[]
[RX  <- B] bucket=21564  peer_BL=[]  my_BL=[]
[03:04:10] HOP bucket=21565 L5 active=wlan1 ch4  | prep wlan0 ch4  | BL=[]
[RX  <- B] bucket=21565  peer_BL=[]  my_BL=[]
[TX  ->  *] bucket=21565 L5 active=wlan1 ch4  BL=[]
[03:04:12] HOP bucket=21566 L5 active=wlan0 ch4  | prep wlan1 ch3  | BL=[]
[TX  ->  *] bucket=21566 L5 active=wlan0 ch4  BL=[]
[RX  <- B] bucket=21566  peer_BL=[]  my_BL=[]
[03:04:14] HOP bucket=21567 L5 active=wlan1 ch3  | prep wlan0 ch5  | BL=[]
[RX  <- B] bucket=21567  peer_BL=[]  my_BL=[]
[TX  ->  *] bucket=21567 L5 active=wlan1 ch3  BL=[]
[03:04:16] HOP bucket=21568 L5 active=wlan0 ch5  | prep wlan1 ch5  | BL=[]
[TX  ->  *] bucket=21568 L5 active=wlan0 ch5  BL=[]
[RX  <- B] bucket=21568  peer_BL=[]  my_BL=[]
[03:04:18] HOP bucket=21569 L5 active=wlan1 ch5  | prep wlan0 ch11  | BL=[]
[RX  <- B] bucket=21569  peer_BL=[]  my_BL=[]
[TX  ->  *] bucket=21569 L5 active=wlan1 ch5  BL=[]
[03:04:20] HOP bucket=21570 L5 active=wlan0 ch11  | prep wlan1 ch3  | BL=[]
[RX  <- B] bucket=21570  peer_BL=[]  my_BL=[]
[TX  ->  *] bucket=21570 L5 active=wlan0 ch11  BL=[]
[03:04:22] HOP bucket=21571 L5 active=wlan1 ch3  | prep wlan0 ch6  | BL=[]
[TX  ->  *] bucket=21571 L5 active=wlan1 ch3  BL=[]
[RX  <- B] bucket=21571  peer_BL=[]  my_BL=[]
[03:04:24] HOP bucket=21572 L5 active=wlan0 ch6  | prep wlan1 ch3  | BL=[]
[TX  ->  *] bucket=21572 L5 active=wlan0 ch6  BL=[]
[RX  <- B] bucket=21572  peer_BL=[]  my_BL=[]
[03:04:26] HOP bucket=21573 L5 active=wlan1 ch3  | prep wlan0 ch9  | BL=[]
[TX  ->  *] bucket=21573 L5 active=wlan1 ch3  BL=[]
[RX  <- B] bucket=21573  peer_BL=[]  my_BL=[]
[03:04:28] HOP bucket=21574 L5 active=wlan0 ch9  | prep wlan1 ch5  | BL=[]
[TX  ->  *] bucket=21574 L5 active=wlan0 ch9  BL=[]
[RX  <- B] bucket=21574  peer_BL=[]  my_BL=[]
[03:04:30] HOP bucket=21575 L5 active=wlan1 ch5  | prep wlan0 ch4  | BL=[]
[TX  ->  *] bucket=21575 L5 active=wlan1 ch5  BL=[]
[RX  <- B] bucket=21575  peer_BL=[]  my_BL=[]
[03:04:32] HOP bucket=21576 L5 active=wlan0 ch4  | prep wlan1 ch9  | BL=[]
[TX  ->  *] bucket=21576 L5 active=wlan0 ch4  BL=[]
[RX  <- B] bucket=21576  peer_BL=[]  my_BL=[]
[03:04:34] HOP bucket=21577 L5 active=wlan1 ch9  | prep wlan0 ch5  | BL=[]
[TX  ->  *] bucket=21577 L5 active=wlan1 ch9  BL=[]
[RX  <- B] bucket=21577  peer_BL=[]  my_BL=[]
[03:04:36] HOP bucket=21578 L5 active=wlan0 ch5  | prep wlan1 ch11  | BL=[]
[TX  ->  *] bucket=21578 L5 active=wlan0 ch5  BL=[]
[RX  <- B] bucket=21578  peer_BL=[]  my_BL=[]
[03:04:38] HOP bucket=21579 L5 active=wlan1 ch11  | prep wlan0 ch9  | BL=[]
[TX  ->  *] bucket=21579 L5 active=wlan1 ch11  BL=[]
[RX  <- B] bucket=21579  peer_BL=[]  my_BL=[]
[03:04:40] HOP bucket=21580 L5 active=wlan0 ch9  | prep wlan1 ch3  | BL=[]
[TX  ->  *] bucket=21580 L5 active=wlan0 ch9  BL=[]
[RX  <- B] bucket=21580  peer_BL=[]  my_BL=[]
[03:04:42] HOP bucket=21581 L5 active=wlan1 ch3  | prep wlan0 ch9  | BL=[]
[TX  ->  *] bucket=21581 L5 active=wlan1 ch3  BL=[]
[RX  <- B] bucket=21581  peer_BL=[]  my_BL=[]
[03:04:44] HOP bucket=21582 L5 active=wlan0 ch9  | prep wlan1 ch11  | BL=[]
[TX  ->  *] bucket=21582 L5 active=wlan0 ch9  BL=[]
[RX  <- B] bucket=21582  peer_BL=[]  my_BL=[]
[03:04:46] HOP bucket=21583 L5 active=wlan1 ch11  | prep wlan0 ch5  | BL=[]
[RX  <- B] bucket=21583  peer_BL=[]  my_BL=[]
[TX  ->  *] bucket=21583 L5 active=wlan1 ch11  BL=[]
[03:04:48] HOP bucket=21584 L5 active=wlan0 ch5  | prep wlan1 ch5  | BL=[]
[RX  <- B] bucket=21584  peer_BL=[]  my_BL=[]
[TX  ->  *] bucket=21584 L5 active=wlan0 ch5  BL=[]
[03:04:50] HOP bucket=21585 L5 active=wlan1 ch5  | prep wlan0 ch4  | BL=[]
[RX  <- B] bucket=21585  peer_BL=[]  my_BL=[]
[TX  ->  *] bucket=21585 L5 active=wlan1 ch5  BL=[]
[03:04:52] HOP bucket=21586 L5 active=wlan0 ch4  | prep wlan1 ch9  | BL=[]
[RX  <- B] bucket=21586  peer_BL=[]  my_BL=[]
[TX  ->  *] bucket=21586 L5 active=wlan0 ch4  BL=[]
[03:04:54] HOP bucket=21587 L5 active=wlan1 ch9  | prep wlan0 ch3  | BL=[]
[TX  ->  *] bucket=21587 L5 active=wlan1 ch9  BL=[]
[RX  <- B] bucket=21587  peer_BL=[]  my_BL=[]
[03:04:56] HOP bucket=21588 L5 active=wlan0 ch3  | prep wlan1 ch6  | BL=[]
[TX  ->  *] bucket=21588 L5 active=wlan0 ch3  BL=[]
[RX  <- B] bucket=21588  peer_BL=[]  my_BL=[]
[03:04:58] HOP bucket=21589 L5 active=wlan1 ch6  | prep wlan0 ch7  | BL=[]
[TX  ->  *] bucket=21589 L5 active=wlan1 ch6  BL=[]
[RX  <- B] bucket=21589  peer_BL=[]  my_BL=[]
[03:05:00] HOP bucket=21590 L5 active=wlan0 ch7  | prep wlan1 ch5  | BL=[]
[TX  ->  *] bucket=21590 L5 active=wlan0 ch7  BL=[]
[RX  <- B] bucket=21590  peer_BL=[]  my_BL=[]
[03:05:02] HOP bucket=21591 L5 active=wlan1 ch5  | prep wlan0 ch5  | BL=[]
[TX  ->  *] bucket=21591 L5 active=wlan1 ch5  BL=[]
[RX  <- B] bucket=21591  peer_BL=[]  my_BL=[]
[03:05:04] HOP bucket=21592 L5 active=wlan0 ch5  | prep wlan1 ch10  | BL=[]
[RX  <- B] bucket=21592  peer_BL=[]  my_BL=[]
[TX  ->  *] bucket=21592 L5 active=wlan0 ch5  BL=[]
[03:05:06] HOP bucket=21593 L5 active=wlan1 ch10  | prep wlan0 ch9  | BL=[]
[RX  <- B] bucket=21593  peer_BL=[]  my_BL=[]
[TX  ->  *] bucket=21593 L5 active=wlan1 ch10  BL=[]
[03:05:08] HOP bucket=21594 L5 active=wlan0 ch9  | prep wlan1 ch11  | BL=[]
[TX  ->  *] bucket=21594 L5 active=wlan0 ch9  BL=[]
[RX  <- B] bucket=21594  peer_BL=[]  my_BL=[]
[03:05:10] HOP bucket=21595 L5 active=wlan1 ch11  | prep wlan0 ch8  | BL=[]
[TX  ->  *] bucket=21595 L5 active=wlan1 ch11  BL=[]
[RX  <- B] bucket=21595  peer_BL=[]  my_BL=[]
[03:05:12] HOP bucket=21596 L5 active=wlan0 ch8  | prep wlan1 ch11  | BL=[]
[TX  ->  *] bucket=21596 L5 active=wlan0 ch8  BL=[]
[RX  <- B] bucket=21596  peer_BL=[]  my_BL=[]
[03:05:14] HOP bucket=21597 L5 active=wlan1 ch11  | prep wlan0 ch4  | BL=[]
[TX  ->  *] bucket=21597 L5 active=wlan1 ch11  BL=[]
[RX  <- B] bucket=21597  peer_BL=[]  my_BL=[]
[03:05:16] HOP bucket=21598 L5 active=wlan0 ch4  | prep wlan1 ch10  | BL=[]
[RX  <- B] bucket=21598  peer_BL=[]  my_BL=[]
[TX  ->  *] bucket=21598 L5 active=wlan0 ch4  BL=[]
[03:05:18] HOP bucket=21599 L5 active=wlan1 ch10  | prep wlan0 ch10  | BL=[]
[TX  ->  *] bucket=21599 L5 active=wlan1 ch10  BL=[]
[RX  <- B] bucket=21599  peer_BL=[]  my_BL=[]
[03:05:20] HOP bucket=21600 L5 active=wlan0 ch10  | prep wlan1 ch10  | BL=[]
[TX  ->  *] bucket=21600 L5 active=wlan0 ch10  BL=[]
[RX  <- B] bucket=21600  peer_BL=[]  my_BL=[]
[03:05:22] HOP bucket=21601 L5 active=wlan1 ch10  | prep wlan0 ch7  | BL=[]
[TX  ->  *] bucket=21601 L5 active=wlan1 ch10  BL=[]
[RX  <- B] bucket=21601  peer_BL=[]  my_BL=[]
[03:05:24] HOP bucket=21602 L5 active=wlan0 ch7  | prep wlan1 ch3  | BL=[]
[TX  ->  *] bucket=21602 L5 active=wlan0 ch7  BL=[]
[RX  <- B] bucket=21602  peer_BL=[]  my_BL=[]
[03:05:26] HOP bucket=21603 L5 active=wlan1 ch3  | prep wlan0 ch9  | BL=[]
[TX  ->  *] bucket=21603 L5 active=wlan1 ch3  BL=[]
[RX  <- B] bucket=21603  peer_BL=[]  my_BL=[]
[03:05:28] HOP bucket=21604 L5 active=wlan0 ch9  | prep wlan1 ch11  | BL=[]
[TX  ->  *] bucket=21604 L5 active=wlan0 ch9  BL=[]
[RX  <- B] bucket=21604  peer_BL=[]  my_BL=[]
[03:05:30] HOP bucket=21605 L5 active=wlan1 ch11  | prep wlan0 ch10  | BL=[]
[TX  ->  *] bucket=21605 L5 active=wlan1 ch11  BL=[]
[RX  <- B] bucket=21605  peer_BL=[]  my_BL=[]
[03:05:32] HOP bucket=21606 L5 active=wlan0 ch10  | prep wlan1 ch6  | BL=[]
[TX  ->  *] bucket=21606 L5 active=wlan0 ch10  BL=[]
[RX  <- B] bucket=21606  peer_BL=[]  my_BL=[]
[03:05:34] HOP bucket=21607 L5 active=wlan1 ch6  | prep wlan0 ch7  | BL=[]
[TX  ->  *] bucket=21607 L5 active=wlan1 ch6  BL=[]
[RX  <- B] bucket=21607  peer_BL=[]  my_BL=[]
[03:05:36] HOP bucket=21608 L5 active=wlan0 ch7  | prep wlan1 ch8  | BL=[]
[TX  ->  *] bucket=21608 L5 active=wlan0 ch7  BL=[]
[RX  <- B] bucket=21608  peer_BL=[]  my_BL=[]
[03:05:38] HOP bucket=21609 L5 active=wlan1 ch8  | prep wlan0 ch11  | BL=[]
[TX  ->  *] bucket=21609 L5 active=wlan1 ch8  BL=[]
[RX  <- B] bucket=21609  peer_BL=[]  my_BL=[]
[03:05:40] HOP bucket=21610 L5 active=wlan0 ch11  | prep wlan1 ch8  | BL=[]
[RX  <- B] bucket=21610  peer_BL=[]  my_BL=[]
[TX  ->  *] bucket=21610 L5 active=wlan0 ch11  BL=[]
[03:05:42] HOP bucket=21611 L5 active=wlan1 ch8  | prep wlan0 ch7  | BL=[]
[TX  ->  *] bucket=21611 L5 active=wlan1 ch8  BL=[]
[RX  <- B] bucket=21611  peer_BL=[]  my_BL=[]
[03:05:44] HOP bucket=21612 L5 active=wlan0 ch7  | prep wlan1 ch3  | BL=[]
[TX  ->  *] bucket=21612 L5 active=wlan0 ch7  BL=[]
[RX  <- B] bucket=21612  peer_BL=[]  my_BL=[]
[03:05:46] HOP bucket=21613 L5 active=wlan1 ch3  | prep wlan0 ch4  | BL=[]
[TX  ->  *] bucket=21613 L5 active=wlan1 ch3  BL=[]
[RX  <- B] bucket=21613  peer_BL=[]  my_BL=[]
[03:05:48] HOP bucket=21614 L5 active=wlan0 ch4  | prep wlan1 ch5  | BL=[]
[TX  ->  *] bucket=21614 L5 active=wlan0 ch4  BL=[]
[RX  <- B] bucket=21614  peer_BL=[]  my_BL=[]
[03:05:50] HOP bucket=21615 L5 active=wlan1 ch5  | prep wlan0 ch5  | BL=[]
[TX  ->  *] bucket=21615 L5 active=wlan1 ch5  BL=[]
[RX  <- B] bucket=21615  peer_BL=[]  my_BL=[]
[03:05:52] HOP bucket=21616 L5 active=wlan0 ch5  | prep wlan1 ch8  | BL=[]
[TX  ->  *] bucket=21616 L5 active=wlan0 ch5  BL=[]
[RX  <- B] bucket=21616  peer_BL=[]  my_BL=[]
[03:05:54] HOP bucket=21617 L5 active=wlan1 ch8  | prep wlan0 ch6  | BL=[]
[TX  ->  *] bucket=21617 L5 active=wlan1 ch8  BL=[]
[RX  <- B] bucket=21617  peer_BL=[]  my_BL=[]
[03:05:56] HOP bucket=21618 L5 active=wlan0 ch6  | prep wlan1 ch10  | BL=[]
[TX  ->  *] bucket=21618 L5 active=wlan0 ch6  BL=[]
[RX  <- B] bucket=21618  peer_BL=[]  my_BL=[]
[03:05:58] HOP bucket=21619 L5 active=wlan1 ch10  | prep wlan0 ch6  | BL=[]
[TX  ->  *] bucket=21619 L5 active=wlan1 ch10  BL=[]
[RX  <- B] bucket=21619  peer_BL=[]  my_BL=[]
[03:06:00] HOP bucket=21620 L5 active=wlan0 ch6  | prep wlan1 ch9  | BL=[]
[TX  ->  *] bucket=21620 L5 active=wlan0 ch6  BL=[]
[RX  <- B] bucket=21620  peer_BL=[]  my_BL=[]
[03:06:02] HOP bucket=21621 L5 active=wlan1 ch9  | prep wlan0 ch8  | BL=[]
[RX  <- B] bucket=21621  peer_BL=[]  my_BL=[]
[TX  ->  *] bucket=21621 L5 active=wlan1 ch9  BL=[]
[03:06:04] HOP bucket=21622 L5 active=wlan0 ch8  | prep wlan1 ch8  | BL=[]
[TX  ->  *] bucket=21622 L5 active=wlan0 ch8  BL=[]
[RX  <- B] bucket=21622  peer_BL=[]  my_BL=[]
[03:06:06] HOP bucket=21623 L5 active=wlan1 ch8  | prep wlan0 ch7  | BL=[]
[TX  ->  *] bucket=21623 L5 active=wlan1 ch8  BL=[]
[RX  <- B] bucket=21623  peer_BL=[]  my_BL=[]
[03:06:08] HOP bucket=21624 L5 active=wlan0 ch7  | prep wlan1 ch3  | BL=[]
[RX  <- B] bucket=21624  peer_BL=[]  my_BL=[]
[TX  ->  *] bucket=21624 L5 active=wlan0 ch7  BL=[]
[03:06:10] HOP bucket=21625 L5 active=wlan1 ch3  | prep wlan0 ch5  | BL=[]
[TX  ->  *] bucket=21625 L5 active=wlan1 ch3  BL=[]
[RX  <- B] bucket=21625  peer_BL=[]  my_BL=[]
[03:06:12] HOP bucket=21626 L5 active=wlan0 ch5  | prep wlan1 ch7  | BL=[]
[TX  ->  *] bucket=21626 L5 active=wlan0 ch5  BL=[]
[RX  <- B] bucket=21626  peer_BL=[]  my_BL=[]
[03:06:14] HOP bucket=21627 L5 active=wlan1 ch7  | prep wlan0 ch9  | BL=[]
[TX  ->  *] bucket=21627 L5 active=wlan1 ch7  BL=[]
[RX  <- B] bucket=21627  peer_BL=[]  my_BL=[]
[03:06:16] HOP bucket=21628 L5 active=wlan0 ch9  | prep wlan1 ch9  | BL=[]
[TX  ->  *] bucket=21628 L5 active=wlan0 ch9  BL=[]
[RX  <- B] bucket=21628  peer_BL=[]  my_BL=[]
[03:06:18] HOP bucket=21629 L5 active=wlan1 ch9  | prep wlan0 ch5  | BL=[]
[TX  ->  *] bucket=21629 L5 active=wlan1 ch9  BL=[]
[RX  <- B] bucket=21629  peer_BL=[]  my_BL=[]
[03:06:20] HOP bucket=21630 L5 active=wlan0 ch5  | prep wlan1 ch7  | BL=[]
[TX  ->  *] bucket=21630 L5 active=wlan0 ch5  BL=[]
[RX  <- B] bucket=21630  peer_BL=[]  my_BL=[]
[03:06:22] HOP bucket=21631 L5 active=wlan1 ch7  | prep wlan0 ch4  | BL=[]
[TX  ->  *] bucket=21631 L5 active=wlan1 ch7  BL=[]
[RX  <- B] bucket=21631  peer_BL=[]  my_BL=[]
[03:06:24] HOP bucket=21632 L5 active=wlan0 ch4  | prep wlan1 ch10  | BL=[]
[TX  ->  *] bucket=21632 L5 active=wlan0 ch4  BL=[]
[RX  <- B] bucket=21632  peer_BL=[]  my_BL=[]
[03:06:26] HOP bucket=21633 L5 active=wlan1 ch10  | prep wlan0 ch6  | BL=[]
[TX  ->  *] bucket=21633 L5 active=wlan1 ch10  BL=[]
[RX  <- B] bucket=21633  peer_BL=[]  my_BL=[]
[03:06:28] HOP bucket=21634 L5 active=wlan0 ch6  | prep wlan1 ch6  | BL=[]
[TX  ->  *] bucket=21634 L5 active=wlan0 ch6  BL=[]
[RX  <- B] bucket=21634  peer_BL=[]  my_BL=[]
[03:06:30] HOP bucket=21635 L5 active=wlan1 ch6  | prep wlan0 ch9  | BL=[]
[RX  <- B] bucket=21635  peer_BL=[]  my_BL=[]
[TX  ->  *] bucket=21635 L5 active=wlan1 ch6  BL=[]
[03:06:32] HOP bucket=21636 L5 active=wlan0 ch9  | prep wlan1 ch3  | BL=[]
[RX  <- B] bucket=21636  peer_BL=[]  my_BL=[]
[TX  ->  *] bucket=21636 L5 active=wlan0 ch9  BL=[]
[03:06:34] HOP bucket=21637 L5 active=wlan1 ch3  | prep wlan0 ch5  | BL=[]
[TX  ->  *] bucket=21637 L5 active=wlan1 ch3  BL=[]
[RX  <- B] bucket=21637  peer_BL=[]  my_BL=[]
[03:06:36] HOP bucket=21638 L5 active=wlan0 ch5  | prep wlan1 ch4  | BL=[]
[TX  ->  *] bucket=21638 L5 active=wlan0 ch5  BL=[]
[RX  <- B] bucket=21638  peer_BL=[]  my_BL=[]
[03:06:38] HOP bucket=21639 L5 active=wlan1 ch4  | prep wlan0 ch5  | BL=[]
[RX  <- B] bucket=21639  peer_BL=[]  my_BL=[]
[TX  ->  *] bucket=21639 L5 active=wlan1 ch4  BL=[]
[03:06:40] HOP bucket=21640 L5 active=wlan0 ch5  | prep wlan1 ch11  | BL=[]
[TX  ->  *] bucket=21640 L5 active=wlan0 ch5  BL=[]
[RX  <- B] bucket=21640  peer_BL=[]  my_BL=[]
[03:06:42] HOP bucket=21641 L5 active=wlan1 ch11  | prep wlan0 ch8  | BL=[]
[TX  ->  *] bucket=21641 L5 active=wlan1 ch11  BL=[]
[RX  <- B] bucket=21641  peer_BL=[]  my_BL=[]
[03:06:44] HOP bucket=21642 L5 active=wlan0 ch8  | prep wlan1 ch3  | BL=[]
[TX  ->  *] bucket=21642 L5 active=wlan0 ch8  BL=[]
[RX  <- B] bucket=21642  peer_BL=[]  my_BL=[]
[03:06:46] HOP bucket=21643 L5 active=wlan1 ch3  | prep wlan0 ch6  | BL=[]
[RX  <- B] bucket=21643  peer_BL=[]  my_BL=[]
[TX  ->  *] bucket=21643 L5 active=wlan1 ch3  BL=[]
[03:06:48] HOP bucket=21644 L5 active=wlan0 ch6  | prep wlan1 ch6  | BL=[]
[TX  ->  *] bucket=21644 L5 active=wlan0 ch6  BL=[]
[RX  <- B] bucket=21644  peer_BL=[]  my_BL=[]
[03:06:50] HOP bucket=21645 L5 active=wlan1 ch6  | prep wlan0 ch6  | BL=[]
[RX  <- B] bucket=21645  peer_BL=[]  my_BL=[]
[TX  ->  *] bucket=21645 L5 active=wlan1 ch6  BL=[]
[03:06:52] HOP bucket=21646 L5 active=wlan0 ch6  | prep wlan1 ch9  | BL=[]
[TX  ->  *] bucket=21646 L5 active=wlan0 ch6  BL=[]
[RX  <- B] bucket=21646  peer_BL=[]  my_BL=[]
[03:06:54] HOP bucket=21647 L5 active=wlan1 ch9  | prep wlan0 ch11  | BL=[]
[RX  <- B] bucket=21647  peer_BL=[]  my_BL=[]
[TX  ->  *] bucket=21647 L5 active=wlan1 ch9  BL=[]
[03:06:56] HOP bucket=21648 L5 active=wlan0 ch11  | prep wlan1 ch10  | BL=[]
[TX  ->  *] bucket=21648 L5 active=wlan0 ch11  BL=[]
[RX  <- B] bucket=21648  peer_BL=[]  my_BL=[]
[03:06:58] HOP bucket=21649 L5 active=wlan1 ch10  | prep wlan0 ch6  | BL=[]
[TX  ->  *] bucket=21649 L5 active=wlan1 ch10  BL=[]
[RX  <- B] bucket=21649  peer_BL=[]  my_BL=[]
[03:07:00] HOP bucket=21650 L5 active=wlan0 ch6  | prep wlan1 ch11  | BL=[]
[TX  ->  *] bucket=21650 L5 active=wlan0 ch6  BL=[]
[RX  <- B] bucket=21650  peer_BL=[]  my_BL=[]
[03:07:02] HOP bucket=21651 L5 active=wlan1 ch11  | prep wlan0 ch4  | BL=[]
[TX  ->  *] bucket=21651 L5 active=wlan1 ch11  BL=[]
[RX  <- B] bucket=21651  peer_BL=[]  my_BL=[]
[03:07:04] HOP bucket=21652 L5 active=wlan0 ch4  | prep wlan1 ch8  | BL=[]
[TX  ->  *] bucket=21652 L5 active=wlan0 ch4  BL=[]
[RX  <- B] bucket=21652  peer_BL=[]  my_BL=[]
[03:07:06] HOP bucket=21653 L5 active=wlan1 ch8  | prep wlan0 ch3  | BL=[]
[TX  ->  *] bucket=21653 L5 active=wlan1 ch8  BL=[]
[RX  <- B] bucket=21653  peer_BL=[]  my_BL=[]
[03:07:08] HOP bucket=21654 L5 active=wlan0 ch3  | prep wlan1 ch7  | BL=[]
[TX  ->  *] bucket=21654 L5 active=wlan0 ch3  BL=[]
[RX  <- B] bucket=21654  peer_BL=[]  my_BL=[]
[03:07:10] HOP bucket=21655 L5 active=wlan1 ch7  | prep wlan0 ch7  | BL=[]
[TX  ->  *] bucket=21655 L5 active=wlan1 ch7  BL=[]
[RX  <- B] bucket=21655  peer_BL=[]  my_BL=[]
[03:07:12] HOP bucket=21656 L5 active=wlan0 ch7  | prep wlan1 ch5  | BL=[]
[RX  <- B] bucket=21656  peer_BL=[]  my_BL=[]
[TX  ->  *] bucket=21656 L5 active=wlan0 ch7  BL=[]
[03:07:14] HOP bucket=21657 L5 active=wlan1 ch5  | prep wlan0 ch11  | BL=[]
[TX  ->  *] bucket=21657 L5 active=wlan1 ch5  BL=[]
[RX  <- B] bucket=21657  peer_BL=[]  my_BL=[]
[03:07:16] HOP bucket=21658 L5 active=wlan0 ch11  | prep wlan1 ch8  | BL=[]
[TX  ->  *] bucket=21658 L5 active=wlan0 ch11  BL=[]
[RX  <- B] bucket=21658  peer_BL=[]  my_BL=[]
[03:07:18] HOP bucket=21659 L5 active=wlan1 ch8  | prep wlan0 ch11  | BL=[]
[TX  ->  *] bucket=21659 L5 active=wlan1 ch8  BL=[]
[RX  <- B] bucket=21659  peer_BL=[]  my_BL=[]
[03:07:20] HOP bucket=21660 L5 active=wlan0 ch11  | prep wlan1 ch9  | BL=[]
[RX  <- B] bucket=21660  peer_BL=[]  my_BL=[]
[TX  ->  *] bucket=21660 L5 active=wlan0 ch11  BL=[]
[03:07:22] HOP bucket=21661 L5 active=wlan1 ch9  | prep wlan0 ch8  | BL=[]
[RX  <- B] bucket=21661  peer_BL=[]  my_BL=[]
[TX  ->  *] bucket=21661 L5 active=wlan1 ch9  BL=[]
[03:07:24] HOP bucket=21662 L5 active=wlan0 ch8  | prep wlan1 ch3  | BL=[]
[TX  ->  *] bucket=21662 L5 active=wlan0 ch8  BL=[]
[RX  <- B] bucket=21662  peer_BL=[]  my_BL=[]
[03:07:26] HOP bucket=21663 L5 active=wlan1 ch3  | prep wlan0 ch3  | BL=[]
[RX  <- B] bucket=21663  peer_BL=[]  my_BL=[]
[TX  ->  *] bucket=21663 L5 active=wlan1 ch3  BL=[]
[03:07:28] HOP bucket=21664 L5 active=wlan0 ch3  | prep wlan1 ch3  | BL=[]
[RX  <- B] bucket=21664  peer_BL=[]  my_BL=[]
[TX  ->  *] bucket=21664 L5 active=wlan0 ch3  BL=[]
[03:07:30] HOP bucket=21665 L5 active=wlan1 ch3  | prep wlan0 ch3  | BL=[]
[TX  ->  *] bucket=21665 L5 active=wlan1 ch3  BL=[]
[RX  <- B] bucket=21665  peer_BL=[]  my_BL=[]
[03:07:32] HOP bucket=21666 L5 active=wlan0 ch3  | prep wlan1 ch6  | BL=[]
[TX  ->  *] bucket=21666 L5 active=wlan0 ch3  BL=[]
[RX  <- B] bucket=21666  peer_BL=[]  my_BL=[]
[03:07:34] HOP bucket=21667 L5 active=wlan1 ch6  | prep wlan0 ch5  | BL=[]
[TX  ->  *] bucket=21667 L5 active=wlan1 ch6  BL=[]
[RX  <- B] bucket=21667  peer_BL=[]  my_BL=[]
[03:07:36] HOP bucket=21668 L5 active=wlan0 ch5  | prep wlan1 ch3  | BL=[]
[TX  ->  *] bucket=21668 L5 active=wlan0 ch5  BL=[]
[RX  <- B] bucket=21668  peer_BL=[]  my_BL=[]
[03:07:38] HOP bucket=21669 L5 active=wlan1 ch3  | prep wlan0 ch10  | BL=[]
[TX  ->  *] bucket=21669 L5 active=wlan1 ch3  BL=[]
[RX  <- B] bucket=21669  peer_BL=[]  my_BL=[]
[03:07:40] HOP bucket=21670 L5 active=wlan0 ch10  | prep wlan1 ch11  | BL=[]
[RX  <- B] bucket=21670  peer_BL=[]  my_BL=[]
[TX  ->  *] bucket=21670 L5 active=wlan0 ch10  BL=[]
[03:07:42] HOP bucket=21671 L5 active=wlan1 ch11  | prep wlan0 ch11  | BL=[]
[TX  ->  *] bucket=21671 L5 active=wlan1 ch11  BL=[]
[RX  <- B] bucket=21671  peer_BL=[]  my_BL=[]
[03:07:44] HOP bucket=21672 L5 active=wlan0 ch11  | prep wlan1 ch7  | BL=[]
[RX  <- B] bucket=21672  peer_BL=[]  my_BL=[]
[TX  ->  *] bucket=21672 L5 active=wlan0 ch11  BL=[]
[03:07:46] HOP bucket=21673 L5 active=wlan1 ch7  | prep wlan0 ch4  | BL=[]
[TX  ->  *] bucket=21673 L5 active=wlan1 ch7  BL=[]
[RX  <- B] bucket=21673  peer_BL=[]  my_BL=[]
[03:07:48] HOP bucket=21674 L5 active=wlan0 ch4  | prep wlan1 ch10  | BL=[]
[TX  ->  *] bucket=21674 L5 active=wlan0 ch4  BL=[]
[RX  <- B] bucket=21674  peer_BL=[]  my_BL=[]
[03:07:50] HOP bucket=21675 L5 active=wlan1 ch10  | prep wlan0 ch9  | BL=[]
[RX  <- B] bucket=21675  peer_BL=[]  my_BL=[]
[TX  ->  *] bucket=21675 L5 active=wlan1 ch10  BL=[]
[03:07:52] HOP bucket=21676 L5 active=wlan0 ch9  | prep wlan1 ch5  | BL=[]
[TX  ->  *] bucket=21676 L5 active=wlan0 ch9  BL=[]
[RX  <- B] bucket=21676  peer_BL=[]  my_BL=[]
[03:07:54] HOP bucket=21677 L5 active=wlan1 ch5  | prep wlan0 ch6  | BL=[]
[TX  ->  *] bucket=21677 L5 active=wlan1 ch5  BL=[]
[RX  <- B] bucket=21677  peer_BL=[]  my_BL=[]
[03:07:56] HOP bucket=21678 L5 active=wlan0 ch6  | prep wlan1 ch4  | BL=[]
[TX  ->  *] bucket=21678 L5 active=wlan0 ch6  BL=[]
[RX  <- B] bucket=21678  peer_BL=[]  my_BL=[]
[03:07:58] HOP bucket=21679 L5 active=wlan1 ch4  | prep wlan0 ch8  | BL=[]
[RX  <- B] bucket=21679  peer_BL=[]  my_BL=[]
[TX  ->  *] bucket=21679 L5 active=wlan1 ch4  BL=[]
[03:08:00] HOP bucket=21680 L5 active=wlan0 ch8  | prep wlan1 ch9  | BL=[]
[RX  <- B] bucket=21680  peer_BL=[]  my_BL=[]
[TX  ->  *] bucket=21680 L5 active=wlan0 ch8  BL=[]
[03:08:02] HOP bucket=21681 L5 active=wlan1 ch9  | prep wlan0 ch5  | BL=[]
[TX  ->  *] bucket=21681 L5 active=wlan1 ch9  BL=[]
[RX  <- B] bucket=21681  peer_BL=[]  my_BL=[]
[03:08:04] HOP bucket=21682 L5 active=wlan0 ch5  | prep wlan1 ch7  | BL=[]
[TX  ->  *] bucket=21682 L5 active=wlan0 ch5  BL=[]
[RX  <- B] bucket=21682  peer_BL=[]  my_BL=[]
[03:08:06] HOP bucket=21683 L5 active=wlan1 ch7  | prep wlan0 ch6  | BL=[]
[TX  ->  *] bucket=21683 L5 active=wlan1 ch7  BL=[]
[RX  <- B] bucket=21683  peer_BL=[]  my_BL=[]
[03:08:08] HOP bucket=21684 L5 active=wlan0 ch6  | prep wlan1 ch8  | BL=[]
[TX  ->  *] bucket=21684 L5 active=wlan0 ch6  BL=[]
[RX  <- B] bucket=21684  peer_BL=[]  my_BL=[]
[03:08:10] HOP bucket=21685 L5 active=wlan1 ch8  | prep wlan0 ch9  | BL=[]
[TX  ->  *] bucket=21685 L5 active=wlan1 ch8  BL=[]
[RX  <- B] bucket=21685  peer_BL=[]  my_BL=[]
[03:08:12] HOP bucket=21686 L5 active=wlan0 ch9  | prep wlan1 ch10  | BL=[]
[TX  ->  *] bucket=21686 L5 active=wlan0 ch9  BL=[]
[RX  <- B] bucket=21686  peer_BL=[]  my_BL=[]
[03:08:14] HOP bucket=21687 L5 active=wlan1 ch10  | prep wlan0 ch7  | BL=[]
[TX  ->  *] bucket=21687 L5 active=wlan1 ch10  BL=[]
[RX  <- B] bucket=21687  peer_BL=[]  my_BL=[]
[03:08:16] HOP bucket=21688 L5 active=wlan0 ch7  | prep wlan1 ch9  | BL=[]
[TX  ->  *] bucket=21688 L5 active=wlan0 ch7  BL=[]
[RX  <- B] bucket=21688  peer_BL=[]  my_BL=[]
[03:08:18] HOP bucket=21689 L5 active=wlan1 ch9  | prep wlan0 ch9  | BL=[]
[TX  ->  *] bucket=21689 L5 active=wlan1 ch9  BL=[]
[RX  <- B] bucket=21689  peer_BL=[]  my_BL=[]
[03:08:20] HOP bucket=21690 L5 active=wlan0 ch9  | prep wlan1 ch4  | BL=[]
[RX  <- B] bucket=21690  peer_BL=[]  my_BL=[]
[TX  ->  *] bucket=21690 L5 active=wlan0 ch9  BL=[]
[03:08:22] HOP bucket=21691 L5 active=wlan1 ch4  | prep wlan0 ch4  | BL=[]
[RX  <- B] bucket=21691  peer_BL=[]  my_BL=[]
[TX  ->  *] bucket=21691 L5 active=wlan1 ch4  BL=[]
[03:08:24] HOP bucket=21692 L5 active=wlan0 ch4  | prep wlan1 ch7  | BL=[]
[TX  ->  *] bucket=21692 L5 active=wlan0 ch4  BL=[]
[RX  <- B] bucket=21692  peer_BL=[]  my_BL=[]
[03:08:26] HOP bucket=21693 L5 active=wlan1 ch7  | prep wlan0 ch7  | BL=[]
[RX  <- B] bucket=21693  peer_BL=[]  my_BL=[]
[TX  ->  *] bucket=21693 L5 active=wlan1 ch7  BL=[]
[03:08:28] HOP bucket=21694 L5 active=wlan0 ch7  | prep wlan1 ch6  | BL=[]
[RX  <- B] bucket=21694  peer_BL=[]  my_BL=[]
[TX  ->  *] bucket=21694 L5 active=wlan0 ch7  BL=[]
[03:08:30] HOP bucket=21695 L5 active=wlan1 ch6  | prep wlan0 ch10  | BL=[]
[TX  ->  *] bucket=21695 L5 active=wlan1 ch6  BL=[]
[RX  <- B] bucket=21695  peer_BL=[]  my_BL=[]
[03:08:32] HOP bucket=21696 L5 active=wlan0 ch10  | prep wlan1 ch5  | BL=[]
[TX  ->  *] bucket=21696 L5 active=wlan0 ch10  BL=[]
[RX  <- B] bucket=21696  peer_BL=[]  my_BL=[]
[03:08:34] HOP bucket=21697 L5 active=wlan1 ch5  | prep wlan0 ch8  | BL=[]
[RX  <- B] bucket=21697  peer_BL=[]  my_BL=[]
[TX  ->  *] bucket=21697 L5 active=wlan1 ch5  BL=[]
[03:08:36] HOP bucket=21698 L5 active=wlan0 ch8  | prep wlan1 ch6  | BL=[]
[TX  ->  *] bucket=21698 L5 active=wlan0 ch8  BL=[]
[RX  <- B] bucket=21698  peer_BL=[]  my_BL=[]
[03:08:38] HOP bucket=21699 L5 active=wlan1 ch6  | prep wlan0 ch6  | BL=[]
[TX  ->  *] bucket=21699 L5 active=wlan1 ch6  BL=[]
[RX  <- B] bucket=21699  peer_BL=[]  my_BL=[]
[03:08:40] HOP bucket=21700 L5 active=wlan0 ch6  | prep wlan1 ch11  | BL=[]
[RX  <- B] bucket=21700  peer_BL=[]  my_BL=[]
[TX  ->  *] bucket=21700 L5 active=wlan0 ch6  BL=[]
[03:08:42] HOP bucket=21701 L5 active=wlan1 ch11  | prep wlan0 ch4  | BL=[]
[RX  <- B] bucket=21701  peer_BL=[]  my_BL=[]
[TX  ->  *] bucket=21701 L5 active=wlan1 ch11  BL=[]
[03:08:44] HOP bucket=21702 L5 active=wlan0 ch4  | prep wlan1 ch11  | BL=[]
[TX  ->  *] bucket=21702 L5 active=wlan0 ch4  BL=[]
[RX  <- B] bucket=21702  peer_BL=[]  my_BL=[]
[03:08:46] HOP bucket=21703 L5 active=wlan1 ch11  | prep wlan0 ch5  | BL=[]
[TX  ->  *] bucket=21703 L5 active=wlan1 ch11  BL=[]
[RX  <- B] bucket=21703  peer_BL=[]  my_BL=[]
[03:08:48] HOP bucket=21704 L5 active=wlan0 ch5  | prep wlan1 ch11  | BL=[]
[TX  ->  *] bucket=21704 L5 active=wlan0 ch5  BL=[]
[RX  <- B] bucket=21704  peer_BL=[]  my_BL=[]
[03:08:50] HOP bucket=21705 L5 active=wlan1 ch11  | prep wlan0 ch4  | BL=[]
[TX  ->  *] bucket=21705 L5 active=wlan1 ch11  BL=[]
[RX  <- B] bucket=21705  peer_BL=[]  my_BL=[]
[03:08:52] HOP bucket=21706 L5 active=wlan0 ch4  | prep wlan1 ch9  | BL=[]
[TX  ->  *] bucket=21706 L5 active=wlan0 ch4  BL=[]
[RX  <- B] bucket=21706  peer_BL=[]  my_BL=[]
[03:08:54] HOP bucket=21707 L5 active=wlan1 ch9  | prep wlan0 ch10  | BL=[]
[TX  ->  *] bucket=21707 L5 active=wlan1 ch9  BL=[]
[RX  <- B] bucket=21707  peer_BL=[]  my_BL=[]
[03:08:56] HOP bucket=21708 L5 active=wlan0 ch10  | prep wlan1 ch7  | BL=[]
[TX  ->  *] bucket=21708 L5 active=wlan0 ch10  BL=[]
[RX  <- B] bucket=21708  peer_BL=[]  my_BL=[]
[03:08:58] HOP bucket=21709 L5 active=wlan1 ch7  | prep wlan0 ch3  | BL=[]
[TX  ->  *] bucket=21709 L5 active=wlan1 ch7  BL=[]
[RX  <- B] bucket=21709  peer_BL=[]  my_BL=[]
[03:09:00] HOP bucket=21710 L5 active=wlan0 ch3  | prep wlan1 ch5  | BL=[]
[TX  ->  *] bucket=21710 L5 active=wlan0 ch3  BL=[]
[RX  <- B] bucket=21710  peer_BL=[]  my_BL=[]
[03:09:02] HOP bucket=21711 L5 active=wlan1 ch5  | prep wlan0 ch4  | BL=[]
[TX  ->  *] bucket=21711 L5 active=wlan1 ch5  BL=[]
[RX  <- B] bucket=21711  peer_BL=[]  my_BL=[]
[03:09:04] HOP bucket=21712 L5 active=wlan0 ch4  | prep wlan1 ch11  | BL=[]
[RX  <- B] bucket=21712  peer_BL=[]  my_BL=[]
[TX  ->  *] bucket=21712 L5 active=wlan0 ch4  BL=[]
[03:09:06] HOP bucket=21713 L5 active=wlan1 ch11  | prep wlan0 ch7  | BL=[]
[RX  <- B] bucket=21713  peer_BL=[]  my_BL=[]
[TX  ->  *] bucket=21713 L5 active=wlan1 ch11  BL=[]
[03:09:08] HOP bucket=21714 L5 active=wlan0 ch7  | prep wlan1 ch10  | BL=[]
[RX  <- B] bucket=21714  peer_BL=[]  my_BL=[]
[TX  ->  *] bucket=21714 L5 active=wlan0 ch7  BL=[]
[03:09:10] HOP bucket=21715 L5 active=wlan1 ch10  | prep wlan0 ch11  | BL=[]
[TX  ->  *] bucket=21715 L5 active=wlan1 ch10  BL=[]
[RX  <- B] bucket=21715  peer_BL=[]  my_BL=[]
[03:09:12] HOP bucket=21716 L5 active=wlan0 ch11  | prep wlan1 ch10  | BL=[]
[TX  ->  *] bucket=21716 L5 active=wlan0 ch11  BL=[]
[RX  <- B] bucket=21716  peer_BL=[]  my_BL=[]
[03:09:14] HOP bucket=21717 L5 active=wlan1 ch10  | prep wlan0 ch6  | BL=[]
[TX  ->  *] bucket=21717 L5 active=wlan1 ch10  BL=[]
[RX  <- B] bucket=21717  peer_BL=[]  my_BL=[]
[03:09:16] HOP bucket=21718 L5 active=wlan0 ch6  | prep wlan1 ch7  | BL=[]
[TX  ->  *] bucket=21718 L5 active=wlan0 ch6  BL=[]
[RX  <- B] bucket=21718  peer_BL=[]  my_BL=[]
[03:09:18] HOP bucket=21719 L5 active=wlan1 ch7  | prep wlan0 ch10  | BL=[]
[TX  ->  *] bucket=21719 L5 active=wlan1 ch7  BL=[]
[RX  <- B] bucket=21719  peer_BL=[]  my_BL=[]
[03:09:20] HOP bucket=21720 L5 active=wlan0 ch10  | prep wlan1 ch4  | BL=[]
[TX  ->  *] bucket=21720 L5 active=wlan0 ch10  BL=[]
[RX  <- B] bucket=21720  peer_BL=[]  my_BL=[]
[03:09:22] HOP bucket=21721 L5 active=wlan1 ch4  | prep wlan0 ch10  | BL=[]
[TX  ->  *] bucket=21721 L5 active=wlan1 ch4  BL=[]
[RX  <- B] bucket=21721  peer_BL=[]  my_BL=[]
[03:09:24] HOP bucket=21722 L5 active=wlan0 ch10  | prep wlan1 ch8  | BL=[]
[TX  ->  *] bucket=21722 L5 active=wlan0 ch10  BL=[]
[RX  <- B] bucket=21722  peer_BL=[]  my_BL=[]
[03:09:26] HOP bucket=21723 L5 active=wlan1 ch8  | prep wlan0 ch4  | BL=[]
[TX  ->  *] bucket=21723 L5 active=wlan1 ch8  BL=[]
[RX  <- B] bucket=21723  peer_BL=[]  my_BL=[]
[03:09:28] HOP bucket=21724 L5 active=wlan0 ch4  | prep wlan1 ch10  | BL=[]
[RX  <- B] bucket=21724  peer_BL=[]  my_BL=[]
[TX  ->  *] bucket=21724 L5 active=wlan0 ch4  BL=[]
[03:09:30] HOP bucket=21725 L5 active=wlan1 ch10  | prep wlan0 ch9  | BL=[]
[RX  <- B] bucket=21725  peer_BL=[]  my_BL=[]
[TX  ->  *] bucket=21725 L5 active=wlan1 ch10  BL=[]
[03:09:32] HOP bucket=21726 L5 active=wlan0 ch9  | prep wlan1 ch7  | BL=[]
[TX  ->  *] bucket=21726 L5 active=wlan0 ch9  BL=[]
[RX  <- B] bucket=21726  peer_BL=[]  my_BL=[]
[03:09:34] HOP bucket=21727 L5 active=wlan1 ch7  | prep wlan0 ch7  | BL=[]
[TX  ->  *] bucket=21727 L5 active=wlan1 ch7  BL=[]
[RX  <- B] bucket=21727  peer_BL=[]  my_BL=[]
[03:09:36] HOP bucket=21728 L5 active=wlan0 ch7  | prep wlan1 ch7  | BL=[]
[TX  ->  *] bucket=21728 L5 active=wlan0 ch7  BL=[]
[RX  <- B] bucket=21728  peer_BL=[]  my_BL=[]
[03:09:38] HOP bucket=21729 L5 active=wlan1 ch7  | prep wlan0 ch9  | BL=[]
[RX  <- B] bucket=21729  peer_BL=[]  my_BL=[]
[TX  ->  *] bucket=21729 L5 active=wlan1 ch7  BL=[]
[03:09:40] HOP bucket=21730 L5 active=wlan0 ch9  | prep wlan1 ch10  | BL=[]
[RX  <- B] bucket=21730  peer_BL=[]  my_BL=[]
[TX  ->  *] bucket=21730 L5 active=wlan0 ch9  BL=[]
[03:09:42] HOP bucket=21731 L5 active=wlan1 ch10  | prep wlan0 ch7  | BL=[]
[TX  ->  *] bucket=21731 L5 active=wlan1 ch10  BL=[]
[RX  <- B] bucket=21731  peer_BL=[]  my_BL=[]
[03:09:44] HOP bucket=21732 L5 active=wlan0 ch7  | prep wlan1 ch5  | BL=[]
[TX  ->  *] bucket=21732 L5 active=wlan0 ch7  BL=[]
[RX  <- B] bucket=21732  peer_BL=[]  my_BL=[]
[03:09:46] HOP bucket=21733 L5 active=wlan1 ch5  | prep wlan0 ch6  | BL=[]
[TX  ->  *] bucket=21733 L5 active=wlan1 ch5  BL=[]
[RX  <- B] bucket=21733  peer_BL=[]  my_BL=[]
[03:09:48] HOP bucket=21734 L5 active=wlan0 ch6  | prep wlan1 ch5  | BL=[]
[TX  ->  *] bucket=21734 L5 active=wlan0 ch6  BL=[]
[RX  <- B] bucket=21734  peer_BL=[]  my_BL=[]
[03:09:50] HOP bucket=21735 L5 active=wlan1 ch5  | prep wlan0 ch5  | BL=[]
[TX  ->  *] bucket=21735 L5 active=wlan1 ch5  BL=[]
[RX  <- B] bucket=21735  peer_BL=[]  my_BL=[]
[03:09:52] HOP bucket=21736 L5 active=wlan0 ch5  | prep wlan1 ch6  | BL=[]
[RX  <- B] bucket=21736  peer_BL=[]  my_BL=[]
[TX  ->  *] bucket=21736 L5 active=wlan0 ch5  BL=[]
[03:09:54] HOP bucket=21737 L5 active=wlan1 ch6  | prep wlan0 ch10  | BL=[]
[RX  <- B] bucket=21737  peer_BL=[]  my_BL=[]
[TX  ->  *] bucket=21737 L5 active=wlan1 ch6  BL=[]
[03:09:56] HOP bucket=21738 L5 active=wlan0 ch10  | prep wlan1 ch7  | BL=[]
[RX  <- B] bucket=21738  peer_BL=[]  my_BL=[]
[TX  ->  *] bucket=21738 L5 active=wlan0 ch10  BL=[]
[03:09:58] HOP bucket=21739 L5 active=wlan1 ch7  | prep wlan0 ch9  | BL=[]
[RX  <- B] bucket=21739  peer_BL=[]  my_BL=[]
[TX  ->  *] bucket=21739 L5 active=wlan1 ch7  BL=[]
[03:10:00] HOP bucket=21740 L5 active=wlan0 ch9  | prep wlan1 ch9  | BL=[]
[RX  <- B] bucket=21740  peer_BL=[]  my_BL=[]
[TX  ->  *] bucket=21740 L5 active=wlan0 ch9  BL=[]
[03:10:02] HOP bucket=21741 L5 active=wlan1 ch9  | prep wlan0 ch7  | BL=[]
[RX  <- B] bucket=21741  peer_BL=[]  my_BL=[]
[TX  ->  *] bucket=21741 L5 active=wlan1 ch9  BL=[]
[03:10:04] HOP bucket=21742 L5 active=wlan0 ch7  | prep wlan1 ch6  | BL=[]
[TX  ->  *] bucket=21742 L5 active=wlan0 ch7  BL=[]
[RX  <- B] bucket=21742  peer_BL=[]  my_BL=[]
[03:10:06] HOP bucket=21743 L5 active=wlan1 ch6  | prep wlan0 ch9  | BL=[]
[TX  ->  *] bucket=21743 L5 active=wlan1 ch6  BL=[]
[RX  <- B] bucket=21743  peer_BL=[]  my_BL=[]
[03:10:08] HOP bucket=21744 L5 active=wlan0 ch9  | prep wlan1 ch7  | BL=[]
[TX  ->  *] bucket=21744 L5 active=wlan0 ch9  BL=[]
[RX  <- B] bucket=21744  peer_BL=[]  my_BL=[]
[03:10:10] HOP bucket=21745 L5 active=wlan1 ch7  | prep wlan0 ch5  | BL=[]
[TX  ->  *] bucket=21745 L5 active=wlan1 ch7  BL=[]
[RX  <- B] bucket=21745  peer_BL=[]  my_BL=[]
[03:10:12] HOP bucket=21746 L5 active=wlan0 ch5  | prep wlan1 ch9  | BL=[]
[TX  ->  *] bucket=21746 L5 active=wlan0 ch5  BL=[]
[RX  <- B] bucket=21746  peer_BL=[]  my_BL=[]
[03:10:14] HOP bucket=21747 L5 active=wlan1 ch9  | prep wlan0 ch5  | BL=[]
[TX  ->  *] bucket=21747 L5 active=wlan1 ch9  BL=[]
[RX  <- B] bucket=21747  peer_BL=[]  my_BL=[]
[03:10:16] HOP bucket=21748 L5 active=wlan0 ch5  | prep wlan1 ch11  | BL=[]
[TX  ->  *] bucket=21748 L5 active=wlan0 ch5  BL=[]
[RX  <- B] bucket=21748  peer_BL=[]  my_BL=[]
[03:10:18] HOP bucket=21749 L5 active=wlan1 ch11  | prep wlan0 ch3  | BL=[]
[TX  ->  *] bucket=21749 L5 active=wlan1 ch11  BL=[]
[RX  <- B] bucket=21749  peer_BL=[]  my_BL=[]
[03:10:20] HOP bucket=21750 L5 active=wlan0 ch3  | prep wlan1 ch3  | BL=[]
[TX  ->  *] bucket=21750 L5 active=wlan0 ch3  BL=[]
[RX  <- B] bucket=21750  peer_BL=[]  my_BL=[]
[03:10:22] HOP bucket=21751 L5 active=wlan1 ch3  | prep wlan0 ch5  | BL=[]
[RX  <- B] bucket=21751  peer_BL=[]  my_BL=[]
[TX  ->  *] bucket=21751 L5 active=wlan1 ch3  BL=[]
[03:10:24] HOP bucket=21752 L5 active=wlan0 ch5  | prep wlan1 ch8  | BL=[]
[RX  <- B] bucket=21752  peer_BL=[]  my_BL=[]
[TX  ->  *] bucket=21752 L5 active=wlan0 ch5  BL=[]
[03:10:26] HOP bucket=21753 L5 active=wlan1 ch8  | prep wlan0 ch9  | BL=[]
[RX  <- B] bucket=21753  peer_BL=[]  my_BL=[]
[TX  ->  *] bucket=21753 L5 active=wlan1 ch8  BL=[]
[03:10:28] HOP bucket=21754 L5 active=wlan0 ch9  | prep wlan1 ch6  | BL=[]
[RX  <- B] bucket=21754  peer_BL=[]  my_BL=[]
[TX  ->  *] bucket=21754 L5 active=wlan0 ch9  BL=[]
[03:10:30] HOP bucket=21755 L5 active=wlan1 ch6  | prep wlan0 ch3  | BL=[]
[RX  <- B] bucket=21755  peer_BL=[]  my_BL=[]
[TX  ->  *] bucket=21755 L5 active=wlan1 ch6  BL=[]
[03:10:32] HOP bucket=21756 L5 active=wlan0 ch3  | prep wlan1 ch8  | BL=[]
[TX  ->  *] bucket=21756 L5 active=wlan0 ch3  BL=[]
[RX  <- B] bucket=21756  peer_BL=[]  my_BL=[]
[03:10:34] HOP bucket=21757 L5 active=wlan1 ch8  | prep wlan0 ch9  | BL=[]
[TX  ->  *] bucket=21757 L5 active=wlan1 ch8  BL=[]
[RX  <- B] bucket=21757  peer_BL=[]  my_BL=[]
[03:10:36] HOP bucket=21758 L5 active=wlan0 ch9  | prep wlan1 ch3  | BL=[]
[TX  ->  *] bucket=21758 L5 active=wlan0 ch9  BL=[]
[RX  <- B] bucket=21758  peer_BL=[]  my_BL=[]
[03:10:38] HOP bucket=21759 L5 active=wlan1 ch3  | prep wlan0 ch5  | BL=[]
[RX  <- B] bucket=21759  peer_BL=[]  my_BL=[]
[TX  ->  *] bucket=21759 L5 active=wlan1 ch3  BL=[]
[03:10:40] HOP bucket=21760 L5 active=wlan0 ch5  | prep wlan1 ch10  | BL=[]
[RX  <- B] bucket=21760  peer_BL=[]  my_BL=[]
[TX  ->  *] bucket=21760 L5 active=wlan0 ch5  BL=[]
[03:10:42] HOP bucket=21761 L5 active=wlan1 ch10  | prep wlan0 ch9  | BL=[]
[TX  ->  *] bucket=21761 L5 active=wlan1 ch10  BL=[]
[RX  <- B] bucket=21761  peer_BL=[]  my_BL=[]
[03:10:44] HOP bucket=21762 L5 active=wlan0 ch9  | prep wlan1 ch6  | BL=[]
[TX  ->  *] bucket=21762 L5 active=wlan0 ch9  BL=[]
[RX  <- B] bucket=21762  peer_BL=[]  my_BL=[]
[03:10:46] HOP bucket=21763 L5 active=wlan1 ch6  | prep wlan0 ch3  | BL=[]
[TX  ->  *] bucket=21763 L5 active=wlan1 ch6  BL=[]
[RX  <- B] bucket=21763  peer_BL=[]  my_BL=[]
[03:10:48] HOP bucket=21764 L5 active=wlan0 ch3  | prep wlan1 ch4  | BL=[]
[TX  ->  *] bucket=21764 L5 active=wlan0 ch3  BL=[]
[RX  <- B] bucket=21764  peer_BL=[]  my_BL=[]
[03:10:50] HOP bucket=21765 L5 active=wlan1 ch4  | prep wlan0 ch4  | BL=[]
[TX  ->  *] bucket=21765 L5 active=wlan1 ch4  BL=[]
[RX  <- B] bucket=21765  peer_BL=[]  my_BL=[]
[03:10:52] HOP bucket=21766 L5 active=wlan0 ch4  | prep wlan1 ch8  | BL=[]
[TX  ->  *] bucket=21766 L5 active=wlan0 ch4  BL=[]
[RX  <- B] bucket=21766  peer_BL=[]  my_BL=[]
[03:10:54] HOP bucket=21767 L5 active=wlan1 ch8  | prep wlan0 ch7  | BL=[]
[TX  ->  *] bucket=21767 L5 active=wlan1 ch8  BL=[]
[RX  <- B] bucket=21767  peer_BL=[]  my_BL=[]
[03:10:56] HOP bucket=21768 L5 active=wlan0 ch7  | prep wlan1 ch7  | BL=[]
[RX  <- B] bucket=21768  peer_BL=[]  my_BL=[]
[TX  ->  *] bucket=21768 L5 active=wlan0 ch7  BL=[]
[03:10:58] HOP bucket=21769 L5 active=wlan1 ch7  | prep wlan0 ch6  | BL=[]
[RX  <- B] bucket=21769  peer_BL=[]  my_BL=[]
[TX  ->  *] bucket=21769 L5 active=wlan1 ch7  BL=[]
[03:11:00] HOP bucket=21770 L5 active=wlan0 ch6  | prep wlan1 ch7  | BL=[]
[TX  ->  *] bucket=21770 L5 active=wlan0 ch6  BL=[]
[RX  <- B] bucket=21770  peer_BL=[]  my_BL=[]
[03:11:02] HOP bucket=21771 L5 active=wlan1 ch7  | prep wlan0 ch9  | BL=[]
[TX  ->  *] bucket=21771 L5 active=wlan1 ch7  BL=[]
[RX  <- B] bucket=21771  peer_BL=[]  my_BL=[]
[03:11:04] HOP bucket=21772 L5 active=wlan0 ch9  | prep wlan1 ch11  | BL=[]
[TX  ->  *] bucket=21772 L5 active=wlan0 ch9  BL=[]
[RX  <- B] bucket=21772  peer_BL=[]  my_BL=[]
[03:11:06] HOP bucket=21773 L5 active=wlan1 ch11  | prep wlan0 ch9  | BL=[]
[TX  ->  *] bucket=21773 L5 active=wlan1 ch11  BL=[]
[RX  <- B] bucket=21773  peer_BL=[]  my_BL=[]
[03:11:08] HOP bucket=21774 L5 active=wlan0 ch9  | prep wlan1 ch6  | BL=[]
[TX  ->  *] bucket=21774 L5 active=wlan0 ch9  BL=[]
[RX  <- B] bucket=21774  peer_BL=[]  my_BL=[]
[03:11:10] HOP bucket=21775 L5 active=wlan1 ch6  | prep wlan0 ch4  | BL=[]
[TX  ->  *] bucket=21775 L5 active=wlan1 ch6  BL=[]
[RX  <- B] bucket=21775  peer_BL=[]  my_BL=[]
[03:11:12] HOP bucket=21776 L5 active=wlan0 ch4  | prep wlan1 ch5  | BL=[]
[RX  <- B] bucket=21776  peer_BL=[]  my_BL=[]
[TX  ->  *] bucket=21776 L5 active=wlan0 ch4  BL=[]
[03:11:14] HOP bucket=21777 L5 active=wlan1 ch5  | prep wlan0 ch9  | BL=[]
[RX  <- B] bucket=21777  peer_BL=[]  my_BL=[]
[TX  ->  *] bucket=21777 L5 active=wlan1 ch5  BL=[]
[03:11:16] HOP bucket=21778 L5 active=wlan0 ch9  | prep wlan1 ch9  | BL=[]
[TX  ->  *] bucket=21778 L5 active=wlan0 ch9  BL=[]
[RX  <- B] bucket=21778  peer_BL=[]  my_BL=[]
[03:11:18] HOP bucket=21779 L5 active=wlan1 ch9  | prep wlan0 ch8  | BL=[]
[TX  ->  *] bucket=21779 L5 active=wlan1 ch9  BL=[]
[RX  <- B] bucket=21779  peer_BL=[]  my_BL=[]
[03:11:20] HOP bucket=21780 L5 active=wlan0 ch8  | prep wlan1 ch11  | BL=[]
[RX  <- B] bucket=21780  peer_BL=[]  my_BL=[]
[TX  ->  *] bucket=21780 L5 active=wlan0 ch8  BL=[]
[03:11:22] HOP bucket=21781 L5 active=wlan1 ch11  | prep wlan0 ch9  | BL=[]
[TX  ->  *] bucket=21781 L5 active=wlan1 ch11  BL=[]
[RX  <- B] bucket=21781  peer_BL=[]  my_BL=[]
[03:11:24] HOP bucket=21782 L5 active=wlan0 ch9  | prep wlan1 ch10  | BL=[]
[TX  ->  *] bucket=21782 L5 active=wlan0 ch9  BL=[]
[RX  <- B] bucket=21782  peer_BL=[]  my_BL=[]
[03:11:26] HOP bucket=21783 L5 active=wlan1 ch10  | prep wlan0 ch9  | BL=[]
[TX  ->  *] bucket=21783 L5 active=wlan1 ch10  BL=[]
[RX  <- B] bucket=21783  peer_BL=[]  my_BL=[]
[03:11:28] HOP bucket=21784 L5 active=wlan0 ch9  | prep wlan1 ch6  | BL=[]
[TX  ->  *] bucket=21784 L5 active=wlan0 ch9  BL=[]
[RX  <- B] bucket=21784  peer_BL=[]  my_BL=[]
[03:11:30] HOP bucket=21785 L5 active=wlan1 ch6  | prep wlan0 ch10  | BL=[]
[RX  <- B] bucket=21785  peer_BL=[]  my_BL=[]
[TX  ->  *] bucket=21785 L5 active=wlan1 ch6  BL=[]
[03:11:32] HOP bucket=21786 L5 active=wlan0 ch10  | prep wlan1 ch8  | BL=[]
[TX  ->  *] bucket=21786 L5 active=wlan0 ch10  BL=[]
[RX  <- B] bucket=21786  peer_BL=[]  my_BL=[]
[03:11:34] HOP bucket=21787 L5 active=wlan1 ch8  | prep wlan0 ch11  | BL=[]
[TX  ->  *] bucket=21787 L5 active=wlan1 ch8  BL=[]
[RX  <- B] bucket=21787  peer_BL=[]  my_BL=[]
[03:11:36] HOP bucket=21788 L5 active=wlan0 ch11  | prep wlan1 ch11  | BL=[]
[RX  <- B] bucket=21788  peer_BL=[]  my_BL=[]
[TX  ->  *] bucket=21788 L5 active=wlan0 ch11  BL=[]
[03:11:38] HOP bucket=21789 L5 active=wlan1 ch11  | prep wlan0 ch8  | BL=[]
[TX  ->  *] bucket=21789 L5 active=wlan1 ch11  BL=[]
[RX  <- B] bucket=21789  peer_BL=[]  my_BL=[]
[03:11:40] HOP bucket=21790 L5 active=wlan0 ch8  | prep wlan1 ch11  | BL=[]
[TX  ->  *] bucket=21790 L5 active=wlan0 ch8  BL=[]
[RX  <- B] bucket=21790  peer_BL=[]  my_BL=[]
[03:11:42] HOP bucket=21791 L5 active=wlan1 ch11  | prep wlan0 ch5  | BL=[]
[RX  <- B] bucket=21791  peer_BL=[]  my_BL=[]
[TX  ->  *] bucket=21791 L5 active=wlan1 ch11  BL=[]
[03:11:44] HOP bucket=21792 L5 active=wlan0 ch5  | prep wlan1 ch9  | BL=[]
[RX  <- B] bucket=21792  peer_BL=[]  my_BL=[]
[TX  ->  *] bucket=21792 L5 active=wlan0 ch5  BL=[]
[03:11:46] HOP bucket=21793 L5 active=wlan1 ch9  | prep wlan0 ch3  | BL=[]
[RX  <- B] bucket=21793  peer_BL=[]  my_BL=[]
[TX  ->  *] bucket=21793 L5 active=wlan1 ch9  BL=[]
[03:11:48] HOP bucket=21794 L5 active=wlan0 ch3  | prep wlan1 ch4  | BL=[]
[TX  ->  *] bucket=21794 L5 active=wlan0 ch3  BL=[]
[RX  <- B] bucket=21794  peer_BL=[]  my_BL=[]
[03:11:50] HOP bucket=21795 L5 active=wlan1 ch4  | prep wlan0 ch8  | BL=[]
[TX  ->  *] bucket=21795 L5 active=wlan1 ch4  BL=[]
[RX  <- B] bucket=21795  peer_BL=[]  my_BL=[]
[03:11:52] HOP bucket=21796 L5 active=wlan0 ch8  | prep wlan1 ch8  | BL=[]
[RX  <- B] bucket=21796  peer_BL=[]  my_BL=[]
[TX  ->  *] bucket=21796 L5 active=wlan0 ch8  BL=[]
[03:11:54] HOP bucket=21797 L5 active=wlan1 ch8  | prep wlan0 ch6  | BL=[]
[RX  <- B] bucket=21797  peer_BL=[]  my_BL=[]
[TX  ->  *] bucket=21797 L5 active=wlan1 ch8  BL=[]
[03:11:56] HOP bucket=21798 L5 active=wlan0 ch6  | prep wlan1 ch4  | BL=[]
[TX  ->  *] bucket=21798 L5 active=wlan0 ch6  BL=[]
[RX  <- B] bucket=21798  peer_BL=[]  my_BL=[]
[03:11:58] HOP bucket=21799 L5 active=wlan1 ch4  | prep wlan0 ch6  | BL=[]
[TX  ->  *] bucket=21799 L5 active=wlan1 ch4  BL=[]
[RX  <- B] bucket=21799  peer_BL=[]  my_BL=[]
[03:12:00] HOP bucket=21800 L5 active=wlan0 ch6  | prep wlan1 ch5  | BL=[]
[TX  ->  *] bucket=21800 L5 active=wlan0 ch6  BL=[]
[RX  <- B] bucket=21800  peer_BL=[]  my_BL=[]
[03:12:02] HOP bucket=21801 L5 active=wlan1 ch5  | prep wlan0 ch3  | BL=[]
[TX  ->  *] bucket=21801 L5 active=wlan1 ch5  BL=[]
[RX  <- B] bucket=21801  peer_BL=[]  my_BL=[]
[03:12:04] HOP bucket=21802 L5 active=wlan0 ch3  | prep wlan1 ch10  | BL=[]
[TX  ->  *] bucket=21802 L5 active=wlan0 ch3  BL=[]
[RX  <- B] bucket=21802  peer_BL=[]  my_BL=[]
[03:12:06] HOP bucket=21803 L5 active=wlan1 ch10  | prep wlan0 ch7  | BL=[]
[RX  <- B] bucket=21803  peer_BL=[]  my_BL=[]
[TX  ->  *] bucket=21803 L5 active=wlan1 ch10  BL=[]
[03:12:08] HOP bucket=21804 L5 active=wlan0 ch7  | prep wlan1 ch4  | BL=[]
[TX  ->  *] bucket=21804 L5 active=wlan0 ch7  BL=[]
[RX  <- B] bucket=21804  peer_BL=[]  my_BL=[]
[03:12:10] HOP bucket=21805 L5 active=wlan1 ch4  | prep wlan0 ch3  | BL=[]
[TX  ->  *] bucket=21805 L5 active=wlan1 ch4  BL=[]
[RX  <- B] bucket=21805  peer_BL=[]  my_BL=[]
[03:12:12] HOP bucket=21806 L5 active=wlan0 ch3  | prep wlan1 ch4  | BL=[]
[RX  <- B] bucket=21806  peer_BL=[]  my_BL=[]
[TX  ->  *] bucket=21806 L5 active=wlan0 ch3  BL=[]
[03:12:14] HOP bucket=21807 L5 active=wlan1 ch4  | prep wlan0 ch11  | BL=[]
[TX  ->  *] bucket=21807 L5 active=wlan1 ch4  BL=[]
[RX  <- B] bucket=21807  peer_BL=[]  my_BL=[]
[03:12:16] HOP bucket=21808 L5 active=wlan0 ch11  | prep wlan1 ch7  | BL=[]
[RX  <- B] bucket=21808  peer_BL=[]  my_BL=[]
[TX  ->  *] bucket=21808 L5 active=wlan0 ch11  BL=[]
[03:12:18] HOP bucket=21809 L5 active=wlan1 ch7  | prep wlan0 ch4  | BL=[]
[TX  ->  *] bucket=21809 L5 active=wlan1 ch7  BL=[]
[RX  <- B] bucket=21809  peer_BL=[]  my_BL=[]
[03:12:20] HOP bucket=21810 L5 active=wlan0 ch4  | prep wlan1 ch11  | BL=[]
[TX  ->  *] bucket=21810 L5 active=wlan0 ch4  BL=[]
[RX  <- B] bucket=21810  peer_BL=[]  my_BL=[]
[03:12:22] HOP bucket=21811 L5 active=wlan1 ch11  | prep wlan0 ch7  | BL=[]
[TX  ->  *] bucket=21811 L5 active=wlan1 ch11  BL=[]
[RX  <- B] bucket=21811  peer_BL=[]  my_BL=[]
[03:12:24] HOP bucket=21812 L5 active=wlan0 ch7  | prep wlan1 ch8  | BL=[]
[TX  ->  *] bucket=21812 L5 active=wlan0 ch7  BL=[]
[RX  <- B] bucket=21812  peer_BL=[]  my_BL=[]
[03:12:26] HOP bucket=21813 L5 active=wlan1 ch8  | prep wlan0 ch7  | BL=[]
[TX  ->  *] bucket=21813 L5 active=wlan1 ch8  BL=[]
[RX  <- B] bucket=21813  peer_BL=[]  my_BL=[]
[03:12:28] HOP bucket=21814 L5 active=wlan0 ch7  | prep wlan1 ch4  | BL=[]
[TX  ->  *] bucket=21814 L5 active=wlan0 ch7  BL=[]
[RX  <- B] bucket=21814  peer_BL=[]  my_BL=[]
[03:12:30] HOP bucket=21815 L5 active=wlan1 ch4  | prep wlan0 ch3  | BL=[]
[TX  ->  *] bucket=21815 L5 active=wlan1 ch4  BL=[]
[RX  <- B] bucket=21815  peer_BL=[]  my_BL=[]
[03:12:32] HOP bucket=21816 L5 active=wlan0 ch3  | prep wlan1 ch5  | BL=[]
[TX  ->  *] bucket=21816 L5 active=wlan0 ch3  BL=[]
[RX  <- B] bucket=21816  peer_BL=[]  my_BL=[]
[03:12:34] HOP bucket=21817 L5 active=wlan1 ch5  | prep wlan0 ch5  | BL=[]
[TX  ->  *] bucket=21817 L5 active=wlan1 ch5  BL=[]
[RX  <- B] bucket=21817  peer_BL=[]  my_BL=[]
[03:12:36] HOP bucket=21818 L5 active=wlan0 ch5  | prep wlan1 ch10  | BL=[]
[TX  ->  *] bucket=21818 L5 active=wlan0 ch5  BL=[]
[03:12:38] HOP bucket=21819 L5 active=wlan1 ch10  | prep wlan0 ch4  | BL=[]
[TX  ->  *] bucket=21819 L5 active=wlan1 ch10  BL=[]
[RX  <- B] bucket=21819  peer_BL=[]  my_BL=[]
[03:12:40] HOP bucket=21820 L5 active=wlan0 ch4  | prep wlan1 ch9  | BL=[]
[TX  ->  *] bucket=21820 L5 active=wlan0 ch4  BL=[]
[RX  <- B] bucket=21820  peer_BL=[]  my_BL=[]
[03:12:42] HOP bucket=21821 L5 active=wlan1 ch9  | prep wlan0 ch3  | BL=[]
[RX  <- B] bucket=21821  peer_BL=[]  my_BL=[]
[TX  ->  *] bucket=21821 L5 active=wlan1 ch9  BL=[]
[03:12:44] HOP bucket=21822 L5 active=wlan0 ch3  | prep wlan1 ch6  | BL=[]
[TX  ->  *] bucket=21822 L5 active=wlan0 ch3  BL=[]
[RX  <- B] bucket=21822  peer_BL=[]  my_BL=[]
[03:12:46] HOP bucket=21823 L5 active=wlan1 ch6  | prep wlan0 ch5  | BL=[]
[RX  <- B] bucket=21823  peer_BL=[]  my_BL=[]
[TX  ->  *] bucket=21823 L5 active=wlan1 ch6  BL=[]
[03:12:48] HOP bucket=21824 L5 active=wlan0 ch5  | prep wlan1 ch5  | BL=[]
[TX  ->  *] bucket=21824 L5 active=wlan0 ch5  BL=[]
[RX  <- B] bucket=21824  peer_BL=[]  my_BL=[]
[03:12:50] HOP bucket=21825 L5 active=wlan1 ch5  | prep wlan0 ch11  | BL=[]
[TX  ->  *] bucket=21825 L5 active=wlan1 ch5  BL=[]
[RX  <- B] bucket=21825  peer_BL=[]  my_BL=[]
[03:12:52] HOP bucket=21826 L5 active=wlan0 ch11  | prep wlan1 ch4  | BL=[]
[RX  <- B] bucket=21826  peer_BL=[]  my_BL=[]
[TX  ->  *] bucket=21826 L5 active=wlan0 ch11  BL=[]
[03:12:54] HOP bucket=21827 L5 active=wlan1 ch4  | prep wlan0 ch7  | BL=[]
[TX  ->  *] bucket=21827 L5 active=wlan1 ch4  BL=[]
[RX  <- B] bucket=21827  peer_BL=[]  my_BL=[]
[03:12:56] HOP bucket=21828 L5 active=wlan0 ch7  | prep wlan1 ch8  | BL=[]
[RX  <- B] bucket=21828  peer_BL=[]  my_BL=[]
[TX  ->  *] bucket=21828 L5 active=wlan0 ch7  BL=[]
[03:12:58] HOP bucket=21829 L5 active=wlan1 ch8  | prep wlan0 ch7  | BL=[]
[RX  <- B] bucket=21829  peer_BL=[]  my_BL=[]
[TX  ->  *] bucket=21829 L5 active=wlan1 ch8  BL=[]
[03:13:00] HOP bucket=21830 L5 active=wlan0 ch7  | prep wlan1 ch4  | BL=[]
[TX  ->  *] bucket=21830 L5 active=wlan0 ch7  BL=[]
[RX  <- B] bucket=21830  peer_BL=[]  my_BL=[]
[03:13:02] HOP bucket=21831 L5 active=wlan1 ch4  | prep wlan0 ch8  | BL=[]
[TX  ->  *] bucket=21831 L5 active=wlan1 ch4  BL=[]
[RX  <- B] bucket=21831  peer_BL=[]  my_BL=[]
[03:13:04] HOP bucket=21832 L5 active=wlan0 ch8  | prep wlan1 ch11  | BL=[]
[RX  <- B] bucket=21832  peer_BL=[]  my_BL=[]
[TX  ->  *] bucket=21832 L5 active=wlan0 ch8  BL=[]
[03:13:06] HOP bucket=21833 L5 active=wlan1 ch11  | prep wlan0 ch10  | BL=[]
[TX  ->  *] bucket=21833 L5 active=wlan1 ch11  BL=[]
[RX  <- B] bucket=21833  peer_BL=[]  my_BL=[]
[03:13:08] HOP bucket=21834 L5 active=wlan0 ch10  | prep wlan1 ch4  | BL=[]
[TX  ->  *] bucket=21834 L5 active=wlan0 ch10  BL=[]
[RX  <- B] bucket=21834  peer_BL=[]  my_BL=[]
[03:13:10] HOP bucket=21835 L5 active=wlan1 ch4  | prep wlan0 ch9  | BL=[]
[TX  ->  *] bucket=21835 L5 active=wlan1 ch4  BL=[]
[RX  <- B] bucket=21835  peer_BL=[]  my_BL=[]
[03:13:12] HOP bucket=21836 L5 active=wlan0 ch9  | prep wlan1 ch9  | BL=[]
[RX  <- B] bucket=21836  peer_BL=[]  my_BL=[]
[TX  ->  *] bucket=21836 L5 active=wlan0 ch9  BL=[]
[03:13:14] HOP bucket=21837 L5 active=wlan1 ch9  | prep wlan0 ch5  | BL=[]
[TX  ->  *] bucket=21837 L5 active=wlan1 ch9  BL=[]
[RX  <- B] bucket=21837  peer_BL=[]  my_BL=[]
[03:13:16] HOP bucket=21838 L5 active=wlan0 ch5  | prep wlan1 ch8  | BL=[]
[RX  <- B] bucket=21838  peer_BL=[]  my_BL=[]
[TX  ->  *] bucket=21838 L5 active=wlan0 ch5  BL=[]
[03:13:18] HOP bucket=21839 L5 active=wlan1 ch8  | prep wlan0 ch8  | BL=[]
[RX  <- B] bucket=21839  peer_BL=[]  my_BL=[]
[TX  ->  *] bucket=21839 L5 active=wlan1 ch8  BL=[]
[03:13:20] HOP bucket=21840 L5 active=wlan0 ch8  | prep wlan1 ch5  | BL=[]
[TX  ->  *] bucket=21840 L5 active=wlan0 ch8  BL=[]
[RX  <- B] bucket=21840  peer_BL=[]  my_BL=[]
[03:13:22] HOP bucket=21841 L5 active=wlan1 ch5  | prep wlan0 ch5  | BL=[]
[TX  ->  *] bucket=21841 L5 active=wlan1 ch5  BL=[]
[RX  <- B] bucket=21841  peer_BL=[]  my_BL=[]
[03:13:24] HOP bucket=21842 L5 active=wlan0 ch5  | prep wlan1 ch9  | BL=[]
[TX  ->  *] bucket=21842 L5 active=wlan0 ch5  BL=[]
[RX  <- B] bucket=21842  peer_BL=[]  my_BL=[]
[03:13:26] HOP bucket=21843 L5 active=wlan1 ch9  | prep wlan0 ch6  | BL=[]
[TX  ->  *] bucket=21843 L5 active=wlan1 ch9  BL=[]
[RX  <- B] bucket=21843  peer_BL=[]  my_BL=[]
[03:13:28] HOP bucket=21844 L5 active=wlan0 ch6  | prep wlan1 ch7  | BL=[]
[RX  <- B] bucket=21844  peer_BL=[]  my_BL=[]
[TX  ->  *] bucket=21844 L5 active=wlan0 ch6  BL=[]
[03:13:30] HOP bucket=21845 L5 active=wlan1 ch7  | prep wlan0 ch5  | BL=[]
[RX  <- B] bucket=21845  peer_BL=[]  my_BL=[]
[TX  ->  *] bucket=21845 L5 active=wlan1 ch7  BL=[]
[03:13:32] HOP bucket=21846 L5 active=wlan0 ch5  | prep wlan1 ch5  | BL=[]
[RX  <- B] bucket=21846  peer_BL=[]  my_BL=[]
[TX  ->  *] bucket=21846 L5 active=wlan0 ch5  BL=[]
[03:13:34] HOP bucket=21847 L5 active=wlan1 ch5  | prep wlan0 ch10  | BL=[]
[TX  ->  *] bucket=21847 L5 active=wlan1 ch5  BL=[]
[RX  <- B] bucket=21847  peer_BL=[]  my_BL=[]
[03:13:36] HOP bucket=21848 L5 active=wlan0 ch10  | prep wlan1 ch7  | BL=[]
[TX  ->  *] bucket=21848 L5 active=wlan0 ch10  BL=[]
[RX  <- B] bucket=21848  peer_BL=[]  my_BL=[]
[03:13:38] HOP bucket=21849 L5 active=wlan1 ch7  | prep wlan0 ch5  | BL=[]
[RX  <- B] bucket=21849  peer_BL=[]  my_BL=[]
[TX  ->  *] bucket=21849 L5 active=wlan1 ch7  BL=[]
[03:13:40] HOP bucket=21850 L5 active=wlan0 ch5  | prep wlan1 ch9  | BL=[]
[RX  <- B] bucket=21850  peer_BL=[]  my_BL=[]
[TX  ->  *] bucket=21850 L5 active=wlan0 ch5  BL=[]
[03:13:42] HOP bucket=21851 L5 active=wlan1 ch9  | prep wlan0 ch11  | BL=[]
[RX  <- B] bucket=21851  peer_BL=[]  my_BL=[]
[TX  ->  *] bucket=21851 L5 active=wlan1 ch9  BL=[]
[03:13:44] HOP bucket=21852 L5 active=wlan0 ch11  | prep wlan1 ch8  | BL=[]
[RX  <- B] bucket=21852  peer_BL=[]  my_BL=[]
[TX  ->  *] bucket=21852 L5 active=wlan0 ch11  BL=[]
[03:13:46] HOP bucket=21853 L5 active=wlan1 ch8  | prep wlan0 ch4  | BL=[]
[RX  <- B] bucket=21853  peer_BL=[]  my_BL=[]
[TX  ->  *] bucket=21853 L5 active=wlan1 ch8  BL=[]
[03:13:48] HOP bucket=21854 L5 active=wlan0 ch4  | prep wlan1 ch3  | BL=[]
[RX  <- B] bucket=21854  peer_BL=[]  my_BL=[]
[TX  ->  *] bucket=21854 L5 active=wlan0 ch4  BL=[]
[03:13:50] HOP bucket=21855 L5 active=wlan1 ch3  | prep wlan0 ch4  | BL=[]
[RX  <- B] bucket=21855  peer_BL=[]  my_BL=[]
[TX  ->  *] bucket=21855 L5 active=wlan1 ch3  BL=[]
[03:13:52] HOP bucket=21856 L5 active=wlan0 ch4  | prep wlan1 ch8  | BL=[]
[RX  <- B] bucket=21856  peer_BL=[]  my_BL=[]
[TX  ->  *] bucket=21856 L5 active=wlan0 ch4  BL=[]
[03:13:54] HOP bucket=21857 L5 active=wlan1 ch8  | prep wlan0 ch3  | BL=[]
[RX  <- B] bucket=21857  peer_BL=[]  my_BL=[]
[TX  ->  *] bucket=21857 L5 active=wlan1 ch8  BL=[]
[03:13:56] HOP bucket=21858 L5 active=wlan0 ch3  | prep wlan1 ch6  | BL=[]
[RX  <- B] bucket=21858  peer_BL=[]  my_BL=[]
[TX  ->  *] bucket=21858 L5 active=wlan0 ch3  BL=[]
[03:13:58] HOP bucket=21859 L5 active=wlan1 ch6  | prep wlan0 ch9  | BL=[]
[TX  ->  *] bucket=21859 L5 active=wlan1 ch6  BL=[]
[RX  <- B] bucket=21859  peer_BL=[]  my_BL=[]
[03:14:00] HOP bucket=21860 L5 active=wlan0 ch9  | prep wlan1 ch7  | BL=[]
[TX  ->  *] bucket=21860 L5 active=wlan0 ch9  BL=[]
[RX  <- B] bucket=21860  peer_BL=[]  my_BL=[]
[03:14:02] HOP bucket=21861 L5 active=wlan1 ch7  | prep wlan0 ch4  | BL=[]
[TX  ->  *] bucket=21861 L5 active=wlan1 ch7  BL=[]
[RX  <- B] bucket=21861  peer_BL=[]  my_BL=[]
[03:14:04] HOP bucket=21862 L5 active=wlan0 ch4  | prep wlan1 ch7  | BL=[]
[TX  ->  *] bucket=21862 L5 active=wlan0 ch4  BL=[]
[RX  <- B] bucket=21862  peer_BL=[]  my_BL=[]
[03:14:06] HOP bucket=21863 L5 active=wlan1 ch7  | prep wlan0 ch8  | BL=[]
[TX  ->  *] bucket=21863 L5 active=wlan1 ch7  BL=[]
[RX  <- B] bucket=21863  peer_BL=[]  my_BL=[]
[03:14:08] HOP bucket=21864 L5 active=wlan0 ch8  | prep wlan1 ch5  | BL=[]
[TX  ->  *] bucket=21864 L5 active=wlan0 ch8  BL=[]
[RX  <- B] bucket=21864  peer_BL=[]  my_BL=[]