============================================================
 ARTCHO NODE — MODE=L2 — NODE_ID=A
============================================================
 Bucket duration : 2.0s
 TEST_EPOCH      : 1776799956.0
 BUCKET_EPOCH    : 1776717156.0
 sim offset      : 82800s  (23.00h)
 Use blacklist   : False
 Detect enabled  : False
 Dual radio      : True
============================================================

[WAIT] sleeping 16.0s until TEST_EPOCH...
[INIT] L2 cold-start (bucket=41400):
       active  wlan0 -> ch6 (2437 MHz)
       bg      wlan1 -> ch7 (2442 MHz)
       confirmed blacklist: []
[INIT] L2 cold-start complete.

[TX  ->  *] bucket=41400 L2 active=wlan0 ch6  BL=[]
[RX  <- B] bucket=41400  peer_BL=[]  my_BL=[]
[21:32:38] HOP bucket=41401 L2 active=wlan1 ch7  | prep wlan0 ch7  | BL=[]
[RX  <- B] bucket=41401  peer_BL=[]  my_BL=[]
[TX  ->  *] bucket=41401 L2 active=wlan1 ch7  BL=[]
[21:32:40] HOP bucket=41402 L2 active=wlan0 ch7  | prep wlan1 ch5  | BL=[]
[TX  ->  *] bucket=41402 L2 active=wlan0 ch7  BL=[]
[21:32:42] HOP bucket=41403 L2 active=wlan1 ch5  | prep wlan0 ch5  | BL=[]
[TX  ->  *] bucket=41403 L2 active=wlan1 ch5  BL=[]
[RX  <- B] bucket=41403  peer_BL=[]  my_BL=[]
[21:32:44] HOP bucket=41404 L2 active=wlan0 ch5  | prep wlan1 ch10  | BL=[]
[TX  ->  *] bucket=41404 L2 active=wlan0 ch5  BL=[]
[RX  <- B] bucket=41404  peer_BL=[]  my_BL=[]
[21:32:46] HOP bucket=41405 L2 active=wlan1 ch10  | prep wlan0 ch10  | BL=[]
[RX  <- B] bucket=41405  peer_BL=[]  my_BL=[]
[TX  ->  *] bucket=41405 L2 active=wlan1 ch10  BL=[]
[21:32:48] HOP bucket=41406 L2 active=wlan0 ch10  | prep wlan1 ch11  | BL=[]
[TX  ->  *] bucket=41406 L2 active=wlan0 ch10  BL=[]
[21:32:50] HOP bucket=41407 L2 active=wlan1 ch11  | prep wlan0 ch7  | BL=[]
[RX  <- B] bucket=41407  peer_BL=[]  my_BL=[]
[TX  ->  *] bucket=41407 L2 active=wlan1 ch11  BL=[]
[21:32:52] HOP bucket=41408 L2 active=wlan0 ch7  | prep wlan1 ch7  | BL=[]
[RX  <- B] bucket=41408  peer_BL=[]  my_BL=[]
[TX  ->  *] bucket=41408 L2 active=wlan0 ch7  BL=[]
[21:32:54] HOP bucket=41409 L2 active=wlan1 ch7  | prep wlan0 ch8  | BL=[]
[RX  <- B] bucket=41409  peer_BL=[]  my_BL=[]
[TX  ->  *] bucket=41409 L2 active=wlan1 ch7  BL=[]
[21:32:56] HOP bucket=41410 L2 active=wlan0 ch8  | prep wlan1 ch4  | BL=[]
[TX  ->  *] bucket=41410 L2 active=wlan0 ch8  BL=[]
[RX  <- B] bucket=41410  peer_BL=[]  my_BL=[]
[21:32:58] HOP bucket=41411 L2 active=wlan1 ch4  | prep wlan0 ch9  | BL=[]
[TX  ->  *] bucket=41411 L2 active=wlan1 ch4  BL=[]
[RX  <- B] bucket=41411  peer_BL=[]  my_BL=[]
[21:33:00] HOP bucket=41412 L2 active=wlan0 ch9  | prep wlan1 ch10  | BL=[]
[RX  <- B] bucket=41412  peer_BL=[]  my_BL=[]
[TX  ->  *] bucket=41412 L2 active=wlan0 ch9  BL=[]
[21:33:02] HOP bucket=41413 L2 active=wlan1 ch10  | prep wlan0 ch10  | BL=[]
[TX  ->  *] bucket=41413 L2 active=wlan1 ch10  BL=[]
[RX  <- B] bucket=41413  peer_BL=[]  my_BL=[]
[21:33:04] HOP bucket=41414 L2 active=wlan0 ch10  | prep wlan1 ch9  | BL=[]
[RX  <- B] bucket=41414  peer_BL=[]  my_BL=[]
[TX  ->  *] bucket=41414 L2 active=wlan0 ch10  BL=[]
[21:33:06] HOP bucket=41415 L2 active=wlan1 ch9  | prep wlan0 ch5  | BL=[]
[RX  <- B] bucket=41415  peer_BL=[]  my_BL=[]
[TX  ->  *] bucket=41415 L2 active=wlan1 ch9  BL=[]
[21:33:08] HOP bucket=41416 L2 active=wlan0 ch5  | prep wlan1 ch5  | BL=[]
[TX  ->  *] bucket=41416 L2 active=wlan0 ch5  BL=[]
[RX  <- B] bucket=41416  peer_BL=[]  my_BL=[]
[21:33:10] HOP bucket=41417 L2 active=wlan1 ch5  | prep wlan0 ch4  | BL=[]
[RX  <- B] bucket=41417  peer_BL=[]  my_BL=[]
[TX  ->  *] bucket=41417 L2 active=wlan1 ch5  BL=[]
[21:33:12] HOP bucket=41418 L2 active=wlan0 ch4  | prep wlan1 ch8  | BL=[]
[RX  <- B] bucket=41418  peer_BL=[]  my_BL=[]
[TX  ->  *] bucket=41418 L2 active=wlan0 ch4  BL=[]
[21:33:14] HOP bucket=41419 L2 active=wlan1 ch8  | prep wlan0 ch4  | BL=[]
[RX  <- B] bucket=41419  peer_BL=[]  my_BL=[]
[TX  ->  *] bucket=41419 L2 active=wlan1 ch8  BL=[]
[21:33:16] HOP bucket=41420 L2 active=wlan0 ch4  | prep wlan1 ch11  | BL=[]
[RX  <- B] bucket=41420  peer_BL=[]  my_BL=[]
[TX  ->  *] bucket=41420 L2 active=wlan0 ch4  BL=[]
[21:33:18] HOP bucket=41421 L2 active=wlan1 ch11  | prep wlan0 ch11  | BL=[]
[RX  <- B] bucket=41421  peer_BL=[]  my_BL=[]
[TX  ->  *] bucket=41421 L2 active=wlan1 ch11  BL=[]
[21:33:20] HOP bucket=41422 L2 active=wlan0 ch11  | prep wlan1 ch11  | BL=[]
[RX  <- B] bucket=41422  peer_BL=[]  my_BL=[]
[TX  ->  *] bucket=41422 L2 active=wlan0 ch11  BL=[]
[21:33:22] HOP bucket=41423 L2 active=wlan1 ch11  | prep wlan0 ch3  | BL=[]
[TX  ->  *] bucket=41423 L2 active=wlan1 ch11  BL=[]
[RX  <- B] bucket=41423  peer_BL=[]  my_BL=[]
[21:33:24] HOP bucket=41424 L2 active=wlan0 ch3  | prep wlan1 ch9  | BL=[]
[TX  ->  *] bucket=41424 L2 active=wlan0 ch3  BL=[]
[RX  <- B] bucket=41424  peer_BL=[]  my_BL=[]
[21:33:26] HOP bucket=41425 L2 active=wlan1 ch9  | prep wlan0 ch6  | BL=[]
[RX  <- B] bucket=41425  peer_BL=[]  my_BL=[]
[TX  ->  *] bucket=41425 L2 active=wlan1 ch9  BL=[]
[21:33:28] HOP bucket=41426 L2 active=wlan0 ch6  | prep wlan1 ch9  | BL=[]
[RX  <- B] bucket=41426  peer_BL=[]  my_BL=[]
[TX  ->  *] bucket=41426 L2 active=wlan0 ch6  BL=[]
[21:33:30] HOP bucket=41427 L2 active=wlan1 ch9  | prep wlan0 ch4  | BL=[]
[TX  ->  *] bucket=41427 L2 active=wlan1 ch9  BL=[]
[RX  <- B] bucket=41427  peer_BL=[]  my_BL=[]
[21:33:32] HOP bucket=41428 L2 active=wlan0 ch4  | prep wlan1 ch11  | BL=[]
[TX  ->  *] bucket=41428 L2 active=wlan0 ch4  BL=[]
[RX  <- B] bucket=41428  peer_BL=[]  my_BL=[]
[21:33:34] HOP bucket=41429 L2 active=wlan1 ch11  | prep wlan0 ch4  | BL=[]
[TX  ->  *] bucket=41429 L2 active=wlan1 ch11  BL=[]
[RX  <- B] bucket=41429  peer_BL=[]  my_BL=[]
[21:33:36] HOP bucket=41430 L2 active=wlan0 ch4  | prep wlan1 ch8  | BL=[]
[TX  ->  *] bucket=41430 L2 active=wlan0 ch4  BL=[]
[RX  <- B] bucket=41430  peer_BL=[]  my_BL=[]
[21:33:38] HOP bucket=41431 L2 active=wlan1 ch8  | prep wlan0 ch4  | BL=[]
[RX  <- B] bucket=41431  peer_BL=[]  my_BL=[]
[TX  ->  *] bucket=41431 L2 active=wlan1 ch8  BL=[]
[21:33:40] HOP bucket=41432 L2 active=wlan0 ch4  | prep wlan1 ch7  | BL=[]
[RX  <- B] bucket=41432  peer_BL=[]  my_BL=[]
[TX  ->  *] bucket=41432 L2 active=wlan0 ch4  BL=[]
[21:33:42] HOP bucket=41433 L2 active=wlan1 ch7  | prep wlan0 ch8  | BL=[]
[RX  <- B] bucket=41433  peer_BL=[]  my_BL=[]
[TX  ->  *] bucket=41433 L2 active=wlan1 ch7  BL=[]
[21:33:44] HOP bucket=41434 L2 active=wlan0 ch8  | prep wlan1 ch3  | BL=[]
[TX  ->  *] bucket=41434 L2 active=wlan0 ch8  BL=[]
[RX  <- B] bucket=41434  peer_BL=[]  my_BL=[]
[21:33:46] HOP bucket=41435 L2 active=wlan1 ch3  | prep wlan0 ch9  | BL=[]
[TX  ->  *] bucket=41435 L2 active=wlan1 ch3  BL=[]
[RX  <- B] bucket=41435  peer_BL=[]  my_BL=[]
[21:33:48] HOP bucket=41436 L2 active=wlan0 ch9  | prep wlan1 ch8  | BL=[]
[TX  ->  *] bucket=41436 L2 active=wlan0 ch9  BL=[]
[RX  <- B] bucket=41436  peer_BL=[]  my_BL=[]
[21:33:50] HOP bucket=41437 L2 active=wlan1 ch8  | prep wlan0 ch6  | BL=[]
[RX  <- B] bucket=41437  peer_BL=[]  my_BL=[]
[TX  ->  *] bucket=41437 L2 active=wlan1 ch8  BL=[]
[21:33:52] HOP bucket=41438 L2 active=wlan0 ch6  | prep wlan1 ch3  | BL=[]
[TX  ->  *] bucket=41438 L2 active=wlan0 ch6  BL=[]
[21:33:54] HOP bucket=41439 L2 active=wlan1 ch3  | prep wlan0 ch9  | BL=[]
[TX  ->  *] bucket=41439 L2 active=wlan1 ch3  BL=[]
[RX  <- B] bucket=41439  peer_BL=[]  my_BL=[]
[21:33:56] HOP bucket=41440 L2 active=wlan0 ch9  | prep wlan1 ch5  | BL=[]
[TX  ->  *] bucket=41440 L2 active=wlan0 ch9  BL=[]
[RX  <- B] bucket=41440  peer_BL=[]  my_BL=[]
[21:33:58] HOP bucket=41441 L2 active=wlan1 ch5  | prep wlan0 ch5  | BL=[]
[TX  ->  *] bucket=41441 L2 active=wlan1 ch5  BL=[]
[RX  <- B] bucket=41441  peer_BL=[]  my_BL=[]
[21:34:00] HOP bucket=41442 L2 active=wlan0 ch5  | prep wlan1 ch6  | BL=[]
[TX  ->  *] bucket=41442 L2 active=wlan0 ch5  BL=[]
[RX  <- B] bucket=41442  peer_BL=[]  my_BL=[]
[21:34:02] HOP bucket=41443 L2 active=wlan1 ch6  | prep wlan0 ch8  | BL=[]
[TX  ->  *] bucket=41443 L2 active=wlan1 ch6  BL=[]
[21:34:04] HOP bucket=41444 L2 active=wlan0 ch8  | prep wlan1 ch11  | BL=[]
[TX  ->  *] bucket=41444 L2 active=wlan0 ch8  BL=[]
[RX  <- B] bucket=41444  peer_BL=[]  my_BL=[]
[21:34:06] HOP bucket=41445 L2 active=wlan1 ch11  | prep wlan0 ch11  | BL=[]
[TX  ->  *] bucket=41445 L2 active=wlan1 ch11  BL=[]
[RX  <- B] bucket=41445  peer_BL=[]  my_BL=[]
[21:34:08] HOP bucket=41446 L2 active=wlan0 ch11  | prep wlan1 ch8  | BL=[]
[TX  ->  *] bucket=41446 L2 active=wlan0 ch11  BL=[]
[RX  <- B] bucket=41446  peer_BL=[]  my_BL=[]
[21:34:10] HOP bucket=41447 L2 active=wlan1 ch8  | prep wlan0 ch10  | BL=[]
[RX  <- B] bucket=41447  peer_BL=[]  my_BL=[]
[TX  ->  *] bucket=41447 L2 active=wlan1 ch8  BL=[]
[21:34:12] HOP bucket=41448 L2 active=wlan0 ch10  | prep wlan1 ch5  | BL=[]
[TX  ->  *] bucket=41448 L2 active=wlan0 ch10  BL=[]
[RX  <- B] bucket=41448  peer_BL=[]  my_BL=[]
[21:34:14] HOP bucket=41449 L2 active=wlan1 ch5  | prep wlan0 ch7  | BL=[]
[TX  ->  *] bucket=41449 L2 active=wlan1 ch5  BL=[]
[RX  <- B] bucket=41449  peer_BL=[]  my_BL=[]
[21:34:16] HOP bucket=41450 L2 active=wlan0 ch7  | prep wlan1 ch10  | BL=[]
[TX  ->  *] bucket=41450 L2 active=wlan0 ch7  BL=[]
[RX  <- B] bucket=41450  peer_BL=[]  my_BL=[]
[21:34:18] HOP bucket=41451 L2 active=wlan1 ch10  | prep wlan0 ch10  | BL=[]
[TX  ->  *] bucket=41451 L2 active=wlan1 ch10  BL=[]
[RX  <- B] bucket=41451  peer_BL=[]  my_BL=[]
[21:34:20] HOP bucket=41452 L2 active=wlan0 ch10  | prep wlan1 ch5  | BL=[]
[TX  ->  *] bucket=41452 L2 active=wlan0 ch10  BL=[]
[RX  <- B] bucket=41452  peer_BL=[]  my_BL=[]
[21:34:22] HOP bucket=41453 L2 active=wlan1 ch5  | prep wlan0 ch3  | BL=[]
[TX  ->  *] bucket=41453 L2 active=wlan1 ch5  BL=[]
[RX  <- B] bucket=41453  peer_BL=[]  my_BL=[]
[21:34:24] HOP bucket=41454 L2 active=wlan0 ch3  | prep wlan1 ch8  | BL=[]
[TX  ->  *] bucket=41454 L2 active=wlan0 ch3  BL=[]
[RX  <- B] bucket=41454  peer_BL=[]  my_BL=[]
[21:34:26] HOP bucket=41455 L2 active=wlan1 ch8  | prep wlan0 ch4  | BL=[]
[RX  <- B] bucket=41455  peer_BL=[]  my_BL=[]
[TX  ->  *] bucket=41455 L2 active=wlan1 ch8  BL=[]
[21:34:28] HOP bucket=41456 L2 active=wlan0 ch4  | prep wlan1 ch3  | BL=[]
[TX  ->  *] bucket=41456 L2 active=wlan0 ch4  BL=[]
[RX  <- B] bucket=41456  peer_BL=[]  my_BL=[]
[21:34:30] HOP bucket=41457 L2 active=wlan1 ch3  | prep wlan0 ch4  | BL=[]
[TX  ->  *] bucket=41457 L2 active=wlan1 ch3  BL=[]
[RX  <- B] bucket=41457  peer_BL=[]  my_BL=[]
[21:34:32] HOP bucket=41458 L2 active=wlan0 ch4  | prep wlan1 ch9  | BL=[]
[RX  <- B] bucket=41458  peer_BL=[]  my_BL=[]
[TX  ->  *] bucket=41458 L2 active=wlan0 ch4  BL=[]
[21:34:34] HOP bucket=41459 L2 active=wlan1 ch9  | prep wlan0 ch8  | BL=[]
[TX  ->  *] bucket=41459 L2 active=wlan1 ch9  BL=[]
[RX  <- B] bucket=41459  peer_BL=[]  my_BL=[]
[21:34:36] HOP bucket=41460 L2 active=wlan0 ch8  | prep wlan1 ch7  | BL=[]
[TX  ->  *] bucket=41460 L2 active=wlan0 ch8  BL=[]
[RX  <- B] bucket=41460  peer_BL=[]  my_BL=[]
[21:34:38] HOP bucket=41461 L2 active=wlan1 ch7  | prep wlan0 ch3  | BL=[]
[TX  ->  *] bucket=41461 L2 active=wlan1 ch7  BL=[]
[RX  <- B] bucket=41461  peer_BL=[]  my_BL=[]
[21:34:40] HOP bucket=41462 L2 active=wlan0 ch3  | prep wlan1 ch5  | BL=[]
[RX  <- B] bucket=41462  peer_BL=[]  my_BL=[]
[TX  ->  *] bucket=41462 L2 active=wlan0 ch3  BL=[]
[21:34:42] HOP bucket=41463 L2 active=wlan1 ch5  | prep wlan0 ch9  | BL=[]
[RX  <- B] bucket=41463  peer_BL=[]  my_BL=[]
[TX  ->  *] bucket=41463 L2 active=wlan1 ch5  BL=[]
[21:34:44] HOP bucket=41464 L2 active=wlan0 ch9  | prep wlan1 ch7  | BL=[]
[RX  <- B] bucket=41464  peer_BL=[]  my_BL=[]
[TX  ->  *] bucket=41464 L2 active=wlan0 ch9  BL=[]
[21:34:46] HOP bucket=41465 L2 active=wlan1 ch7  | prep wlan0 ch4  | BL=[]
[TX  ->  *] bucket=41465 L2 active=wlan1 ch7  BL=[]
[RX  <- B] bucket=41465  peer_BL=[]  my_BL=[]
[21:34:48] HOP bucket=41466 L2 active=wlan0 ch4  | prep wlan1 ch3  | BL=[]
[TX  ->  *] bucket=41466 L2 active=wlan0 ch4  BL=[]
[RX  <- B] bucket=41466  peer_BL=[]  my_BL=[]
[21:34:50] HOP bucket=41467 L2 active=wlan1 ch3  | prep wlan0 ch6  | BL=[]
[TX  ->  *] bucket=41467 L2 active=wlan1 ch3  BL=[]
[RX  <- B] bucket=41467  peer_BL=[]  my_BL=[]
[21:34:52] HOP bucket=41468 L2 active=wlan0 ch6  | prep wlan1 ch3  | BL=[]
[TX  ->  *] bucket=41468 L2 active=wlan0 ch6  BL=[]
[21:34:54] HOP bucket=41469 L2 active=wlan1 ch3  | prep wlan0 ch3  | BL=[]
[TX  ->  *] bucket=41469 L2 active=wlan1 ch3  BL=[]
[RX  <- B] bucket=41469  peer_BL=[]  my_BL=[]
[21:34:56] HOP bucket=41470 L2 active=wlan0 ch3  | prep wlan1 ch10  | BL=[]
[TX  ->  *] bucket=41470 L2 active=wlan0 ch3  BL=[]
[RX  <- B] bucket=41470  peer_BL=[]  my_BL=[]
[21:34:58] HOP bucket=41471 L2 active=wlan1 ch10  | prep wlan0 ch9  | BL=[]
[RX  <- B] bucket=41471  peer_BL=[]  my_BL=[]
[TX  ->  *] bucket=41471 L2 active=wlan1 ch10  BL=[]
[21:35:00] HOP bucket=41472 L2 active=wlan0 ch9  | prep wlan1 ch5  | BL=[]
[RX  <- B] bucket=41472  peer_BL=[]  my_BL=[]
[TX  ->  *] bucket=41472 L2 active=wlan0 ch9  BL=[]
[21:35:02] HOP bucket=41473 L2 active=wlan1 ch5  | prep wlan0 ch3  | BL=[]
[RX  <- B] bucket=41473  peer_BL=[]  my_BL=[]
[TX  ->  *] bucket=41473 L2 active=wlan1 ch5  BL=[]
[21:35:04] HOP bucket=41474 L2 active=wlan0 ch3  | prep wlan1 ch5  | BL=[]
[RX  <- B] bucket=41474  peer_BL=[]  my_BL=[]
[TX  ->  *] bucket=41474 L2 active=wlan0 ch3  BL=[]
[21:35:06] HOP bucket=41475 L2 active=wlan1 ch5  | prep wlan0 ch3  | BL=[]
[RX  <- B] bucket=41475  peer_BL=[]  my_BL=[]
[TX  ->  *] bucket=41475 L2 active=wlan1 ch5  BL=[]
[21:35:08] HOP bucket=41476 L2 active=wlan0 ch3  | prep wlan1 ch4  | BL=[]
[RX  <- B] bucket=41476  peer_BL=[]  my_BL=[]
[TX  ->  *] bucket=41476 L2 active=wlan0 ch3  BL=[]
[21:35:10] HOP bucket=41477 L2 active=wlan1 ch4  | prep wlan0 ch11  | BL=[]
[TX  ->  *] bucket=41477 L2 active=wlan1 ch4  BL=[]
[RX  <- B] bucket=41477  peer_BL=[]  my_BL=[]
[21:35:12] HOP bucket=41478 L2 active=wlan0 ch11  | prep wlan1 ch4  | BL=[]
[TX  ->  *] bucket=41478 L2 active=wlan0 ch11  BL=[]
[RX  <- B] bucket=41478  peer_BL=[]  my_BL=[]
[21:35:14] HOP bucket=41479 L2 active=wlan1 ch4  | prep wlan0 ch4  | BL=[]
[TX  ->  *] bucket=41479 L2 active=wlan1 ch4  BL=[]
[RX  <- B] bucket=41479  peer_BL=[]  my_BL=[]
[21:35:16] HOP bucket=41480 L2 active=wlan0 ch4  | prep wlan1 ch11  | BL=[]
[TX  ->  *] bucket=41480 L2 active=wlan0 ch4  BL=[]
[RX  <- B] bucket=41480  peer_BL=[]  my_BL=[]
[21:35:18] HOP bucket=41481 L2 active=wlan1 ch11  | prep wlan0 ch3  | BL=[]
[TX  ->  *] bucket=41481 L2 active=wlan1 ch11  BL=[]
[RX  <- B] bucket=41481  peer_BL=[]  my_BL=[]
[21:35:20] HOP bucket=41482 L2 active=wlan0 ch3  | prep wlan1 ch6  | BL=[]
[TX  ->  *] bucket=41482 L2 active=wlan0 ch3  BL=[]
[RX  <- B] bucket=41482  peer_BL=[]  my_BL=[]
[21:35:22] HOP bucket=41483 L2 active=wlan1 ch6  | prep wlan0 ch3  | BL=[]
[TX  ->  *] bucket=41483 L2 active=wlan1 ch6  BL=[]
[21:35:24] HOP bucket=41484 L2 active=wlan0 ch3  | prep wlan1 ch7  | BL=[]
[RX  <- B] bucket=41484  peer_BL=[]  my_BL=[]
[TX  ->  *] bucket=41484 L2 active=wlan0 ch3  BL=[]
[21:35:26] HOP bucket=41485 L2 active=wlan1 ch7  | prep wlan0 ch10  | BL=[]
[TX  ->  *] bucket=41485 L2 active=wlan1 ch7  BL=[]
[RX  <- B] bucket=41485  peer_BL=[]  my_BL=[]
[21:35:28] HOP bucket=41486 L2 active=wlan0 ch10  | prep wlan1 ch10  | BL=[]
[RX  <- B] bucket=41486  peer_BL=[]  my_BL=[]
[TX  ->  *] bucket=41486 L2 active=wlan0 ch10  BL=[]
[21:35:30] HOP bucket=41487 L2 active=wlan1 ch10  | prep wlan0 ch11  | BL=[]
[TX  ->  *] bucket=41487 L2 active=wlan1 ch10  BL=[]
[RX  <- B] bucket=41487  peer_BL=[]  my_BL=[]
[21:35:32] HOP bucket=41488 L2 active=wlan0 ch11  | prep wlan1 ch9  | BL=[]
[TX  ->  *] bucket=41488 L2 active=wlan0 ch11  BL=[]
[RX  <- B] bucket=41488  peer_BL=[]  my_BL=[]
[21:35:34] HOP bucket=41489 L2 active=wlan1 ch9  | prep wlan0 ch3  | BL=[]
[TX  ->  *] bucket=41489 L2 active=wlan1 ch9  BL=[]
[RX  <- B] bucket=41489  peer_BL=[]  my_BL=[]
[21:35:36] HOP bucket=41490 L2 active=wlan0 ch3  | prep wlan1 ch5  | BL=[]
[TX  ->  *] bucket=41490 L2 active=wlan0 ch3  BL=[]
[RX  <- B] bucket=41490  peer_BL=[]  my_BL=[]
[21:35:38] HOP bucket=41491 L2 active=wlan1 ch5  | prep wlan0 ch10  | BL=[]
[TX  ->  *] bucket=41491 L2 active=wlan1 ch5  BL=[]
[RX  <- B] bucket=41491  peer_BL=[]  my_BL=[]
[21:35:40] HOP bucket=41492 L2 active=wlan0 ch10  | prep wlan1 ch6  | BL=[]
[RX  <- B] bucket=41492  peer_BL=[]  my_BL=[]
[TX  ->  *] bucket=41492 L2 active=wlan0 ch10  BL=[]
[21:35:42] HOP bucket=41493 L2 active=wlan1 ch6  | prep wlan0 ch8  | BL=[]
[TX  ->  *] bucket=41493 L2 active=wlan1 ch6  BL=[]
[21:35:44] HOP bucket=41494 L2 active=wlan0 ch8  | prep wlan1 ch6  | BL=[]
[TX  ->  *] bucket=41494 L2 active=wlan0 ch8  BL=[]
[RX  <- B] bucket=41494  peer_BL=[]  my_BL=[]
[21:35:46] HOP bucket=41495 L2 active=wlan1 ch6  | prep wlan0 ch3  | BL=[]
[TX  ->  *] bucket=41495 L2 active=wlan1 ch6  BL=[]
[21:35:48] HOP bucket=41496 L2 active=wlan0 ch3  | prep wlan1 ch4  | BL=[]
[TX  ->  *] bucket=41496 L2 active=wlan0 ch3  BL=[]
[RX  <- B] bucket=41496  peer_BL=[]  my_BL=[]
[21:35:50] HOP bucket=41497 L2 active=wlan1 ch4  | prep wlan0 ch10  | BL=[]
[TX  ->  *] bucket=41497 L2 active=wlan1 ch4  BL=[]
[RX  <- B] bucket=41497  peer_BL=[]  my_BL=[]
[21:35:52] HOP bucket=41498 L2 active=wlan0 ch10  | prep wlan1 ch3  | BL=[]
[TX  ->  *] bucket=41498 L2 active=wlan0 ch10  BL=[]
[RX  <- B] bucket=41498  peer_BL=[]  my_BL=[]
[21:35:54] HOP bucket=41499 L2 active=wlan1 ch3  | prep wlan0 ch4  | BL=[]
[RX  <- B] bucket=41499  peer_BL=[]  my_BL=[]
[TX  ->  *] bucket=41499 L2 active=wlan1 ch3  BL=[]
[21:35:56] HOP bucket=41500 L2 active=wlan0 ch4  | prep wlan1 ch5  | BL=[]
[RX  <- B] bucket=41500  peer_BL=[]  my_BL=[]
[TX  ->  *] bucket=41500 L2 active=wlan0 ch4  BL=[]
[21:35:58] HOP bucket=41501 L2 active=wlan1 ch5  | prep wlan0 ch5  | BL=[]
[TX  ->  *] bucket=41501 L2 active=wlan1 ch5  BL=[]
[RX  <- B] bucket=41501  peer_BL=[]  my_BL=[]
[21:36:00] HOP bucket=41502 L2 active=wlan0 ch5  | prep wlan1 ch6  | BL=[]
[TX  ->  *] bucket=41502 L2 active=wlan0 ch5  BL=[]
[RX  <- B] bucket=41502  peer_BL=[]  my_BL=[]
[21:36:02] HOP bucket=41503 L2 active=wlan1 ch6  | prep wlan0 ch11  | BL=[]
[TX  ->  *] bucket=41503 L2 active=wlan1 ch6  BL=[]
[21:36:04] HOP bucket=41504 L2 active=wlan0 ch11  | prep wlan1 ch9  | BL=[]
[TX  ->  *] bucket=41504 L2 active=wlan0 ch11  BL=[]
[RX  <- B] bucket=41504  peer_BL=[]  my_BL=[]
[21:36:06] HOP bucket=41505 L2 active=wlan1 ch9  | prep wlan0 ch7  | BL=[]
[RX  <- B] bucket=41505  peer_BL=[]  my_BL=[]
[TX  ->  *] bucket=41505 L2 active=wlan1 ch9  BL=[]
[21:36:08] HOP bucket=41506 L2 active=wlan0 ch7  | prep wlan1 ch9  | BL=[]
[TX  ->  *] bucket=41506 L2 active=wlan0 ch7  BL=[]
[21:36:10] HOP bucket=41507 L2 active=wlan1 ch9  | prep wlan0 ch4  | BL=[]
[TX  ->  *] bucket=41507 L2 active=wlan1 ch9  BL=[]
[RX  <- B] bucket=41507  peer_BL=[]  my_BL=[]
[21:36:12] HOP bucket=41508 L2 active=wlan0 ch4  | prep wlan1 ch4  | BL=[]
[TX  ->  *] bucket=41508 L2 active=wlan0 ch4  BL=[]
[RX  <- B] bucket=41508  peer_BL=[]  my_BL=[]
[21:36:14] HOP bucket=41509 L2 active=wlan1 ch4  | prep wlan0 ch11  | BL=[]
[TX  ->  *] bucket=41509 L2 active=wlan1 ch4  BL=[]
[RX  <- B] bucket=41509  peer_BL=[]  my_BL=[]
[21:36:16] HOP bucket=41510 L2 active=wlan0 ch11  | prep wlan1 ch8  | BL=[]
[TX  ->  *] bucket=41510 L2 active=wlan0 ch11  BL=[]
[RX  <- B] bucket=41510  peer_BL=[]  my_BL=[]
[21:36:18] HOP bucket=41511 L2 active=wlan1 ch8  | prep wlan0 ch6  | BL=[]
[TX  ->  *] bucket=41511 L2 active=wlan1 ch8  BL=[]
[RX  <- B] bucket=41511  peer_BL=[]  my_BL=[]
[21:36:20] HOP bucket=41512 L2 active=wlan0 ch6  | prep wlan1 ch5  | BL=[]
[TX  ->  *] bucket=41512 L2 active=wlan0 ch6  BL=[]
[21:36:22] HOP bucket=41513 L2 active=wlan1 ch5  | prep wlan0 ch11  | BL=[]
[TX  ->  *] bucket=41513 L2 active=wlan1 ch5  BL=[]
[RX  <- B] bucket=41513  peer_BL=[]  my_BL=[]
[21:36:24] HOP bucket=41514 L2 active=wlan0 ch11  | prep wlan1 ch3  | BL=[]
[TX  ->  *] bucket=41514 L2 active=wlan0 ch11  BL=[]
[RX  <- B] bucket=41514  peer_BL=[]  my_BL=[]
[21:36:26] HOP bucket=41515 L2 active=wlan1 ch3  | prep wlan0 ch10  | BL=[]
[TX  ->  *] bucket=41515 L2 active=wlan1 ch3  BL=[]
[RX  <- B] bucket=41515  peer_BL=[]  my_BL=[]
[21:36:28] HOP bucket=41516 L2 active=wlan0 ch10  | prep wlan1 ch10  | BL=[]
[TX  ->  *] bucket=41516 L2 active=wlan0 ch10  BL=[]
[RX  <- B] bucket=41516  peer_BL=[]  my_BL=[]
[21:36:30] HOP bucket=41517 L2 active=wlan1 ch10  | prep wlan0 ch4  | BL=[]
[TX  ->  *] bucket=41517 L2 active=wlan1 ch10  BL=[]
[RX  <- B] bucket=41517  peer_BL=[]  my_BL=[]
[21:36:32] HOP bucket=41518 L2 active=wlan0 ch4  | prep wlan1 ch7  | BL=[]
[RX  <- B] bucket=41518  peer_BL=[]  my_BL=[]
[TX  ->  *] bucket=41518 L2 active=wlan0 ch4  BL=[]
[21:36:34] HOP bucket=41519 L2 active=wlan1 ch7  | prep wlan0 ch4  | BL=[]
[TX  ->  *] bucket=41519 L2 active=wlan1 ch7  BL=[]
[21:36:36] HOP bucket=41520 L2 active=wlan0 ch4  | prep wlan1 ch7  | BL=[]
[RX  <- B] bucket=41520  peer_BL=[]  my_BL=[]
[TX  ->  *] bucket=41520 L2 active=wlan0 ch4  BL=[]
[21:36:38] HOP bucket=41521 L2 active=wlan1 ch7  | prep wlan0 ch5  | BL=[]
[TX  ->  *] bucket=41521 L2 active=wlan1 ch7  BL=[]
[21:36:40] HOP bucket=41522 L2 active=wlan0 ch5  | prep wlan1 ch6  | BL=[]
[TX  ->  *] bucket=41522 L2 active=wlan0 ch5  BL=[]
[RX  <- B] bucket=41522  peer_BL=[]  my_BL=[]
[21:36:42] HOP bucket=41523 L2 active=wlan1 ch6  | prep wlan0 ch8  | BL=[]
[TX  ->  *] bucket=41523 L2 active=wlan1 ch6  BL=[]
[21:36:44] HOP bucket=41524 L2 active=wlan0 ch8  | prep wlan1 ch9  | BL=[]
[TX  ->  *] bucket=41524 L2 active=wlan0 ch8  BL=[]
[RX  <- B] bucket=41524  peer_BL=[]  my_BL=[]
[21:36:46] HOP bucket=41525 L2 active=wlan1 ch9  | prep wlan0 ch11  | BL=[]
[TX  ->  *] bucket=41525 L2 active=wlan1 ch9  BL=[]
[RX  <- B] bucket=41525  peer_BL=[]  my_BL=[]
[21:36:48] HOP bucket=41526 L2 active=wlan0 ch11  | prep wlan1 ch9  | BL=[]
[RX  <- B] bucket=41526  peer_BL=[]  my_BL=[]
[TX  ->  *] bucket=41526 L2 active=wlan0 ch11  BL=[]
[21:36:50] HOP bucket=41527 L2 active=wlan1 ch9  | prep wlan0 ch3  | BL=[]
[RX  <- B] bucket=41527  peer_BL=[]  my_BL=[]
[TX  ->  *] bucket=41527 L2 active=wlan1 ch9  BL=[]
[21:36:52] HOP bucket=41528 L2 active=wlan0 ch3  | prep wlan1 ch10  | BL=[]
[RX  <- B] bucket=41528  peer_BL=[]  my_BL=[]
[TX  ->  *] bucket=41528 L2 active=wlan0 ch3  BL=[]
[21:36:54] HOP bucket=41529 L2 active=wlan1 ch10  | prep wlan0 ch7  | BL=[]
[RX  <- B] bucket=41529  peer_BL=[]  my_BL=[]
[TX  ->  *] bucket=41529 L2 active=wlan1 ch10  BL=[]
[21:36:56] HOP bucket=41530 L2 active=wlan0 ch7  | prep wlan1 ch3  | BL=[]
[TX  ->  *] bucket=41530 L2 active=wlan0 ch7  BL=[]
[21:36:58] HOP bucket=41531 L2 active=wlan1 ch3  | prep wlan0 ch10  | BL=[]
[TX  ->  *] bucket=41531 L2 active=wlan1 ch3  BL=[]
[RX  <- B] bucket=41531  peer_BL=[]  my_BL=[]
[21:37:00] HOP bucket=41532 L2 active=wlan0 ch10  | prep wlan1 ch10  | BL=[]
[RX  <- B] bucket=41532  peer_BL=[]  my_BL=[]
[TX  ->  *] bucket=41532 L2 active=wlan0 ch10  BL=[]
[21:37:02] HOP bucket=41533 L2 active=wlan1 ch10  | prep wlan0 ch5  | BL=[]
[RX  <- B] bucket=41533  peer_BL=[]  my_BL=[]
[TX  ->  *] bucket=41533 L2 active=wlan1 ch10  BL=[]
[21:37:04] HOP bucket=41534 L2 active=wlan0 ch5  | prep wlan1 ch5  | BL=[]
[TX  ->  *] bucket=41534 L2 active=wlan0 ch5  BL=[]
[RX  <- B] bucket=41534  peer_BL=[]  my_BL=[]
[21:37:06] HOP bucket=41535 L2 active=wlan1 ch5  | prep wlan0 ch6  | BL=[]
[TX  ->  *] bucket=41535 L2 active=wlan1 ch5  BL=[]
[RX  <- B] bucket=41535  peer_BL=[]  my_BL=[]
[21:37:08] HOP bucket=41536 L2 active=wlan0 ch6  | prep wlan1 ch7  | BL=[]
[TX  ->  *] bucket=41536 L2 active=wlan0 ch6  BL=[]
[21:37:10] HOP bucket=41537 L2 active=wlan1 ch7  | prep wlan0 ch11  | BL=[]
[TX  ->  *] bucket=41537 L2 active=wlan1 ch7  BL=[]
[21:37:12] HOP bucket=41538 L2 active=wlan0 ch11  | prep wlan1 ch9  | BL=[]
[TX  ->  *] bucket=41538 L2 active=wlan0 ch11  BL=[]
[RX  <- B] bucket=41538  peer_BL=[]  my_BL=[]
[21:37:14] HOP bucket=41539 L2 active=wlan1 ch9  | prep wlan0 ch8  | BL=[]
[TX  ->  *] bucket=41539 L2 active=wlan1 ch9  BL=[]
[RX  <- B] bucket=41539  peer_BL=[]  my_BL=[]
[21:37:16] HOP bucket=41540 L2 active=wlan0 ch8  | prep wlan1 ch11  | BL=[]
[TX  ->  *] bucket=41540 L2 active=wlan0 ch8  BL=[]
[RX  <- B] bucket=41540  peer_BL=[]  my_BL=[]
[21:37:18] HOP bucket=41541 L2 active=wlan1 ch11  | prep wlan0 ch9  | BL=[]
[TX  ->  *] bucket=41541 L2 active=wlan1 ch11  BL=[]
[RX  <- B] bucket=41541  peer_BL=[]  my_BL=[]
[21:37:20] HOP bucket=41542 L2 active=wlan0 ch9  | prep wlan1 ch4  | BL=[]
[RX  <- B] bucket=41542  peer_BL=[]  my_BL=[]
[TX  ->  *] bucket=41542 L2 active=wlan0 ch9  BL=[]
[21:37:22] HOP bucket=41543 L2 active=wlan1 ch4  | prep wlan0 ch9  | BL=[]
[TX  ->  *] bucket=41543 L2 active=wlan1 ch4  BL=[]
[RX  <- B] bucket=41543  peer_BL=[]  my_BL=[]
[21:37:24] HOP bucket=41544 L2 active=wlan0 ch9  | prep wlan1 ch11  | BL=[]
[RX  <- B] bucket=41544  peer_BL=[]  my_BL=[]
[TX  ->  *] bucket=41544 L2 active=wlan0 ch9  BL=[]
[21:37:26] HOP bucket=41545 L2 active=wlan1 ch11  | prep wlan0 ch11  | BL=[]
[RX  <- B] bucket=41545  peer_BL=[]  my_BL=[]
[TX  ->  *] bucket=41545 L2 active=wlan1 ch11  BL=[]
[21:37:28] HOP bucket=41546 L2 active=wlan0 ch11  | prep wlan1 ch5  | BL=[]
[RX  <- B] bucket=41546  peer_BL=[]  my_BL=[]
[TX  ->  *] bucket=41546 L2 active=wlan0 ch11  BL=[]
[21:37:30] HOP bucket=41547 L2 active=wlan1 ch5  | prep wlan0 ch8  | BL=[]
[TX  ->  *] bucket=41547 L2 active=wlan1 ch5  BL=[]
[RX  <- B] bucket=41547  peer_BL=[]  my_BL=[]
[21:37:32] HOP bucket=41548 L2 active=wlan0 ch8  | prep wlan1 ch8  | BL=[]
[TX  ->  *] bucket=41548 L2 active=wlan0 ch8  BL=[]
[RX  <- B] bucket=41548  peer_BL=[]  my_BL=[]
[21:37:34] HOP bucket=41549 L2 active=wlan1 ch8  | prep wlan0 ch7  | BL=[]
[TX  ->  *] bucket=41549 L2 active=wlan1 ch8  BL=[]
[RX  <- B] bucket=41549  peer_BL=[]  my_BL=[]
[21:37:36] HOP bucket=41550 L2 active=wlan0 ch7  | prep wlan1 ch6  | BL=[]
[TX  ->  *] bucket=41550 L2 active=wlan0 ch7  BL=[]
[21:37:38] HOP bucket=41551 L2 active=wlan1 ch6  | prep wlan0 ch6  | BL=[]
[RX  <- B] bucket=41551  peer_BL=[]  my_BL=[]
[TX  ->  *] bucket=41551 L2 active=wlan1 ch6  BL=[]
[21:37:40] HOP bucket=41552 L2 active=wlan0 ch6  | prep wlan1 ch3  | BL=[]
[TX  ->  *] bucket=41552 L2 active=wlan0 ch6  BL=[]
[RX  <- B] bucket=41552  peer_BL=[]  my_BL=[]
[21:37:42] HOP bucket=41553 L2 active=wlan1 ch3  | prep wlan0 ch10  | BL=[]
[RX  <- B] bucket=41553  peer_BL=[]  my_BL=[]
[TX  ->  *] bucket=41553 L2 active=wlan1 ch3  BL=[]
[21:37:44] HOP bucket=41554 L2 active=wlan0 ch10  | prep wlan1 ch8  | BL=[]
[RX  <- B] bucket=41554  peer_BL=[]  my_BL=[]
[TX  ->  *] bucket=41554 L2 active=wlan0 ch10  BL=[]
[21:37:46] HOP bucket=41555 L2 active=wlan1 ch8  | prep wlan0 ch4  | BL=[]
[TX  ->  *] bucket=41555 L2 active=wlan1 ch8  BL=[]
[RX  <- B] bucket=41555  peer_BL=[]  my_BL=[]
[21:37:48] HOP bucket=41556 L2 active=wlan0 ch4  | prep wlan1 ch10  | BL=[]
[RX  <- B] bucket=41556  peer_BL=[]  my_BL=[]
[TX  ->  *] bucket=41556 L2 active=wlan0 ch4  BL=[]
[21:37:50] HOP bucket=41557 L2 active=wlan1 ch10  | prep wlan0 ch9  | BL=[]
[TX  ->  *] bucket=41557 L2 active=wlan1 ch10  BL=[]
[RX  <- B] bucket=41557  peer_BL=[]  my_BL=[]
[21:37:52] HOP bucket=41558 L2 active=wlan0 ch9  | prep wlan1 ch7  | BL=[]
[RX  <- B] bucket=41558  peer_BL=[]  my_BL=[]
[TX  ->  *] bucket=41558 L2 active=wlan0 ch9  BL=[]
[21:37:54] HOP bucket=41559 L2 active=wlan1 ch7  | prep wlan0 ch10  | BL=[]
[TX  ->  *] bucket=41559 L2 active=wlan1 ch7  BL=[]
[21:37:56] HOP bucket=41560 L2 active=wlan0 ch10  | prep wlan1 ch7  | BL=[]
[RX  <- B] bucket=41560  peer_BL=[]  my_BL=[]
[TX  ->  *] bucket=41560 L2 active=wlan0 ch10  BL=[]
[21:37:58] HOP bucket=41561 L2 active=wlan1 ch7  | prep wlan0 ch7  | BL=[]
[TX  ->  *] bucket=41561 L2 active=wlan1 ch7  BL=[]
[21:38:00] HOP bucket=41562 L2 active=wlan0 ch7  | prep wlan1 ch9  | BL=[]
[TX  ->  *] bucket=41562 L2 active=wlan0 ch7  BL=[]
[21:38:02] HOP bucket=41563 L2 active=wlan1 ch9  | prep wlan0 ch6  | BL=[]
[RX  <- B] bucket=41563  peer_BL=[]  my_BL=[]
[TX  ->  *] bucket=41563 L2 active=wlan1 ch9  BL=[]
[21:38:04] HOP bucket=41564 L2 active=wlan0 ch6  | prep wlan1 ch9  | BL=[]
[RX  <- B] bucket=41564  peer_BL=[]  my_BL=[]
[TX  ->  *] bucket=41564 L2 active=wlan0 ch6  BL=[]
[21:38:06] HOP bucket=41565 L2 active=wlan1 ch9  | prep wlan0 ch8  | BL=[]
[RX  <- B] bucket=41565  peer_BL=[]  my_BL=[]
[TX  ->  *] bucket=41565 L2 active=wlan1 ch9  BL=[]
[21:38:08] HOP bucket=41566 L2 active=wlan0 ch8  | prep wlan1 ch6  | BL=[]
[RX  <- B] bucket=41566  peer_BL=[]  my_BL=[]
[TX  ->  *] bucket=41566 L2 active=wlan0 ch8  BL=[]
[21:38:10] HOP bucket=41567 L2 active=wlan1 ch6  | prep wlan0 ch4  | BL=[]
[TX  ->  *] bucket=41567 L2 active=wlan1 ch6  BL=[]
[RX  <- B] bucket=41567  peer_BL=[]  my_BL=[]
[21:38:12] HOP bucket=41568 L2 active=wlan0 ch4  | prep wlan1 ch11  | BL=[]
[TX  ->  *] bucket=41568 L2 active=wlan0 ch4  BL=[]
[RX  <- B] bucket=41568  peer_BL=[]  my_BL=[]
[21:38:14] HOP bucket=41569 L2 active=wlan1 ch11  | prep wlan0 ch7  | BL=[]
[RX  <- B] bucket=41569  peer_BL=[]  my_BL=[]
[TX  ->  *] bucket=41569 L2 active=wlan1 ch11  BL=[]
[21:38:16] HOP bucket=41570 L2 active=wlan0 ch7  | prep wlan1 ch4  | BL=[]
[TX  ->  *] bucket=41570 L2 active=wlan0 ch7  BL=[]
[21:38:18] HOP bucket=41571 L2 active=wlan1 ch4  | prep wlan0 ch3  | BL=[]
[RX  <- B] bucket=41571  peer_BL=[]  my_BL=[]
[TX  ->  *] bucket=41571 L2 active=wlan1 ch4  BL=[]
[21:38:20] HOP bucket=41572 L2 active=wlan0 ch3  | prep wlan1 ch11  | BL=[]
[TX  ->  *] bucket=41572 L2 active=wlan0 ch3  BL=[]
[RX  <- B] bucket=41572  peer_BL=[]  my_BL=[]
[21:38:22] HOP bucket=41573 L2 active=wlan1 ch11  | prep wlan0 ch4  | BL=[]
[RX  <- B] bucket=41573  peer_BL=[]  my_BL=[]
[TX  ->  *] bucket=41573 L2 active=wlan1 ch11  BL=[]
[21:38:24] HOP bucket=41574 L2 active=wlan0 ch4  | prep wlan1 ch11  | BL=[]
[RX  <- B] bucket=41574  peer_BL=[]  my_BL=[]
[TX  ->  *] bucket=41574 L2 active=wlan0 ch4  BL=[]
[21:38:26] HOP bucket=41575 L2 active=wlan1 ch11  | prep wlan0 ch7  | BL=[]
[RX  <- B] bucket=41575  peer_BL=[]  my_BL=[]
[TX  ->  *] bucket=41575 L2 active=wlan1 ch11  BL=[]
[21:38:28] HOP bucket=41576 L2 active=wlan0 ch7  | prep wlan1 ch7  | BL=[]
[TX  ->  *] bucket=41576 L2 active=wlan0 ch7  BL=[]
[21:38:30] HOP bucket=41577 L2 active=wlan1 ch7  | prep wlan0 ch11  | BL=[]
[TX  ->  *] bucket=41577 L2 active=wlan1 ch7  BL=[]
[21:38:32] HOP bucket=41578 L2 active=wlan0 ch11  | prep wlan1 ch4  | BL=[]
[RX  <- B] bucket=41578  peer_BL=[]  my_BL=[]
[TX  ->  *] bucket=41578 L2 active=wlan0 ch11  BL=[]
[21:38:34] HOP bucket=41579 L2 active=wlan1 ch4  | prep wlan0 ch6  | BL=[]
[RX  <- B] bucket=41579  peer_BL=[]  my_BL=[]
[TX  ->  *] bucket=41579 L2 active=wlan1 ch4  BL=[]
[21:38:36] HOP bucket=41580 L2 active=wlan0 ch6  | prep wlan1 ch10  | BL=[]
[TX  ->  *] bucket=41580 L2 active=wlan0 ch6  BL=[]
[RX  <- B] bucket=41580  peer_BL=[]  my_BL=[]
[21:38:38] HOP bucket=41581 L2 active=wlan1 ch10  | prep wlan0 ch7  | BL=[]
[TX  ->  *] bucket=41581 L2 active=wlan1 ch10  BL=[]
[RX  <- B] bucket=41581  peer_BL=[]  my_BL=[]
[21:38:40] HOP bucket=41582 L2 active=wlan0 ch7  | prep wlan1 ch4  | BL=[]
[TX  ->  *] bucket=41582 L2 active=wlan0 ch7  BL=[]
[21:38:42] HOP bucket=41583 L2 active=wlan1 ch4  | prep wlan0 ch5  | BL=[]
[TX  ->  *] bucket=41583 L2 active=wlan1 ch4  BL=[]
[RX  <- B] bucket=41583  peer_BL=[]  my_BL=[]
[21:38:44] HOP bucket=41584 L2 active=wlan0 ch5  | prep wlan1 ch6  | BL=[]
[TX  ->  *] bucket=41584 L2 active=wlan0 ch5  BL=[]
[RX  <- B] bucket=41584  peer_BL=[]  my_BL=[]
[21:38:46] HOP bucket=41585 L2 active=wlan1 ch6  | prep wlan0 ch10  | BL=[]
[TX  ->  *] bucket=41585 L2 active=wlan1 ch6  BL=[]
[RX  <- B] bucket=41585  peer_BL=[]  my_BL=[]
[21:38:48] HOP bucket=41586 L2 active=wlan0 ch10  | prep wlan1 ch10  | BL=[]
[RX  <- B] bucket=41586  peer_BL=[]  my_BL=[]
[TX  ->  *] bucket=41586 L2 active=wlan0 ch10  BL=[]
[21:38:50] HOP bucket=41587 L2 active=wlan1 ch10  | prep wlan0 ch9  | BL=[]
[TX  ->  *] bucket=41587 L2 active=wlan1 ch10  BL=[]
[RX  <- B] bucket=41587  peer_BL=[]  my_BL=[]
[21:38:52] HOP bucket=41588 L2 active=wlan0 ch9  | prep wlan1 ch9  | BL=[]
[RX  <- B] bucket=41588  peer_BL=[]  my_BL=[]
[TX  ->  *] bucket=41588 L2 active=wlan0 ch9  BL=[]
[21:38:54] HOP bucket=41589 L2 active=wlan1 ch9  | prep wlan0 ch7  | BL=[]
[TX  ->  *] bucket=41589 L2 active=wlan1 ch9  BL=[]
[RX  <- B] bucket=41589  peer_BL=[]  my_BL=[]
[21:38:56] HOP bucket=41590 L2 active=wlan0 ch7  | prep wlan1 ch5  | BL=[]
[TX  ->  *] bucket=41590 L2 active=wlan0 ch7  BL=[]
[21:38:58] HOP bucket=41591 L2 active=wlan1 ch5  | prep wlan0 ch5  | BL=[]
[RX  <- B] bucket=41591  peer_BL=[]  my_BL=[]
[TX  ->  *] bucket=41591 L2 active=wlan1 ch5  BL=[]
[21:39:00] HOP bucket=41592 L2 active=wlan0 ch5  | prep wlan1 ch10  | BL=[]
[TX  ->  *] bucket=41592 L2 active=wlan0 ch5  BL=[]
[RX  <- B] bucket=41592  peer_BL=[]  my_BL=[]
[21:39:02] HOP bucket=41593 L2 active=wlan1 ch10  | prep wlan0 ch8  | BL=[]
[TX  ->  *] bucket=41593 L2 active=wlan1 ch10  BL=[]
[RX  <- B] bucket=41593  peer_BL=[]  my_BL=[]
[21:39:04] HOP bucket=41594 L2 active=wlan0 ch8  | prep wlan1 ch10  | BL=[]
[TX  ->  *] bucket=41594 L2 active=wlan0 ch8  BL=[]
[RX  <- B] bucket=41594  peer_BL=[]  my_BL=[]
[21:39:06] HOP bucket=41595 L2 active=wlan1 ch10  | prep wlan0 ch11  | BL=[]
[RX  <- B] bucket=41595  peer_BL=[]  my_BL=[]
[TX  ->  *] bucket=41595 L2 active=wlan1 ch10  BL=[]
[21:39:08] HOP bucket=41596 L2 active=wlan0 ch11  | prep wlan1 ch8  | BL=[]
[RX  <- B] bucket=41596  peer_BL=[]  my_BL=[]
[TX  ->  *] bucket=41596 L2 active=wlan0 ch11  BL=[]
[21:39:10] HOP bucket=41597 L2 active=wlan1 ch8  | prep wlan0 ch4  | BL=[]
[RX  <- B] bucket=41597  peer_BL=[]  my_BL=[]
[TX  ->  *] bucket=41597 L2 active=wlan1 ch8  BL=[]
[21:39:12] HOP bucket=41598 L2 active=wlan0 ch4  | prep wlan1 ch6  | BL=[]
[RX  <- B] bucket=41598  peer_BL=[]  my_BL=[]
[TX  ->  *] bucket=41598 L2 active=wlan0 ch4  BL=[]
[21:39:14] HOP bucket=41599 L2 active=wlan1 ch6  | prep wlan0 ch8  | BL=[]
[RX  <- B] bucket=41599  peer_BL=[]  my_BL=[]
[TX  ->  *] bucket=41599 L2 active=wlan1 ch6  BL=[]
[21:39:16] HOP bucket=41600 L2 active=wlan0 ch8  | prep wlan1 ch10  | BL=[]
[TX  ->  *] bucket=41600 L2 active=wlan0 ch8  BL=[]
[RX  <- B] bucket=41600  peer_BL=[]  my_BL=[]
[21:39:18] HOP bucket=41601 L2 active=wlan1 ch10  | prep wlan0 ch6  | BL=[]
[TX  ->  *] bucket=41601 L2 active=wlan1 ch10  BL=[]
[RX  <- B] bucket=41601  peer_BL=[]  my_BL=[]
[21:39:20] HOP bucket=41602 L2 active=wlan0 ch6  | prep wlan1 ch11  | BL=[]
[RX  <- B] bucket=41602  peer_BL=[]  my_BL=[]
[TX  ->  *] bucket=41602 L2 active=wlan0 ch6  BL=[]
[21:39:22] HOP bucket=41603 L2 active=wlan1 ch11  | prep wlan0 ch10  | BL=[]
[RX  <- B] bucket=41603  peer_BL=[]  my_BL=[]
[TX  ->  *] bucket=41603 L2 active=wlan1 ch11  BL=[]
[21:39:24] HOP bucket=41604 L2 active=wlan0 ch10  | prep wlan1 ch9  | BL=[]
[TX  ->  *] bucket=41604 L2 active=wlan0 ch10  BL=[]
[RX  <- B] bucket=41604  peer_BL=[]  my_BL=[]
[21:39:26] HOP bucket=41605 L2 active=wlan1 ch9  | prep wlan0 ch3  | BL=[]
[RX  <- B] bucket=41605  peer_BL=[]  my_BL=[]
[TX  ->  *] bucket=41605 L2 active=wlan1 ch9  BL=[]
[21:39:28] HOP bucket=41606 L2 active=wlan0 ch3  | prep wlan1 ch6  | BL=[]
[TX  ->  *] bucket=41606 L2 active=wlan0 ch3  BL=[]
[RX  <- B] bucket=41606  peer_BL=[]  my_BL=[]
[21:39:30] HOP bucket=41607 L2 active=wlan1 ch6  | prep wlan0 ch4  | BL=[]
[TX  ->  *] bucket=41607 L2 active=wlan1 ch6  BL=[]
[RX  <- B] bucket=41607  peer_BL=[]  my_BL=[]
[21:39:32] HOP bucket=41608 L2 active=wlan0 ch4  | prep wlan1 ch4  | BL=[]
[TX  ->  *] bucket=41608 L2 active=wlan0 ch4  BL=[]
[RX  <- B] bucket=41608  peer_BL=[]  my_BL=[]
[21:39:34] HOP bucket=41609 L2 active=wlan1 ch4  | prep wlan0 ch8  | BL=[]
[TX  ->  *] bucket=41609 L2 active=wlan1 ch4  BL=[]
[RX  <- B] bucket=41609  peer_BL=[]  my_BL=[]
[21:39:36] HOP bucket=41610 L2 active=wlan0 ch8  | prep wlan1 ch9  | BL=[]
[TX  ->  *] bucket=41610 L2 active=wlan0 ch8  BL=[]
[21:39:38] HOP bucket=41611 L2 active=wlan1 ch9  | prep wlan0 ch3  | BL=[]
[TX  ->  *] bucket=41611 L2 active=wlan1 ch9  BL=[]
[RX  <- B] bucket=41611  peer_BL=[]  my_BL=[]
[21:39:40] HOP bucket=41612 L2 active=wlan0 ch3  | prep wlan1 ch11  | BL=[]
[TX  ->  *] bucket=41612 L2 active=wlan0 ch3  BL=[]
[RX  <- B] bucket=41612  peer_BL=[]  my_BL=[]
[21:39:42] HOP bucket=41613 L2 active=wlan1 ch11  | prep wlan0 ch3  | BL=[]
[TX  ->  *] bucket=41613 L2 active=wlan1 ch11  BL=[]
[RX  <- B] bucket=41613  peer_BL=[]  my_BL=[]
[21:39:44] HOP bucket=41614 L2 active=wlan0 ch3  | prep wlan1 ch11  | BL=[]
[RX  <- B] bucket=41614  peer_BL=[]  my_BL=[]
[TX  ->  *] bucket=41614 L2 active=wlan0 ch3  BL=[]
[21:39:46] HOP bucket=41615 L2 active=wlan1 ch11  | prep wlan0 ch9  | BL=[]
[TX  ->  *] bucket=41615 L2 active=wlan1 ch11  BL=[]
[RX  <- B] bucket=41615  peer_BL=[]  my_BL=[]
[21:39:48] HOP bucket=41616 L2 active=wlan0 ch9  | prep wlan1 ch3  | BL=[]
[RX  <- B] bucket=41616  peer_BL=[]  my_BL=[]
[TX  ->  *] bucket=41616 L2 active=wlan0 ch9  BL=[]
[21:39:50] HOP bucket=41617 L2 active=wlan1 ch3  | prep wlan0 ch6  | BL=[]
[TX  ->  *] bucket=41617 L2 active=wlan1 ch3  BL=[]
[RX  <- B] bucket=41617  peer_BL=[]  my_BL=[]
[21:39:52] HOP bucket=41618 L2 active=wlan0 ch6  | prep wlan1 ch7  | BL=[]
[TX  ->  *] bucket=41618 L2 active=wlan0 ch6  BL=[]
[RX  <- B] bucket=41618  peer_BL=[]  my_BL=[]
[21:39:54] HOP bucket=41619 L2 active=wlan1 ch7  | prep wlan0 ch3  | BL=[]
[TX  ->  *] bucket=41619 L2 active=wlan1 ch7  BL=[]
[21:39:56] HOP bucket=41620 L2 active=wlan0 ch3  | prep wlan1 ch8  | BL=[]
[TX  ->  *] bucket=41620 L2 active=wlan0 ch3  BL=[]
[RX  <- B] bucket=41620  peer_BL=[]  my_BL=[]
[21:39:58] HOP bucket=41621 L2 active=wlan1 ch8  | prep wlan0 ch10  | BL=[]
[TX  ->  *] bucket=41621 L2 active=wlan1 ch8  BL=[]
[21:40:00] HOP bucket=41622 L2 active=wlan0 ch10  | prep wlan1 ch3  | BL=[]
[TX  ->  *] bucket=41622 L2 active=wlan0 ch10  BL=[]
[RX  <- B] bucket=41622  peer_BL=[]  my_BL=[]
[21:40:02] HOP bucket=41623 L2 active=wlan1 ch3  | prep wlan0 ch11  | BL=[]
[TX  ->  *] bucket=41623 L2 active=wlan1 ch3  BL=[]
[RX  <- B] bucket=41623  peer_BL=[]  my_BL=[]
[21:40:04] HOP bucket=41624 L2 active=wlan0 ch11  | prep wlan1 ch6  | BL=[]
[TX  ->  *] bucket=41624 L2 active=wlan0 ch11  BL=[]
[RX  <- B] bucket=41624  peer_BL=[]  my_BL=[]
[21:40:06] HOP bucket=41625 L2 active=wlan1 ch6  | prep wlan0 ch3  | BL=[]
[RX  <- B] bucket=41625  peer_BL=[]  my_BL=[]
[TX  ->  *] bucket=41625 L2 active=wlan1 ch6  BL=[]
[21:40:08] HOP bucket=41626 L2 active=wlan0 ch3  | prep wlan1 ch3  | BL=[]
[RX  <- B] bucket=41626  peer_BL=[]  my_BL=[]
[TX  ->  *] bucket=41626 L2 active=wlan0 ch3  BL=[]
[21:40:10] HOP bucket=41627 L2 active=wlan1 ch3  | prep wlan0 ch11  | BL=[]
[TX  ->  *] bucket=41627 L2 active=wlan1 ch3  BL=[]
[RX  <- B] bucket=41627  peer_BL=[]  my_BL=[]
[21:40:12] HOP bucket=41628 L2 active=wlan0 ch11  | prep wlan1 ch10  | BL=[]
[RX  <- B] bucket=41628  peer_BL=[]  my_BL=[]
[TX  ->  *] bucket=41628 L2 active=wlan0 ch11  BL=[]
[21:40:14] HOP bucket=41629 L2 active=wlan1 ch10  | prep wlan0 ch11  | BL=[]
[RX  <- B] bucket=41629  peer_BL=[]  my_BL=[]
[TX  ->  *] bucket=41629 L2 active=wlan1 ch10  BL=[]
[21:40:16] HOP bucket=41630 L2 active=wlan0 ch11  | prep wlan1 ch11  | BL=[]
[TX  ->  *] bucket=41630 L2 active=wlan0 ch11  BL=[]
[RX  <- B] bucket=41630  peer_BL=[]  my_BL=[]
[21:40:18] HOP bucket=41631 L2 active=wlan1 ch11  | prep wlan0 ch11  | BL=[]
[RX  <- B] bucket=41631  peer_BL=[]  my_BL=[]
[TX  ->  *] bucket=41631 L2 active=wlan1 ch11  BL=[]
[21:40:20] HOP bucket=41632 L2 active=wlan0 ch11  | prep wlan1 ch3  | BL=[]
[TX  ->  *] bucket=41632 L2 active=wlan0 ch11  BL=[]
[RX  <- B] bucket=41632  peer_BL=[]  my_BL=[]
[21:40:22] HOP bucket=41633 L2 active=wlan1 ch3  | prep wlan0 ch7  | BL=[]
[TX  ->  *] bucket=41633 L2 active=wlan1 ch3  BL=[]
[RX  <- B] bucket=41633  peer_BL=[]  my_BL=[]
[21:40:24] HOP bucket=41634 L2 active=wlan0 ch7  | prep wlan1 ch4  | BL=[]
[TX  ->  *] bucket=41634 L2 active=wlan0 ch7  BL=[]
[21:40:26] HOP bucket=41635 L2 active=wlan1 ch4  | prep wlan0 ch11  | BL=[]
[RX  <- B] bucket=41635  peer_BL=[]  my_BL=[]
[TX  ->  *] bucket=41635 L2 active=wlan1 ch4  BL=[]
[21:40:28] HOP bucket=41636 L2 active=wlan0 ch11  | prep wlan1 ch10  | BL=[]
[TX  ->  *] bucket=41636 L2 active=wlan0 ch11  BL=[]
[RX  <- B] bucket=41636  peer_BL=[]  my_BL=[]
[21:40:30] HOP bucket=41637 L2 active=wlan1 ch10  | prep wlan0 ch6  | BL=[]
[TX  ->  *] bucket=41637 L2 active=wlan1 ch10  BL=[]
[RX  <- B] bucket=41637  peer_BL=[]  my_BL=[]
[21:40:32] HOP bucket=41638 L2 active=wlan0 ch6  | prep wlan1 ch10  | BL=[]
[TX  ->  *] bucket=41638 L2 active=wlan0 ch6  BL=[]
[RX  <- B] bucket=41638  peer_BL=[]  my_BL=[]
[21:40:34] HOP bucket=41639 L2 active=wlan1 ch10  | prep wlan0 ch7  | BL=[]
[TX  ->  *] bucket=41639 L2 active=wlan1 ch10  BL=[]
[RX  <- B] bucket=41639  peer_BL=[]  my_BL=[]
[21:40:36] HOP bucket=41640 L2 active=wlan0 ch7  | prep wlan1 ch8  | BL=[]
[TX  ->  *] bucket=41640 L2 active=wlan0 ch7  BL=[]
[21:40:38] HOP bucket=41641 L2 active=wlan1 ch8  | prep wlan0 ch3  | BL=[]
[TX  ->  *] bucket=41641 L2 active=wlan1 ch8  BL=[]
[21:40:40] HOP bucket=41642 L2 active=wlan0 ch3  | prep wlan1 ch9  | BL=[]
[RX  <- B] bucket=41642  peer_BL=[]  my_BL=[]
[TX  ->  *] bucket=41642 L2 active=wlan0 ch3  BL=[]
[21:40:42] HOP bucket=41643 L2 active=wlan1 ch9  | prep wlan0 ch8  | BL=[]
[TX  ->  *] bucket=41643 L2 active=wlan1 ch9  BL=[]
[RX  <- B] bucket=41643  peer_BL=[]  my_BL=[]
[21:40:44] HOP bucket=41644 L2 active=wlan0 ch8  | prep wlan1 ch4  | BL=[]
[TX  ->  *] bucket=41644 L2 active=wlan0 ch8  BL=[]
[21:40:46] HOP bucket=41645 L2 active=wlan1 ch4  | prep wlan0 ch8  | BL=[]
[TX  ->  *] bucket=41645 L2 active=wlan1 ch4  BL=[]
[RX  <- B] bucket=41645  peer_BL=[]  my_BL=[]
[21:40:48] HOP bucket=41646 L2 active=wlan0 ch8  | prep wlan1 ch6  | BL=[]
[TX  ->  *] bucket=41646 L2 active=wlan0 ch8  BL=[]
[21:40:50] HOP bucket=41647 L2 active=wlan1 ch6  | prep wlan0 ch7  | BL=[]
[TX  ->  *] bucket=41647 L2 active=wlan1 ch6  BL=[]
[RX  <- B] bucket=41647  peer_BL=[]  my_BL=[]
[21:40:52] HOP bucket=41648 L2 active=wlan0 ch7  | prep wlan1 ch10  | BL=[]
[TX  ->  *] bucket=41648 L2 active=wlan0 ch7  BL=[]
[21:40:54] HOP bucket=41649 L2 active=wlan1 ch10  | prep wlan0 ch11  | BL=[]
[TX  ->  *] bucket=41649 L2 active=wlan1 ch10  BL=[]
[RX  <- B] bucket=41649  peer_BL=[]  my_BL=[]
[21:40:56] HOP bucket=41650 L2 active=wlan0 ch11  | prep wlan1 ch8  | BL=[]
[TX  ->  *] bucket=41650 L2 active=wlan0 ch11  BL=[]
[RX  <- B] bucket=41650  peer_BL=[]  my_BL=[]
[21:40:58] HOP bucket=41651 L2 active=wlan1 ch8  | prep wlan0 ch8  | BL=[]
[TX  ->  *] bucket=41651 L2 active=wlan1 ch8  BL=[]
[21:41:00] HOP bucket=41652 L2 active=wlan0 ch8  | prep wlan1 ch8  | BL=[]
[TX  ->  *] bucket=41652 L2 active=wlan0 ch8  BL=[]
[21:41:02] HOP bucket=41653 L2 active=wlan1 ch8  | prep wlan0 ch7  | BL=[]
[TX  ->  *] bucket=41653 L2 active=wlan1 ch8  BL=[]
[21:41:04] HOP bucket=41654 L2 active=wlan0 ch7  | prep wlan1 ch7  | BL=[]
[TX  ->  *] bucket=41654 L2 active=wlan0 ch7  BL=[]
[21:41:06] HOP bucket=41655 L2 active=wlan1 ch7  | prep wlan0 ch5  | BL=[]
[TX  ->  *] bucket=41655 L2 active=wlan1 ch7  BL=[]
[21:41:08] HOP bucket=41656 L2 active=wlan0 ch5  | prep wlan1 ch8  | BL=[]
[TX  ->  *] bucket=41656 L2 active=wlan0 ch5  BL=[]
[21:41:10] HOP bucket=41657 L2 active=wlan1 ch8  | prep wlan0 ch6  | BL=[]
[TX  ->  *] bucket=41657 L2 active=wlan1 ch8  BL=[]
[21:41:12] HOP bucket=41658 L2 active=wlan0 ch6  | prep wlan1 ch4  | BL=[]
[RX  <- B] bucket=41658  peer_BL=[]  my_BL=[]
[TX  ->  *] bucket=41658 L2 active=wlan0 ch6  BL=[]
[21:41:14] HOP bucket=41659 L2 active=wlan1 ch4  | prep wlan0 ch6  | BL=[]
[TX  ->  *] bucket=41659 L2 active=wlan1 ch4  BL=[]
[RX  <- B] bucket=41659  peer_BL=[]  my_BL=[]
[21:41:16] HOP bucket=41660 L2 active=wlan0 ch6  | prep wlan1 ch6  | BL=[]
[RX  <- B] bucket=41660  peer_BL=[]  my_BL=[]
[TX  ->  *] bucket=41660 L2 active=wlan0 ch6  BL=[]
[21:41:18] HOP bucket=41661 L2 active=wlan1 ch6  | prep wlan0 ch7  | BL=[]
[TX  ->  *] bucket=41661 L2 active=wlan1 ch6  BL=[]
[RX  <- B] bucket=41661  peer_BL=[]  my_BL=[]
[21:41:20] HOP bucket=41662 L2 active=wlan0 ch7  | prep wlan1 ch3  | BL=[]
[TX  ->  *] bucket=41662 L2 active=wlan0 ch7  BL=[]
[21:41:22] HOP bucket=41663 L2 active=wlan1 ch3  | prep wlan0 ch3  | BL=[]
[RX  <- B] bucket=41663  peer_BL=[]  my_BL=[]
[TX  ->  *] bucket=41663 L2 active=wlan1 ch3  BL=[]
[21:41:24] HOP bucket=41664 L2 active=wlan0 ch3  | prep wlan1 ch7  | BL=[]
[TX  ->  *] bucket=41664 L2 active=wlan0 ch3  BL=[]
[RX  <- B] bucket=41664  peer_BL=[]  my_BL=[]
[21:41:26] HOP bucket=41665 L2 active=wlan1 ch7  | prep wlan0 ch10  | BL=[]
[TX  ->  *] bucket=41665 L2 active=wlan1 ch7  BL=[]
[21:41:28] HOP bucket=41666 L2 active=wlan0 ch10  | prep wlan1 ch11  | BL=[]
[TX  ->  *] bucket=41666 L2 active=wlan0 ch10  BL=[]
[RX  <- B] bucket=41666  peer_BL=[]  my_BL=[]
[21:41:30] HOP bucket=41667 L2 active=wlan1 ch11  | prep wlan0 ch8  | BL=[]
[TX  ->  *] bucket=41667 L2 active=wlan1 ch11  BL=[]
[RX  <- B] bucket=41667  peer_BL=[]  my_BL=[]
[21:41:32] HOP bucket=41668 L2 active=wlan0 ch8  | prep wlan1 ch4  | BL=[]
[TX  ->  *] bucket=41668 L2 active=wlan0 ch8  BL=[]
[21:41:34] HOP bucket=41669 L2 active=wlan1 ch4  | prep wlan0 ch7  | BL=[]
[TX  ->  *] bucket=41669 L2 active=wlan1 ch4  BL=[]
[RX  <- B] bucket=41669  peer_BL=[]  my_BL=[]
[21:41:36] HOP bucket=41670 L2 active=wlan0 ch7  | prep wlan1 ch6  | BL=[]
[TX  ->  *] bucket=41670 L2 active=wlan0 ch7  BL=[]
[RX  <- B] bucket=41670  peer_BL=[]  my_BL=[]
[21:41:38] HOP bucket=41671 L2 active=wlan1 ch6  | prep wlan0 ch10  | BL=[]
[RX  <- B] bucket=41671  peer_BL=[]  my_BL=[]
[TX  ->  *] bucket=41671 L2 active=wlan1 ch6  BL=[]
[21:41:40] HOP bucket=41672 L2 active=wlan0 ch10  | prep wlan1 ch7  | BL=[]
[RX  <- B] bucket=41672  peer_BL=[]  my_BL=[]
[TX  ->  *] bucket=41672 L2 active=wlan0 ch10  BL=[]
[21:41:42] HOP bucket=41673 L2 active=wlan1 ch7  | prep wlan0 ch6  | BL=[]
[RX  <- B] bucket=41673  peer_BL=[]  my_BL=[]
[TX  ->  *] bucket=41673 L2 active=wlan1 ch7  BL=[]
[21:41:44] HOP bucket=41674 L2 active=wlan0 ch6  | prep wlan1 ch5  | BL=[]
[TX  ->  *] bucket=41674 L2 active=wlan0 ch6  BL=[]
[RX  <- B] bucket=41674  peer_BL=[]  my_BL=[]
[21:41:46] HOP bucket=41675 L2 active=wlan1 ch5  | prep wlan0 ch7  | BL=[]
[RX  <- B] bucket=41675  peer_BL=[]  my_BL=[]
[TX  ->  *] bucket=41675 L2 active=wlan1 ch5  BL=[]
[21:41:48] HOP bucket=41676 L2 active=wlan0 ch7  | prep wlan1 ch8  | BL=[]
[TX  ->  *] bucket=41676 L2 active=wlan0 ch7  BL=[]
[RX  <- B] bucket=41676  peer_BL=[]  my_BL=[]
[21:41:50] HOP bucket=41677 L2 active=wlan1 ch8  | prep wlan0 ch9  | BL=[]
[TX  ->  *] bucket=41677 L2 active=wlan1 ch8  BL=[]
[RX  <- B] bucket=41677  peer_BL=[]  my_BL=[]
[21:41:52] HOP bucket=41678 L2 active=wlan0 ch9  | prep wlan1 ch6  | BL=[]
[RX  <- B] bucket=41678  peer_BL=[]  my_BL=[]
[TX  ->  *] bucket=41678 L2 active=wlan0 ch9  BL=[]
[21:41:54] HOP bucket=41679 L2 active=wlan1 ch6  | prep wlan0 ch5  | BL=[]
[TX  ->  *] bucket=41679 L2 active=wlan1 ch6  BL=[]
[RX  <- B] bucket=41679  peer_BL=[]  my_BL=[]
[21:41:56] HOP bucket=41680 L2 active=wlan0 ch5  | prep wlan1 ch3  | BL=[]
[RX  <- B] bucket=41680  peer_BL=[]  my_BL=[]
[TX  ->  *] bucket=41680 L2 active=wlan0 ch5  BL=[]
[21:41:58] HOP bucket=41681 L2 active=wlan1 ch3  | prep wlan0 ch6  | BL=[]
[RX  <- B] bucket=41681  peer_BL=[]  my_BL=[]
[TX  ->  *] bucket=41681 L2 active=wlan1 ch3  BL=[]
[21:42:00] HOP bucket=41682 L2 active=wlan0 ch6  | prep wlan1 ch11  | BL=[]
[RX  <- B] bucket=41682  peer_BL=[]  my_BL=[]
[TX  ->  *] bucket=41682 L2 active=wlan0 ch6  BL=[]
[21:42:02] HOP bucket=41683 L2 active=wlan1 ch11  | prep wlan0 ch11  | BL=[]
[RX  <- B] bucket=41683  peer_BL=[]  my_BL=[]
[TX  ->  *] bucket=41683 L2 active=wlan1 ch11  BL=[]
[21:42:04] HOP bucket=41684 L2 active=wlan0 ch11  | prep wlan1 ch9  | BL=[]
[RX  <- B] bucket=41684  peer_BL=[]  my_BL=[]
[TX  ->  *] bucket=41684 L2 active=wlan0 ch11  BL=[]
[21:42:06] HOP bucket=41685 L2 active=wlan1 ch9  | prep wlan0 ch6  | BL=[]
[TX  ->  *] bucket=41685 L2 active=wlan1 ch9  BL=[]
[RX  <- B] bucket=41685  peer_BL=[]  my_BL=[]
[21:42:08] HOP bucket=41686 L2 active=wlan0 ch6  | prep wlan1 ch7  | BL=[]
[RX  <- B] bucket=41686  peer_BL=[]  my_BL=[]
[TX  ->  *] bucket=41686 L2 active=wlan0 ch6  BL=[]
[21:42:10] HOP bucket=41687 L2 active=wlan1 ch7  | prep wlan0 ch3  | BL=[]
[TX  ->  *] bucket=41687 L2 active=wlan1 ch7  BL=[]
[RX  <- B] bucket=41687  peer_BL=[]  my_BL=[]
[21:42:12] HOP bucket=41688 L2 active=wlan0 ch3  | prep wlan1 ch6  | BL=[]
[TX  ->  *] bucket=41688 L2 active=wlan0 ch3  BL=[]
[RX  <- B] bucket=41688  peer_BL=[]  my_BL=[]
[21:42:14] HOP bucket=41689 L2 active=wlan1 ch6  | prep wlan0 ch8  | BL=[]
[TX  ->  *] bucket=41689 L2 active=wlan1 ch6  BL=[]
[RX  <- B] bucket=41689  peer_BL=[]  my_BL=[]
[21:42:16] HOP bucket=41690 L2 active=wlan0 ch8  | prep wlan1 ch9  | BL=[]
[RX  <- B] bucket=41690  peer_BL=[]  my_BL=[]
[TX  ->  *] bucket=41690 L2 active=wlan0 ch8  BL=[]
[21:42:18] HOP bucket=41691 L2 active=wlan1 ch9  | prep wlan0 ch11  | BL=[]
[RX  <- B] bucket=41691  peer_BL=[]  my_BL=[]
[TX  ->  *] bucket=41691 L2 active=wlan1 ch9  BL=[]
[21:42:20] HOP bucket=41692 L2 active=wlan0 ch11  | prep wlan1 ch11  | BL=[]
[RX  <- B] bucket=41692  peer_BL=[]  my_BL=[]
[TX  ->  *] bucket=41692 L2 active=wlan0 ch11  BL=[]
[21:42:22] HOP bucket=41693 L2 active=wlan1 ch11  | prep wlan0 ch10  | BL=[]
[TX  ->  *] bucket=41693 L2 active=wlan1 ch11  BL=[]
[RX  <- B] bucket=41693  peer_BL=[]  my_BL=[]
[21:42:24] HOP bucket=41694 L2 active=wlan0 ch10  | prep wlan1 ch6  | BL=[]
[RX  <- B] bucket=41694  peer_BL=[]  my_BL=[]
[TX  ->  *] bucket=41694 L2 active=wlan0 ch10  BL=[]
[21:42:26] HOP bucket=41695 L2 active=wlan1 ch6  | prep wlan0 ch8  | BL=[]
[RX  <- B] bucket=41695  peer_BL=[]  my_BL=[]
[TX  ->  *] bucket=41695 L2 active=wlan1 ch6  BL=[]
[21:42:28] HOP bucket=41696 L2 active=wlan0 ch8  | prep wlan1 ch7  | BL=[]
[RX  <- B] bucket=41696  peer_BL=[]  my_BL=[]
[TX  ->  *] bucket=41696 L2 active=wlan0 ch8  BL=[]
[21:42:30] HOP bucket=41697 L2 active=wlan1 ch7  | prep wlan0 ch8  | BL=[]
[TX  ->  *] bucket=41697 L2 active=wlan1 ch7  BL=[]
[RX  <- B] bucket=41697  peer_BL=[]  my_BL=[]
[21:42:32] HOP bucket=41698 L2 active=wlan0 ch8  | prep wlan1 ch8  | BL=[]
[TX  ->  *] bucket=41698 L2 active=wlan0 ch8  BL=[]
[RX  <- B] bucket=41698  peer_BL=[]  my_BL=[]
[21:42:34] HOP bucket=41699 L2 active=wlan1 ch8  | prep wlan0 ch6  | BL=[]
[TX  ->  *] bucket=41699 L2 active=wlan1 ch8  BL=[]
[RX  <- B] bucket=41699  peer_BL=[]  my_BL=[]
[21:42:36] HOP bucket=41700 L2 active=wlan0 ch6  | prep wlan1 ch6  | BL=[]
[TX  ->  *] bucket=41700 L2 active=wlan0 ch6  BL=[]
[RX  <- B] bucket=41700  peer_BL=[]  my_BL=[]
[21:42:38] HOP bucket=41701 L2 active=wlan1 ch6  | prep wlan0 ch7  | BL=[]
[TX  ->  *] bucket=41701 L2 active=wlan1 ch6  BL=[]
[RX  <- B] bucket=41701  peer_BL=[]  my_BL=[]
[21:42:40] HOP bucket=41702 L2 active=wlan0 ch7  | prep wlan1 ch10  | BL=[]
[TX  ->  *] bucket=41702 L2 active=wlan0 ch7  BL=[]
[RX  <- B] bucket=41702  peer_BL=[]  my_BL=[]
[21:42:42] HOP bucket=41703 L2 active=wlan1 ch10  | prep wlan0 ch4  | BL=[]
[RX  <- B] bucket=41703  peer_BL=[]  my_BL=[]
[TX  ->  *] bucket=41703 L2 active=wlan1 ch10  BL=[]
[21:42:44] HOP bucket=41704 L2 active=wlan0 ch4  | prep wlan1 ch8  | BL=[]
[RX  <- B] bucket=41704  peer_BL=[]  my_BL=[]
[TX  ->  *] bucket=41704 L2 active=wlan0 ch4  BL=[]
[21:42:46] HOP bucket=41705 L2 active=wlan1 ch8  | prep wlan0 ch7  | BL=[]
[RX  <- B] bucket=41705  peer_BL=[]  my_BL=[]
[TX  ->  *] bucket=41705 L2 active=wlan1 ch8  BL=[]
[21:42:48] HOP bucket=41706 L2 active=wlan0 ch7  | prep wlan1 ch8  | BL=[]
[TX  ->  *] bucket=41706 L2 active=wlan0 ch7  BL=[]
[RX  <- B] bucket=41706  peer_BL=[]  my_BL=[]
[21:42:50] HOP bucket=41707 L2 active=wlan1 ch8  | prep wlan0 ch8  | BL=[]
[TX  ->  *] bucket=41707 L2 active=wlan1 ch8  BL=[]
[RX  <- B] bucket=41707  peer_BL=[]  my_BL=[]
[21:42:52] HOP bucket=41708 L2 active=wlan0 ch8  | prep wlan1 ch4  | BL=[]
[RX  <- B] bucket=41708  peer_BL=[]  my_BL=[]
[TX  ->  *] bucket=41708 L2 active=wlan0 ch8  BL=[]
[21:42:54] HOP bucket=41709 L2 active=wlan1 ch4  | prep wlan0 ch10  | BL=[]
[RX  <- B] bucket=41709  peer_BL=[]  my_BL=[]
[TX  ->  *] bucket=41709 L2 active=wlan1 ch4  BL=[]
[21:42:56] HOP bucket=41710 L2 active=wlan0 ch10  | prep wlan1 ch7  | BL=[]
[TX  ->  *] bucket=41710 L2 active=wlan0 ch10  BL=[]
[RX  <- B] bucket=41710  peer_BL=[]  my_BL=[]
[21:42:58] HOP bucket=41711 L2 active=wlan1 ch7  | prep wlan0 ch6  | BL=[]
[TX  ->  *] bucket=41711 L2 active=wlan1 ch7  BL=[]
[RX  <- B] bucket=41711  peer_BL=[]  my_BL=[]
[21:43:00] HOP bucket=41712 L2 active=wlan0 ch6  | prep wlan1 ch7  | BL=[]
[RX  <- B] bucket=41712  peer_BL=[]  my_BL=[]
[TX  ->  *] bucket=41712 L2 active=wlan0 ch6  BL=[]
[21:43:02] HOP bucket=41713 L2 active=wlan1 ch7  | prep wlan0 ch5  | BL=[]
[TX  ->  *] bucket=41713 L2 active=wlan1 ch7  BL=[]
[RX  <- B] bucket=41713  peer_BL=[]  my_BL=[]
[21:43:04] HOP bucket=41714 L2 active=wlan0 ch5  | prep wlan1 ch6  | BL=[]
[TX  ->  *] bucket=41714 L2 active=wlan0 ch5  BL=[]
[RX  <- B] bucket=41714  peer_BL=[]  my_BL=[]
[21:43:06] HOP bucket=41715 L2 active=wlan1 ch6  | prep wlan0 ch7  | BL=[]
[RX  <- B] bucket=41715  peer_BL=[]  my_BL=[]
[TX  ->  *] bucket=41715 L2 active=wlan1 ch6  BL=[]
[21:43:08] HOP bucket=41716 L2 active=wlan0 ch7  | prep wlan1 ch4  | BL=[]
[RX  <- B] bucket=41716  peer_BL=[]  my_BL=[]
[TX  ->  *] bucket=41716 L2 active=wlan0 ch7  BL=[]
[21:43:10] HOP bucket=41717 L2 active=wlan1 ch4  | prep wlan0 ch9  | BL=[]
[RX  <- B] bucket=41717  peer_BL=[]  my_BL=[]
[TX  ->  *] bucket=41717 L2 active=wlan1 ch4  BL=[]
[21:43:12] HOP bucket=41718 L2 active=wlan0 ch9  | prep wlan1 ch8  | BL=[]
[RX  <- B] bucket=41718  peer_BL=[]  my_BL=[]
[TX  ->  *] bucket=41718 L2 active=wlan0 ch9  BL=[]
[21:43:14] HOP bucket=41719 L2 active=wlan1 ch8  | prep wlan0 ch4  | BL=[]
[TX  ->  *] bucket=41719 L2 active=wlan1 ch8  BL=[]
[RX  <- B] bucket=41719  peer_BL=[]  my_BL=[]
[21:43:16] HOP bucket=41720 L2 active=wlan0 ch4  | prep wlan1 ch4  | BL=[]
[RX  <- B] bucket=41720  peer_BL=[]  my_BL=[]
[TX  ->  *] bucket=41720 L2 active=wlan0 ch4  BL=[]
[21:43:18] HOP bucket=41721 L2 active=wlan1 ch4  | prep wlan0 ch8  | BL=[]
[TX  ->  *] bucket=41721 L2 active=wlan1 ch4  BL=[]
[RX  <- B] bucket=41721  peer_BL=[]  my_BL=[]
[21:43:20] HOP bucket=41722 L2 active=wlan0 ch8  | prep wlan1 ch10  | BL=[]
[TX  ->  *] bucket=41722 L2 active=wlan0 ch8  BL=[]
[RX  <- B] bucket=41722  peer_BL=[]  my_BL=[]
[21:43:22] HOP bucket=41723 L2 active=wlan1 ch10  | prep wlan0 ch6  | BL=[]
[RX  <- B] bucket=41723  peer_BL=[]  my_BL=[]
[TX  ->  *] bucket=41723 L2 active=wlan1 ch10  BL=[]
[21:43:24] HOP bucket=41724 L2 active=wlan0 ch6  | prep wlan1 ch3  | BL=[]
[TX  ->  *] bucket=41724 L2 active=wlan0 ch6  BL=[]
[RX  <- B] bucket=41724  peer_BL=[]  my_BL=[]
[21:43:26] HOP bucket=41725 L2 active=wlan1 ch3  | prep wlan0 ch7  | BL=[]
[TX  ->  *] bucket=41725 L2 active=wlan1 ch3  BL=[]
[21:43:28] HOP bucket=41726 L2 active=wlan0 ch7  | prep wlan1 ch5  | BL=[]
[TX  ->  *] bucket=41726 L2 active=wlan0 ch7  BL=[]
[RX  <- B] bucket=41726  peer_BL=[]  my_BL=[]
[21:43:30] HOP bucket=41727 L2 active=wlan1 ch5  | prep wlan0 ch11  | BL=[]
[TX  ->  *] bucket=41727 L2 active=wlan1 ch5  BL=[]
[RX  <- B] bucket=41727  peer_BL=[]  my_BL=[]
[21:43:32] HOP bucket=41728 L2 active=wlan0 ch11  | prep wlan1 ch5  | BL=[]
[TX  ->  *] bucket=41728 L2 active=wlan0 ch11  BL=[]
[RX  <- B] bucket=41728  peer_BL=[]  my_BL=[]
[21:43:34] HOP bucket=41729 L2 active=wlan1 ch5  | prep wlan0 ch4  | BL=[]
[TX  ->  *] bucket=41729 L2 active=wlan1 ch5  BL=[]
[RX  <- B] bucket=41729  peer_BL=[]  my_BL=[]
[21:43:36] HOP bucket=41730 L2 active=wlan0 ch4  | prep wlan1 ch11  | BL=[]
[TX  ->  *] bucket=41730 L2 active=wlan0 ch4  BL=[]
[21:43:38] HOP bucket=41731 L2 active=wlan1 ch11  | prep wlan0 ch9  | BL=[]
[RX  <- B] bucket=41731  peer_BL=[]  my_BL=[]
[TX  ->  *] bucket=41731 L2 active=wlan1 ch11  BL=[]
[21:43:40] HOP bucket=41732 L2 active=wlan0 ch9  | prep wlan1 ch6  | BL=[]
[TX  ->  *] bucket=41732 L2 active=wlan0 ch9  BL=[]
[RX  <- B] bucket=41732  peer_BL=[]  my_BL=[]
[21:43:42] HOP bucket=41733 L2 active=wlan1 ch6  | prep wlan0 ch5  | BL=[]
[TX  ->  *] bucket=41733 L2 active=wlan1 ch6  BL=[]
[RX  <- B] bucket=41733  peer_BL=[]  my_BL=[]
[21:43:44] HOP bucket=41734 L2 active=wlan0 ch5  | prep wlan1 ch10  | BL=[]
[RX  <- B] bucket=41734  peer_BL=[]  my_BL=[]
[TX  ->  *] bucket=41734 L2 active=wlan0 ch5  BL=[]
[21:43:46] HOP bucket=41735 L2 active=wlan1 ch10  | prep wlan0 ch4  | BL=[]
[RX  <- B] bucket=41735  peer_BL=[]  my_BL=[]
[TX  ->  *] bucket=41735 L2 active=wlan1 ch10  BL=[]
[21:43:48] HOP bucket=41736 L2 active=wlan0 ch4  | prep wlan1 ch6  | BL=[]
[TX  ->  *] bucket=41736 L2 active=wlan0 ch4  BL=[]
[21:43:50] HOP bucket=41737 L2 active=wlan1 ch6  | prep wlan0 ch10  | BL=[]
[TX  ->  *] bucket=41737 L2 active=wlan1 ch6  BL=[]
[RX  <- B] bucket=41737  peer_BL=[]  my_BL=[]
[21:43:52] HOP bucket=41738 L2 active=wlan0 ch10  | prep wlan1 ch5  | BL=[]
[RX  <- B] bucket=41738  peer_BL=[]  my_BL=[]
[TX  ->  *] bucket=41738 L2 active=wlan0 ch10  BL=[]
[21:43:54] HOP bucket=41739 L2 active=wlan1 ch5  | prep wlan0 ch5  | BL=[]
[RX  <- B] bucket=41739  peer_BL=[]  my_BL=[]
[TX  ->  *] bucket=41739 L2 active=wlan1 ch5  BL=[]
[21:43:56] HOP bucket=41740 L2 active=wlan0 ch5  | prep wlan1 ch5  | BL=[]
[RX  <- B] bucket=41740  peer_BL=[]  my_BL=[]
[TX  ->  *] bucket=41740 L2 active=wlan0 ch5  BL=[]
[21:43:58] HOP bucket=41741 L2 active=wlan1 ch5  | prep wlan0 ch8  | BL=[]
[TX  ->  *] bucket=41741 L2 active=wlan1 ch5  BL=[]
[RX  <- B] bucket=41741  peer_BL=[]  my_BL=[]
[21:44:00] HOP bucket=41742 L2 active=wlan0 ch8  | prep wlan1 ch11  | BL=[]
[TX  ->  *] bucket=41742 L2 active=wlan0 ch8  BL=[]
[RX  <- B] bucket=41742  peer_BL=[]  my_BL=[]
[21:44:02] HOP bucket=41743 L2 active=wlan1 ch11  | prep wlan0 ch3  | BL=[]
[TX  ->  *] bucket=41743 L2 active=wlan1 ch11  BL=[]
[RX  <- B] bucket=41743  peer_BL=[]  my_BL=[]
[21:44:04] HOP bucket=41744 L2 active=wlan0 ch3  | prep wlan1 ch10  | BL=[]
[TX  ->  *] bucket=41744 L2 active=wlan0 ch3  BL=[]
[21:44:06] HOP bucket=41745 L2 active=wlan1 ch10  | prep wlan0 ch6  | BL=[]
[RX  <- B] bucket=41745  peer_BL=[]  my_BL=[]
[TX  ->  *] bucket=41745 L2 active=wlan1 ch10  BL=[]
[21:44:08] HOP bucket=41746 L2 active=wlan0 ch6  | prep wlan1 ch6  | BL=[]
[TX  ->  *] bucket=41746 L2 active=wlan0 ch6  BL=[]
[RX  <- B] bucket=41746  peer_BL=[]  my_BL=[]
[21:44:10] HOP bucket=41747 L2 active=wlan1 ch6  | prep wlan0 ch11  | BL=[]
[RX  <- B] bucket=41747  peer_BL=[]  my_BL=[]
[TX  ->  *] bucket=41747 L2 active=wlan1 ch6  BL=[]
[21:44:12] HOP bucket=41748 L2 active=wlan0 ch11  | prep wlan1 ch8  | BL=[]
[RX  <- B] bucket=41748  peer_BL=[]  my_BL=[]
[TX  ->  *] bucket=41748 L2 active=wlan0 ch11  BL=[]
[21:44:14] HOP bucket=41749 L2 active=wlan1 ch8  | prep wlan0 ch7  | BL=[]
[RX  <- B] bucket=41749  peer_BL=[]  my_BL=[]
[TX  ->  *] bucket=41749 L2 active=wlan1 ch8  BL=[]
[21:44:16] HOP bucket=41750 L2 active=wlan0 ch7  | prep wlan1 ch3  | BL=[]
[TX  ->  *] bucket=41750 L2 active=wlan0 ch7  BL=[]
[RX  <- B] bucket=41750  peer_BL=[]  my_BL=[]
[21:44:18] HOP bucket=41751 L2 active=wlan1 ch3  | prep wlan0 ch6  | BL=[]
[TX  ->  *] bucket=41751 L2 active=wlan1 ch3  BL=[]
[21:44:20] HOP bucket=41752 L2 active=wlan0 ch6  | prep wlan1 ch5  | BL=[]
[TX  ->  *] bucket=41752 L2 active=wlan0 ch6  BL=[]
[RX  <- B] bucket=41752  peer_BL=[]  my_BL=[]
[21:44:22] HOP bucket=41753 L2 active=wlan1 ch5  | prep wlan0 ch7  | BL=[]
[TX  ->  *] bucket=41753 L2 active=wlan1 ch5  BL=[]
[RX  <- B] bucket=41753  peer_BL=[]  my_BL=[]
[21:44:24] HOP bucket=41754 L2 active=wlan0 ch7  | prep wlan1 ch5  | BL=[]
[TX  ->  *] bucket=41754 L2 active=wlan0 ch7  BL=[]
[RX  <- B] bucket=41754  peer_BL=[]  my_BL=[]
[21:44:26] HOP bucket=41755 L2 active=wlan1 ch5  | prep wlan0 ch5  | BL=[]
[TX  ->  *] bucket=41755 L2 active=wlan1 ch5  BL=[]
[RX  <- B] bucket=41755  peer_BL=[]  my_BL=[]
[21:44:28] HOP bucket=41756 L2 active=wlan0 ch5  | prep wlan1 ch9  | BL=[]
[TX  ->  *] bucket=41756 L2 active=wlan0 ch5  BL=[]
[RX  <- B] bucket=41756  peer_BL=[]  my_BL=[]
[21:44:30] HOP bucket=41757 L2 active=wlan1 ch9  | prep wlan0 ch11  | BL=[]
[RX  <- B] bucket=41757  peer_BL=[]  my_BL=[]
[TX  ->  *] bucket=41757 L2 active=wlan1 ch9  BL=[]
[21:44:32] HOP bucket=41758 L2 active=wlan0 ch11  | prep wlan1 ch8  | BL=[]
[TX  ->  *] bucket=41758 L2 active=wlan0 ch11  BL=[]
[RX  <- B] bucket=41758  peer_BL=[]  my_BL=[]
[21:44:34] HOP bucket=41759 L2 active=wlan1 ch8  | prep wlan0 ch8  | BL=[]
[TX  ->  *] bucket=41759 L2 active=wlan1 ch8  BL=[]
[RX  <- B] bucket=41759  peer_BL=[]  my_BL=[]
[21:44:36] HOP bucket=41760 L2 active=wlan0 ch8  | prep wlan1 ch5  | BL=[]
[TX  ->  *] bucket=41760 L2 active=wlan0 ch8  BL=[]
[RX  <- B] bucket=41760  peer_BL=[]  my_BL=[]
[21:44:38] HOP bucket=41761 L2 active=wlan1 ch5  | prep wlan0 ch9  | BL=[]
[TX  ->  *] bucket=41761 L2 active=wlan1 ch5  BL=[]
[21:44:40] HOP bucket=41762 L2 active=wlan0 ch9  | prep wlan1 ch10  | BL=[]
[TX  ->  *] bucket=41762 L2 active=wlan0 ch9  BL=[]
[RX  <- B] bucket=41762  peer_BL=[]  my_BL=[]
[21:44:42] HOP bucket=41763 L2 active=wlan1 ch10  | prep wlan0 ch7  | BL=[]
[TX  ->  *] bucket=41763 L2 active=wlan1 ch10  BL=[]
[RX  <- B] bucket=41763  peer_BL=[]  my_BL=[]
[21:44:44] HOP bucket=41764 L2 active=wlan0 ch7  | prep wlan1 ch5  | BL=[]
[TX  ->  *] bucket=41764 L2 active=wlan0 ch7  BL=[]
[RX  <- B] bucket=41764  peer_BL=[]  my_BL=[]
[21:44:46] HOP bucket=41765 L2 active=wlan1 ch5  | prep wlan0 ch7  | BL=[]
[TX  ->  *] bucket=41765 L2 active=wlan1 ch5  BL=[]
[21:44:48] HOP bucket=41766 L2 active=wlan0 ch7  | prep wlan1 ch9  | BL=[]
[TX  ->  *] bucket=41766 L2 active=wlan0 ch7  BL=[]
[RX  <- B] bucket=41766  peer_BL=[]  my_BL=[]
[21:44:50] HOP bucket=41767 L2 active=wlan1 ch9  | prep wlan0 ch5  | BL=[]
[TX  ->  *] bucket=41767 L2 active=wlan1 ch9  BL=[]
[RX  <- B] bucket=41767  peer_BL=[]  my_BL=[]
[21:44:52] HOP bucket=41768 L2 active=wlan0 ch5  | prep wlan1 ch10  | BL=[]
[TX  ->  *] bucket=41768 L2 active=wlan0 ch5  BL=[]
[21:44:54] HOP bucket=41769 L2 active=wlan1 ch10  | prep wlan0 ch8  | BL=[]
[RX  <- B] bucket=41769  peer_BL=[]  my_BL=[]
[TX  ->  *] bucket=41769 L2 active=wlan1 ch10  BL=[]
[21:44:56] HOP bucket=41770 L2 active=wlan0 ch8  | prep wlan1 ch9  | BL=[]
[TX  ->  *] bucket=41770 L2 active=wlan0 ch8  BL=[]
[RX  <- B] bucket=41770  peer_BL=[]  my_BL=[]
[21:44:58] HOP bucket=41771 L2 active=wlan1 ch9  | prep wlan0 ch5  | BL=[]
[RX  <- B] bucket=41771  peer_BL=[]  my_BL=[]
[TX  ->  *] bucket=41771 L2 active=wlan1 ch9  BL=[]
[21:45:00] HOP bucket=41772 L2 active=wlan0 ch5  | prep wlan1 ch3  | BL=[]
[TX  ->  *] bucket=41772 L2 active=wlan0 ch5  BL=[]
[21:45:02] HOP bucket=41773 L2 active=wlan1 ch3  | prep wlan0 ch9  | BL=[]
[TX  ->  *] bucket=41773 L2 active=wlan1 ch3  BL=[]
[RX  <- B] bucket=41773  peer_BL=[]  my_BL=[]
[21:45:04] HOP bucket=41774 L2 active=wlan0 ch9  | prep wlan1 ch7  | BL=[]
[TX  ->  *] bucket=41774 L2 active=wlan0 ch9  BL=[]
[RX  <- B] bucket=41774  peer_BL=[]  my_BL=[]
[21:45:06] HOP bucket=41775 L2 active=wlan1 ch7  | prep wlan0 ch6  | BL=[]
[TX  ->  *] bucket=41775 L2 active=wlan1 ch7  BL=[]
[RX  <- B] bucket=41775  peer_BL=[]  my_BL=[]
[21:45:08] HOP bucket=41776 L2 active=wlan0 ch6  | prep wlan1 ch8  | BL=[]
[TX  ->  *] bucket=41776 L2 active=wlan0 ch6  BL=[]
[21:45:10] HOP bucket=41777 L2 active=wlan1 ch8  | prep wlan0 ch3  | BL=[]
[TX  ->  *] bucket=41777 L2 active=wlan1 ch8  BL=[]
[RX  <- B] bucket=41777  peer_BL=[]  my_BL=[]
[21:45:12] HOP bucket=41778 L2 active=wlan0 ch3  | prep wlan1 ch9  | BL=[]
[TX  ->  *] bucket=41778 L2 active=wlan0 ch3  BL=[]
[RX  <- B] bucket=41778  peer_BL=[]  my_BL=[]
[21:45:14] HOP bucket=41779 L2 active=wlan1 ch9  | prep wlan0 ch9  | BL=[]
[TX  ->  *] bucket=41779 L2 active=wlan1 ch9  BL=[]
[RX  <- B] bucket=41779  peer_BL=[]  my_BL=[]
[21:45:16] HOP bucket=41780 L2 active=wlan0 ch9  | prep wlan1 ch7  | BL=[]
[TX  ->  *] bucket=41780 L2 active=wlan0 ch9  BL=[]
[RX  <- B] bucket=41780  peer_BL=[]  my_BL=[]
[21:45:18] HOP bucket=41781 L2 active=wlan1 ch7  | prep wlan0 ch3  | BL=[]
[RX  <- B] bucket=41781  peer_BL=[]  my_BL=[]
[TX  ->  *] bucket=41781 L2 active=wlan1 ch7  BL=[]
[21:45:20] HOP bucket=41782 L2 active=wlan0 ch3  | prep wlan1 ch9  | BL=[]
[TX  ->  *] bucket=41782 L2 active=wlan0 ch3  BL=[]
[RX  <- B] bucket=41782  peer_BL=[]  my_BL=[]
[21:45:22] HOP bucket=41783 L2 active=wlan1 ch9  | prep wlan0 ch4  | BL=[]
[TX  ->  *] bucket=41783 L2 active=wlan1 ch9  BL=[]
[RX  <- B] bucket=41783  peer_BL=[]  my_BL=[]
[21:45:24] HOP bucket=41784 L2 active=wlan0 ch4  | prep wlan1 ch11  | BL=[]
[TX  ->  *] bucket=41784 L2 active=wlan0 ch4  BL=[]
[21:45:26] HOP bucket=41785 L2 active=wlan1 ch11  | prep wlan0 ch11  | BL=[]
[RX  <- B] bucket=41785  peer_BL=[]  my_BL=[]
[TX  ->  *] bucket=41785 L2 active=wlan1 ch11  BL=[]
[21:45:28] HOP bucket=41786 L2 active=wlan0 ch11  | prep wlan1 ch3  | BL=[]
[RX  <- B] bucket=41786  peer_BL=[]  my_BL=[]
[TX  ->  *] bucket=41786 L2 active=wlan0 ch11  BL=[]
[21:45:30] HOP bucket=41787 L2 active=wlan1 ch3  | prep wlan0 ch6  | BL=[]
[TX  ->  *] bucket=41787 L2 active=wlan1 ch3  BL=[]
[RX  <- B] bucket=41787  peer_BL=[]  my_BL=[]
[21:45:32] HOP bucket=41788 L2 active=wlan0 ch6  | prep wlan1 ch11  | BL=[]
[TX  ->  *] bucket=41788 L2 active=wlan0 ch6  BL=[]
[21:45:34] HOP bucket=41789 L2 active=wlan1 ch11  | prep wlan0 ch11  | BL=[]
[RX  <- B] bucket=41789  peer_BL=[]  my_BL=[]
[TX  ->  *] bucket=41789 L2 active=wlan1 ch11  BL=[]
[21:45:36] HOP bucket=41790 L2 active=wlan0 ch11  | prep wlan1 ch9  | BL=[]
[TX  ->  *] bucket=41790 L2 active=wlan0 ch11  BL=[]
[RX  <- B] bucket=41790  peer_BL=[]  my_BL=[]
[21:45:38] HOP bucket=41791 L2 active=wlan1 ch9  | prep wlan0 ch9  | BL=[]
[RX  <- B] bucket=41791  peer_BL=[]  my_BL=[]
[TX  ->  *] bucket=41791 L2 active=wlan1 ch9  BL=[]
[21:45:40] HOP bucket=41792 L2 active=wlan0 ch9  | prep wlan1 ch9  | BL=[]
[TX  ->  *] bucket=41792 L2 active=wlan0 ch9  BL=[]
[RX  <- B] bucket=41792  peer_BL=[]  my_BL=[]
[21:45:42] HOP bucket=41793 L2 active=wlan1 ch9  | prep wlan0 ch11  | BL=[]
[RX  <- B] bucket=41793  peer_BL=[]  my_BL=[]
[TX  ->  *] bucket=41793 L2 active=wlan1 ch9  BL=[]
[21:45:44] HOP bucket=41794 L2 active=wlan0 ch11  | prep wlan1 ch5  | BL=[]
[TX  ->  *] bucket=41794 L2 active=wlan0 ch11  BL=[]
[RX  <- B] bucket=41794  peer_BL=[]  my_BL=[]
[21:45:46] HOP bucket=41795 L2 active=wlan1 ch5  | prep wlan0 ch4  | BL=[]
[TX  ->  *] bucket=41795 L2 active=wlan1 ch5  BL=[]
[21:45:48] HOP bucket=41796 L2 active=wlan0 ch4  | prep wlan1 ch11  | BL=[]
[TX  ->  *] bucket=41796 L2 active=wlan0 ch4  BL=[]
[21:45:50] HOP bucket=41797 L2 active=wlan1 ch11  | prep wlan0 ch3  | BL=[]
[RX  <- B] bucket=41797  peer_BL=[]  my_BL=[]
[TX  ->  *] bucket=41797 L2 active=wlan1 ch11  BL=[]
[21:45:52] HOP bucket=41798 L2 active=wlan0 ch3  | prep wlan1 ch7  | BL=[]
[RX  <- B] bucket=41798  peer_BL=[]  my_BL=[]
[TX  ->  *] bucket=41798 L2 active=wlan0 ch3  BL=[]
[21:45:54] HOP bucket=41799 L2 active=wlan1 ch7  | prep wlan0 ch5  | BL=[]
[TX  ->  *] bucket=41799 L2 active=wlan1 ch7  BL=[]
[21:45:56] HOP bucket=41800 L2 active=wlan0 ch5  | prep wlan1 ch7  | BL=[]
[TX  ->  *] bucket=41800 L2 active=wlan0 ch5  BL=[]
[21:45:58] HOP bucket=41801 L2 active=wlan1 ch7  | prep wlan0 ch9  | BL=[]
[TX  ->  *] bucket=41801 L2 active=wlan1 ch7  BL=[]
[21:46:00] HOP bucket=41802 L2 active=wlan0 ch9  | prep wlan1 ch9  | BL=[]
[RX  <- B] bucket=41802  peer_BL=[]  my_BL=[]
[TX  ->  *] bucket=41802 L2 active=wlan0 ch9  BL=[]
[21:46:02] HOP bucket=41803 L2 active=wlan1 ch9  | prep wlan0 ch8  | BL=[]
[RX  <- B] bucket=41803  peer_BL=[]  my_BL=[]
[TX  ->  *] bucket=41803 L2 active=wlan1 ch9  BL=[]
[21:46:04] HOP bucket=41804 L2 active=wlan0 ch8  | prep wlan1 ch9  | BL=[]
[RX  <- B] bucket=41804  peer_BL=[]  my_BL=[]
[TX  ->  *] bucket=41804 L2 active=wlan0 ch8  BL=[]
[21:46:06] HOP bucket=41805 L2 active=wlan1 ch9  | prep wlan0 ch6  | BL=[]
[TX  ->  *] bucket=41805 L2 active=wlan1 ch9  BL=[]
[RX  <- B] bucket=41805  peer_BL=[]  my_BL=[]
[21:46:08] HOP bucket=41806 L2 active=wlan0 ch6  | prep wlan1 ch3  | BL=[]
[TX  ->  *] bucket=41806 L2 active=wlan0 ch6  BL=[]
[21:46:10] HOP bucket=41807 L2 active=wlan1 ch3  | prep wlan0 ch9  | BL=[]
[TX  ->  *] bucket=41807 L2 active=wlan1 ch3  BL=[]
[RX  <- B] bucket=41807  peer_BL=[]  my_BL=[]
[21:46:12] HOP bucket=41808 L2 active=wlan0 ch9  | prep wlan1 ch9  | BL=[]
[TX  ->  *] bucket=41808 L2 active=wlan0 ch9  BL=[]
[RX  <- B] bucket=41808  peer_BL=[]  my_BL=[]
[21:46:14] HOP bucket=41809 L2 active=wlan1 ch9  | prep wlan0 ch11  | BL=[]
[TX  ->  *] bucket=41809 L2 active=wlan1 ch9  BL=[]
[RX  <- B] bucket=41809  peer_BL=[]  my_BL=[]
[21:46:16] HOP bucket=41810 L2 active=wlan0 ch11  | prep wlan1 ch3  | BL=[]
[RX  <- B] bucket=41810  peer_BL=[]  my_BL=[]
[TX  ->  *] bucket=41810 L2 active=wlan0 ch11  BL=[]
[21:46:18] HOP bucket=41811 L2 active=wlan1 ch3  | prep wlan0 ch9  | BL=[]
[TX  ->  *] bucket=41811 L2 active=wlan1 ch3  BL=[]
[RX  <- B] bucket=41811  peer_BL=[]  my_BL=[]
[21:46:20] HOP bucket=41812 L2 active=wlan0 ch9  | prep wlan1 ch10  | BL=[]
[TX  ->  *] bucket=41812 L2 active=wlan0 ch9  BL=[]
[RX  <- B] bucket=41812  peer_BL=[]  my_BL=[]
[21:46:22] HOP bucket=41813 L2 active=wlan1 ch10  | prep wlan0 ch8  | BL=[]
[RX  <- B] bucket=41813  peer_BL=[]  my_BL=[]
[TX  ->  *] bucket=41813 L2 active=wlan1 ch10  BL=[]
[21:46:24] HOP bucket=41814 L2 active=wlan0 ch8  | prep wlan1 ch10  | BL=[]
[TX  ->  *] bucket=41814 L2 active=wlan0 ch8  BL=[]
[RX  <- B] bucket=41814  peer_BL=[]  my_BL=[]
[21:46:26] HOP bucket=41815 L2 active=wlan1 ch10  | prep wlan0 ch3  | BL=[]
[TX  ->  *] bucket=41815 L2 active=wlan1 ch10  BL=[]
[RX  <- B] bucket=41815  peer_BL=[]  my_BL=[]
[21:46:28] HOP bucket=41816 L2 active=wlan0 ch3  | prep wlan1 ch9  | BL=[]
[RX  <- B] bucket=41816  peer_BL=[]  my_BL=[]
[TX  ->  *] bucket=41816 L2 active=wlan0 ch3  BL=[]
[21:46:30] HOP bucket=41817 L2 active=wlan1 ch9  | prep wlan0 ch4  | BL=[]
[TX  ->  *] bucket=41817 L2 active=wlan1 ch9  BL=[]
[RX  <- B] bucket=41817  peer_BL=[]  my_BL=[]
[21:46:32] HOP bucket=41818 L2 active=wlan0 ch4  | prep wlan1 ch4  | BL=[]
[TX  ->  *] bucket=41818 L2 active=wlan0 ch4  BL=[]
[21:46:34] HOP bucket=41819 L2 active=wlan1 ch4  | prep wlan0 ch4  | BL=[]
[TX  ->  *] bucket=41819 L2 active=wlan1 ch4  BL=[]
[21:46:36] HOP bucket=41820 L2 active=wlan0 ch4  | prep wlan1 ch9  | BL=[]
[TX  ->  *] bucket=41820 L2 active=wlan0 ch4  BL=[]
[RX  <- B] bucket=41820  peer_BL=[]  my_BL=[]
[21:46:38] HOP bucket=41821 L2 active=wlan1 ch9  | prep wlan0 ch10  | BL=[]
[TX  ->  *] bucket=41821 L2 active=wlan1 ch9  BL=[]
[21:46:40] HOP bucket=41822 L2 active=wlan0 ch10  | prep wlan1 ch4  | BL=[]
[TX  ->  *] bucket=41822 L2 active=wlan0 ch10  BL=[]
[RX  <- B] bucket=41822  peer_BL=[]  my_BL=[]
[21:46:42] HOP bucket=41823 L2 active=wlan1 ch4  | prep wlan0 ch8  | BL=[]
[RX  <- B] bucket=41823  peer_BL=[]  my_BL=[]
[TX  ->  *] bucket=41823 L2 active=wlan1 ch4  BL=[]
[21:46:44] HOP bucket=41824 L2 active=wlan0 ch8  | prep wlan1 ch3  | BL=[]
[TX  ->  *] bucket=41824 L2 active=wlan0 ch8  BL=[]
[21:46:46] HOP bucket=41825 L2 active=wlan1 ch3  | prep wlan0 ch11  | BL=[]
[RX  <- B] bucket=41825  peer_BL=[]  my_BL=[]
[TX  ->  *] bucket=41825 L2 active=wlan1 ch3  BL=[]
[21:46:48] HOP bucket=41826 L2 active=wlan0 ch11  | prep wlan1 ch4  | BL=[]
[TX  ->  *] bucket=41826 L2 active=wlan0 ch11  BL=[]
[RX  <- B] bucket=41826  peer_BL=[]  my_BL=[]
[21:46:50] HOP bucket=41827 L2 active=wlan1 ch4  | prep wlan0 ch6  | BL=[]
[TX  ->  *] bucket=41827 L2 active=wlan1 ch4  BL=[]
[RX  <- B] bucket=41827  peer_BL=[]  my_BL=[]
[21:46:52] HOP bucket=41828 L2 active=wlan0 ch6  | prep wlan1 ch10  | BL=[]
[RX  <- B] bucket=41828  peer_BL=[]  my_BL=[]
[TX  ->  *] bucket=41828 L2 active=wlan0 ch6  BL=[]
[21:46:54] HOP bucket=41829 L2 active=wlan1 ch10  | prep wlan0 ch5  | BL=[]
[TX  ->  *] bucket=41829 L2 active=wlan1 ch10  BL=[]
[RX  <- B] bucket=41829  peer_BL=[]  my_BL=[]
[21:46:56] HOP bucket=41830 L2 active=wlan0 ch5  | prep wlan1 ch9  | BL=[]
[RX  <- B] bucket=41830  peer_BL=[]  my_BL=[]
[TX  ->  *] bucket=41830 L2 active=wlan0 ch5  BL=[]
[21:46:58] HOP bucket=41831 L2 active=wlan1 ch9  | prep wlan0 ch7  | BL=[]
[TX  ->  *] bucket=41831 L2 active=wlan1 ch9  BL=[]
[21:47:00] HOP bucket=41832 L2 active=wlan0 ch7  | prep wlan1 ch10  | BL=[]
[TX  ->  *] bucket=41832 L2 active=wlan0 ch7  BL=[]
[21:47:02] HOP bucket=41833 L2 active=wlan1 ch10  | prep wlan0 ch4  | BL=[]
[RX  <- B] bucket=41833  peer_BL=[]  my_BL=[]
[TX  ->  *] bucket=41833 L2 active=wlan1 ch10  BL=[]
[21:47:04] HOP bucket=41834 L2 active=wlan0 ch4  | prep wlan1 ch9  | BL=[]
[RX  <- B] bucket=41834  peer_BL=[]  my_BL=[]
[TX  ->  *] bucket=41834 L2 active=wlan0 ch4  BL=[]
[21:47:06] HOP bucket=41835 L2 active=wlan1 ch9  | prep wlan0 ch6  | BL=[]
[TX  ->  *] bucket=41835 L2 active=wlan1 ch9  BL=[]
[21:47:08] HOP bucket=41836 L2 active=wlan0 ch6  | prep wlan1 ch3  | BL=[]
[RX  <- B] bucket=41836  peer_BL=[]  my_BL=[]
[TX  ->  *] bucket=41836 L2 active=wlan0 ch6  BL=[]
[21:47:10] HOP bucket=41837 L2 active=wlan1 ch3  | prep wlan0 ch7  | BL=[]
[TX  ->  *] bucket=41837 L2 active=wlan1 ch3  BL=[]
[RX  <- B] bucket=41837  peer_BL=[]  my_BL=[]
[21:47:12] HOP bucket=41838 L2 active=wlan0 ch7  | prep wlan1 ch9  | BL=[]
[TX  ->  *] bucket=41838 L2 active=wlan0 ch7  BL=[]
[21:47:14] HOP bucket=41839 L2 active=wlan1 ch9  | prep wlan0 ch7  | BL=[]
[TX  ->  *] bucket=41839 L2 active=wlan1 ch9  BL=[]
[21:47:16] HOP bucket=41840 L2 active=wlan0 ch7  | prep wlan1 ch7  | BL=[]
[TX  ->  *] bucket=41840 L2 active=wlan0 ch7  BL=[]
[21:47:18] HOP bucket=41841 L2 active=wlan1 ch7  | prep wlan0 ch5  | BL=[]
[TX  ->  *] bucket=41841 L2 active=wlan1 ch7  BL=[]
[21:47:20] HOP bucket=41842 L2 active=wlan0 ch5  | prep wlan1 ch4  | BL=[]
[TX  ->  *] bucket=41842 L2 active=wlan0 ch5  BL=[]
[RX  <- B] bucket=41842  peer_BL=[]  my_BL=[]
[21:47:22] HOP bucket=41843 L2 active=wlan1 ch4  | prep wlan0 ch9  | BL=[]
[TX  ->  *] bucket=41843 L2 active=wlan1 ch4  BL=[]
[RX  <- B] bucket=41843  peer_BL=[]  my_BL=[]
[21:47:24] HOP bucket=41844 L2 active=wlan0 ch9  | prep wlan1 ch11  | BL=[]
[TX  ->  *] bucket=41844 L2 active=wlan0 ch9  BL=[]
[21:47:26] HOP bucket=41845 L2 active=wlan1 ch11  | prep wlan0 ch4  | BL=[]
[RX  <- B] bucket=41845  peer_BL=[]  my_BL=[]
[TX  ->  *] bucket=41845 L2 active=wlan1 ch11  BL=[]
[21:47:28] HOP bucket=41846 L2 active=wlan0 ch4  | prep wlan1 ch8  | BL=[]
[TX  ->  *] bucket=41846 L2 active=wlan0 ch4  BL=[]
[RX  <- B] bucket=41846  peer_BL=[]  my_BL=[]
[21:47:30] HOP bucket=41847 L2 active=wlan1 ch8  | prep wlan0 ch10  | BL=[]
[TX  ->  *] bucket=41847 L2 active=wlan1 ch8  BL=[]
[21:47:32] HOP bucket=41848 L2 active=wlan0 ch10  | prep wlan1 ch6  | BL=[]
[TX  ->  *] bucket=41848 L2 active=wlan0 ch10  BL=[]
[RX  <- B] bucket=41848  peer_BL=[]  my_BL=[]
[21:47:34] HOP bucket=41849 L2 active=wlan1 ch6  | prep wlan0 ch8  | BL=[]
[TX  ->  *] bucket=41849 L2 active=wlan1 ch6  BL=[]
[RX  <- B] bucket=41849  peer_BL=[]  my_BL=[]
[21:47:36] HOP bucket=41850 L2 active=wlan0 ch8  | prep wlan1 ch9  | BL=[]
[TX  ->  *] bucket=41850 L2 active=wlan0 ch8  BL=[]
[21:47:38] HOP bucket=41851 L2 active=wlan1 ch9  | prep wlan0 ch6  | BL=[]
[TX  ->  *] bucket=41851 L2 active=wlan1 ch9  BL=[]
[21:47:40] HOP bucket=41852 L2 active=wlan0 ch6  | prep wlan1 ch5  | BL=[]
[RX  <- B] bucket=41852  peer_BL=[]  my_BL=[]
[TX  ->  *] bucket=41852 L2 active=wlan0 ch6  BL=[]
[21:47:42] HOP bucket=41853 L2 active=wlan1 ch5  | prep wlan0 ch3  | BL=[]
[RX  <- B] bucket=41853  peer_BL=[]  my_BL=[]
[TX  ->  *] bucket=41853 L2 active=wlan1 ch5  BL=[]
[21:47:44] HOP bucket=41854 L2 active=wlan0 ch3  | prep wlan1 ch9  | BL=[]
[TX  ->  *] bucket=41854 L2 active=wlan0 ch3  BL=[]
[RX  <- B] bucket=41854  peer_BL=[]  my_BL=[]
[21:47:46] HOP bucket=41855 L2 active=wlan1 ch9  | prep wlan0 ch11  | BL=[]
[TX  ->  *] bucket=41855 L2 active=wlan1 ch9  BL=[]
[21:47:48] HOP bucket=41856 L2 active=wlan0 ch11  | prep wlan1 ch4  | BL=[]
[RX  <- B] bucket=41856  peer_BL=[]  my_BL=[]
[TX  ->  *] bucket=41856 L2 active=wlan0 ch11  BL=[]
[21:47:50] HOP bucket=41857 L2 active=wlan1 ch4  | prep wlan0 ch4  | BL=[]
[RX  <- B] bucket=41857  peer_BL=[]  my_BL=[]
[TX  ->  *] bucket=41857 L2 active=wlan1 ch4  BL=[]
[21:47:52] HOP bucket=41858 L2 active=wlan0 ch4  | prep wlan1 ch11  | BL=[]
[TX  ->  *] bucket=41858 L2 active=wlan0 ch4  BL=[]
[RX  <- B] bucket=41858  peer_BL=[]  my_BL=[]
[21:47:54] HOP bucket=41859 L2 active=wlan1 ch11  | prep wlan0 ch5  | BL=[]
[RX  <- B] bucket=41859  peer_BL=[]  my_BL=[]
[TX  ->  *] bucket=41859 L2 active=wlan1 ch11  BL=[]
[21:47:56] HOP bucket=41860 L2 active=wlan0 ch5  | prep wlan1 ch11  | BL=[]
[TX  ->  *] bucket=41860 L2 active=wlan0 ch5  BL=[]
[RX  <- B] bucket=41860  peer_BL=[]  my_BL=[]
[21:47:58] HOP bucket=41861 L2 active=wlan1 ch11  | prep wlan0 ch11  | BL=[]
[TX  ->  *] bucket=41861 L2 active=wlan1 ch11  BL=[]
[RX  <- B] bucket=41861  peer_BL=[]  my_BL=[]
[21:48:00] HOP bucket=41862 L2 active=wlan0 ch11  | prep wlan1 ch8  | BL=[]
[TX  ->  *] bucket=41862 L2 active=wlan0 ch11  BL=[]
[RX  <- B] bucket=41862  peer_BL=[]  my_BL=[]
[21:48:02] HOP bucket=41863 L2 active=wlan1 ch8  | prep wlan0 ch10  | BL=[]
[TX  ->  *] bucket=41863 L2 active=wlan1 ch8  BL=[]
[21:48:04] HOP bucket=41864 L2 active=wlan0 ch10  | prep wlan1 ch6  | BL=[]
[TX  ->  *] bucket=41864 L2 active=wlan0 ch10  BL=[]
[21:48:06] HOP bucket=41865 L2 active=wlan1 ch6  | prep wlan0 ch7  | BL=[]
[TX  ->  *] bucket=41865 L2 active=wlan1 ch6  BL=[]
[RX  <- B] bucket=41865  peer_BL=[]  my_BL=[]
[21:48:08] HOP bucket=41866 L2 active=wlan0 ch7  | prep wlan1 ch7  | BL=[]
[TX  ->  *] bucket=41866 L2 active=wlan0 ch7  BL=[]
[21:48:10] HOP bucket=41867 L2 active=wlan1 ch7  | prep wlan0 ch8  | BL=[]
[TX  ->  *] bucket=41867 L2 active=wlan1 ch7  BL=[]
[21:48:12] HOP bucket=41868 L2 active=wlan0 ch8  | prep wlan1 ch7  | BL=[]
[TX  ->  *] bucket=41868 L2 active=wlan0 ch8  BL=[]
[21:48:14] HOP bucket=41869 L2 active=wlan1 ch7  | prep wlan0 ch11  | BL=[]
[TX  ->  *] bucket=41869 L2 active=wlan1 ch7  BL=[]
[21:48:16] HOP bucket=41870 L2 active=wlan0 ch11  | prep wlan1 ch8  | BL=[]
[RX  <- B] bucket=41870  peer_BL=[]  my_BL=[]
[TX  ->  *] bucket=41870 L2 active=wlan0 ch11  BL=[]
[21:48:18] HOP bucket=41871 L2 active=wlan1 ch8  | prep wlan0 ch5  | BL=[]
[TX  ->  *] bucket=41871 L2 active=wlan1 ch8  BL=[]
[21:48:20] HOP bucket=41872 L2 active=wlan0 ch5  | prep wlan1 ch5  | BL=[]
[RX  <- B] bucket=41872  peer_BL=[]  my_BL=[]
[TX  ->  *] bucket=41872 L2 active=wlan0 ch5  BL=[]
[21:48:22] HOP bucket=41873 L2 active=wlan1 ch5  | prep wlan0 ch4  | BL=[]
[TX  ->  *] bucket=41873 L2 active=wlan1 ch5  BL=[]
[RX  <- B] bucket=41873  peer_BL=[]  my_BL=[]
[21:48:24] HOP bucket=41874 L2 active=wlan0 ch4  | prep wlan1 ch6  | BL=[]
[RX  <- B] bucket=41874  peer_BL=[]  my_BL=[]
[TX  ->  *] bucket=41874 L2 active=wlan0 ch4  BL=[]
[21:48:26] HOP bucket=41875 L2 active=wlan1 ch6  | prep wlan0 ch5  | BL=[]
[RX  <- B] bucket=41875  peer_BL=[]  my_BL=[]
[TX  ->  *] bucket=41875 L2 active=wlan1 ch6  BL=[]
[21:48:28] HOP bucket=41876 L2 active=wlan0 ch5  | prep wlan1 ch11  | BL=[]
[RX  <- B] bucket=41876  peer_BL=[]  my_BL=[]
[TX  ->  *] bucket=41876 L2 active=wlan0 ch5  BL=[]
[21:48:30] HOP bucket=41877 L2 active=wlan1 ch11  | prep wlan0 ch5  | BL=[]
[TX  ->  *] bucket=41877 L2 active=wlan1 ch11  BL=[]
[RX  <- B] bucket=41877  peer_BL=[]  my_BL=[]
[21:48:32] HOP bucket=41878 L2 active=wlan0 ch5  | prep wlan1 ch9  | BL=[]
[TX  ->  *] bucket=41878 L2 active=wlan0 ch5  BL=[]
[RX  <- B] bucket=41878  peer_BL=[]  my_BL=[]
[21:48:34] HOP bucket=41879 L2 active=wlan1 ch9  | prep wlan0 ch7  | BL=[]
[TX  ->  *] bucket=41879 L2 active=wlan1 ch9  BL=[]
[21:48:36] HOP bucket=41880 L2 active=wlan0 ch7  | prep wlan1 ch11  | BL=[]
[TX  ->  *] bucket=41880 L2 active=wlan0 ch7  BL=[]
[RX  <- B] bucket=41880  peer_BL=[]  my_BL=[]
[21:48:38] HOP bucket=41881 L2 active=wlan1 ch11  | prep wlan0 ch11  | BL=[]
[TX  ->  *] bucket=41881 L2 active=wlan1 ch11  BL=[]
[21:48:40] HOP bucket=41882 L2 active=wlan0 ch11  | prep wlan1 ch6  | BL=[]
[TX  ->  *] bucket=41882 L2 active=wlan0 ch11  BL=[]
[21:48:42] HOP bucket=41883 L2 active=wlan1 ch6  | prep wlan0 ch4  | BL=[]
[TX  ->  *] bucket=41883 L2 active=wlan1 ch6  BL=[]
[RX  <- B] bucket=41883  peer_BL=[]  my_BL=[]
[21:48:44] HOP bucket=41884 L2 active=wlan0 ch4  | prep wlan1 ch9  | BL=[]
[TX  ->  *] bucket=41884 L2 active=wlan0 ch4  BL=[]
[RX  <- B] bucket=41884  peer_BL=[]  my_BL=[]
[21:48:46] HOP bucket=41885 L2 active=wlan1 ch9  | prep wlan0 ch11  | BL=[]
[TX  ->  *] bucket=41885 L2 active=wlan1 ch9  BL=[]
[RX  <- B] bucket=41885  peer_BL=[]  my_BL=[]
[21:48:48] HOP bucket=41886 L2 active=wlan0 ch11  | prep wlan1 ch3  | BL=[]
[TX  ->  *] bucket=41886 L2 active=wlan0 ch11  BL=[]
[21:48:50] HOP bucket=41887 L2 active=wlan1 ch3  | prep wlan0 ch7  | BL=[]
[TX  ->  *] bucket=41887 L2 active=wlan1 ch3  BL=[]
[RX  <- B] bucket=41887  peer_BL=[]  my_BL=[]
[21:48:52] HOP bucket=41888 L2 active=wlan0 ch7  | prep wlan1 ch3  | BL=[]
[TX  ->  *] bucket=41888 L2 active=wlan0 ch7  BL=[]
[RX  <- B] bucket=41888  peer_BL=[]  my_BL=[]
[21:48:54] HOP bucket=41889 L2 active=wlan1 ch3  | prep wlan0 ch10  | BL=[]
[RX  <- B] bucket=41889  peer_BL=[]  my_BL=[]
[TX  ->  *] bucket=41889 L2 active=wlan1 ch3  BL=[]
[21:48:56] HOP bucket=41890 L2 active=wlan0 ch10  | prep wlan1 ch7  | BL=[]
[TX  ->  *] bucket=41890 L2 active=wlan0 ch10  BL=[]
[21:48:58] HOP bucket=41891 L2 active=wlan1 ch7  | prep wlan0 ch3  | BL=[]
[TX  ->  *] bucket=41891 L2 active=wlan1 ch7  BL=[]
[RX  <- B] bucket=41891  peer_BL=[]  my_BL=[]
[21:49:00] HOP bucket=41892 L2 active=wlan0 ch3  | prep wlan1 ch11  | BL=[]
[TX  ->  *] bucket=41892 L2 active=wlan0 ch3  BL=[]
[RX  <- B] bucket=41892  peer_BL=[]  my_BL=[]
[21:49:02] HOP bucket=41893 L2 active=wlan1 ch11  | prep wlan0 ch10  | BL=[]
[TX  ->  *] bucket=41893 L2 active=wlan1 ch11  BL=[]
[21:49:04] HOP bucket=41894 L2 active=wlan0 ch10  | prep wlan1 ch5  | BL=[]
[TX  ->  *] bucket=41894 L2 active=wlan0 ch10  BL=[]
[21:49:06] HOP bucket=41895 L2 active=wlan1 ch5  | prep wlan0 ch8  | BL=[]
[RX  <- B] bucket=41895  peer_BL=[]  my_BL=[]
[TX  ->  *] bucket=41895 L2 active=wlan1 ch5  BL=[]
[21:49:08] HOP bucket=41896 L2 active=wlan0 ch8  | prep wlan1 ch3  | BL=[]
[TX  ->  *] bucket=41896 L2 active=wlan0 ch8  BL=[]
[RX  <- B] bucket=41896  peer_BL=[]  my_BL=[]
[21:49:10] HOP bucket=41897 L2 active=wlan1 ch3  | prep wlan0 ch4  | BL=[]
[RX  <- B] bucket=41897  peer_BL=[]  my_BL=[]
[TX  ->  *] bucket=41897 L2 active=wlan1 ch3  BL=[]
[21:49:12] HOP bucket=41898 L2 active=wlan0 ch4  | prep wlan1 ch9  | BL=[]
[RX  <- B] bucket=41898  peer_BL=[]  my_BL=[]
[TX  ->  *] bucket=41898 L2 active=wlan0 ch4  BL=[]
[21:49:14] HOP bucket=41899 L2 active=wlan1 ch9  | prep wlan0 ch10  | BL=[]
[TX  ->  *] bucket=41899 L2 active=wlan1 ch9  BL=[]
[RX  <- B] bucket=41899  peer_BL=[]  my_BL=[]
[21:49:16] HOP bucket=41900 L2 active=wlan0 ch10  | prep wlan1 ch4  | BL=[]
[TX  ->  *] bucket=41900 L2 active=wlan0 ch10  BL=[]
[21:49:18] HOP bucket=41901 L2 active=wlan1 ch4  | prep wlan0 ch7  | BL=[]
[TX  ->  *] bucket=41901 L2 active=wlan1 ch4  BL=[]
[RX  <- B] bucket=41901  peer_BL=[]  my_BL=[]
[21:49:20] HOP bucket=41902 L2 active=wlan0 ch7  | prep wlan1 ch7  | BL=[]
[TX  ->  *] bucket=41902 L2 active=wlan0 ch7  BL=[]
[RX  <- B] bucket=41902  peer_BL=[]  my_BL=[]
[21:49:22] HOP bucket=41903 L2 active=wlan1 ch7  | prep wlan0 ch4  | BL=[]
[RX  <- B] bucket=41903  peer_BL=[]  my_BL=[]
[TX  ->  *] bucket=41903 L2 active=wlan1 ch7  BL=[]
[21:49:24] HOP bucket=41904 L2 active=wlan0 ch4  | prep wlan1 ch4  | BL=[]
[TX  ->  *] bucket=41904 L2 active=wlan0 ch4  BL=[]
[RX  <- B] bucket=41904  peer_BL=[]  my_BL=[]
[21:49:26] HOP bucket=41905 L2 active=wlan1 ch4  | prep wlan0 ch7  | BL=[]
[TX  ->  *] bucket=41905 L2 active=wlan1 ch4  BL=[]
[RX  <- B] bucket=41905  peer_BL=[]  my_BL=[]
[21:49:28] HOP bucket=41906 L2 active=wlan0 ch7  | prep wlan1 ch6  | BL=[]
[RX  <- B] bucket=41906  peer_BL=[]  my_BL=[]
[TX  ->  *] bucket=41906 L2 active=wlan0 ch7  BL=[]
[21:49:30] HOP bucket=41907 L2 active=wlan1 ch6  | prep wlan0 ch10  | BL=[]
[TX  ->  *] bucket=41907 L2 active=wlan1 ch6  BL=[]
[RX  <- B] bucket=41907  peer_BL=[]  my_BL=[]
[21:49:32] HOP bucket=41908 L2 active=wlan0 ch10  | prep wlan1 ch9  | BL=[]
[TX  ->  *] bucket=41908 L2 active=wlan0 ch10  BL=[]
[21:49:34] HOP bucket=41909 L2 active=wlan1 ch9  | prep wlan0 ch3  | BL=[]
[RX  <- B] bucket=41909  peer_BL=[]  my_BL=[]
[TX  ->  *] bucket=41909 L2 active=wlan1 ch9  BL=[]
[21:49:36] HOP bucket=41910 L2 active=wlan0 ch3  | prep wlan1 ch7  | BL=[]
[TX  ->  *] bucket=41910 L2 active=wlan0 ch3  BL=[]
[21:49:38] HOP bucket=41911 L2 active=wlan1 ch7  | prep wlan0 ch11  | BL=[]
[RX  <- B] bucket=41911  peer_BL=[]  my_BL=[]
[TX  ->  *] bucket=41911 L2 active=wlan1 ch7  BL=[]
[21:49:40] HOP bucket=41912 L2 active=wlan0 ch11  | prep wlan1 ch10  | BL=[]
[TX  ->  *] bucket=41912 L2 active=wlan0 ch11  BL=[]
[21:49:42] HOP bucket=41913 L2 active=wlan1 ch10  | prep wlan0 ch11  | BL=[]
[RX  <- B] bucket=41913  peer_BL=[]  my_BL=[]
[TX  ->  *] bucket=41913 L2 active=wlan1 ch10  BL=[]
[21:49:44] HOP bucket=41914 L2 active=wlan0 ch11  | prep wlan1 ch6  | BL=[]
[TX  ->  *] bucket=41914 L2 active=wlan0 ch11  BL=[]
[21:49:46] HOP bucket=41915 L2 active=wlan1 ch6  | prep wlan0 ch3  | BL=[]
[TX  ->  *] bucket=41915 L2 active=wlan1 ch6  BL=[]
[21:49:48] HOP bucket=41916 L2 active=wlan0 ch3  | prep wlan1 ch4  | BL=[]
[TX  ->  *] bucket=41916 L2 active=wlan0 ch3  BL=[]
[21:49:50] HOP bucket=41917 L2 active=wlan1 ch4  | prep wlan0 ch9  | BL=[]
[TX  ->  *] bucket=41917 L2 active=wlan1 ch4  BL=[]
[RX  <- B] bucket=41917  peer_BL=[]  my_BL=[]
[21:49:52] HOP bucket=41918 L2 active=wlan0 ch9  | prep wlan1 ch7  | BL=[]
[TX  ->  *] bucket=41918 L2 active=wlan0 ch9  BL=[]
[21:49:54] HOP bucket=41919 L2 active=wlan1 ch7  | prep wlan0 ch3  | BL=[]
[RX  <- B] bucket=41919  peer_BL=[]  my_BL=[]
[TX  ->  *] bucket=41919 L2 active=wlan1 ch7  BL=[]
[21:49:56] HOP bucket=41920 L2 active=wlan0 ch3  | prep wlan1 ch9  | BL=[]
[TX  ->  *] bucket=41920 L2 active=wlan0 ch3  BL=[]
[21:49:58] HOP bucket=41921 L2 active=wlan1 ch9  | prep wlan0 ch5  | BL=[]
[TX  ->  *] bucket=41921 L2 active=wlan1 ch9  BL=[]
[21:50:00] HOP bucket=41922 L2 active=wlan0 ch5  | prep wlan1 ch7  | BL=[]
[RX  <- B] bucket=41922  peer_BL=[]  my_BL=[]
[TX  ->  *] bucket=41922 L2 active=wlan0 ch5  BL=[]
[21:50:02] HOP bucket=41923 L2 active=wlan1 ch7  | prep wlan0 ch7  | BL=[]
[RX  <- B] bucket=41923  peer_BL=[]  my_BL=[]
[TX  ->  *] bucket=41923 L2 active=wlan1 ch7  BL=[]
[21:50:04] HOP bucket=41924 L2 active=wlan0 ch7  | prep wlan1 ch8  | BL=[]
[RX  <- B] bucket=41924  peer_BL=[]  my_BL=[]
[TX  ->  *] bucket=41924 L2 active=wlan0 ch7  BL=[]
[21:50:06] HOP bucket=41925 L2 active=wlan1 ch8  | prep wlan0 ch6  | BL=[]
[RX  <- B] bucket=41925  peer_BL=[]  my_BL=[]
[TX  ->  *] bucket=41925 L2 active=wlan1 ch8  BL=[]
[21:50:08] HOP bucket=41926 L2 active=wlan0 ch6  | prep wlan1 ch5  | BL=[]
[TX  ->  *] bucket=41926 L2 active=wlan0 ch6  BL=[]
[21:50:10] HOP bucket=41927 L2 active=wlan1 ch5  | prep wlan0 ch11  | BL=[]
[RX  <- B] bucket=41927  peer_BL=[]  my_BL=[]
[TX  ->  *] bucket=41927 L2 active=wlan1 ch5  BL=[]
[21:50:12] HOP bucket=41928 L2 active=wlan0 ch11  | prep wlan1 ch9  | BL=[]
[TX  ->  *] bucket=41928 L2 active=wlan0 ch11  BL=[]
[21:50:14] HOP bucket=41929 L2 active=wlan1 ch9  | prep wlan0 ch7  | BL=[]
[TX  ->  *] bucket=41929 L2 active=wlan1 ch9  BL=[]
[21:50:16] HOP bucket=41930 L2 active=wlan0 ch7  | prep wlan1 ch3  | BL=[]
[RX  <- B] bucket=41930  peer_BL=[]  my_BL=[]
[TX  ->  *] bucket=41930 L2 active=wlan0 ch7  BL=[]
[21:50:18] HOP bucket=41931 L2 active=wlan1 ch3  | prep wlan0 ch8  | BL=[]
[TX  ->  *] bucket=41931 L2 active=wlan1 ch3  BL=[]
[21:50:20] HOP bucket=41932 L2 active=wlan0 ch8  | prep wlan1 ch7  | BL=[]
[TX  ->  *] bucket=41932 L2 active=wlan0 ch8  BL=[]
[RX  <- B] bucket=41932  peer_BL=[]  my_BL=[]
[21:50:22] HOP bucket=41933 L2 active=wlan1 ch7  | prep wlan0 ch11  | BL=[]
[TX  ->  *] bucket=41933 L2 active=wlan1 ch7  BL=[]
[RX  <- B] bucket=41933  peer_BL=[]  my_BL=[]
[21:50:24] HOP bucket=41934 L2 active=wlan0 ch11  | prep wlan1 ch9  | BL=[]
[TX  ->  *] bucket=41934 L2 active=wlan0 ch11  BL=[]
[21:50:26] HOP bucket=41935 L2 active=wlan1 ch9  | prep wlan0 ch11  | BL=[]
[TX  ->  *] bucket=41935 L2 active=wlan1 ch9  BL=[]
[21:50:28] HOP bucket=41936 L2 active=wlan0 ch11  | prep wlan1 ch3  | BL=[]
[TX  ->  *] bucket=41936 L2 active=wlan0 ch11  BL=[]
[21:50:30] HOP bucket=41937 L2 active=wlan1 ch3  | prep wlan0 ch10  | BL=[]
[TX  ->  *] bucket=41937 L2 active=wlan1 ch3  BL=[]
[21:50:32] HOP bucket=41938 L2 active=wlan0 ch10  | prep wlan1 ch3  | BL=[]
[RX  <- B] bucket=41938  peer_BL=[]  my_BL=[]
[TX  ->  *] bucket=41938 L2 active=wlan0 ch10  BL=[]
[21:50:34] HOP bucket=41939 L2 active=wlan1 ch3  | prep wlan0 ch4  | BL=[]
[TX  ->  *] bucket=41939 L2 active=wlan1 ch3  BL=[]
[21:50:36] HOP bucket=41940 L2 active=wlan0 ch4  | prep wlan1 ch4  | BL=[]
[TX  ->  *] bucket=41940 L2 active=wlan0 ch4  BL=[]
[RX  <- B] bucket=41940  peer_BL=[]  my_BL=[]
[21:50:38] HOP bucket=41941 L2 active=wlan1 ch4  | prep wlan0 ch5  | BL=[]
[TX  ->  *] bucket=41941 L2 active=wlan1 ch4  BL=[]
[RX  <- B] bucket=41941  peer_BL=[]  my_BL=[]
[21:50:40] HOP bucket=41942 L2 active=wlan0 ch5  | prep wlan1 ch7  | BL=[]
[RX  <- B] bucket=41942  peer_BL=[]  my_BL=[]
[TX  ->  *] bucket=41942 L2 active=wlan0 ch5  BL=[]
[21:50:42] HOP bucket=41943 L2 active=wlan1 ch7  | prep wlan0 ch11  | BL=[]
[TX  ->  *] bucket=41943 L2 active=wlan1 ch7  BL=[]
[RX  <- B] bucket=41943  peer_BL=[]  my_BL=[]
[21:50:44] HOP bucket=41944 L2 active=wlan0 ch11  | prep wlan1 ch9  | BL=[]
[TX  ->  *] bucket=41944 L2 active=wlan0 ch11  BL=[]
[21:50:46] HOP bucket=41945 L2 active=wlan1 ch9  | prep wlan0 ch6  | BL=[]
[TX  ->  *] bucket=41945 L2 active=wlan1 ch9  BL=[]
[21:50:48] HOP bucket=41946 L2 active=wlan0 ch6  | prep wlan1 ch7  | BL=[]
[TX  ->  *] bucket=41946 L2 active=wlan0 ch6  BL=[]
[21:50:50] HOP bucket=41947 L2 active=wlan1 ch7  | prep wlan0 ch6  | BL=[]
[RX  <- B] bucket=41947  peer_BL=[]  my_BL=[]
[TX  ->  *] bucket=41947 L2 active=wlan1 ch7  BL=[]
[21:50:52] HOP bucket=41948 L2 active=wlan0 ch6  | prep wlan1 ch5  | BL=[]
[TX  ->  *] bucket=41948 L2 active=wlan0 ch6  BL=[]
[21:50:54] HOP bucket=41949 L2 active=wlan1 ch5  | prep wlan0 ch9  | BL=[]
[RX  <- B] bucket=41949  peer_BL=[]  my_BL=[]
[TX  ->  *] bucket=41949 L2 active=wlan1 ch5  BL=[]
[21:50:56] HOP bucket=41950 L2 active=wlan0 ch9  | prep wlan1 ch11  | BL=[]
[TX  ->  *] bucket=41950 L2 active=wlan0 ch9  BL=[]
[21:50:58] HOP bucket=41951 L2 active=wlan1 ch11  | prep wlan0 ch11  | BL=[]
[TX  ->  *] bucket=41951 L2 active=wlan1 ch11  BL=[]
[21:51:00] HOP bucket=41952 L2 active=wlan0 ch11  | prep wlan1 ch3  | BL=[]
[TX  ->  *] bucket=41952 L2 active=wlan0 ch11  BL=[]
[21:51:02] HOP bucket=41953 L2 active=wlan1 ch3  | prep wlan0 ch3  | BL=[]
[TX  ->  *] bucket=41953 L2 active=wlan1 ch3  BL=[]
[21:51:04] HOP bucket=41954 L2 active=wlan0 ch3  | prep wlan1 ch8  | BL=[]
[TX  ->  *] bucket=41954 L2 active=wlan0 ch3  BL=[]
[21:51:06] HOP bucket=41955 L2 active=wlan1 ch8  | prep wlan0 ch3  | BL=[]
[RX  <- B] bucket=41955  peer_BL=[]  my_BL=[]
[TX  ->  *] bucket=41955 L2 active=wlan1 ch8  BL=[]
[21:51:08] HOP bucket=41956 L2 active=wlan0 ch3  | prep wlan1 ch8  | BL=[]
[TX  ->  *] bucket=41956 L2 active=wlan0 ch3  BL=[]
[21:51:10] HOP bucket=41957 L2 active=wlan1 ch8  | prep wlan0 ch3  | BL=[]
[TX  ->  *] bucket=41957 L2 active=wlan1 ch8  BL=[]
[RX  <- B] bucket=41957  peer_BL=[]  my_BL=[]
[21:51:12] HOP bucket=41958 L2 active=wlan0 ch3  | prep wlan1 ch3  | BL=[]
[TX  ->  *] bucket=41958 L2 active=wlan0 ch3  BL=[]
[21:51:14] HOP bucket=41959 L2 active=wlan1 ch3  | prep wlan0 ch4  | BL=[]
[TX  ->  *] bucket=41959 L2 active=wlan1 ch3  BL=[]
[21:51:16] HOP bucket=41960 L2 active=wlan0 ch4  | prep wlan1 ch8  | BL=[]
[TX  ->  *] bucket=41960 L2 active=wlan0 ch4  BL=[]
[RX  <- B] bucket=41960  peer_BL=[]  my_BL=[]
[21:51:18] HOP bucket=41961 L2 active=wlan1 ch8  | prep wlan0 ch10  | BL=[]
[TX  ->  *] bucket=41961 L2 active=wlan1 ch8  BL=[]
[RX  <- B] bucket=41961  peer_BL=[]  my_BL=[]
[21:51:20] HOP bucket=41962 L2 active=wlan0 ch10  | prep wlan1 ch8  | BL=[]
[TX  ->  *] bucket=41962 L2 active=wlan0 ch10  BL=[]
[RX  <- B] bucket=41962  peer_BL=[]  my_BL=[]
[21:51:22] HOP bucket=41963 L2 active=wlan1 ch8  | prep wlan0 ch5  | BL=[]
[TX  ->  *] bucket=41963 L2 active=wlan1 ch8  BL=[]
[RX  <- B] bucket=41963  peer_BL=[]  my_BL=[]
[21:51:24] HOP bucket=41964 L2 active=wlan0 ch5  | prep wlan1 ch7  | BL=[]
[RX  <- B] bucket=41964  peer_BL=[]  my_BL=[]
[TX  ->  *] bucket=41964 L2 active=wlan0 ch5  BL=[]
[21:51:26] HOP bucket=41965 L2 active=wlan1 ch7  | prep wlan0 ch11  | BL=[]
[RX  <- B] bucket=41965  peer_BL=[]  my_BL=[]
[TX  ->  *] bucket=41965 L2 active=wlan1 ch7  BL=[]
[21:51:28] HOP bucket=41966 L2 active=wlan0 ch11  | prep wlan1 ch6  | BL=[]
[TX  ->  *] bucket=41966 L2 active=wlan0 ch11  BL=[]
[21:51:30] HOP bucket=41967 L2 active=wlan1 ch6  | prep wlan0 ch10  | BL=[]
[TX  ->  *] bucket=41967 L2 active=wlan1 ch6  BL=[]
[21:51:32] HOP bucket=41968 L2 active=wlan0 ch10  | prep wlan1 ch4  | BL=[]
[TX  ->  *] bucket=41968 L2 active=wlan0 ch10  BL=[]
[RX  <- B] bucket=41968  peer_BL=[]  my_BL=[]
[21:51:34] HOP bucket=41969 L2 active=wlan1 ch4  | prep wlan0 ch7  | BL=[]
[RX  <- B] bucket=41969  peer_BL=[]  my_BL=[]
[TX  ->  *] bucket=41969 L2 active=wlan1 ch4  BL=[]
[21:51:36] HOP bucket=41970 L2 active=wlan0 ch7  | prep wlan1 ch9  | BL=[]
[TX  ->  *] bucket=41970 L2 active=wlan0 ch7  BL=[]
[RX  <- B] bucket=41970  peer_BL=[]  my_BL=[]
[21:51:38] HOP bucket=41971 L2 active=wlan1 ch9  | prep wlan0 ch6  | BL=[]
[TX  ->  *] bucket=41971 L2 active=wlan1 ch9  BL=[]
[RX  <- B] bucket=41971  peer_BL=[]  my_BL=[]
[21:51:40] HOP bucket=41972 L2 active=wlan0 ch6  | prep wlan1 ch6  | BL=[]
[TX  ->  *] bucket=41972 L2 active=wlan0 ch6  BL=[]
[RX  <- B] bucket=41972  peer_BL=[]  my_BL=[]
[21:51:42] HOP bucket=41973 L2 active=wlan1 ch6  | prep wlan0 ch11  | BL=[]
[TX  ->  *] bucket=41973 L2 active=wlan1 ch6  BL=[]
[RX  <- B] bucket=41973  peer_BL=[]  my_BL=[]
[21:51:44] HOP bucket=41974 L2 active=wlan0 ch11  | prep wlan1 ch8  | BL=[]
[RX  <- B] bucket=41974  peer_BL=[]  my_BL=[]
[TX  ->  *] bucket=41974 L2 active=wlan0 ch11  BL=[]
[21:51:46] HOP bucket=41975 L2 active=wlan1 ch8  | prep wlan0 ch10  | BL=[]
[RX  <- B] bucket=41975  peer_BL=[]  my_BL=[]
[TX  ->  *] bucket=41975 L2 active=wlan1 ch8  BL=[]
[21:51:48] HOP bucket=41976 L2 active=wlan0 ch10  | prep wlan1 ch11  | BL=[]
[TX  ->  *] bucket=41976 L2 active=wlan0 ch10  BL=[]
[RX  <- B] bucket=41976  peer_BL=[]  my_BL=[]
[21:51:50] HOP bucket=41977 L2 active=wlan1 ch11  | prep wlan0 ch7  | BL=[]
[TX  ->  *] bucket=41977 L2 active=wlan1 ch11  BL=[]
[RX  <- B] bucket=41977  peer_BL=[]  my_BL=[]
[21:51:52] HOP bucket=41978 L2 active=wlan0 ch7  | prep wlan1 ch9  | BL=[]
[RX  <- B] bucket=41978  peer_BL=[]  my_BL=[]
[TX  ->  *] bucket=41978 L2 active=wlan0 ch7  BL=[]
[21:51:54] HOP bucket=41979 L2 active=wlan1 ch9  | prep wlan0 ch5  | BL=[]
[TX  ->  *] bucket=41979 L2 active=wlan1 ch9  BL=[]
[RX  <- B] bucket=41979  peer_BL=[]  my_BL=[]
[21:51:56] HOP bucket=41980 L2 active=wlan0 ch5  | prep wlan1 ch7  | BL=[]
[RX  <- B] bucket=41980  peer_BL=[]  my_BL=[]
[TX  ->  *] bucket=41980 L2 active=wlan0 ch5  BL=[]
[21:51:58] HOP bucket=41981 L2 active=wlan1 ch7  | prep wlan0 ch11  | BL=[]
[TX  ->  *] bucket=41981 L2 active=wlan1 ch7  BL=[]
[RX  <- B] bucket=41981  peer_BL=[]  my_BL=[]
[21:52:00] HOP bucket=41982 L2 active=wlan0 ch11  | prep wlan1 ch11  | BL=[]
[TX  ->  *] bucket=41982 L2 active=wlan0 ch11  BL=[]
[RX  <- B] bucket=41982  peer_BL=[]  my_BL=[]
[21:52:02] HOP bucket=41983 L2 active=wlan1 ch11  | prep wlan0 ch7  | BL=[]
[RX  <- B] bucket=41983  peer_BL=[]  my_BL=[]
[TX  ->  *] bucket=41983 L2 active=wlan1 ch11  BL=[]
[21:52:04] HOP bucket=41984 L2 active=wlan0 ch7  | prep wlan1 ch3  | BL=[]
[TX  ->  *] bucket=41984 L2 active=wlan0 ch7  BL=[]
[RX  <- B] bucket=41984  peer_BL=[]  my_BL=[]
[21:52:06] HOP bucket=41985 L2 active=wlan1 ch3  | prep wlan0 ch9  | BL=[]
[RX  <- B] bucket=41985  peer_BL=[]  my_BL=[]
[TX  ->  *] bucket=41985 L2 active=wlan1 ch3  BL=[]
[21:52:08] HOP bucket=41986 L2 active=wlan0 ch9  | prep wlan1 ch6  | BL=[]
[TX  ->  *] bucket=41986 L2 active=wlan0 ch9  BL=[]
[RX  <- B] bucket=41986  peer_BL=[]  my_BL=[]
[21:52:10] HOP bucket=41987 L2 active=wlan1 ch6  | prep wlan0 ch5  | BL=[]
[TX  ->  *] bucket=41987 L2 active=wlan1 ch6  BL=[]
[RX  <- B] bucket=41987  peer_BL=[]  my_BL=[]
[21:52:12] HOP bucket=41988 L2 active=wlan0 ch5  | prep wlan1 ch4  | BL=[]
[RX  <- B] bucket=41988  peer_BL=[]  my_BL=[]
[TX  ->  *] bucket=41988 L2 active=wlan0 ch5  BL=[]
[21:52:14] HOP bucket=41989 L2 active=wlan1 ch4  | prep wlan0 ch3  | BL=[]
[TX  ->  *] bucket=41989 L2 active=wlan1 ch4  BL=[]
[RX  <- B] bucket=41989  peer_BL=[]  my_BL=[]
[21:52:16] HOP bucket=41990 L2 active=wlan0 ch3  | prep wlan1 ch5  | BL=[]
[TX  ->  *] bucket=41990 L2 active=wlan0 ch3  BL=[]
[RX  <- B] bucket=41990  peer_BL=[]  my_BL=[]
[21:52:18] HOP bucket=41991 L2 active=wlan1 ch5  | prep wlan0 ch9  | BL=[]
[TX  ->  *] bucket=41991 L2 active=wlan1 ch5  BL=[]
[RX  <- B] bucket=41991  peer_BL=[]  my_BL=[]
[21:52:20] HOP bucket=41992 L2 active=wlan0 ch9  | prep wlan1 ch11  | BL=[]
[TX  ->  *] bucket=41992 L2 active=wlan0 ch9  BL=[]
[RX  <- B] bucket=41992  peer_BL=[]  my_BL=[]
[21:52:22] HOP bucket=41993 L2 active=wlan1 ch11  | prep wlan0 ch9  | BL=[]
[TX  ->  *] bucket=41993 L2 active=wlan1 ch11  BL=[]
[RX  <- B] bucket=41993  peer_BL=[]  my_BL=[]
[21:52:24] HOP bucket=41994 L2 active=wlan0 ch9  | prep wlan1 ch7  | BL=[]
[TX  ->  *] bucket=41994 L2 active=wlan0 ch9  BL=[]
[RX  <- B] bucket=41994  peer_BL=[]  my_BL=[]
[21:52:26] HOP bucket=41995 L2 active=wlan1 ch7  | prep wlan0 ch8  | BL=[]
[RX  <- B] bucket=41995  peer_BL=[]  my_BL=[]
[TX  ->  *] bucket=41995 L2 active=wlan1 ch7  BL=[]
[21:52:28] HOP bucket=41996 L2 active=wlan0 ch8  | prep wlan1 ch11  | BL=[]
[RX  <- B] bucket=41996  peer_BL=[]  my_BL=[]
[TX  ->  *] bucket=41996 L2 active=wlan0 ch8  BL=[]
[21:52:30] HOP bucket=41997 L2 active=wlan1 ch11  | prep wlan0 ch9  | BL=[]
[RX  <- B] bucket=41997  peer_BL=[]  my_BL=[]
[TX  ->  *] bucket=41997 L2 active=wlan1 ch11  BL=[]
[21:52:32] HOP bucket=41998 L2 active=wlan0 ch9  | prep wlan1 ch8  | BL=[]