============================================================
 ARTCHO NODE — MODE=L1 — NODE_ID=A
============================================================
 Bucket duration : 2.0s
 TEST_EPOCH      : 1776785772.0
 BUCKET_EPOCH    : 1776724572.0
 sim offset      : 61200s  (17.00h)
 STATIC_CHANNEL  : 7
 Use blacklist   : False
 Detect enabled  : False
 Dual radio      : False
============================================================

[WAIT] sleeping 15.8s until TEST_EPOCH...
[INIT] L1 cold-start: pin wlan0 to ch7 (2442 MHz), wlan1 untouched
[INIT] L1 cold-start complete.

[TX  ->  *] bucket=30600 L1 active=wlan0 ch7  BL=[]
[RX  <- B] bucket=30600  peer_BL=[]  my_BL=[]
[17:36:14] HOP bucket=30601 L1 static ch7 wlan0
[TX  ->  *] bucket=30601 L1 active=wlan0 ch7  BL=[]
[RX  <- B] bucket=30601  peer_BL=[]  my_BL=[]
[17:36:16] HOP bucket=30602 L1 static ch7 wlan0
[TX  ->  *] bucket=30602 L1 active=wlan0 ch7  BL=[]
[RX  <- B] bucket=30602  peer_BL=[]  my_BL=[]
[17:36:18] HOP bucket=30603 L1 static ch7 wlan0
[RX  <- B] bucket=30603  peer_BL=[]  my_BL=[]
[TX  ->  *] bucket=30603 L1 active=wlan0 ch7  BL=[]
[17:36:20] HOP bucket=30604 L1 static ch7 wlan0
[TX  ->  *] bucket=30604 L1 active=wlan0 ch7  BL=[]
[RX  <- B] bucket=30604  peer_BL=[]  my_BL=[]
[17:36:22] HOP bucket=30605 L1 static ch7 wlan0
[TX  ->  *] bucket=30605 L1 active=wlan0 ch7  BL=[]
[RX  <- B] bucket=30605  peer_BL=[]  my_BL=[]
[17:36:24] HOP bucket=30606 L1 static ch7 wlan0
[TX  ->  *] bucket=30606 L1 active=wlan0 ch7  BL=[]
[RX  <- B] bucket=30606  peer_BL=[]  my_BL=[]
[17:36:26] HOP bucket=30607 L1 static ch7 wlan0
[RX  <- B] bucket=30607  peer_BL=[]  my_BL=[]
[TX  ->  *] bucket=30607 L1 active=wlan0 ch7  BL=[]
[17:36:28] HOP bucket=30608 L1 static ch7 wlan0
[TX  ->  *] bucket=30608 L1 active=wlan0 ch7  BL=[]
[RX  <- B] bucket=30608  peer_BL=[]  my_BL=[]
[17:36:30] HOP bucket=30609 L1 static ch7 wlan0
[TX  ->  *] bucket=30609 L1 active=wlan0 ch7  BL=[]
[RX  <- B] bucket=30609  peer_BL=[]  my_BL=[]
[17:36:32] HOP bucket=30610 L1 static ch7 wlan0
[RX  <- B] bucket=30610  peer_BL=[]  my_BL=[]
[TX  ->  *] bucket=30610 L1 active=wlan0 ch7  BL=[]
[17:36:34] HOP bucket=30611 L1 static ch7 wlan0
[RX  <- B] bucket=30611  peer_BL=[]  my_BL=[]
[TX  ->  *] bucket=30611 L1 active=wlan0 ch7  BL=[]
[17:36:36] HOP bucket=30612 L1 static ch7 wlan0
[TX  ->  *] bucket=30612 L1 active=wlan0 ch7  BL=[]
[RX  <- B] bucket=30612  peer_BL=[]  my_BL=[]
[17:36:38] HOP bucket=30613 L1 static ch7 wlan0
[RX  <- B] bucket=30613  peer_BL=[]  my_BL=[]
[TX  ->  *] bucket=30613 L1 active=wlan0 ch7  BL=[]
[17:36:40] HOP bucket=30614 L1 static ch7 wlan0
[TX  ->  *] bucket=30614 L1 active=wlan0 ch7  BL=[]
[RX  <- B] bucket=30614  peer_BL=[]  my_BL=[]
[17:36:42] HOP bucket=30615 L1 static ch7 wlan0
[TX  ->  *] bucket=30615 L1 active=wlan0 ch7  BL=[]
[RX  <- B] bucket=30615  peer_BL=[]  my_BL=[]
[17:36:44] HOP bucket=30616 L1 static ch7 wlan0
[TX  ->  *] bucket=30616 L1 active=wlan0 ch7  BL=[]
[RX  <- B] bucket=30616  peer_BL=[]  my_BL=[]
[17:36:46] HOP bucket=30617 L1 static ch7 wlan0
[TX  ->  *] bucket=30617 L1 active=wlan0 ch7  BL=[]
[RX  <- B] bucket=30617  peer_BL=[]  my_BL=[]
[17:36:48] HOP bucket=30618 L1 static ch7 wlan0
[TX  ->  *] bucket=30618 L1 active=wlan0 ch7  BL=[]
[RX  <- B] bucket=30618  peer_BL=[]  my_BL=[]
[17:36:50] HOP bucket=30619 L1 static ch7 wlan0
[TX  ->  *] bucket=30619 L1 active=wlan0 ch7  BL=[]
[RX  <- B] bucket=30619  peer_BL=[]  my_BL=[]
[17:36:52] HOP bucket=30620 L1 static ch7 wlan0
[TX  ->  *] bucket=30620 L1 active=wlan0 ch7  BL=[]
[RX  <- B] bucket=30620  peer_BL=[]  my_BL=[]
[17:36:54] HOP bucket=30621 L1 static ch7 wlan0
[TX  ->  *] bucket=30621 L1 active=wlan0 ch7  BL=[]
[RX  <- B] bucket=30621  peer_BL=[]  my_BL=[]
[17:36:56] HOP bucket=30622 L1 static ch7 wlan0
[RX  <- B] bucket=30622  peer_BL=[]  my_BL=[]
[TX  ->  *] bucket=30622 L1 active=wlan0 ch7  BL=[]
[17:36:58] HOP bucket=30623 L1 static ch7 wlan0
[TX  ->  *] bucket=30623 L1 active=wlan0 ch7  BL=[]
[RX  <- B] bucket=30623  peer_BL=[]  my_BL=[]
[17:37:00] HOP bucket=30624 L1 static ch7 wlan0
[RX  <- B] bucket=30624  peer_BL=[]  my_BL=[]
[TX  ->  *] bucket=30624 L1 active=wlan0 ch7  BL=[]
[17:37:02] HOP bucket=30625 L1 static ch7 wlan0
[RX  <- B] bucket=30625  peer_BL=[]  my_BL=[]
[TX  ->  *] bucket=30625 L1 active=wlan0 ch7  BL=[]
[17:37:04] HOP bucket=30626 L1 static ch7 wlan0
[TX  ->  *] bucket=30626 L1 active=wlan0 ch7  BL=[]
[RX  <- B] bucket=30626  peer_BL=[]  my_BL=[]
[17:37:06] HOP bucket=30627 L1 static ch7 wlan0
[TX  ->  *] bucket=30627 L1 active=wlan0 ch7  BL=[]
[RX  <- B] bucket=30627  peer_BL=[]  my_BL=[]
[17:37:08] HOP bucket=30628 L1 static ch7 wlan0
[TX  ->  *] bucket=30628 L1 active=wlan0 ch7  BL=[]
[RX  <- B] bucket=30628  peer_BL=[]  my_BL=[]
[17:37:10] HOP bucket=30629 L1 static ch7 wlan0
[RX  <- B] bucket=30629  peer_BL=[]  my_BL=[]
[TX  ->  *] bucket=30629 L1 active=wlan0 ch7  BL=[]
[17:37:12] HOP bucket=30630 L1 static ch7 wlan0
[TX  ->  *] bucket=30630 L1 active=wlan0 ch7  BL=[]
[RX  <- B] bucket=30630  peer_BL=[]  my_BL=[]
[17:37:14] HOP bucket=30631 L1 static ch7 wlan0
[TX  ->  *] bucket=30631 L1 active=wlan0 ch7  BL=[]
[RX  <- B] bucket=30631  peer_BL=[]  my_BL=[]
[17:37:16] HOP bucket=30632 L1 static ch7 wlan0
[RX  <- B] bucket=30632  peer_BL=[]  my_BL=[]
[TX  ->  *] bucket=30632 L1 active=wlan0 ch7  BL=[]
[17:37:18] HOP bucket=30633 L1 static ch7 wlan0
[TX  ->  *] bucket=30633 L1 active=wlan0 ch7  BL=[]
[RX  <- B] bucket=30633  peer_BL=[]  my_BL=[]
[17:37:20] HOP bucket=30634 L1 static ch7 wlan0
[TX  ->  *] bucket=30634 L1 active=wlan0 ch7  BL=[]
[RX  <- B] bucket=30634  peer_BL=[]  my_BL=[]
[17:37:22] HOP bucket=30635 L1 static ch7 wlan0
[TX  ->  *] bucket=30635 L1 active=wlan0 ch7  BL=[]
[RX  <- B] bucket=30635  peer_BL=[]  my_BL=[]
[17:37:24] HOP bucket=30636 L1 static ch7 wlan0
[TX  ->  *] bucket=30636 L1 active=wlan0 ch7  BL=[]
[RX  <- B] bucket=30636  peer_BL=[]  my_BL=[]
[17:37:26] HOP bucket=30637 L1 static ch7 wlan0
[TX  ->  *] bucket=30637 L1 active=wlan0 ch7  BL=[]
[RX  <- B] bucket=30637  peer_BL=[]  my_BL=[]
[17:37:28] HOP bucket=30638 L1 static ch7 wlan0
[TX  ->  *] bucket=30638 L1 active=wlan0 ch7  BL=[]
[RX  <- B] bucket=30638  peer_BL=[]  my_BL=[]
[17:37:30] HOP bucket=30639 L1 static ch7 wlan0
[TX  ->  *] bucket=30639 L1 active=wlan0 ch7  BL=[]
[RX  <- B] bucket=30639  peer_BL=[]  my_BL=[]
[17:37:32] HOP bucket=30640 L1 static ch7 wlan0
[TX  ->  *] bucket=30640 L1 active=wlan0 ch7  BL=[]
[RX  <- B] bucket=30640  peer_BL=[]  my_BL=[]
[17:37:34] HOP bucket=30641 L1 static ch7 wlan0
[TX  ->  *] bucket=30641 L1 active=wlan0 ch7  BL=[]
[RX  <- B] bucket=30641  peer_BL=[]  my_BL=[]
[17:37:36] HOP bucket=30642 L1 static ch7 wlan0
[RX  <- B] bucket=30642  peer_BL=[]  my_BL=[]
[TX  ->  *] bucket=30642 L1 active=wlan0 ch7  BL=[]
[17:37:38] HOP bucket=30643 L1 static ch7 wlan0
[TX  ->  *] bucket=30643 L1 active=wlan0 ch7  BL=[]
[RX  <- B] bucket=30643  peer_BL=[]  my_BL=[]
[17:37:40] HOP bucket=30644 L1 static ch7 wlan0
[TX  ->  *] bucket=30644 L1 active=wlan0 ch7  BL=[]
[RX  <- B] bucket=30644  peer_BL=[]  my_BL=[]
[17:37:42] HOP bucket=30645 L1 static ch7 wlan0
[TX  ->  *] bucket=30645 L1 active=wlan0 ch7  BL=[]
[RX  <- B] bucket=30645  peer_BL=[]  my_BL=[]
[17:37:44] HOP bucket=30646 L1 static ch7 wlan0
[TX  ->  *] bucket=30646 L1 active=wlan0 ch7  BL=[]
[RX  <- B] bucket=30646  peer_BL=[]  my_BL=[]
[17:37:46] HOP bucket=30647 L1 static ch7 wlan0
[RX  <- B] bucket=30647  peer_BL=[]  my_BL=[]
[TX  ->  *] bucket=30647 L1 active=wlan0 ch7  BL=[]
[17:37:48] HOP bucket=30648 L1 static ch7 wlan0
[TX  ->  *] bucket=30648 L1 active=wlan0 ch7  BL=[]
[RX  <- B] bucket=30648  peer_BL=[]  my_BL=[]
[17:37:50] HOP bucket=30649 L1 static ch7 wlan0
[TX  ->  *] bucket=30649 L1 active=wlan0 ch7  BL=[]
[RX  <- B] bucket=30649  peer_BL=[]  my_BL=[]
[17:37:52] HOP bucket=30650 L1 static ch7 wlan0
[RX  <- B] bucket=30650  peer_BL=[]  my_BL=[]
[TX  ->  *] bucket=30650 L1 active=wlan0 ch7  BL=[]
[17:37:54] HOP bucket=30651 L1 static ch7 wlan0
[TX  ->  *] bucket=30651 L1 active=wlan0 ch7  BL=[]
[RX  <- B] bucket=30651  peer_BL=[]  my_BL=[]
[17:37:56] HOP bucket=30652 L1 static ch7 wlan0
[RX  <- B] bucket=30652  peer_BL=[]  my_BL=[]
[TX  ->  *] bucket=30652 L1 active=wlan0 ch7  BL=[]
[17:37:58] HOP bucket=30653 L1 static ch7 wlan0
[RX  <- B] bucket=30653  peer_BL=[]  my_BL=[]
[TX  ->  *] bucket=30653 L1 active=wlan0 ch7  BL=[]
[17:38:00] HOP bucket=30654 L1 static ch7 wlan0
[TX  ->  *] bucket=30654 L1 active=wlan0 ch7  BL=[]
[RX  <- B] bucket=30654  peer_BL=[]  my_BL=[]
[17:38:02] HOP bucket=30655 L1 static ch7 wlan0
[TX  ->  *] bucket=30655 L1 active=wlan0 ch7  BL=[]
[RX  <- B] bucket=30655  peer_BL=[]  my_BL=[]
[17:38:04] HOP bucket=30656 L1 static ch7 wlan0
[TX  ->  *] bucket=30656 L1 active=wlan0 ch7  BL=[]
[RX  <- B] bucket=30656  peer_BL=[]  my_BL=[]
[17:38:06] HOP bucket=30657 L1 static ch7 wlan0
[TX  ->  *] bucket=30657 L1 active=wlan0 ch7  BL=[]
[RX  <- B] bucket=30657  peer_BL=[]  my_BL=[]
[17:38:08] HOP bucket=30658 L1 static ch7 wlan0
[TX  ->  *] bucket=30658 L1 active=wlan0 ch7  BL=[]
[RX  <- B] bucket=30658  peer_BL=[]  my_BL=[]
[17:38:10] HOP bucket=30659 L1 static ch7 wlan0
[TX  ->  *] bucket=30659 L1 active=wlan0 ch7  BL=[]
[RX  <- B] bucket=30659  peer_BL=[]  my_BL=[]
[17:38:12] HOP bucket=30660 L1 static ch7 wlan0
[TX  ->  *] bucket=30660 L1 active=wlan0 ch7  BL=[]
[RX  <- B] bucket=30660  peer_BL=[]  my_BL=[]
[17:38:14] HOP bucket=30661 L1 static ch7 wlan0
[TX  ->  *] bucket=30661 L1 active=wlan0 ch7  BL=[]
[RX  <- B] bucket=30661  peer_BL=[]  my_BL=[]
[17:38:16] HOP bucket=30662 L1 static ch7 wlan0
[RX  <- B] bucket=30662  peer_BL=[]  my_BL=[]
[TX  ->  *] bucket=30662 L1 active=wlan0 ch7  BL=[]
[17:38:18] HOP bucket=30663 L1 static ch7 wlan0
[RX  <- B] bucket=30663  peer_BL=[]  my_BL=[]
[TX  ->  *] bucket=30663 L1 active=wlan0 ch7  BL=[]
[17:38:20] HOP bucket=30664 L1 static ch7 wlan0
[TX  ->  *] bucket=30664 L1 active=wlan0 ch7  BL=[]
[RX  <- B] bucket=30664  peer_BL=[]  my_BL=[]
[17:38:22] HOP bucket=30665 L1 static ch7 wlan0
[RX  <- B] bucket=30665  peer_BL=[]  my_BL=[]
[TX  ->  *] bucket=30665 L1 active=wlan0 ch7  BL=[]
[17:38:24] HOP bucket=30666 L1 static ch7 wlan0
[TX  ->  *] bucket=30666 L1 active=wlan0 ch7  BL=[]
[RX  <- B] bucket=30666  peer_BL=[]  my_BL=[]
[17:38:26] HOP bucket=30667 L1 static ch7 wlan0
[TX  ->  *] bucket=30667 L1 active=wlan0 ch7  BL=[]
[RX  <- B] bucket=30667  peer_BL=[]  my_BL=[]
[17:38:28] HOP bucket=30668 L1 static ch7 wlan0
[TX  ->  *] bucket=30668 L1 active=wlan0 ch7  BL=[]
[RX  <- B] bucket=30668  peer_BL=[]  my_BL=[]
[17:38:30] HOP bucket=30669 L1 static ch7 wlan0
[TX  ->  *] bucket=30669 L1 active=wlan0 ch7  BL=[]
[RX  <- B] bucket=30669  peer_BL=[]  my_BL=[]
[17:38:32] HOP bucket=30670 L1 static ch7 wlan0
[TX  ->  *] bucket=30670 L1 active=wlan0 ch7  BL=[]
[RX  <- B] bucket=30670  peer_BL=[]  my_BL=[]
[17:38:34] HOP bucket=30671 L1 static ch7 wlan0
[TX  ->  *] bucket=30671 L1 active=wlan0 ch7  BL=[]
[RX  <- B] bucket=30671  peer_BL=[]  my_BL=[]
[17:38:36] HOP bucket=30672 L1 static ch7 wlan0
[TX  ->  *] bucket=30672 L1 active=wlan0 ch7  BL=[]
[RX  <- B] bucket=30672  peer_BL=[]  my_BL=[]
[17:38:38] HOP bucket=30673 L1 static ch7 wlan0
[TX  ->  *] bucket=30673 L1 active=wlan0 ch7  BL=[]
[RX  <- B] bucket=30673  peer_BL=[]  my_BL=[]
[17:38:40] HOP bucket=30674 L1 static ch7 wlan0
[TX  ->  *] bucket=30674 L1 active=wlan0 ch7  BL=[]
[RX  <- B] bucket=30674  peer_BL=[]  my_BL=[]
[17:38:42] HOP bucket=30675 L1 static ch7 wlan0
[TX  ->  *] bucket=30675 L1 active=wlan0 ch7  BL=[]
[RX  <- B] bucket=30675  peer_BL=[]  my_BL=[]
[17:38:44] HOP bucket=30676 L1 static ch7 wlan0
[RX  <- B] bucket=30676  peer_BL=[]  my_BL=[]
[TX  ->  *] bucket=30676 L1 active=wlan0 ch7  BL=[]
[17:38:46] HOP bucket=30677 L1 static ch7 wlan0
[RX  <- B] bucket=30677  peer_BL=[]  my_BL=[]
[TX  ->  *] bucket=30677 L1 active=wlan0 ch7  BL=[]
[17:38:48] HOP bucket=30678 L1 static ch7 wlan0
[TX  ->  *] bucket=30678 L1 active=wlan0 ch7  BL=[]
[RX  <- B] bucket=30678  peer_BL=[]  my_BL=[]
[17:38:50] HOP bucket=30679 L1 static ch7 wlan0
[TX  ->  *] bucket=30679 L1 active=wlan0 ch7  BL=[]
[RX  <- B] bucket=30679  peer_BL=[]  my_BL=[]
[17:38:52] HOP bucket=30680 L1 static ch7 wlan0
[TX  ->  *] bucket=30680 L1 active=wlan0 ch7  BL=[]
[RX  <- B] bucket=30680  peer_BL=[]  my_BL=[]
[17:38:54] HOP bucket=30681 L1 static ch7 wlan0
[RX  <- B] bucket=30681  peer_BL=[]  my_BL=[]
[TX  ->  *] bucket=30681 L1 active=wlan0 ch7  BL=[]
[17:38:56] HOP bucket=30682 L1 static ch7 wlan0
[TX  ->  *] bucket=30682 L1 active=wlan0 ch7  BL=[]
[RX  <- B] bucket=30682  peer_BL=[]  my_BL=[]
[17:38:58] HOP bucket=30683 L1 static ch7 wlan0
[TX  ->  *] bucket=30683 L1 active=wlan0 ch7  BL=[]
[RX  <- B] bucket=30683  peer_BL=[]  my_BL=[]
[17:39:00] HOP bucket=30684 L1 static ch7 wlan0
[TX  ->  *] bucket=30684 L1 active=wlan0 ch7  BL=[]
[RX  <- B] bucket=30684  peer_BL=[]  my_BL=[]
[17:39:02] HOP bucket=30685 L1 static ch7 wlan0
[TX  ->  *] bucket=30685 L1 active=wlan0 ch7  BL=[]
[RX  <- B] bucket=30685  peer_BL=[]  my_BL=[]
[17:39:04] HOP bucket=30686 L1 static ch7 wlan0
[TX  ->  *] bucket=30686 L1 active=wlan0 ch7  BL=[]
[RX  <- B] bucket=30686  peer_BL=[]  my_BL=[]
[17:39:06] HOP bucket=30687 L1 static ch7 wlan0
[TX  ->  *] bucket=30687 L1 active=wlan0 ch7  BL=[]
[RX  <- B] bucket=30687  peer_BL=[]  my_BL=[]
[17:39:08] HOP bucket=30688 L1 static ch7 wlan0
[RX  <- B] bucket=30688  peer_BL=[]  my_BL=[]
[TX  ->  *] bucket=30688 L1 active=wlan0 ch7  BL=[]
[17:39:10] HOP bucket=30689 L1 static ch7 wlan0
[RX  <- B] bucket=30689  peer_BL=[]  my_BL=[]
[TX  ->  *] bucket=30689 L1 active=wlan0 ch7  BL=[]
[17:39:12] HOP bucket=30690 L1 static ch7 wlan0
[TX  ->  *] bucket=30690 L1 active=wlan0 ch7  BL=[]
[17:39:14] HOP bucket=30691 L1 static ch7 wlan0
[TX  ->  *] bucket=30691 L1 active=wlan0 ch7  BL=[]
[17:39:16] HOP bucket=30692 L1 static ch7 wlan0
[TX  ->  *] bucket=30692 L1 active=wlan0 ch7  BL=[]
[17:39:18] HOP bucket=30693 L1 static ch7 wlan0
[TX  ->  *] bucket=30693 L1 active=wlan0 ch7  BL=[]
[17:39:20] HOP bucket=30694 L1 static ch7 wlan0
[TX  ->  *] bucket=30694 L1 active=wlan0 ch7  BL=[]
[17:39:22] HOP bucket=30695 L1 static ch7 wlan0
[TX  ->  *] bucket=30695 L1 active=wlan0 ch7  BL=[]
[17:39:24] HOP bucket=30696 L1 static ch7 wlan0
[TX  ->  *] bucket=30696 L1 active=wlan0 ch7  BL=[]
[17:39:26] HOP bucket=30697 L1 static ch7 wlan0
[TX  ->  *] bucket=30697 L1 active=wlan0 ch7  BL=[]
[17:39:28] HOP bucket=30698 L1 static ch7 wlan0
[TX  ->  *] bucket=30698 L1 active=wlan0 ch7  BL=[]
[17:39:30] HOP bucket=30699 L1 static ch7 wlan0
[TX  ->  *] bucket=30699 L1 active=wlan0 ch7  BL=[]
[17:39:32] HOP bucket=30700 L1 static ch7 wlan0
[TX  ->  *] bucket=30700 L1 active=wlan0 ch7  BL=[]
[17:39:34] HOP bucket=30701 L1 static ch7 wlan0
[TX  ->  *] bucket=30701 L1 active=wlan0 ch7  BL=[]
[17:39:36] HOP bucket=30702 L1 static ch7 wlan0
[TX  ->  *] bucket=30702 L1 active=wlan0 ch7  BL=[]
[17:39:38] HOP bucket=30703 L1 static ch7 wlan0
[TX  ->  *] bucket=30703 L1 active=wlan0 ch7  BL=[]
[17:39:40] HOP bucket=30704 L1 static ch7 wlan0
[TX  ->  *] bucket=30704 L1 active=wlan0 ch7  BL=[]
[17:39:42] HOP bucket=30705 L1 static ch7 wlan0
[TX  ->  *] bucket=30705 L1 active=wlan0 ch7  BL=[]
[17:39:44] HOP bucket=30706 L1 static ch7 wlan0
[TX  ->  *] bucket=30706 L1 active=wlan0 ch7  BL=[]
[17:39:46] HOP bucket=30707 L1 static ch7 wlan0
[TX  ->  *] bucket=30707 L1 active=wlan0 ch7  BL=[]
[17:39:48] HOP bucket=30708 L1 static ch7 wlan0
[TX  ->  *] bucket=30708 L1 active=wlan0 ch7  BL=[]
[17:39:50] HOP bucket=30709 L1 static ch7 wlan0
[TX  ->  *] bucket=30709 L1 active=wlan0 ch7  BL=[]
[17:39:52] HOP bucket=30710 L1 static ch7 wlan0
[TX  ->  *] bucket=30710 L1 active=wlan0 ch7  BL=[]
[17:39:54] HOP bucket=30711 L1 static ch7 wlan0
[TX  ->  *] bucket=30711 L1 active=wlan0 ch7  BL=[]
[17:39:56] HOP bucket=30712 L1 static ch7 wlan0
[TX  ->  *] bucket=30712 L1 active=wlan0 ch7  BL=[]
[17:39:58] HOP bucket=30713 L1 static ch7 wlan0
[TX  ->  *] bucket=30713 L1 active=wlan0 ch7  BL=[]
[17:40:00] HOP bucket=30714 L1 static ch7 wlan0
[TX  ->  *] bucket=30714 L1 active=wlan0 ch7  BL=[]
[17:40:02] HOP bucket=30715 L1 static ch7 wlan0
[TX  ->  *] bucket=30715 L1 active=wlan0 ch7  BL=[]
[17:40:04] HOP bucket=30716 L1 static ch7 wlan0
[TX  ->  *] bucket=30716 L1 active=wlan0 ch7  BL=[]
[17:40:06] HOP bucket=30717 L1 static ch7 wlan0
[TX  ->  *] bucket=30717 L1 active=wlan0 ch7  BL=[]
[17:40:08] HOP bucket=30718 L1 static ch7 wlan0
[TX  ->  *] bucket=30718 L1 active=wlan0 ch7  BL=[]
[17:40:10] HOP bucket=30719 L1 static ch7 wlan0
[TX  ->  *] bucket=30719 L1 active=wlan0 ch7  BL=[]
[17:40:12] HOP bucket=30720 L1 static ch7 wlan0
[TX  ->  *] bucket=30720 L1 active=wlan0 ch7  BL=[]
[17:40:14] HOP bucket=30721 L1 static ch7 wlan0
[TX  ->  *] bucket=30721 L1 active=wlan0 ch7  BL=[]
[17:40:16] HOP bucket=30722 L1 static ch7 wlan0
[TX  ->  *] bucket=30722 L1 active=wlan0 ch7  BL=[]
[17:40:18] HOP bucket=30723 L1 static ch7 wlan0
[TX  ->  *] bucket=30723 L1 active=wlan0 ch7  BL=[]
[17:40:20] HOP bucket=30724 L1 static ch7 wlan0
[TX  ->  *] bucket=30724 L1 active=wlan0 ch7  BL=[]
[17:40:22] HOP bucket=30725 L1 static ch7 wlan0
[TX  ->  *] bucket=30725 L1 active=wlan0 ch7  BL=[]
[17:40:24] HOP bucket=30726 L1 static ch7 wlan0
[TX  ->  *] bucket=30726 L1 active=wlan0 ch7  BL=[]
[17:40:26] HOP bucket=30727 L1 static ch7 wlan0
[TX  ->  *] bucket=30727 L1 active=wlan0 ch7  BL=[]
[17:40:28] HOP bucket=30728 L1 static ch7 wlan0
[TX  ->  *] bucket=30728 L1 active=wlan0 ch7  BL=[]
[17:40:30] HOP bucket=30729 L1 static ch7 wlan0
[TX  ->  *] bucket=30729 L1 active=wlan0 ch7  BL=[]
[17:40:32] HOP bucket=30730 L1 static ch7 wlan0
[TX  ->  *] bucket=30730 L1 active=wlan0 ch7  BL=[]
[17:40:34] HOP bucket=30731 L1 static ch7 wlan0
[TX  ->  *] bucket=30731 L1 active=wlan0 ch7  BL=[]
[17:40:36] HOP bucket=30732 L1 static ch7 wlan0
[TX  ->  *] bucket=30732 L1 active=wlan0 ch7  BL=[]
[17:40:38] HOP bucket=30733 L1 static ch7 wlan0
[TX  ->  *] bucket=30733 L1 active=wlan0 ch7  BL=[]
[17:40:40] HOP bucket=30734 L1 static ch7 wlan0
[TX  ->  *] bucket=30734 L1 active=wlan0 ch7  BL=[]
[17:40:42] HOP bucket=30735 L1 static ch7 wlan0
[TX  ->  *] bucket=30735 L1 active=wlan0 ch7  BL=[]
[17:40:44] HOP bucket=30736 L1 static ch7 wlan0
[TX  ->  *] bucket=30736 L1 active=wlan0 ch7  BL=[]
[17:40:46] HOP bucket=30737 L1 static ch7 wlan0
[TX  ->  *] bucket=30737 L1 active=wlan0 ch7  BL=[]
[17:40:48] HOP bucket=30738 L1 static ch7 wlan0
[TX  ->  *] bucket=30738 L1 active=wlan0 ch7  BL=[]
[17:40:50] HOP bucket=30739 L1 static ch7 wlan0
[TX  ->  *] bucket=30739 L1 active=wlan0 ch7  BL=[]
[17:40:52] HOP bucket=30740 L1 static ch7 wlan0
[TX  ->  *] bucket=30740 L1 active=wlan0 ch7  BL=[]
[17:40:54] HOP bucket=30741 L1 static ch7 wlan0
[TX  ->  *] bucket=30741 L1 active=wlan0 ch7  BL=[]
[17:40:56] HOP bucket=30742 L1 static ch7 wlan0
[TX  ->  *] bucket=30742 L1 active=wlan0 ch7  BL=[]
[17:40:58] HOP bucket=30743 L1 static ch7 wlan0
[TX  ->  *] bucket=30743 L1 active=wlan0 ch7  BL=[]
[17:41:00] HOP bucket=30744 L1 static ch7 wlan0
[TX  ->  *] bucket=30744 L1 active=wlan0 ch7  BL=[]
[17:41:02] HOP bucket=30745 L1 static ch7 wlan0
[TX  ->  *] bucket=30745 L1 active=wlan0 ch7  BL=[]
[17:41:04] HOP bucket=30746 L1 static ch7 wlan0
[TX  ->  *] bucket=30746 L1 active=wlan0 ch7  BL=[]
[17:41:06] HOP bucket=30747 L1 static ch7 wlan0
[TX  ->  *] bucket=30747 L1 active=wlan0 ch7  BL=[]
[17:41:08] HOP bucket=30748 L1 static ch7 wlan0
[TX  ->  *] bucket=30748 L1 active=wlan0 ch7  BL=[]
[17:41:10] HOP bucket=30749 L1 static ch7 wlan0
[TX  ->  *] bucket=30749 L1 active=wlan0 ch7  BL=[]
[17:41:12] HOP bucket=30750 L1 static ch7 wlan0
[TX  ->  *] bucket=30750 L1 active=wlan0 ch7  BL=[]
[17:41:14] HOP bucket=30751 L1 static ch7 wlan0
[TX  ->  *] bucket=30751 L1 active=wlan0 ch7  BL=[]
[17:41:16] HOP bucket=30752 L1 static ch7 wlan0
[TX  ->  *] bucket=30752 L1 active=wlan0 ch7  BL=[]
[17:41:18] HOP bucket=30753 L1 static ch7 wlan0
[TX  ->  *] bucket=30753 L1 active=wlan0 ch7  BL=[]
[17:41:20] HOP bucket=30754 L1 static ch7 wlan0
[TX  ->  *] bucket=30754 L1 active=wlan0 ch7  BL=[]
[17:41:22] HOP bucket=30755 L1 static ch7 wlan0
[TX  ->  *] bucket=30755 L1 active=wlan0 ch7  BL=[]
[17:41:24] HOP bucket=30756 L1 static ch7 wlan0
[TX  ->  *] bucket=30756 L1 active=wlan0 ch7  BL=[]
[17:41:26] HOP bucket=30757 L1 static ch7 wlan0
[TX  ->  *] bucket=30757 L1 active=wlan0 ch7  BL=[]
[17:41:28] HOP bucket=30758 L1 static ch7 wlan0
[TX  ->  *] bucket=30758 L1 active=wlan0 ch7  BL=[]
[17:41:30] HOP bucket=30759 L1 static ch7 wlan0
[TX  ->  *] bucket=30759 L1 active=wlan0 ch7  BL=[]
[17:41:32] HOP bucket=30760 L1 static ch7 wlan0
[TX  ->  *] bucket=30760 L1 active=wlan0 ch7  BL=[]
[17:41:34] HOP bucket=30761 L1 static ch7 wlan0
[TX  ->  *] bucket=30761 L1 active=wlan0 ch7  BL=[]
[17:41:36] HOP bucket=30762 L1 static ch7 wlan0
[TX  ->  *] bucket=30762 L1 active=wlan0 ch7  BL=[]
[17:41:38] HOP bucket=30763 L1 static ch7 wlan0
[TX  ->  *] bucket=30763 L1 active=wlan0 ch7  BL=[]
[17:41:40] HOP bucket=30764 L1 static ch7 wlan0
[TX  ->  *] bucket=30764 L1 active=wlan0 ch7  BL=[]
[17:41:42] HOP bucket=30765 L1 static ch7 wlan0
[TX  ->  *] bucket=30765 L1 active=wlan0 ch7  BL=[]
[17:41:44] HOP bucket=30766 L1 static ch7 wlan0
[TX  ->  *] bucket=30766 L1 active=wlan0 ch7  BL=[]
[17:41:46] HOP bucket=30767 L1 static ch7 wlan0
[TX  ->  *] bucket=30767 L1 active=wlan0 ch7  BL=[]
[17:41:48] HOP bucket=30768 L1 static ch7 wlan0
[TX  ->  *] bucket=30768 L1 active=wlan0 ch7  BL=[]
[17:41:50] HOP bucket=30769 L1 static ch7 wlan0
[TX  ->  *] bucket=30769 L1 active=wlan0 ch7  BL=[]
[17:41:52] HOP bucket=30770 L1 static ch7 wlan0
[TX  ->  *] bucket=30770 L1 active=wlan0 ch7  BL=[]
[17:41:54] HOP bucket=30771 L1 static ch7 wlan0
[TX  ->  *] bucket=30771 L1 active=wlan0 ch7  BL=[]
[17:41:56] HOP bucket=30772 L1 static ch7 wlan0
[TX  ->  *] bucket=30772 L1 active=wlan0 ch7  BL=[]
[17:41:58] HOP bucket=30773 L1 static ch7 wlan0
[TX  ->  *] bucket=30773 L1 active=wlan0 ch7  BL=[]
[17:42:00] HOP bucket=30774 L1 static ch7 wlan0
[TX  ->  *] bucket=30774 L1 active=wlan0 ch7  BL=[]
[17:42:02] HOP bucket=30775 L1 static ch7 wlan0
[TX  ->  *] bucket=30775 L1 active=wlan0 ch7  BL=[]
[17:42:04] HOP bucket=30776 L1 static ch7 wlan0
[TX  ->  *] bucket=30776 L1 active=wlan0 ch7  BL=[]
[17:42:06] HOP bucket=30777 L1 static ch7 wlan0
[TX  ->  *] bucket=30777 L1 active=wlan0 ch7  BL=[]
[17:42:08] HOP bucket=30778 L1 static ch7 wlan0
[TX  ->  *] bucket=30778 L1 active=wlan0 ch7  BL=[]
[17:42:10] HOP bucket=30779 L1 static ch7 wlan0
[TX  ->  *] bucket=30779 L1 active=wlan0 ch7  BL=[]
[17:42:12] HOP bucket=30780 L1 static ch7 wlan0
[TX  ->  *] bucket=30780 L1 active=wlan0 ch7  BL=[]
[17:42:14] HOP bucket=30781 L1 static ch7 wlan0
[TX  ->  *] bucket=30781 L1 active=wlan0 ch7  BL=[]
[17:42:16] HOP bucket=30782 L1 static ch7 wlan0
[TX  ->  *] bucket=30782 L1 active=wlan0 ch7  BL=[]
[17:42:18] HOP bucket=30783 L1 static ch7 wlan0
[TX  ->  *] bucket=30783 L1 active=wlan0 ch7  BL=[]
[17:42:20] HOP bucket=30784 L1 static ch7 wlan0
[TX  ->  *] bucket=30784 L1 active=wlan0 ch7  BL=[]
[17:42:22] HOP bucket=30785 L1 static ch7 wlan0
[TX  ->  *] bucket=30785 L1 active=wlan0 ch7  BL=[]
[17:42:24] HOP bucket=30786 L1 static ch7 wlan0
[TX  ->  *] bucket=30786 L1 active=wlan0 ch7  BL=[]
[17:42:26] HOP bucket=30787 L1 static ch7 wlan0
[TX  ->  *] bucket=30787 L1 active=wlan0 ch7  BL=[]
[17:42:28] HOP bucket=30788 L1 static ch7 wlan0
[TX  ->  *] bucket=30788 L1 active=wlan0 ch7  BL=[]
[17:42:30] HOP bucket=30789 L1 static ch7 wlan0
[TX  ->  *] bucket=30789 L1 active=wlan0 ch7  BL=[]
[17:42:32] HOP bucket=30790 L1 static ch7 wlan0
[TX  ->  *] bucket=30790 L1 active=wlan0 ch7  BL=[]
[17:42:34] HOP bucket=30791 L1 static ch7 wlan0
[TX  ->  *] bucket=30791 L1 active=wlan0 ch7  BL=[]
[17:42:36] HOP bucket=30792 L1 static ch7 wlan0
[TX  ->  *] bucket=30792 L1 active=wlan0 ch7  BL=[]
[17:42:38] HOP bucket=30793 L1 static ch7 wlan0
[TX  ->  *] bucket=30793 L1 active=wlan0 ch7  BL=[]
[17:42:40] HOP bucket=30794 L1 static ch7 wlan0
[TX  ->  *] bucket=30794 L1 active=wlan0 ch7  BL=[]
[17:42:42] HOP bucket=30795 L1 static ch7 wlan0
[TX  ->  *] bucket=30795 L1 active=wlan0 ch7  BL=[]
[17:42:44] HOP bucket=30796 L1 static ch7 wlan0
[TX  ->  *] bucket=30796 L1 active=wlan0 ch7  BL=[]
[17:42:46] HOP bucket=30797 L1 static ch7 wlan0
[TX  ->  *] bucket=30797 L1 active=wlan0 ch7  BL=[]
[17:42:48] HOP bucket=30798 L1 static ch7 wlan0
[TX  ->  *] bucket=30798 L1 active=wlan0 ch7  BL=[]
[17:42:50] HOP bucket=30799 L1 static ch7 wlan0
[TX  ->  *] bucket=30799 L1 active=wlan0 ch7  BL=[]
[17:42:52] HOP bucket=30800 L1 static ch7 wlan0
[TX  ->  *] bucket=30800 L1 active=wlan0 ch7  BL=[]
[17:42:54] HOP bucket=30801 L1 static ch7 wlan0
[TX  ->  *] bucket=30801 L1 active=wlan0 ch7  BL=[]
[17:42:56] HOP bucket=30802 L1 static ch7 wlan0
[TX  ->  *] bucket=30802 L1 active=wlan0 ch7  BL=[]
[17:42:58] HOP bucket=30803 L1 static ch7 wlan0
[TX  ->  *] bucket=30803 L1 active=wlan0 ch7  BL=[]
[17:43:00] HOP bucket=30804 L1 static ch7 wlan0
[TX  ->  *] bucket=30804 L1 active=wlan0 ch7  BL=[]
[17:43:02] HOP bucket=30805 L1 static ch7 wlan0
[TX  ->  *] bucket=30805 L1 active=wlan0 ch7  BL=[]
[17:43:04] HOP bucket=30806 L1 static ch7 wlan0
[TX  ->  *] bucket=30806 L1 active=wlan0 ch7  BL=[]
[17:43:06] HOP bucket=30807 L1 static ch7 wlan0
[TX  ->  *] bucket=30807 L1 active=wlan0 ch7  BL=[]
[17:43:08] HOP bucket=30808 L1 static ch7 wlan0
[TX  ->  *] bucket=30808 L1 active=wlan0 ch7  BL=[]
[17:43:10] HOP bucket=30809 L1 static ch7 wlan0
[TX  ->  *] bucket=30809 L1 active=wlan0 ch7  BL=[]
[17:43:12] HOP bucket=30810 L1 static ch7 wlan0
[TX  ->  *] bucket=30810 L1 active=wlan0 ch7  BL=[]
[17:43:14] HOP bucket=30811 L1 static ch7 wlan0
[TX  ->  *] bucket=30811 L1 active=wlan0 ch7  BL=[]
[17:43:16] HOP bucket=30812 L1 static ch7 wlan0
[TX  ->  *] bucket=30812 L1 active=wlan0 ch7  BL=[]
[17:43:18] HOP bucket=30813 L1 static ch7 wlan0
[TX  ->  *] bucket=30813 L1 active=wlan0 ch7  BL=[]
[17:43:20] HOP bucket=30814 L1 static ch7 wlan0
[TX  ->  *] bucket=30814 L1 active=wlan0 ch7  BL=[]
[17:43:22] HOP bucket=30815 L1 static ch7 wlan0
[TX  ->  *] bucket=30815 L1 active=wlan0 ch7  BL=[]
[17:43:24] HOP bucket=30816 L1 static ch7 wlan0
[TX  ->  *] bucket=30816 L1 active=wlan0 ch7  BL=[]
[17:43:26] HOP bucket=30817 L1 static ch7 wlan0
[TX  ->  *] bucket=30817 L1 active=wlan0 ch7  BL=[]
[17:43:28] HOP bucket=30818 L1 static ch7 wlan0
[TX  ->  *] bucket=30818 L1 active=wlan0 ch7  BL=[]
[17:43:30] HOP bucket=30819 L1 static ch7 wlan0
[TX  ->  *] bucket=30819 L1 active=wlan0 ch7  BL=[]
[17:43:32] HOP bucket=30820 L1 static ch7 wlan0
[TX  ->  *] bucket=30820 L1 active=wlan0 ch7  BL=[]
[17:43:34] HOP bucket=30821 L1 static ch7 wlan0
[TX  ->  *] bucket=30821 L1 active=wlan0 ch7  BL=[]
[17:43:36] HOP bucket=30822 L1 static ch7 wlan0
[TX  ->  *] bucket=30822 L1 active=wlan0 ch7  BL=[]
[17:43:38] HOP bucket=30823 L1 static ch7 wlan0
[TX  ->  *] bucket=30823 L1 active=wlan0 ch7  BL=[]
[17:43:40] HOP bucket=30824 L1 static ch7 wlan0
[TX  ->  *] bucket=30824 L1 active=wlan0 ch7  BL=[]
[17:43:42] HOP bucket=30825 L1 static ch7 wlan0
[TX  ->  *] bucket=30825 L1 active=wlan0 ch7  BL=[]
[17:43:44] HOP bucket=30826 L1 static ch7 wlan0
[TX  ->  *] bucket=30826 L1 active=wlan0 ch7  BL=[]
[17:43:46] HOP bucket=30827 L1 static ch7 wlan0
[TX  ->  *] bucket=30827 L1 active=wlan0 ch7  BL=[]
[17:43:48] HOP bucket=30828 L1 static ch7 wlan0
[TX  ->  *] bucket=30828 L1 active=wlan0 ch7  BL=[]
[17:43:50] HOP bucket=30829 L1 static ch7 wlan0
[TX  ->  *] bucket=30829 L1 active=wlan0 ch7  BL=[]
[17:43:52] HOP bucket=30830 L1 static ch7 wlan0
[TX  ->  *] bucket=30830 L1 active=wlan0 ch7  BL=[]
[17:43:54] HOP bucket=30831 L1 static ch7 wlan0
[TX  ->  *] bucket=30831 L1 active=wlan0 ch7  BL=[]
[17:43:56] HOP bucket=30832 L1 static ch7 wlan0
[TX  ->  *] bucket=30832 L1 active=wlan0 ch7  BL=[]
[17:43:58] HOP bucket=30833 L1 static ch7 wlan0
[TX  ->  *] bucket=30833 L1 active=wlan0 ch7  BL=[]
[17:44:00] HOP bucket=30834 L1 static ch7 wlan0
[TX  ->  *] bucket=30834 L1 active=wlan0 ch7  BL=[]
[17:44:02] HOP bucket=30835 L1 static ch7 wlan0
[TX  ->  *] bucket=30835 L1 active=wlan0 ch7  BL=[]
[17:44:04] HOP bucket=30836 L1 static ch7 wlan0
[TX  ->  *] bucket=30836 L1 active=wlan0 ch7  BL=[]
[17:44:06] HOP bucket=30837 L1 static ch7 wlan0
[TX  ->  *] bucket=30837 L1 active=wlan0 ch7  BL=[]
[17:44:08] HOP bucket=30838 L1 static ch7 wlan0
[TX  ->  *] bucket=30838 L1 active=wlan0 ch7  BL=[]
[17:44:10] HOP bucket=30839 L1 static ch7 wlan0
[TX  ->  *] bucket=30839 L1 active=wlan0 ch7  BL=[]
[17:44:12] HOP bucket=30840 L1 static ch7 wlan0
[TX  ->  *] bucket=30840 L1 active=wlan0 ch7  BL=[]
[17:44:14] HOP bucket=30841 L1 static ch7 wlan0
[TX  ->  *] bucket=30841 L1 active=wlan0 ch7  BL=[]
[17:44:16] HOP bucket=30842 L1 static ch7 wlan0
[TX  ->  *] bucket=30842 L1 active=wlan0 ch7  BL=[]
[17:44:18] HOP bucket=30843 L1 static ch7 wlan0
[TX  ->  *] bucket=30843 L1 active=wlan0 ch7  BL=[]
[17:44:20] HOP bucket=30844 L1 static ch7 wlan0
[TX  ->  *] bucket=30844 L1 active=wlan0 ch7  BL=[]
[17:44:22] HOP bucket=30845 L1 static ch7 wlan0
[TX  ->  *] bucket=30845 L1 active=wlan0 ch7  BL=[]
[17:44:24] HOP bucket=30846 L1 static ch7 wlan0
[TX  ->  *] bucket=30846 L1 active=wlan0 ch7  BL=[]
[17:44:26] HOP bucket=30847 L1 static ch7 wlan0
[TX  ->  *] bucket=30847 L1 active=wlan0 ch7  BL=[]
[17:44:28] HOP bucket=30848 L1 static ch7 wlan0
[TX  ->  *] bucket=30848 L1 active=wlan0 ch7  BL=[]
[17:44:30] HOP bucket=30849 L1 static ch7 wlan0
[TX  ->  *] bucket=30849 L1 active=wlan0 ch7  BL=[]
[17:44:32] HOP bucket=30850 L1 static ch7 wlan0
[TX  ->  *] bucket=30850 L1 active=wlan0 ch7  BL=[]
[17:44:34] HOP bucket=30851 L1 static ch7 wlan0
[TX  ->  *] bucket=30851 L1 active=wlan0 ch7  BL=[]
[17:44:36] HOP bucket=30852 L1 static ch7 wlan0
[TX  ->  *] bucket=30852 L1 active=wlan0 ch7  BL=[]
[17:44:38] HOP bucket=30853 L1 static ch7 wlan0
[TX  ->  *] bucket=30853 L1 active=wlan0 ch7  BL=[]
[17:44:40] HOP bucket=30854 L1 static ch7 wlan0
[TX  ->  *] bucket=30854 L1 active=wlan0 ch7  BL=[]
[17:44:42] HOP bucket=30855 L1 static ch7 wlan0
[TX  ->  *] bucket=30855 L1 active=wlan0 ch7  BL=[]
[17:44:44] HOP bucket=30856 L1 static ch7 wlan0
[TX  ->  *] bucket=30856 L1 active=wlan0 ch7  BL=[]
[17:44:46] HOP bucket=30857 L1 static ch7 wlan0
[TX  ->  *] bucket=30857 L1 active=wlan0 ch7  BL=[]
[17:44:48] HOP bucket=30858 L1 static ch7 wlan0
[TX  ->  *] bucket=30858 L1 active=wlan0 ch7  BL=[]
[17:44:50] HOP bucket=30859 L1 static ch7 wlan0
[TX  ->  *] bucket=30859 L1 active=wlan0 ch7  BL=[]
[17:44:52] HOP bucket=30860 L1 static ch7 wlan0
[TX  ->  *] bucket=30860 L1 active=wlan0 ch7  BL=[]
[17:44:54] HOP bucket=30861 L1 static ch7 wlan0
[TX  ->  *] bucket=30861 L1 active=wlan0 ch7  BL=[]
[17:44:56] HOP bucket=30862 L1 static ch7 wlan0
[TX  ->  *] bucket=30862 L1 active=wlan0 ch7  BL=[]
[17:44:58] HOP bucket=30863 L1 static ch7 wlan0
[TX  ->  *] bucket=30863 L1 active=wlan0 ch7  BL=[]
[17:45:00] HOP bucket=30864 L1 static ch7 wlan0
[TX  ->  *] bucket=30864 L1 active=wlan0 ch7  BL=[]
[17:45:02] HOP bucket=30865 L1 static ch7 wlan0
[TX  ->  *] bucket=30865 L1 active=wlan0 ch7  BL=[]
[17:45:04] HOP bucket=30866 L1 static ch7 wlan0
[TX  ->  *] bucket=30866 L1 active=wlan0 ch7  BL=[]
[17:45:06] HOP bucket=30867 L1 static ch7 wlan0
[TX  ->  *] bucket=30867 L1 active=wlan0 ch7  BL=[]
[17:45:08] HOP bucket=30868 L1 static ch7 wlan0
[TX  ->  *] bucket=30868 L1 active=wlan0 ch7  BL=[]
[17:45:10] HOP bucket=30869 L1 static ch7 wlan0
[TX  ->  *] bucket=30869 L1 active=wlan0 ch7  BL=[]
[17:45:12] HOP bucket=30870 L1 static ch7 wlan0
[TX  ->  *] bucket=30870 L1 active=wlan0 ch7  BL=[]
[RX  <- B] bucket=30870  peer_BL=[]  my_BL=[]
[17:45:14] HOP bucket=30871 L1 static ch7 wlan0
[TX  ->  *] bucket=30871 L1 active=wlan0 ch7  BL=[]
[RX  <- B] bucket=30871  peer_BL=[]  my_BL=[]
[17:45:16] HOP bucket=30872 L1 static ch7 wlan0
[TX  ->  *] bucket=30872 L1 active=wlan0 ch7  BL=[]
[RX  <- B] bucket=30872  peer_BL=[]  my_BL=[]
[17:45:18] HOP bucket=30873 L1 static ch7 wlan0
[RX  <- B] bucket=30873  peer_BL=[]  my_BL=[]
[TX  ->  *] bucket=30873 L1 active=wlan0 ch7  BL=[]
[17:45:20] HOP bucket=30874 L1 static ch7 wlan0
[TX  ->  *] bucket=30874 L1 active=wlan0 ch7  BL=[]
[RX  <- B] bucket=30874  peer_BL=[]  my_BL=[]
[17:45:22] HOP bucket=30875 L1 static ch7 wlan0
[TX  ->  *] bucket=30875 L1 active=wlan0 ch7  BL=[]
[RX  <- B] bucket=30875  peer_BL=[]  my_BL=[]
[17:45:24] HOP bucket=30876 L1 static ch7 wlan0
[RX  <- B] bucket=30876  peer_BL=[]  my_BL=[]
[TX  ->  *] bucket=30876 L1 active=wlan0 ch7  BL=[]
[17:45:26] HOP bucket=30877 L1 static ch7 wlan0
[TX  ->  *] bucket=30877 L1 active=wlan0 ch7  BL=[]
[RX  <- B] bucket=30877  peer_BL=[]  my_BL=[]
[17:45:28] HOP bucket=30878 L1 static ch7 wlan0
[RX  <- B] bucket=30878  peer_BL=[]  my_BL=[]
[TX  ->  *] bucket=30878 L1 active=wlan0 ch7  BL=[]
[17:45:30] HOP bucket=30879 L1 static ch7 wlan0
[TX  ->  *] bucket=30879 L1 active=wlan0 ch7  BL=[]
[RX  <- B] bucket=30879  peer_BL=[]  my_BL=[]
[17:45:32] HOP bucket=30880 L1 static ch7 wlan0
[TX  ->  *] bucket=30880 L1 active=wlan0 ch7  BL=[]
[RX  <- B] bucket=30880  peer_BL=[]  my_BL=[]
[17:45:34] HOP bucket=30881 L1 static ch7 wlan0
[TX  ->  *] bucket=30881 L1 active=wlan0 ch7  BL=[]
[RX  <- B] bucket=30881  peer_BL=[]  my_BL=[]
[17:45:36] HOP bucket=30882 L1 static ch7 wlan0
[TX  ->  *] bucket=30882 L1 active=wlan0 ch7  BL=[]
[RX  <- B] bucket=30882  peer_BL=[]  my_BL=[]
[17:45:38] HOP bucket=30883 L1 static ch7 wlan0
[RX  <- B] bucket=30883  peer_BL=[]  my_BL=[]
[TX  ->  *] bucket=30883 L1 active=wlan0 ch7  BL=[]
[17:45:40] HOP bucket=30884 L1 static ch7 wlan0
[TX  ->  *] bucket=30884 L1 active=wlan0 ch7  BL=[]
[RX  <- B] bucket=30884  peer_BL=[]  my_BL=[]
[17:45:42] HOP bucket=30885 L1 static ch7 wlan0
[RX  <- B] bucket=30885  peer_BL=[]  my_BL=[]
[TX  ->  *] bucket=30885 L1 active=wlan0 ch7  BL=[]
[17:45:44] HOP bucket=30886 L1 static ch7 wlan0
[TX  ->  *] bucket=30886 L1 active=wlan0 ch7  BL=[]
[RX  <- B] bucket=30886  peer_BL=[]  my_BL=[]
[17:45:46] HOP bucket=30887 L1 static ch7 wlan0
[TX  ->  *] bucket=30887 L1 active=wlan0 ch7  BL=[]
[RX  <- B] bucket=30887  peer_BL=[]  my_BL=[]
[17:45:48] HOP bucket=30888 L1 static ch7 wlan0
[TX  ->  *] bucket=30888 L1 active=wlan0 ch7  BL=[]
[RX  <- B] bucket=30888  peer_BL=[]  my_BL=[]
[17:45:50] HOP bucket=30889 L1 static ch7 wlan0
[TX  ->  *] bucket=30889 L1 active=wlan0 ch7  BL=[]
[RX  <- B] bucket=30889  peer_BL=[]  my_BL=[]
[17:45:52] HOP bucket=30890 L1 static ch7 wlan0
[TX  ->  *] bucket=30890 L1 active=wlan0 ch7  BL=[]
[RX  <- B] bucket=30890  peer_BL=[]  my_BL=[]
[17:45:54] HOP bucket=30891 L1 static ch7 wlan0
[TX  ->  *] bucket=30891 L1 active=wlan0 ch7  BL=[]
[RX  <- B] bucket=30891  peer_BL=[]  my_BL=[]
[17:45:56] HOP bucket=30892 L1 static ch7 wlan0
[TX  ->  *] bucket=30892 L1 active=wlan0 ch7  BL=[]
[RX  <- B] bucket=30892  peer_BL=[]  my_BL=[]
[17:45:58] HOP bucket=30893 L1 static ch7 wlan0
[TX  ->  *] bucket=30893 L1 active=wlan0 ch7  BL=[]
[RX  <- B] bucket=30893  peer_BL=[]  my_BL=[]
[17:46:00] HOP bucket=30894 L1 static ch7 wlan0
[RX  <- B] bucket=30894  peer_BL=[]  my_BL=[]
[TX  ->  *] bucket=30894 L1 active=wlan0 ch7  BL=[]
[17:46:02] HOP bucket=30895 L1 static ch7 wlan0
[TX  ->  *] bucket=30895 L1 active=wlan0 ch7  BL=[]
[RX  <- B] bucket=30895  peer_BL=[]  my_BL=[]
[17:46:04] HOP bucket=30896 L1 static ch7 wlan0
[RX  <- B] bucket=30896  peer_BL=[]  my_BL=[]
[TX  ->  *] bucket=30896 L1 active=wlan0 ch7  BL=[]
[17:46:06] HOP bucket=30897 L1 static ch7 wlan0
[RX  <- B] bucket=30897  peer_BL=[]  my_BL=[]
[TX  ->  *] bucket=30897 L1 active=wlan0 ch7  BL=[]
[17:46:08] HOP bucket=30898 L1 static ch7 wlan0
[TX  ->  *] bucket=30898 L1 active=wlan0 ch7  BL=[]
[RX  <- B] bucket=30898  peer_BL=[]  my_BL=[]
[17:46:10] HOP bucket=30899 L1 static ch7 wlan0
[RX  <- B] bucket=30899  peer_BL=[]  my_BL=[]
[TX  ->  *] bucket=30899 L1 active=wlan0 ch7  BL=[]
[17:46:12] HOP bucket=30900 L1 static ch7 wlan0
[TX  ->  *] bucket=30900 L1 active=wlan0 ch7  BL=[]
[RX  <- B] bucket=30900  peer_BL=[]  my_BL=[]
[17:46:14] HOP bucket=30901 L1 static ch7 wlan0
[TX  ->  *] bucket=30901 L1 active=wlan0 ch7  BL=[]
[RX  <- B] bucket=30901  peer_BL=[]  my_BL=[]
[17:46:16] HOP bucket=30902 L1 static ch7 wlan0
[TX  ->  *] bucket=30902 L1 active=wlan0 ch7  BL=[]
[RX  <- B] bucket=30902  peer_BL=[]  my_BL=[]
[17:46:18] HOP bucket=30903 L1 static ch7 wlan0
[TX  ->  *] bucket=30903 L1 active=wlan0 ch7  BL=[]
[RX  <- B] bucket=30903  peer_BL=[]  my_BL=[]
[17:46:20] HOP bucket=30904 L1 static ch7 wlan0
[RX  <- B] bucket=30904  peer_BL=[]  my_BL=[]
[TX  ->  *] bucket=30904 L1 active=wlan0 ch7  BL=[]
[17:46:22] HOP bucket=30905 L1 static ch7 wlan0
[RX  <- B] bucket=30905  peer_BL=[]  my_BL=[]
[TX  ->  *] bucket=30905 L1 active=wlan0 ch7  BL=[]
[17:46:24] HOP bucket=30906 L1 static ch7 wlan0
[TX  ->  *] bucket=30906 L1 active=wlan0 ch7  BL=[]
[RX  <- B] bucket=30906  peer_BL=[]  my_BL=[]
[17:46:26] HOP bucket=30907 L1 static ch7 wlan0
[RX  <- B] bucket=30907  peer_BL=[]  my_BL=[]
[TX  ->  *] bucket=30907 L1 active=wlan0 ch7  BL=[]
[17:46:28] HOP bucket=30908 L1 static ch7 wlan0
[TX  ->  *] bucket=30908 L1 active=wlan0 ch7  BL=[]
[RX  <- B] bucket=30908  peer_BL=[]  my_BL=[]
[17:46:30] HOP bucket=30909 L1 static ch7 wlan0
[TX  ->  *] bucket=30909 L1 active=wlan0 ch7  BL=[]
[RX  <- B] bucket=30909  peer_BL=[]  my_BL=[]
[17:46:32] HOP bucket=30910 L1 static ch7 wlan0
[TX  ->  *] bucket=30910 L1 active=wlan0 ch7  BL=[]
[RX  <- B] bucket=30910  peer_BL=[]  my_BL=[]
[17:46:34] HOP bucket=30911 L1 static ch7 wlan0
[TX  ->  *] bucket=30911 L1 active=wlan0 ch7  BL=[]
[RX  <- B] bucket=30911  peer_BL=[]  my_BL=[]
[17:46:36] HOP bucket=30912 L1 static ch7 wlan0
[TX  ->  *] bucket=30912 L1 active=wlan0 ch7  BL=[]
[RX  <- B] bucket=30912  peer_BL=[]  my_BL=[]
[17:46:38] HOP bucket=30913 L1 static ch7 wlan0
[TX  ->  *] bucket=30913 L1 active=wlan0 ch7  BL=[]
[RX  <- B] bucket=30913  peer_BL=[]  my_BL=[]
[17:46:40] HOP bucket=30914 L1 static ch7 wlan0
[RX  <- B] bucket=30914  peer_BL=[]  my_BL=[]
[TX  ->  *] bucket=30914 L1 active=wlan0 ch7  BL=[]
[17:46:42] HOP bucket=30915 L1 static ch7 wlan0
[RX  <- B] bucket=30915  peer_BL=[]  my_BL=[]
[TX  ->  *] bucket=30915 L1 active=wlan0 ch7  BL=[]
[17:46:44] HOP bucket=30916 L1 static ch7 wlan0
[TX  ->  *] bucket=30916 L1 active=wlan0 ch7  BL=[]
[RX  <- B] bucket=30916  peer_BL=[]  my_BL=[]
[17:46:46] HOP bucket=30917 L1 static ch7 wlan0
[TX  ->  *] bucket=30917 L1 active=wlan0 ch7  BL=[]
[RX  <- B] bucket=30917  peer_BL=[]  my_BL=[]
[17:46:48] HOP bucket=30918 L1 static ch7 wlan0
[TX  ->  *] bucket=30918 L1 active=wlan0 ch7  BL=[]
[RX  <- B] bucket=30918  peer_BL=[]  my_BL=[]
[17:46:50] HOP bucket=30919 L1 static ch7 wlan0
[RX  <- B] bucket=30919  peer_BL=[]  my_BL=[]
[TX  ->  *] bucket=30919 L1 active=wlan0 ch7  BL=[]
[17:46:52] HOP bucket=30920 L1 static ch7 wlan0
[TX  ->  *] bucket=30920 L1 active=wlan0 ch7  BL=[]
[RX  <- B] bucket=30920  peer_BL=[]  my_BL=[]
[17:46:54] HOP bucket=30921 L1 static ch7 wlan0
[TX  ->  *] bucket=30921 L1 active=wlan0 ch7  BL=[]
[RX  <- B] bucket=30921  peer_BL=[]  my_BL=[]
[17:46:56] HOP bucket=30922 L1 static ch7 wlan0
[TX  ->  *] bucket=30922 L1 active=wlan0 ch7  BL=[]
[RX  <- B] bucket=30922  peer_BL=[]  my_BL=[]
[17:46:58] HOP bucket=30923 L1 static ch7 wlan0
[RX  <- B] bucket=30923  peer_BL=[]  my_BL=[]
[TX  ->  *] bucket=30923 L1 active=wlan0 ch7  BL=[]
[17:47:00] HOP bucket=30924 L1 static ch7 wlan0
[TX  ->  *] bucket=30924 L1 active=wlan0 ch7  BL=[]
[RX  <- B] bucket=30924  peer_BL=[]  my_BL=[]
[17:47:02] HOP bucket=30925 L1 static ch7 wlan0
[RX  <- B] bucket=30925  peer_BL=[]  my_BL=[]
[TX  ->  *] bucket=30925 L1 active=wlan0 ch7  BL=[]
[17:47:04] HOP bucket=30926 L1 static ch7 wlan0
[TX  ->  *] bucket=30926 L1 active=wlan0 ch7  BL=[]
[RX  <- B] bucket=30926  peer_BL=[]  my_BL=[]
[17:47:06] HOP bucket=30927 L1 static ch7 wlan0
[TX  ->  *] bucket=30927 L1 active=wlan0 ch7  BL=[]
[RX  <- B] bucket=30927  peer_BL=[]  my_BL=[]
[17:47:08] HOP bucket=30928 L1 static ch7 wlan0
[TX  ->  *] bucket=30928 L1 active=wlan0 ch7  BL=[]
[RX  <- B] bucket=30928  peer_BL=[]  my_BL=[]
[17:47:10] HOP bucket=30929 L1 static ch7 wlan0
[TX  ->  *] bucket=30929 L1 active=wlan0 ch7  BL=[]
[RX  <- B] bucket=30929  peer_BL=[]  my_BL=[]
[17:47:12] HOP bucket=30930 L1 static ch7 wlan0
[TX  ->  *] bucket=30930 L1 active=wlan0 ch7  BL=[]
[RX  <- B] bucket=30930  peer_BL=[]  my_BL=[]
[17:47:14] HOP bucket=30931 L1 static ch7 wlan0
[RX  <- B] bucket=30931  peer_BL=[]  my_BL=[]
[TX  ->  *] bucket=30931 L1 active=wlan0 ch7  BL=[]
[17:47:16] HOP bucket=30932 L1 static ch7 wlan0
[TX  ->  *] bucket=30932 L1 active=wlan0 ch7  BL=[]
[RX  <- B] bucket=30932  peer_BL=[]  my_BL=[]
[17:47:18] HOP bucket=30933 L1 static ch7 wlan0
[TX  ->  *] bucket=30933 L1 active=wlan0 ch7  BL=[]
[RX  <- B] bucket=30933  peer_BL=[]  my_BL=[]
[17:47:20] HOP bucket=30934 L1 static ch7 wlan0
[RX  <- B] bucket=30934  peer_BL=[]  my_BL=[]
[TX  ->  *] bucket=30934 L1 active=wlan0 ch7  BL=[]
[17:47:22] HOP bucket=30935 L1 static ch7 wlan0
[TX  ->  *] bucket=30935 L1 active=wlan0 ch7  BL=[]
[RX  <- B] bucket=30935  peer_BL=[]  my_BL=[]
[17:47:24] HOP bucket=30936 L1 static ch7 wlan0
[RX  <- B] bucket=30936  peer_BL=[]  my_BL=[]
[TX  ->  *] bucket=30936 L1 active=wlan0 ch7  BL=[]
[17:47:26] HOP bucket=30937 L1 static ch7 wlan0
[RX  <- B] bucket=30937  peer_BL=[]  my_BL=[]
[TX  ->  *] bucket=30937 L1 active=wlan0 ch7  BL=[]
[17:47:28] HOP bucket=30938 L1 static ch7 wlan0
[TX  ->  *] bucket=30938 L1 active=wlan0 ch7  BL=[]
[RX  <- B] bucket=30938  peer_BL=[]  my_BL=[]
[17:47:30] HOP bucket=30939 L1 static ch7 wlan0
[TX  ->  *] bucket=30939 L1 active=wlan0 ch7  BL=[]
[RX  <- B] bucket=30939  peer_BL=[]  my_BL=[]
[17:47:32] HOP bucket=30940 L1 static ch7 wlan0
[TX  ->  *] bucket=30940 L1 active=wlan0 ch7  BL=[]
[RX  <- B] bucket=30940  peer_BL=[]  my_BL=[]
[17:47:34] HOP bucket=30941 L1 static ch7 wlan0
[RX  <- B] bucket=30941  peer_BL=[]  my_BL=[]
[TX  ->  *] bucket=30941 L1 active=wlan0 ch7  BL=[]
[17:47:36] HOP bucket=30942 L1 static ch7 wlan0
[TX  ->  *] bucket=30942 L1 active=wlan0 ch7  BL=[]
[RX  <- B] bucket=30942  peer_BL=[]  my_BL=[]
[17:47:38] HOP bucket=30943 L1 static ch7 wlan0
[TX  ->  *] bucket=30943 L1 active=wlan0 ch7  BL=[]
[RX  <- B] bucket=30943  peer_BL=[]  my_BL=[]
[17:47:40] HOP bucket=30944 L1 static ch7 wlan0
[TX  ->  *] bucket=30944 L1 active=wlan0 ch7  BL=[]
[RX  <- B] bucket=30944  peer_BL=[]  my_BL=[]
[17:47:42] HOP bucket=30945 L1 static ch7 wlan0
[RX  <- B] bucket=30945  peer_BL=[]  my_BL=[]
[TX  ->  *] bucket=30945 L1 active=wlan0 ch7  BL=[]
[17:47:44] HOP bucket=30946 L1 static ch7 wlan0
[TX  ->  *] bucket=30946 L1 active=wlan0 ch7  BL=[]
[RX  <- B] bucket=30946  peer_BL=[]  my_BL=[]
[17:47:46] HOP bucket=30947 L1 static ch7 wlan0
[RX  <- B] bucket=30947  peer_BL=[]  my_BL=[]
[TX  ->  *] bucket=30947 L1 active=wlan0 ch7  BL=[]
[17:47:48] HOP bucket=30948 L1 static ch7 wlan0
[TX  ->  *] bucket=30948 L1 active=wlan0 ch7  BL=[]
[RX  <- B] bucket=30948  peer_BL=[]  my_BL=[]
[17:47:50] HOP bucket=30949 L1 static ch7 wlan0
[TX  ->  *] bucket=30949 L1 active=wlan0 ch7  BL=[]
[RX  <- B] bucket=30949  peer_BL=[]  my_BL=[]
[17:47:52] HOP bucket=30950 L1 static ch7 wlan0
[TX  ->  *] bucket=30950 L1 active=wlan0 ch7  BL=[]
[RX  <- B] bucket=30950  peer_BL=[]  my_BL=[]
[17:47:54] HOP bucket=30951 L1 static ch7 wlan0
[RX  <- B] bucket=30951  peer_BL=[]  my_BL=[]
[TX  ->  *] bucket=30951 L1 active=wlan0 ch7  BL=[]
[17:47:56] HOP bucket=30952 L1 static ch7 wlan0
[TX  ->  *] bucket=30952 L1 active=wlan0 ch7  BL=[]
[RX  <- B] bucket=30952  peer_BL=[]  my_BL=[]
[17:47:58] HOP bucket=30953 L1 static ch7 wlan0
[TX  ->  *] bucket=30953 L1 active=wlan0 ch7  BL=[]
[RX  <- B] bucket=30953  peer_BL=[]  my_BL=[]
[17:48:00] HOP bucket=30954 L1 static ch7 wlan0
[TX  ->  *] bucket=30954 L1 active=wlan0 ch7  BL=[]
[RX  <- B] bucket=30954  peer_BL=[]  my_BL=[]
[17:48:02] HOP bucket=30955 L1 static ch7 wlan0
[RX  <- B] bucket=30955  peer_BL=[]  my_BL=[]
[TX  ->  *] bucket=30955 L1 active=wlan0 ch7  BL=[]
[17:48:04] HOP bucket=30956 L1 static ch7 wlan0
[TX  ->  *] bucket=30956 L1 active=wlan0 ch7  BL=[]
[RX  <- B] bucket=30956  peer_BL=[]  my_BL=[]
[17:48:06] HOP bucket=30957 L1 static ch7 wlan0
[TX  ->  *] bucket=30957 L1 active=wlan0 ch7  BL=[]
[RX  <- B] bucket=30957  peer_BL=[]  my_BL=[]
[17:48:08] HOP bucket=30958 L1 static ch7 wlan0
[TX  ->  *] bucket=30958 L1 active=wlan0 ch7  BL=[]
[RX  <- B] bucket=30958  peer_BL=[]  my_BL=[]
[17:48:10] HOP bucket=30959 L1 static ch7 wlan0
[TX  ->  *] bucket=30959 L1 active=wlan0 ch7  BL=[]
[RX  <- B] bucket=30959  peer_BL=[]  my_BL=[]
[17:48:12] HOP bucket=30960 L1 static ch7 wlan0
[TX  ->  *] bucket=30960 L1 active=wlan0 ch7  BL=[]
[RX  <- B] bucket=30960  peer_BL=[]  my_BL=[]
[17:48:14] HOP bucket=30961 L1 static ch7 wlan0
[TX  ->  *] bucket=30961 L1 active=wlan0 ch7  BL=[]
[RX  <- B] bucket=30961  peer_BL=[]  my_BL=[]
[17:48:16] HOP bucket=30962 L1 static ch7 wlan0
[TX  ->  *] bucket=30962 L1 active=wlan0 ch7  BL=[]
[RX  <- B] bucket=30962  peer_BL=[]  my_BL=[]
[17:48:18] HOP bucket=30963 L1 static ch7 wlan0
[TX  ->  *] bucket=30963 L1 active=wlan0 ch7  BL=[]
[RX  <- B] bucket=30963  peer_BL=[]  my_BL=[]
[17:48:20] HOP bucket=30964 L1 static ch7 wlan0
[TX  ->  *] bucket=30964 L1 active=wlan0 ch7  BL=[]
[RX  <- B] bucket=30964  peer_BL=[]  my_BL=[]
[17:48:22] HOP bucket=30965 L1 static ch7 wlan0
[RX  <- B] bucket=30965  peer_BL=[]  my_BL=[]
[TX  ->  *] bucket=30965 L1 active=wlan0 ch7  BL=[]
[17:48:24] HOP bucket=30966 L1 static ch7 wlan0
[TX  ->  *] bucket=30966 L1 active=wlan0 ch7  BL=[]
[RX  <- B] bucket=30966  peer_BL=[]  my_BL=[]
[17:48:26] HOP bucket=30967 L1 static ch7 wlan0
[TX  ->  *] bucket=30967 L1 active=wlan0 ch7  BL=[]
[RX  <- B] bucket=30967  peer_BL=[]  my_BL=[]
[17:48:28] HOP bucket=30968 L1 static ch7 wlan0
[TX  ->  *] bucket=30968 L1 active=wlan0 ch7  BL=[]
[RX  <- B] bucket=30968  peer_BL=[]  my_BL=[]
[17:48:30] HOP bucket=30969 L1 static ch7 wlan0
[TX  ->  *] bucket=30969 L1 active=wlan0 ch7  BL=[]
[RX  <- B] bucket=30969  peer_BL=[]  my_BL=[]
[17:48:32] HOP bucket=30970 L1 static ch7 wlan0
[RX  <- B] bucket=30970  peer_BL=[]  my_BL=[]
[TX  ->  *] bucket=30970 L1 active=wlan0 ch7  BL=[]
[17:48:34] HOP bucket=30971 L1 static ch7 wlan0
[TX  ->  *] bucket=30971 L1 active=wlan0 ch7  BL=[]
[RX  <- B] bucket=30971  peer_BL=[]  my_BL=[]
[17:48:36] HOP bucket=30972 L1 static ch7 wlan0
[TX  ->  *] bucket=30972 L1 active=wlan0 ch7  BL=[]
[RX  <- B] bucket=30972  peer_BL=[]  my_BL=[]
[17:48:38] HOP bucket=30973 L1 static ch7 wlan0
[RX  <- B] bucket=30973  peer_BL=[]  my_BL=[]
[TX  ->  *] bucket=30973 L1 active=wlan0 ch7  BL=[]
[17:48:40] HOP bucket=30974 L1 static ch7 wlan0
[TX  ->  *] bucket=30974 L1 active=wlan0 ch7  BL=[]
[RX  <- B] bucket=30974  peer_BL=[]  my_BL=[]
[17:48:42] HOP bucket=30975 L1 static ch7 wlan0
[RX  <- B] bucket=30975  peer_BL=[]  my_BL=[]
[TX  ->  *] bucket=30975 L1 active=wlan0 ch7  BL=[]
[17:48:44] HOP bucket=30976 L1 static ch7 wlan0
[TX  ->  *] bucket=30976 L1 active=wlan0 ch7  BL=[]
[RX  <- B] bucket=30976  peer_BL=[]  my_BL=[]
[17:48:46] HOP bucket=30977 L1 static ch7 wlan0
[TX  ->  *] bucket=30977 L1 active=wlan0 ch7  BL=[]
[RX  <- B] bucket=30977  peer_BL=[]  my_BL=[]
[17:48:48] HOP bucket=30978 L1 static ch7 wlan0
[TX  ->  *] bucket=30978 L1 active=wlan0 ch7  BL=[]
[RX  <- B] bucket=30978  peer_BL=[]  my_BL=[]
[17:48:50] HOP bucket=30979 L1 static ch7 wlan0
[TX  ->  *] bucket=30979 L1 active=wlan0 ch7  BL=[]
[RX  <- B] bucket=30979  peer_BL=[]  my_BL=[]
[17:48:52] HOP bucket=30980 L1 static ch7 wlan0
[TX  ->  *] bucket=30980 L1 active=wlan0 ch7  BL=[]
[RX  <- B] bucket=30980  peer_BL=[]  my_BL=[]
[17:48:54] HOP bucket=30981 L1 static ch7 wlan0
[TX  ->  *] bucket=30981 L1 active=wlan0 ch7  BL=[]
[RX  <- B] bucket=30981  peer_BL=[]  my_BL=[]
[17:48:56] HOP bucket=30982 L1 static ch7 wlan0
[RX  <- B] bucket=30982  peer_BL=[]  my_BL=[]
[TX  ->  *] bucket=30982 L1 active=wlan0 ch7  BL=[]
[17:48:58] HOP bucket=30983 L1 static ch7 wlan0
[TX  ->  *] bucket=30983 L1 active=wlan0 ch7  BL=[]
[RX  <- B] bucket=30983  peer_BL=[]  my_BL=[]
[17:49:00] HOP bucket=30984 L1 static ch7 wlan0
[RX  <- B] bucket=30984  peer_BL=[]  my_BL=[]
[TX  ->  *] bucket=30984 L1 active=wlan0 ch7  BL=[]
[17:49:02] HOP bucket=30985 L1 static ch7 wlan0
[TX  ->  *] bucket=30985 L1 active=wlan0 ch7  BL=[]
[RX  <- B] bucket=30985  peer_BL=[]  my_BL=[]
[17:49:04] HOP bucket=30986 L1 static ch7 wlan0
[TX  ->  *] bucket=30986 L1 active=wlan0 ch7  BL=[]
[RX  <- B] bucket=30986  peer_BL=[]  my_BL=[]
[17:49:06] HOP bucket=30987 L1 static ch7 wlan0
[TX  ->  *] bucket=30987 L1 active=wlan0 ch7  BL=[]
[RX  <- B] bucket=30987  peer_BL=[]  my_BL=[]
[17:49:08] HOP bucket=30988 L1 static ch7 wlan0
[TX  ->  *] bucket=30988 L1 active=wlan0 ch7  BL=[]
[RX  <- B] bucket=30988  peer_BL=[]  my_BL=[]
[17:49:10] HOP bucket=30989 L1 static ch7 wlan0
[RX  <- B] bucket=30989  peer_BL=[]  my_BL=[]
[TX  ->  *] bucket=30989 L1 active=wlan0 ch7  BL=[]
[17:49:12] HOP bucket=30990 L1 static ch7 wlan0
[TX  ->  *] bucket=30990 L1 active=wlan0 ch7  BL=[]
[17:49:14] HOP bucket=30991 L1 static ch7 wlan0
[TX  ->  *] bucket=30991 L1 active=wlan0 ch7  BL=[]
[17:49:16] HOP bucket=30992 L1 static ch7 wlan0
[TX  ->  *] bucket=30992 L1 active=wlan0 ch7  BL=[]
[17:49:18] HOP bucket=30993 L1 static ch7 wlan0
[TX  ->  *] bucket=30993 L1 active=wlan0 ch7  BL=[]
[17:49:20] HOP bucket=30994 L1 static ch7 wlan0
[TX  ->  *] bucket=30994 L1 active=wlan0 ch7  BL=[]
[17:49:22] HOP bucket=30995 L1 static ch7 wlan0
[TX  ->  *] bucket=30995 L1 active=wlan0 ch7  BL=[]
[17:49:24] HOP bucket=30996 L1 static ch7 wlan0
[TX  ->  *] bucket=30996 L1 active=wlan0 ch7  BL=[]
[17:49:26] HOP bucket=30997 L1 static ch7 wlan0
[TX  ->  *] bucket=30997 L1 active=wlan0 ch7  BL=[]
[17:49:28] HOP bucket=30998 L1 static ch7 wlan0
[TX  ->  *] bucket=30998 L1 active=wlan0 ch7  BL=[]
[17:49:30] HOP bucket=30999 L1 static ch7 wlan0
[TX  ->  *] bucket=30999 L1 active=wlan0 ch7  BL=[]
[17:49:32] HOP bucket=31000 L1 static ch7 wlan0
[TX  ->  *] bucket=31000 L1 active=wlan0 ch7  BL=[]
[17:49:34] HOP bucket=31001 L1 static ch7 wlan0
[TX  ->  *] bucket=31001 L1 active=wlan0 ch7  BL=[]
[17:49:36] HOP bucket=31002 L1 static ch7 wlan0
[TX  ->  *] bucket=31002 L1 active=wlan0 ch7  BL=[]
[17:49:38] HOP bucket=31003 L1 static ch7 wlan0
[TX  ->  *] bucket=31003 L1 active=wlan0 ch7  BL=[]
[17:49:40] HOP bucket=31004 L1 static ch7 wlan0
[TX  ->  *] bucket=31004 L1 active=wlan0 ch7  BL=[]
[17:49:42] HOP bucket=31005 L1 static ch7 wlan0
[TX  ->  *] bucket=31005 L1 active=wlan0 ch7  BL=[]
[17:49:44] HOP bucket=31006 L1 static ch7 wlan0
[TX  ->  *] bucket=31006 L1 active=wlan0 ch7  BL=[]
[17:49:46] HOP bucket=31007 L1 static ch7 wlan0
[TX  ->  *] bucket=31007 L1 active=wlan0 ch7  BL=[]
[17:49:48] HOP bucket=31008 L1 static ch7 wlan0
[TX  ->  *] bucket=31008 L1 active=wlan0 ch7  BL=[]
[17:49:50] HOP bucket=31009 L1 static ch7 wlan0
[TX  ->  *] bucket=31009 L1 active=wlan0 ch7  BL=[]
[17:49:52] HOP bucket=31010 L1 static ch7 wlan0
[TX  ->  *] bucket=31010 L1 active=wlan0 ch7  BL=[]
[17:49:54] HOP bucket=31011 L1 static ch7 wlan0
[TX  ->  *] bucket=31011 L1 active=wlan0 ch7  BL=[]
[17:49:56] HOP bucket=31012 L1 static ch7 wlan0
[TX  ->  *] bucket=31012 L1 active=wlan0 ch7  BL=[]
[17:49:58] HOP bucket=31013 L1 static ch7 wlan0
[TX  ->  *] bucket=31013 L1 active=wlan0 ch7  BL=[]
[17:50:00] HOP bucket=31014 L1 static ch7 wlan0
[TX  ->  *] bucket=31014 L1 active=wlan0 ch7  BL=[]
[17:50:02] HOP bucket=31015 L1 static ch7 wlan0
[TX  ->  *] bucket=31015 L1 active=wlan0 ch7  BL=[]
[17:50:04] HOP bucket=31016 L1 static ch7 wlan0
[TX  ->  *] bucket=31016 L1 active=wlan0 ch7  BL=[]
[17:50:06] HOP bucket=31017 L1 static ch7 wlan0
[TX  ->  *] bucket=31017 L1 active=wlan0 ch7  BL=[]
[17:50:08] HOP bucket=31018 L1 static ch7 wlan0
[TX  ->  *] bucket=31018 L1 active=wlan0 ch7  BL=[]
[17:50:10] HOP bucket=31019 L1 static ch7 wlan0
[TX  ->  *] bucket=31019 L1 active=wlan0 ch7  BL=[]
[17:50:12] HOP bucket=31020 L1 static ch7 wlan0
[TX  ->  *] bucket=31020 L1 active=wlan0 ch7  BL=[]
[17:50:14] HOP bucket=31021 L1 static ch7 wlan0
[TX  ->  *] bucket=31021 L1 active=wlan0 ch7  BL=[]
[17:50:16] HOP bucket=31022 L1 static ch7 wlan0
[TX  ->  *] bucket=31022 L1 active=wlan0 ch7  BL=[]
[17:50:18] HOP bucket=31023 L1 static ch7 wlan0
[TX  ->  *] bucket=31023 L1 active=wlan0 ch7  BL=[]
[17:50:20] HOP bucket=31024 L1 static ch7 wlan0
[TX  ->  *] bucket=31024 L1 active=wlan0 ch7  BL=[]
[17:50:22] HOP bucket=31025 L1 static ch7 wlan0
[TX  ->  *] bucket=31025 L1 active=wlan0 ch7  BL=[]
[17:50:24] HOP bucket=31026 L1 static ch7 wlan0
[TX  ->  *] bucket=31026 L1 active=wlan0 ch7  BL=[]
[17:50:26] HOP bucket=31027 L1 static ch7 wlan0
[TX  ->  *] bucket=31027 L1 active=wlan0 ch7  BL=[]
[17:50:28] HOP bucket=31028 L1 static ch7 wlan0
[TX  ->  *] bucket=31028 L1 active=wlan0 ch7  BL=[]
[17:50:30] HOP bucket=31029 L1 static ch7 wlan0
[TX  ->  *] bucket=31029 L1 active=wlan0 ch7  BL=[]
[17:50:32] HOP bucket=31030 L1 static ch7 wlan0
[TX  ->  *] bucket=31030 L1 active=wlan0 ch7  BL=[]
[17:50:34] HOP bucket=31031 L1 static ch7 wlan0
[TX  ->  *] bucket=31031 L1 active=wlan0 ch7  BL=[]
[17:50:36] HOP bucket=31032 L1 static ch7 wlan0
[TX  ->  *] bucket=31032 L1 active=wlan0 ch7  BL=[]
[17:50:38] HOP bucket=31033 L1 static ch7 wlan0
[TX  ->  *] bucket=31033 L1 active=wlan0 ch7  BL=[]
[17:50:40] HOP bucket=31034 L1 static ch7 wlan0
[TX  ->  *] bucket=31034 L1 active=wlan0 ch7  BL=[]
[17:50:42] HOP bucket=31035 L1 static ch7 wlan0
[TX  ->  *] bucket=31035 L1 active=wlan0 ch7  BL=[]
[17:50:44] HOP bucket=31036 L1 static ch7 wlan0
[TX  ->  *] bucket=31036 L1 active=wlan0 ch7  BL=[]
[17:50:46] HOP bucket=31037 L1 static ch7 wlan0
[TX  ->  *] bucket=31037 L1 active=wlan0 ch7  BL=[]
[17:50:48] HOP bucket=31038 L1 static ch7 wlan0
[TX  ->  *] bucket=31038 L1 active=wlan0 ch7  BL=[]
[17:50:50] HOP bucket=31039 L1 static ch7 wlan0
[TX  ->  *] bucket=31039 L1 active=wlan0 ch7  BL=[]
[17:50:52] HOP bucket=31040 L1 static ch7 wlan0
[TX  ->  *] bucket=31040 L1 active=wlan0 ch7  BL=[]
[17:50:54] HOP bucket=31041 L1 static ch7 wlan0
[TX  ->  *] bucket=31041 L1 active=wlan0 ch7  BL=[]
[17:50:56] HOP bucket=31042 L1 static ch7 wlan0
[TX  ->  *] bucket=31042 L1 active=wlan0 ch7  BL=[]
[17:50:58] HOP bucket=31043 L1 static ch7 wlan0
[TX  ->  *] bucket=31043 L1 active=wlan0 ch7  BL=[]
[17:51:00] HOP bucket=31044 L1 static ch7 wlan0
[TX  ->  *] bucket=31044 L1 active=wlan0 ch7  BL=[]
[17:51:02] HOP bucket=31045 L1 static ch7 wlan0
[TX  ->  *] bucket=31045 L1 active=wlan0 ch7  BL=[]
[17:51:04] HOP bucket=31046 L1 static ch7 wlan0
[TX  ->  *] bucket=31046 L1 active=wlan0 ch7  BL=[]
[17:51:06] HOP bucket=31047 L1 static ch7 wlan0
[TX  ->  *] bucket=31047 L1 active=wlan0 ch7  BL=[]
[17:51:08] HOP bucket=31048 L1 static ch7 wlan0
[TX  ->  *] bucket=31048 L1 active=wlan0 ch7  BL=[]
[17:51:10] HOP bucket=31049 L1 static ch7 wlan0
[TX  ->  *] bucket=31049 L1 active=wlan0 ch7  BL=[]
[17:51:12] HOP bucket=31050 L1 static ch7 wlan0
[TX  ->  *] bucket=31050 L1 active=wlan0 ch7  BL=[]
[17:51:14] HOP bucket=31051 L1 static ch7 wlan0
[TX  ->  *] bucket=31051 L1 active=wlan0 ch7  BL=[]
[17:51:16] HOP bucket=31052 L1 static ch7 wlan0
[TX  ->  *] bucket=31052 L1 active=wlan0 ch7  BL=[]
[17:51:18] HOP bucket=31053 L1 static ch7 wlan0
[TX  ->  *] bucket=31053 L1 active=wlan0 ch7  BL=[]
[17:51:20] HOP bucket=31054 L1 static ch7 wlan0
[TX  ->  *] bucket=31054 L1 active=wlan0 ch7  BL=[]
[17:51:22] HOP bucket=31055 L1 static ch7 wlan0
[TX  ->  *] bucket=31055 L1 active=wlan0 ch7  BL=[]
[17:51:24] HOP bucket=31056 L1 static ch7 wlan0
[TX  ->  *] bucket=31056 L1 active=wlan0 ch7  BL=[]
[17:51:26] HOP bucket=31057 L1 static ch7 wlan0
[TX  ->  *] bucket=31057 L1 active=wlan0 ch7  BL=[]
[17:51:28] HOP bucket=31058 L1 static ch7 wlan0
[TX  ->  *] bucket=31058 L1 active=wlan0 ch7  BL=[]
[17:51:30] HOP bucket=31059 L1 static ch7 wlan0
[TX  ->  *] bucket=31059 L1 active=wlan0 ch7  BL=[]
[17:51:32] HOP bucket=31060 L1 static ch7 wlan0
[TX  ->  *] bucket=31060 L1 active=wlan0 ch7  BL=[]
[17:51:34] HOP bucket=31061 L1 static ch7 wlan0
[TX  ->  *] bucket=31061 L1 active=wlan0 ch7  BL=[]
[17:51:36] HOP bucket=31062 L1 static ch7 wlan0
[TX  ->  *] bucket=31062 L1 active=wlan0 ch7  BL=[]
[17:51:38] HOP bucket=31063 L1 static ch7 wlan0
[TX  ->  *] bucket=31063 L1 active=wlan0 ch7  BL=[]
[17:51:40] HOP bucket=31064 L1 static ch7 wlan0
[TX  ->  *] bucket=31064 L1 active=wlan0 ch7  BL=[]
[17:51:42] HOP bucket=31065 L1 static ch7 wlan0
[TX  ->  *] bucket=31065 L1 active=wlan0 ch7  BL=[]
[17:51:44] HOP bucket=31066 L1 static ch7 wlan0
[TX  ->  *] bucket=31066 L1 active=wlan0 ch7  BL=[]
[17:51:46] HOP bucket=31067 L1 static ch7 wlan0
[TX  ->  *] bucket=31067 L1 active=wlan0 ch7  BL=[]
[17:51:48] HOP bucket=31068 L1 static ch7 wlan0
[TX  ->  *] bucket=31068 L1 active=wlan0 ch7  BL=[]
[17:51:50] HOP bucket=31069 L1 static ch7 wlan0
[TX  ->  *] bucket=31069 L1 active=wlan0 ch7  BL=[]
[17:51:52] HOP bucket=31070 L1 static ch7 wlan0
[TX  ->  *] bucket=31070 L1 active=wlan0 ch7  BL=[]
[17:51:54] HOP bucket=31071 L1 static ch7 wlan0
[TX  ->  *] bucket=31071 L1 active=wlan0 ch7  BL=[]
[17:51:56] HOP bucket=31072 L1 static ch7 wlan0
[TX  ->  *] bucket=31072 L1 active=wlan0 ch7  BL=[]
[17:51:58] HOP bucket=31073 L1 static ch7 wlan0
[TX  ->  *] bucket=31073 L1 active=wlan0 ch7  BL=[]
[17:52:00] HOP bucket=31074 L1 static ch7 wlan0
[TX  ->  *] bucket=31074 L1 active=wlan0 ch7  BL=[]
[17:52:02] HOP bucket=31075 L1 static ch7 wlan0
[TX  ->  *] bucket=31075 L1 active=wlan0 ch7  BL=[]
[17:52:04] HOP bucket=31076 L1 static ch7 wlan0
[TX  ->  *] bucket=31076 L1 active=wlan0 ch7  BL=[]
[17:52:06] HOP bucket=31077 L1 static ch7 wlan0
[TX  ->  *] bucket=31077 L1 active=wlan0 ch7  BL=[]
[17:52:08] HOP bucket=31078 L1 static ch7 wlan0
[TX  ->  *] bucket=31078 L1 active=wlan0 ch7  BL=[]
[17:52:10] HOP bucket=31079 L1 static ch7 wlan0
[TX  ->  *] bucket=31079 L1 active=wlan0 ch7  BL=[]
[17:52:12] HOP bucket=31080 L1 static ch7 wlan0
[TX  ->  *] bucket=31080 L1 active=wlan0 ch7  BL=[]
[RX  <- B] bucket=31080  peer_BL=[]  my_BL=[]
[17:52:14] HOP bucket=31081 L1 static ch7 wlan0
[TX  ->  *] bucket=31081 L1 active=wlan0 ch7  BL=[]
[RX  <- B] bucket=31081  peer_BL=[]  my_BL=[]
[17:52:16] HOP bucket=31082 L1 static ch7 wlan0
[TX  ->  *] bucket=31082 L1 active=wlan0 ch7  BL=[]
[RX  <- B] bucket=31082  peer_BL=[]  my_BL=[]
[17:52:18] HOP bucket=31083 L1 static ch7 wlan0
[RX  <- B] bucket=31083  peer_BL=[]  my_BL=[]
[TX  ->  *] bucket=31083 L1 active=wlan0 ch7  BL=[]
[17:52:20] HOP bucket=31084 L1 static ch7 wlan0
[TX  ->  *] bucket=31084 L1 active=wlan0 ch7  BL=[]
[RX  <- B] bucket=31084  peer_BL=[]  my_BL=[]
[17:52:22] HOP bucket=31085 L1 static ch7 wlan0
[RX  <- B] bucket=31085  peer_BL=[]  my_BL=[]
[TX  ->  *] bucket=31085 L1 active=wlan0 ch7  BL=[]
[17:52:24] HOP bucket=31086 L1 static ch7 wlan0
[RX  <- B] bucket=31086  peer_BL=[]  my_BL=[]
[TX  ->  *] bucket=31086 L1 active=wlan0 ch7  BL=[]
[17:52:26] HOP bucket=31087 L1 static ch7 wlan0
[TX  ->  *] bucket=31087 L1 active=wlan0 ch7  BL=[]
[RX  <- B] bucket=31087  peer_BL=[]  my_BL=[]
[17:52:28] HOP bucket=31088 L1 static ch7 wlan0
[TX  ->  *] bucket=31088 L1 active=wlan0 ch7  BL=[]
[RX  <- B] bucket=31088  peer_BL=[]  my_BL=[]
[17:52:30] HOP bucket=31089 L1 static ch7 wlan0
[RX  <- B] bucket=31089  peer_BL=[]  my_BL=[]
[TX  ->  *] bucket=31089 L1 active=wlan0 ch7  BL=[]
[17:52:32] HOP bucket=31090 L1 static ch7 wlan0
[RX  <- B] bucket=31090  peer_BL=[]  my_BL=[]
[TX  ->  *] bucket=31090 L1 active=wlan0 ch7  BL=[]
[17:52:34] HOP bucket=31091 L1 static ch7 wlan0
[RX  <- B] bucket=31091  peer_BL=[]  my_BL=[]
[TX  ->  *] bucket=31091 L1 active=wlan0 ch7  BL=[]
[17:52:36] HOP bucket=31092 L1 static ch7 wlan0
[RX  <- B] bucket=31092  peer_BL=[]  my_BL=[]
[TX  ->  *] bucket=31092 L1 active=wlan0 ch7  BL=[]
[17:52:38] HOP bucket=31093 L1 static ch7 wlan0
[TX  ->  *] bucket=31093 L1 active=wlan0 ch7  BL=[]
[RX  <- B] bucket=31093  peer_BL=[]  my_BL=[]
[17:52:40] HOP bucket=31094 L1 static ch7 wlan0
[RX  <- B] bucket=31094  peer_BL=[]  my_BL=[]
[TX  ->  *] bucket=31094 L1 active=wlan0 ch7  BL=[]
[17:52:42] HOP bucket=31095 L1 static ch7 wlan0
[TX  ->  *] bucket=31095 L1 active=wlan0 ch7  BL=[]
[RX  <- B] bucket=31095  peer_BL=[]  my_BL=[]
[17:52:44] HOP bucket=31096 L1 static ch7 wlan0
[TX  ->  *] bucket=31096 L1 active=wlan0 ch7  BL=[]
[RX  <- B] bucket=31096  peer_BL=[]  my_BL=[]
[17:52:46] HOP bucket=31097 L1 static ch7 wlan0
[RX  <- B] bucket=31097  peer_BL=[]  my_BL=[]
[TX  ->  *] bucket=31097 L1 active=wlan0 ch7  BL=[]
[17:52:48] HOP bucket=31098 L1 static ch7 wlan0
[RX  <- B] bucket=31098  peer_BL=[]  my_BL=[]
[TX  ->  *] bucket=31098 L1 active=wlan0 ch7  BL=[]
[17:52:50] HOP bucket=31099 L1 static ch7 wlan0
[TX  ->  *] bucket=31099 L1 active=wlan0 ch7  BL=[]
[RX  <- B] bucket=31099  peer_BL=[]  my_BL=[]
[17:52:52] HOP bucket=31100 L1 static ch7 wlan0
[TX  ->  *] bucket=31100 L1 active=wlan0 ch7  BL=[]
[RX  <- B] bucket=31100  peer_BL=[]  my_BL=[]
[17:52:54] HOP bucket=31101 L1 static ch7 wlan0
[TX  ->  *] bucket=31101 L1 active=wlan0 ch7  BL=[]
[RX  <- B] bucket=31101  peer_BL=[]  my_BL=[]
[17:52:56] HOP bucket=31102 L1 static ch7 wlan0
[TX  ->  *] bucket=31102 L1 active=wlan0 ch7  BL=[]
[RX  <- B] bucket=31102  peer_BL=[]  my_BL=[]
[17:52:58] HOP bucket=31103 L1 static ch7 wlan0
[TX  ->  *] bucket=31103 L1 active=wlan0 ch7  BL=[]
[RX  <- B] bucket=31103  peer_BL=[]  my_BL=[]
[17:53:00] HOP bucket=31104 L1 static ch7 wlan0
[TX  ->  *] bucket=31104 L1 active=wlan0 ch7  BL=[]
[RX  <- B] bucket=31104  peer_BL=[]  my_BL=[]
[17:53:02] HOP bucket=31105 L1 static ch7 wlan0
[RX  <- B] bucket=31105  peer_BL=[]  my_BL=[]
[TX  ->  *] bucket=31105 L1 active=wlan0 ch7  BL=[]
[17:53:04] HOP bucket=31106 L1 static ch7 wlan0
[TX  ->  *] bucket=31106 L1 active=wlan0 ch7  BL=[]
[RX  <- B] bucket=31106  peer_BL=[]  my_BL=[]
[17:53:06] HOP bucket=31107 L1 static ch7 wlan0
[TX  ->  *] bucket=31107 L1 active=wlan0 ch7  BL=[]
[RX  <- B] bucket=31107  peer_BL=[]  my_BL=[]
[17:53:08] HOP bucket=31108 L1 static ch7 wlan0
[TX  ->  *] bucket=31108 L1 active=wlan0 ch7  BL=[]
[RX  <- B] bucket=31108  peer_BL=[]  my_BL=[]
[17:53:10] HOP bucket=31109 L1 static ch7 wlan0
[TX  ->  *] bucket=31109 L1 active=wlan0 ch7  BL=[]
[RX  <- B] bucket=31109  peer_BL=[]  my_BL=[]
[17:53:12] HOP bucket=31110 L1 static ch7 wlan0
[TX  ->  *] bucket=31110 L1 active=wlan0 ch7  BL=[]
[RX  <- B] bucket=31110  peer_BL=[]  my_BL=[]
[17:53:14] HOP bucket=31111 L1 static ch7 wlan0
[TX  ->  *] bucket=31111 L1 active=wlan0 ch7  BL=[]
[RX  <- B] bucket=31111  peer_BL=[]  my_BL=[]
[17:53:16] HOP bucket=31112 L1 static ch7 wlan0
[RX  <- B] bucket=31112  peer_BL=[]  my_BL=[]
[TX  ->  *] bucket=31112 L1 active=wlan0 ch7  BL=[]
[17:53:18] HOP bucket=31113 L1 static ch7 wlan0
[TX  ->  *] bucket=31113 L1 active=wlan0 ch7  BL=[]
[RX  <- B] bucket=31113  peer_BL=[]  my_BL=[]
[17:53:20] HOP bucket=31114 L1 static ch7 wlan0
[TX  ->  *] bucket=31114 L1 active=wlan0 ch7  BL=[]
[RX  <- B] bucket=31114  peer_BL=[]  my_BL=[]
[17:53:22] HOP bucket=31115 L1 static ch7 wlan0
[TX  ->  *] bucket=31115 L1 active=wlan0 ch7  BL=[]
[RX  <- B] bucket=31115  peer_BL=[]  my_BL=[]
[17:53:24] HOP bucket=31116 L1 static ch7 wlan0
[RX  <- B] bucket=31116  peer_BL=[]  my_BL=[]
[TX  ->  *] bucket=31116 L1 active=wlan0 ch7  BL=[]
[17:53:26] HOP bucket=31117 L1 static ch7 wlan0
[TX  ->  *] bucket=31117 L1 active=wlan0 ch7  BL=[]
[RX  <- B] bucket=31117  peer_BL=[]  my_BL=[]
[17:53:28] HOP bucket=31118 L1 static ch7 wlan0
[TX  ->  *] bucket=31118 L1 active=wlan0 ch7  BL=[]
[RX  <- B] bucket=31118  peer_BL=[]  my_BL=[]
[17:53:30] HOP bucket=31119 L1 static ch7 wlan0
[RX  <- B] bucket=31119  peer_BL=[]  my_BL=[]
[TX  ->  *] bucket=31119 L1 active=wlan0 ch7  BL=[]
[17:53:32] HOP bucket=31120 L1 static ch7 wlan0
[RX  <- B] bucket=31120  peer_BL=[]  my_BL=[]
[TX  ->  *] bucket=31120 L1 active=wlan0 ch7  BL=[]
[17:53:34] HOP bucket=31121 L1 static ch7 wlan0
[TX  ->  *] bucket=31121 L1 active=wlan0 ch7  BL=[]
[RX  <- B] bucket=31121  peer_BL=[]  my_BL=[]
[17:53:36] HOP bucket=31122 L1 static ch7 wlan0
[TX  ->  *] bucket=31122 L1 active=wlan0 ch7  BL=[]
[RX  <- B] bucket=31122  peer_BL=[]  my_BL=[]
[17:53:38] HOP bucket=31123 L1 static ch7 wlan0
[TX  ->  *] bucket=31123 L1 active=wlan0 ch7  BL=[]
[RX  <- B] bucket=31123  peer_BL=[]  my_BL=[]
[17:53:40] HOP bucket=31124 L1 static ch7 wlan0
[TX  ->  *] bucket=31124 L1 active=wlan0 ch7  BL=[]
[RX  <- B] bucket=31124  peer_BL=[]  my_BL=[]
[17:53:42] HOP bucket=31125 L1 static ch7 wlan0
[TX  ->  *] bucket=31125 L1 active=wlan0 ch7  BL=[]
[RX  <- B] bucket=31125  peer_BL=[]  my_BL=[]
[17:53:44] HOP bucket=31126 L1 static ch7 wlan0
[TX  ->  *] bucket=31126 L1 active=wlan0 ch7  BL=[]
[RX  <- B] bucket=31126  peer_BL=[]  my_BL=[]
[17:53:46] HOP bucket=31127 L1 static ch7 wlan0
[TX  ->  *] bucket=31127 L1 active=wlan0 ch7  BL=[]
[RX  <- B] bucket=31127  peer_BL=[]  my_BL=[]
[17:53:48] HOP bucket=31128 L1 static ch7 wlan0
[TX  ->  *] bucket=31128 L1 active=wlan0 ch7  BL=[]
[RX  <- B] bucket=31128  peer_BL=[]  my_BL=[]
[17:53:50] HOP bucket=31129 L1 static ch7 wlan0
[TX  ->  *] bucket=31129 L1 active=wlan0 ch7  BL=[]
[RX  <- B] bucket=31129  peer_BL=[]  my_BL=[]
[17:53:52] HOP bucket=31130 L1 static ch7 wlan0
[TX  ->  *] bucket=31130 L1 active=wlan0 ch7  BL=[]
[RX  <- B] bucket=31130  peer_BL=[]  my_BL=[]
[17:53:54] HOP bucket=31131 L1 static ch7 wlan0
[RX  <- B] bucket=31131  peer_BL=[]  my_BL=[]
[TX  ->  *] bucket=31131 L1 active=wlan0 ch7  BL=[]
[17:53:56] HOP bucket=31132 L1 static ch7 wlan0
[TX  ->  *] bucket=31132 L1 active=wlan0 ch7  BL=[]
[RX  <- B] bucket=31132  peer_BL=[]  my_BL=[]
[17:53:58] HOP bucket=31133 L1 static ch7 wlan0
[TX  ->  *] bucket=31133 L1 active=wlan0 ch7  BL=[]
[RX  <- B] bucket=31133  peer_BL=[]  my_BL=[]
[17:54:00] HOP bucket=31134 L1 static ch7 wlan0
[TX  ->  *] bucket=31134 L1 active=wlan0 ch7  BL=[]
[RX  <- B] bucket=31134  peer_BL=[]  my_BL=[]
[17:54:02] HOP bucket=31135 L1 static ch7 wlan0
[TX  ->  *] bucket=31135 L1 active=wlan0 ch7  BL=[]
[RX  <- B] bucket=31135  peer_BL=[]  my_BL=[]
[17:54:04] HOP bucket=31136 L1 static ch7 wlan0
[TX  ->  *] bucket=31136 L1 active=wlan0 ch7  BL=[]
[RX  <- B] bucket=31136  peer_BL=[]  my_BL=[]
[17:54:06] HOP bucket=31137 L1 static ch7 wlan0
[TX  ->  *] bucket=31137 L1 active=wlan0 ch7  BL=[]
[RX  <- B] bucket=31137  peer_BL=[]  my_BL=[]
[17:54:08] HOP bucket=31138 L1 static ch7 wlan0
[TX  ->  *] bucket=31138 L1 active=wlan0 ch7  BL=[]
[RX  <- B] bucket=31138  peer_BL=[]  my_BL=[]
[17:54:10] HOP bucket=31139 L1 static ch7 wlan0
[RX  <- B] bucket=31139  peer_BL=[]  my_BL=[]
[TX  ->  *] bucket=31139 L1 active=wlan0 ch7  BL=[]
[17:54:12] HOP bucket=31140 L1 static ch7 wlan0
[TX  ->  *] bucket=31140 L1 active=wlan0 ch7  BL=[]
[RX  <- B] bucket=31140  peer_BL=[]  my_BL=[]
[17:54:14] HOP bucket=31141 L1 static ch7 wlan0
[TX  ->  *] bucket=31141 L1 active=wlan0 ch7  BL=[]
[RX  <- B] bucket=31141  peer_BL=[]  my_BL=[]
[17:54:16] HOP bucket=31142 L1 static ch7 wlan0
[TX  ->  *] bucket=31142 L1 active=wlan0 ch7  BL=[]
[RX  <- B] bucket=31142  peer_BL=[]  my_BL=[]
[17:54:18] HOP bucket=31143 L1 static ch7 wlan0
[TX  ->  *] bucket=31143 L1 active=wlan0 ch7  BL=[]
[RX  <- B] bucket=31143  peer_BL=[]  my_BL=[]
[17:54:20] HOP bucket=31144 L1 static ch7 wlan0
[TX  ->  *] bucket=31144 L1 active=wlan0 ch7  BL=[]
[RX  <- B] bucket=31144  peer_BL=[]  my_BL=[]
[17:54:22] HOP bucket=31145 L1 static ch7 wlan0
[TX  ->  *] bucket=31145 L1 active=wlan0 ch7  BL=[]
[RX  <- B] bucket=31145  peer_BL=[]  my_BL=[]
[17:54:24] HOP bucket=31146 L1 static ch7 wlan0
[TX  ->  *] bucket=31146 L1 active=wlan0 ch7  BL=[]
[RX  <- B] bucket=31146  peer_BL=[]  my_BL=[]
[17:54:26] HOP bucket=31147 L1 static ch7 wlan0
[TX  ->  *] bucket=31147 L1 active=wlan0 ch7  BL=[]
[RX  <- B] bucket=31147  peer_BL=[]  my_BL=[]
[17:54:28] HOP bucket=31148 L1 static ch7 wlan0
[TX  ->  *] bucket=31148 L1 active=wlan0 ch7  BL=[]
[RX  <- B] bucket=31148  peer_BL=[]  my_BL=[]
[17:54:30] HOP bucket=31149 L1 static ch7 wlan0
[RX  <- B] bucket=31149  peer_BL=[]  my_BL=[]
[TX  ->  *] bucket=31149 L1 active=wlan0 ch7  BL=[]
[17:54:32] HOP bucket=31150 L1 static ch7 wlan0
[TX  ->  *] bucket=31150 L1 active=wlan0 ch7  BL=[]
[RX  <- B] bucket=31150  peer_BL=[]  my_BL=[]
[17:54:34] HOP bucket=31151 L1 static ch7 wlan0
[TX  ->  *] bucket=31151 L1 active=wlan0 ch7  BL=[]
[RX  <- B] bucket=31151  peer_BL=[]  my_BL=[]
[17:54:36] HOP bucket=31152 L1 static ch7 wlan0
[TX  ->  *] bucket=31152 L1 active=wlan0 ch7  BL=[]
[RX  <- B] bucket=31152  peer_BL=[]  my_BL=[]
[17:54:38] HOP bucket=31153 L1 static ch7 wlan0
[TX  ->  *] bucket=31153 L1 active=wlan0 ch7  BL=[]
[RX  <- B] bucket=31153  peer_BL=[]  my_BL=[]
[17:54:40] HOP bucket=31154 L1 static ch7 wlan0
[TX  ->  *] bucket=31154 L1 active=wlan0 ch7  BL=[]
[RX  <- B] bucket=31154  peer_BL=[]  my_BL=[]
[17:54:42] HOP bucket=31155 L1 static ch7 wlan0
[TX  ->  *] bucket=31155 L1 active=wlan0 ch7  BL=[]
[RX  <- B] bucket=31155  peer_BL=[]  my_BL=[]
[17:54:44] HOP bucket=31156 L1 static ch7 wlan0
[TX  ->  *] bucket=31156 L1 active=wlan0 ch7  BL=[]
[RX  <- B] bucket=31156  peer_BL=[]  my_BL=[]
[17:54:46] HOP bucket=31157 L1 static ch7 wlan0
[TX  ->  *] bucket=31157 L1 active=wlan0 ch7  BL=[]
[RX  <- B] bucket=31157  peer_BL=[]  my_BL=[]
[17:54:48] HOP bucket=31158 L1 static ch7 wlan0
[RX  <- B] bucket=31158  peer_BL=[]  my_BL=[]
[TX  ->  *] bucket=31158 L1 active=wlan0 ch7  BL=[]
[17:54:50] HOP bucket=31159 L1 static ch7 wlan0
[TX  ->  *] bucket=31159 L1 active=wlan0 ch7  BL=[]
[RX  <- B] bucket=31159  peer_BL=[]  my_BL=[]
[17:54:52] HOP bucket=31160 L1 static ch7 wlan0
[RX  <- B] bucket=31160  peer_BL=[]  my_BL=[]
[TX  ->  *] bucket=31160 L1 active=wlan0 ch7  BL=[]
[17:54:54] HOP bucket=31161 L1 static ch7 wlan0
[RX  <- B] bucket=31161  peer_BL=[]  my_BL=[]
[TX  ->  *] bucket=31161 L1 active=wlan0 ch7  BL=[]
[17:54:56] HOP bucket=31162 L1 static ch7 wlan0
[TX  ->  *] bucket=31162 L1 active=wlan0 ch7  BL=[]
[RX  <- B] bucket=31162  peer_BL=[]  my_BL=[]
[17:54:58] HOP bucket=31163 L1 static ch7 wlan0
[TX  ->  *] bucket=31163 L1 active=wlan0 ch7  BL=[]
[RX  <- B] bucket=31163  peer_BL=[]  my_BL=[]
[17:55:00] HOP bucket=31164 L1 static ch7 wlan0
[TX  ->  *] bucket=31164 L1 active=wlan0 ch7  BL=[]
[RX  <- B] bucket=31164  peer_BL=[]  my_BL=[]
[17:55:02] HOP bucket=31165 L1 static ch7 wlan0
[RX  <- B] bucket=31165  peer_BL=[]  my_BL=[]
[TX  ->  *] bucket=31165 L1 active=wlan0 ch7  BL=[]
[17:55:04] HOP bucket=31166 L1 static ch7 wlan0
[TX  ->  *] bucket=31166 L1 active=wlan0 ch7  BL=[]
[RX  <- B] bucket=31166  peer_BL=[]  my_BL=[]
[17:55:06] HOP bucket=31167 L1 static ch7 wlan0
[TX  ->  *] bucket=31167 L1 active=wlan0 ch7  BL=[]
[RX  <- B] bucket=31167  peer_BL=[]  my_BL=[]
[17:55:08] HOP bucket=31168 L1 static ch7 wlan0
[RX  <- B] bucket=31168  peer_BL=[]  my_BL=[]
[TX  ->  *] bucket=31168 L1 active=wlan0 ch7  BL=[]
[17:55:10] HOP bucket=31169 L1 static ch7 wlan0
[RX  <- B] bucket=31169  peer_BL=[]  my_BL=[]
[TX  ->  *] bucket=31169 L1 active=wlan0 ch7  BL=[]
[17:55:12] HOP bucket=31170 L1 static ch7 wlan0
[TX  ->  *] bucket=31170 L1 active=wlan0 ch7  BL=[]
[RX  <- B] bucket=31170  peer_BL=[]  my_BL=[]
[17:55:14] HOP bucket=31171 L1 static ch7 wlan0
[TX  ->  *] bucket=31171 L1 active=wlan0 ch7  BL=[]
[RX  <- B] bucket=31171  peer_BL=[]  my_BL=[]
[17:55:16] HOP bucket=31172 L1 static ch7 wlan0
[TX  ->  *] bucket=31172 L1 active=wlan0 ch7  BL=[]
[RX  <- B] bucket=31172  peer_BL=[]  my_BL=[]
[17:55:18] HOP bucket=31173 L1 static ch7 wlan0
[TX  ->  *] bucket=31173 L1 active=wlan0 ch7  BL=[]
[RX  <- B] bucket=31173  peer_BL=[]  my_BL=[]
[17:55:20] HOP bucket=31174 L1 static ch7 wlan0
[RX  <- B] bucket=31174  peer_BL=[]  my_BL=[]
[TX  ->  *] bucket=31174 L1 active=wlan0 ch7  BL=[]
[17:55:22] HOP bucket=31175 L1 static ch7 wlan0
[TX  ->  *] bucket=31175 L1 active=wlan0 ch7  BL=[]
[RX  <- B] bucket=31175  peer_BL=[]  my_BL=[]
[17:55:24] HOP bucket=31176 L1 static ch7 wlan0
[TX  ->  *] bucket=31176 L1 active=wlan0 ch7  BL=[]
[RX  <- B] bucket=31176  peer_BL=[]  my_BL=[]
[17:55:26] HOP bucket=31177 L1 static ch7 wlan0
[TX  ->  *] bucket=31177 L1 active=wlan0 ch7  BL=[]
[RX  <- B] bucket=31177  peer_BL=[]  my_BL=[]
[17:55:28] HOP bucket=31178 L1 static ch7 wlan0
[TX  ->  *] bucket=31178 L1 active=wlan0 ch7  BL=[]
[RX  <- B] bucket=31178  peer_BL=[]  my_BL=[]
[17:55:30] HOP bucket=31179 L1 static ch7 wlan0
[RX  <- B] bucket=31179  peer_BL=[]  my_BL=[]
[TX  ->  *] bucket=31179 L1 active=wlan0 ch7  BL=[]
[17:55:32] HOP bucket=31180 L1 static ch7 wlan0
[RX  <- B] bucket=31180  peer_BL=[]  my_BL=[]
[TX  ->  *] bucket=31180 L1 active=wlan0 ch7  BL=[]
[17:55:34] HOP bucket=31181 L1 static ch7 wlan0
[TX  ->  *] bucket=31181 L1 active=wlan0 ch7  BL=[]
[RX  <- B] bucket=31181  peer_BL=[]  my_BL=[]
[17:55:36] HOP bucket=31182 L1 static ch7 wlan0
[RX  <- B] bucket=31182  peer_BL=[]  my_BL=[]
[TX  ->  *] bucket=31182 L1 active=wlan0 ch7  BL=[]
[17:55:38] HOP bucket=31183 L1 static ch7 wlan0
[RX  <- B] bucket=31183  peer_BL=[]  my_BL=[]
[TX  ->  *] bucket=31183 L1 active=wlan0 ch7  BL=[]
[17:55:40] HOP bucket=31184 L1 static ch7 wlan0
[TX  ->  *] bucket=31184 L1 active=wlan0 ch7  BL=[]
[RX  <- B] bucket=31184  peer_BL=[]  my_BL=[]
[17:55:42] HOP bucket=31185 L1 static ch7 wlan0
[RX  <- B] bucket=31185  peer_BL=[]  my_BL=[]
[TX  ->  *] bucket=31185 L1 active=wlan0 ch7  BL=[]
[17:55:44] HOP bucket=31186 L1 static ch7 wlan0
[TX  ->  *] bucket=31186 L1 active=wlan0 ch7  BL=[]
[RX  <- B] bucket=31186  peer_BL=[]  my_BL=[]
[17:55:46] HOP bucket=31187 L1 static ch7 wlan0
[TX  ->  *] bucket=31187 L1 active=wlan0 ch7  BL=[]