============================================================
 ARTCHO NODE — MODE=L4 — NODE_ID=A
============================================================
 Bucket duration : 2.0s
 TEST_EPOCH      : 1772495686.0
 BUCKET_EPOCH    : 1772495686.0
 sim offset      : 0s  (0.00h)
 Use blacklist   : False
 Detect enabled  : False
 Dual radio      : False
============================================================

[WAIT] sleeping 15.6s until TEST_EPOCH...
[INIT] L4 cold-start (bucket=0): wlan0 -> ch7 (2442 MHz), wlan1 idle
       confirmed blacklist: []
[INIT] L4 cold-start complete.

[TX  ->  *] bucket=0 L4 active=wlan0 ch7  BL=[]
[RX  <- B] bucket=0  peer_BL=[]  my_BL=[]
[00:54:48] HOP bucket=1 L4 wlan0 -> ch9  (retuning, ~700ms loss)  | BL=[]
[RX  <- B] bucket=1  peer_BL=[]  my_BL=[]
[TX  ->  *] bucket=1 L4 active=wlan0 ch9  BL=[]
[00:54:50] HOP bucket=2 L4 wlan0 -> ch9  (retuning, ~700ms loss)  | BL=[]
[RX  <- B] bucket=2  peer_BL=[]  my_BL=[]
[TX  ->  *] bucket=2 L4 active=wlan0 ch9  BL=[]
[00:54:52] HOP bucket=3 L4 wlan0 -> ch8  (retuning, ~700ms loss)  | BL=[]
[RX  <- B] bucket=3  peer_BL=[]  my_BL=[]
[TX  ->  *] bucket=3 L4 active=wlan0 ch8  BL=[]
[00:54:54] HOP bucket=4 L4 wlan0 -> ch9  (retuning, ~700ms loss)  | BL=[]
[RX  <- B] bucket=4  peer_BL=[]  my_BL=[]
[TX  ->  *] bucket=4 L4 active=wlan0 ch9  BL=[]
[00:54:56] HOP bucket=5 L4 wlan0 -> ch11  (retuning, ~700ms loss)  | BL=[]
[RX  <- B] bucket=5  peer_BL=[]  my_BL=[]
[TX  ->  *] bucket=5 L4 active=wlan0 ch11  BL=[]
[00:54:58] HOP bucket=6 L4 wlan0 -> ch7  (retuning, ~700ms loss)  | BL=[]
[RX  <- B] bucket=6  peer_BL=[]  my_BL=[]
[TX  ->  *] bucket=6 L4 active=wlan0 ch7  BL=[]
[00:55:00] HOP bucket=7 L4 wlan0 -> ch9  (retuning, ~700ms loss)  | BL=[]
[TX  ->  *] bucket=7 L4 active=wlan0 ch9  BL=[]
[RX  <- B] bucket=7  peer_BL=[]  my_BL=[]
[00:55:02] HOP bucket=8 L4 wlan0 -> ch10  (retuning, ~700ms loss)  | BL=[]
[RX  <- B] bucket=8  peer_BL=[]  my_BL=[]
[TX  ->  *] bucket=8 L4 active=wlan0 ch10  BL=[]
[00:55:04] HOP bucket=9 L4 wlan0 -> ch7  (retuning, ~700ms loss)  | BL=[]
[TX  ->  *] bucket=9 L4 active=wlan0 ch7  BL=[]
[RX  <- B] bucket=9  peer_BL=[]  my_BL=[]
[00:55:06] HOP bucket=10 L4 wlan0 -> ch9  (retuning, ~700ms loss)  | BL=[]
[RX  <- B] bucket=10  peer_BL=[]  my_BL=[]
[TX  ->  *] bucket=10 L4 active=wlan0 ch9  BL=[]
[00:55:08] HOP bucket=11 L4 wlan0 -> ch7  (retuning, ~700ms loss)  | BL=[]
[RX  <- B] bucket=11  peer_BL=[]  my_BL=[]
[TX  ->  *] bucket=11 L4 active=wlan0 ch7  BL=[]
[00:55:10] HOP bucket=12 L4 wlan0 -> ch5  (retuning, ~700ms loss)  | BL=[]
[RX  <- B] bucket=12  peer_BL=[]  my_BL=[]
[TX  ->  *] bucket=12 L4 active=wlan0 ch5  BL=[]
[00:55:12] HOP bucket=13 L4 wlan0 -> ch5  (retuning, ~700ms loss)  | BL=[]
[RX  <- B] bucket=13  peer_BL=[]  my_BL=[]
[TX  ->  *] bucket=13 L4 active=wlan0 ch5  BL=[]
[00:55:14] HOP bucket=14 L4 wlan0 -> ch10  (retuning, ~700ms loss)  | BL=[]
[RX  <- B] bucket=14  peer_BL=[]  my_BL=[]
[TX  ->  *] bucket=14 L4 active=wlan0 ch10  BL=[]
[00:55:16] HOP bucket=15 L4 wlan0 -> ch9  (retuning, ~700ms loss)  | BL=[]
[RX  <- B] bucket=15  peer_BL=[]  my_BL=[]
[TX  ->  *] bucket=15 L4 active=wlan0 ch9  BL=[]
[00:55:18] HOP bucket=16 L4 wlan0 -> ch8  (retuning, ~700ms loss)  | BL=[]
[RX  <- B] bucket=16  peer_BL=[]  my_BL=[]
[TX  ->  *] bucket=16 L4 active=wlan0 ch8  BL=[]
[00:55:20] HOP bucket=17 L4 wlan0 -> ch8  (retuning, ~700ms loss)  | BL=[]
[RX  <- B] bucket=17  peer_BL=[]  my_BL=[]
[TX  ->  *] bucket=17 L4 active=wlan0 ch8  BL=[]
[00:55:22] HOP bucket=18 L4 wlan0 -> ch8  (retuning, ~700ms loss)  | BL=[]
[RX  <- B] bucket=18  peer_BL=[]  my_BL=[]
[TX  ->  *] bucket=18 L4 active=wlan0 ch8  BL=[]
[00:55:24] HOP bucket=19 L4 wlan0 -> ch3  (retuning, ~700ms loss)  | BL=[]
[RX  <- B] bucket=19  peer_BL=[]  my_BL=[]
[TX  ->  *] bucket=19 L4 active=wlan0 ch3  BL=[]
[00:55:26] HOP bucket=20 L4 wlan0 -> ch8  (retuning, ~700ms loss)  | BL=[]
[TX  ->  *] bucket=20 L4 active=wlan0 ch8  BL=[]
[RX  <- B] bucket=20  peer_BL=[]  my_BL=[]
[00:55:28] HOP bucket=21 L4 wlan0 -> ch9  (retuning, ~700ms loss)  | BL=[]
[RX  <- B] bucket=21  peer_BL=[]  my_BL=[]
[TX  ->  *] bucket=21 L4 active=wlan0 ch9  BL=[]
[00:55:30] HOP bucket=22 L4 wlan0 -> ch11  (retuning, ~700ms loss)  | BL=[]
[RX  <- B] bucket=22  peer_BL=[]  my_BL=[]
[TX  ->  *] bucket=22 L4 active=wlan0 ch11  BL=[]
[00:55:32] HOP bucket=23 L4 wlan0 -> ch10  (retuning, ~700ms loss)  | BL=[]
[RX  <- B] bucket=23  peer_BL=[]  my_BL=[]
[TX  ->  *] bucket=23 L4 active=wlan0 ch10  BL=[]
[00:55:34] HOP bucket=24 L4 wlan0 -> ch9  (retuning, ~700ms loss)  | BL=[]
[RX  <- B] bucket=24  peer_BL=[]  my_BL=[]
[TX  ->  *] bucket=24 L4 active=wlan0 ch9  BL=[]
[00:55:36] HOP bucket=25 L4 wlan0 -> ch11  (retuning, ~700ms loss)  | BL=[]
[RX  <- B] bucket=25  peer_BL=[]  my_BL=[]
[TX  ->  *] bucket=25 L4 active=wlan0 ch11  BL=[]
[00:55:38] HOP bucket=26 L4 wlan0 -> ch11  (retuning, ~700ms loss)  | BL=[]
[RX  <- B] bucket=26  peer_BL=[]  my_BL=[]
[TX  ->  *] bucket=26 L4 active=wlan0 ch11  BL=[]
[00:55:40] HOP bucket=27 L4 wlan0 -> ch4  (retuning, ~700ms loss)  | BL=[]
[RX  <- B] bucket=27  peer_BL=[]  my_BL=[]
[TX  ->  *] bucket=27 L4 active=wlan0 ch4  BL=[]
[00:55:42] HOP bucket=28 L4 wlan0 -> ch3  (retuning, ~700ms loss)  | BL=[]
[RX  <- B] bucket=28  peer_BL=[]  my_BL=[]
[TX  ->  *] bucket=28 L4 active=wlan0 ch3  BL=[]
[00:55:44] HOP bucket=29 L4 wlan0 -> ch10  (retuning, ~700ms loss)  | BL=[]
[RX  <- B] bucket=29  peer_BL=[]  my_BL=[]
[TX  ->  *] bucket=29 L4 active=wlan0 ch10  BL=[]
[00:55:46] HOP bucket=30 L4 wlan0 -> ch3  (retuning, ~700ms loss)  | BL=[]
[RX  <- B] bucket=30  peer_BL=[]  my_BL=[]
[TX  ->  *] bucket=30 L4 active=wlan0 ch3  BL=[]
[00:55:48] HOP bucket=31 L4 wlan0 -> ch10  (retuning, ~700ms loss)  | BL=[]
[TX  ->  *] bucket=31 L4 active=wlan0 ch10  BL=[]
[RX  <- B] bucket=31  peer_BL=[]  my_BL=[]
[00:55:50] HOP bucket=32 L4 wlan0 -> ch10  (retuning, ~700ms loss)  | BL=[]
[TX  ->  *] bucket=32 L4 active=wlan0 ch10  BL=[]
[RX  <- B] bucket=32  peer_BL=[]  my_BL=[]
[00:55:52] HOP bucket=33 L4 wlan0 -> ch10  (retuning, ~700ms loss)  | BL=[]
[TX  ->  *] bucket=33 L4 active=wlan0 ch10  BL=[]
[RX  <- B] bucket=33  peer_BL=[]  my_BL=[]
[00:55:54] HOP bucket=34 L4 wlan0 -> ch10  (retuning, ~700ms loss)  | BL=[]
[TX  ->  *] bucket=34 L4 active=wlan0 ch10  BL=[]
[RX  <- B] bucket=34  peer_BL=[]  my_BL=[]
[00:55:56] HOP bucket=35 L4 wlan0 -> ch4  (retuning, ~700ms loss)  | BL=[]
[RX  <- B] bucket=35  peer_BL=[]  my_BL=[]
[TX  ->  *] bucket=35 L4 active=wlan0 ch4  BL=[]
[00:55:58] HOP bucket=36 L4 wlan0 -> ch11  (retuning, ~700ms loss)  | BL=[]
[RX  <- B] bucket=36  peer_BL=[]  my_BL=[]
[TX  ->  *] bucket=36 L4 active=wlan0 ch11  BL=[]
[00:56:00] HOP bucket=37 L4 wlan0 -> ch5  (retuning, ~700ms loss)  | BL=[]
[TX  ->  *] bucket=37 L4 active=wlan0 ch5  BL=[]
[RX  <- B] bucket=37  peer_BL=[]  my_BL=[]
[00:56:02] HOP bucket=38 L4 wlan0 -> ch8  (retuning, ~700ms loss)  | BL=[]
[RX  <- B] bucket=38  peer_BL=[]  my_BL=[]
[TX  ->  *] bucket=38 L4 active=wlan0 ch8  BL=[]
[00:56:04] HOP bucket=39 L4 wlan0 -> ch11  (retuning, ~700ms loss)  | BL=[]
[TX  ->  *] bucket=39 L4 active=wlan0 ch11  BL=[]
[RX  <- B] bucket=39  peer_BL=[]  my_BL=[]
[00:56:06] HOP bucket=40 L4 wlan0 -> ch5  (retuning, ~700ms loss)  | BL=[]
[RX  <- B] bucket=40  peer_BL=[]  my_BL=[]
[TX  ->  *] bucket=40 L4 active=wlan0 ch5  BL=[]
[00:56:08] HOP bucket=41 L4 wlan0 -> ch10  (retuning, ~700ms loss)  | BL=[]
[TX  ->  *] bucket=41 L4 active=wlan0 ch10  BL=[]
[RX  <- B] bucket=41  peer_BL=[]  my_BL=[]
[00:56:10] HOP bucket=42 L4 wlan0 -> ch11  (retuning, ~700ms loss)  | BL=[]
[RX  <- B] bucket=42  peer_BL=[]  my_BL=[]
[TX  ->  *] bucket=42 L4 active=wlan0 ch11  BL=[]
[00:56:12] HOP bucket=43 L4 wlan0 -> ch8  (retuning, ~700ms loss)  | BL=[]
[RX  <- B] bucket=43  peer_BL=[]  my_BL=[]
[TX  ->  *] bucket=43 L4 active=wlan0 ch8  BL=[]
[00:56:14] HOP bucket=44 L4 wlan0 -> ch7  (retuning, ~700ms loss)  | BL=[]
[TX  ->  *] bucket=44 L4 active=wlan0 ch7  BL=[]
[RX  <- B] bucket=44  peer_BL=[]  my_BL=[]
[00:56:16] HOP bucket=45 L4 wlan0 -> ch4  (retuning, ~700ms loss)  | BL=[]
[TX  ->  *] bucket=45 L4 active=wlan0 ch4  BL=[]
[RX  <- B] bucket=45  peer_BL=[]  my_BL=[]
[00:56:18] HOP bucket=46 L4 wlan0 -> ch10  (retuning, ~700ms loss)  | BL=[]
[TX  ->  *] bucket=46 L4 active=wlan0 ch10  BL=[]
[RX  <- B] bucket=46  peer_BL=[]  my_BL=[]
[00:56:20] HOP bucket=47 L4 wlan0 -> ch7  (retuning, ~700ms loss)  | BL=[]
[TX  ->  *] bucket=47 L4 active=wlan0 ch7  BL=[]
[RX  <- B] bucket=47  peer_BL=[]  my_BL=[]
[00:56:22] HOP bucket=48 L4 wlan0 -> ch3  (retuning, ~700ms loss)  | BL=[]
[TX  ->  *] bucket=48 L4 active=wlan0 ch3  BL=[]
[RX  <- B] bucket=48  peer_BL=[]  my_BL=[]
[00:56:24] HOP bucket=49 L4 wlan0 -> ch11  (retuning, ~700ms loss)  | BL=[]
[TX  ->  *] bucket=49 L4 active=wlan0 ch11  BL=[]
[RX  <- B] bucket=49  peer_BL=[]  my_BL=[]
[00:56:26] HOP bucket=50 L4 wlan0 -> ch6  (retuning, ~700ms loss)  | BL=[]
[RX  <- B] bucket=50  peer_BL=[]  my_BL=[]
[TX  ->  *] bucket=50 L4 active=wlan0 ch6  BL=[]
[00:56:28] HOP bucket=51 L4 wlan0 -> ch3  (retuning, ~700ms loss)  | BL=[]
[RX  <- B] bucket=51  peer_BL=[]  my_BL=[]
[TX  ->  *] bucket=51 L4 active=wlan0 ch3  BL=[]
[00:56:30] HOP bucket=52 L4 wlan0 -> ch11  (retuning, ~700ms loss)  | BL=[]
[RX  <- B] bucket=52  peer_BL=[]  my_BL=[]
[TX  ->  *] bucket=52 L4 active=wlan0 ch11  BL=[]
[00:56:32] HOP bucket=53 L4 wlan0 -> ch5  (retuning, ~700ms loss)  | BL=[]
[RX  <- B] bucket=53  peer_BL=[]  my_BL=[]
[TX  ->  *] bucket=53 L4 active=wlan0 ch5  BL=[]
[00:56:34] HOP bucket=54 L4 wlan0 -> ch7  (retuning, ~700ms loss)  | BL=[]
[RX  <- B] bucket=54  peer_BL=[]  my_BL=[]
[TX  ->  *] bucket=54 L4 active=wlan0 ch7  BL=[]
[00:56:36] HOP bucket=55 L4 wlan0 -> ch7  (retuning, ~700ms loss)  | BL=[]
[TX  ->  *] bucket=55 L4 active=wlan0 ch7  BL=[]
[RX  <- B] bucket=55  peer_BL=[]  my_BL=[]
[00:56:38] HOP bucket=56 L4 wlan0 -> ch11  (retuning, ~700ms loss)  | BL=[]
[TX  ->  *] bucket=56 L4 active=wlan0 ch11  BL=[]
[RX  <- B] bucket=56  peer_BL=[]  my_BL=[]
[00:56:40] HOP bucket=57 L4 wlan0 -> ch7  (retuning, ~700ms loss)  | BL=[]
[TX  ->  *] bucket=57 L4 active=wlan0 ch7  BL=[]
[RX  <- B] bucket=57  peer_BL=[]  my_BL=[]
[00:56:42] HOP bucket=58 L4 wlan0 -> ch3  (retuning, ~700ms loss)  | BL=[]
[TX  ->  *] bucket=58 L4 active=wlan0 ch3  BL=[]
[RX  <- B] bucket=58  peer_BL=[]  my_BL=[]
[00:56:44] HOP bucket=59 L4 wlan0 -> ch7  (retuning, ~700ms loss)  | BL=[]
[RX  <- B] bucket=59  peer_BL=[]  my_BL=[]
[TX  ->  *] bucket=59 L4 active=wlan0 ch7  BL=[]
[00:56:46] HOP bucket=60 L4 wlan0 -> ch4  (retuning, ~700ms loss)  | BL=[]
[RX  <- B] bucket=60  peer_BL=[]  my_BL=[]
[TX  ->  *] bucket=60 L4 active=wlan0 ch4  BL=[]
[00:56:48] HOP bucket=61 L4 wlan0 -> ch6  (retuning, ~700ms loss)  | BL=[]
[TX  ->  *] bucket=61 L4 active=wlan0 ch6  BL=[]
[RX  <- B] bucket=61  peer_BL=[]  my_BL=[]
[00:56:50] HOP bucket=62 L4 wlan0 -> ch11  (retuning, ~700ms loss)  | BL=[]
[RX  <- B] bucket=62  peer_BL=[]  my_BL=[]
[TX  ->  *] bucket=62 L4 active=wlan0 ch11  BL=[]
[00:56:52] HOP bucket=63 L4 wlan0 -> ch7  (retuning, ~700ms loss)  | BL=[]
[TX  ->  *] bucket=63 L4 active=wlan0 ch7  BL=[]
[RX  <- B] bucket=63  peer_BL=[]  my_BL=[]
[00:56:54] HOP bucket=64 L4 wlan0 -> ch9  (retuning, ~700ms loss)  | BL=[]
[RX  <- B] bucket=64  peer_BL=[]  my_BL=[]
[TX  ->  *] bucket=64 L4 active=wlan0 ch9  BL=[]
[00:56:56] HOP bucket=65 L4 wlan0 -> ch8  (retuning, ~700ms loss)  | BL=[]
[TX  ->  *] bucket=65 L4 active=wlan0 ch8  BL=[]
[RX  <- B] bucket=65  peer_BL=[]  my_BL=[]
[00:56:58] HOP bucket=66 L4 wlan0 -> ch11  (retuning, ~700ms loss)  | BL=[]
[TX  ->  *] bucket=66 L4 active=wlan0 ch11  BL=[]
[RX  <- B] bucket=66  peer_BL=[]  my_BL=[]
[00:57:00] HOP bucket=67 L4 wlan0 -> ch10  (retuning, ~700ms loss)  | BL=[]
[TX  ->  *] bucket=67 L4 active=wlan0 ch10  BL=[]
[RX  <- B] bucket=67  peer_BL=[]  my_BL=[]
[00:57:02] HOP bucket=68 L4 wlan0 -> ch9  (retuning, ~700ms loss)  | BL=[]
[TX  ->  *] bucket=68 L4 active=wlan0 ch9  BL=[]
[RX  <- B] bucket=68  peer_BL=[]  my_BL=[]
[00:57:04] HOP bucket=69 L4 wlan0 -> ch10  (retuning, ~700ms loss)  | BL=[]
[RX  <- B] bucket=69  peer_BL=[]  my_BL=[]
[TX  ->  *] bucket=69 L4 active=wlan0 ch10  BL=[]
[00:57:06] HOP bucket=70 L4 wlan0 -> ch11  (retuning, ~700ms loss)  | BL=[]
[RX  <- B] bucket=70  peer_BL=[]  my_BL=[]
[TX  ->  *] bucket=70 L4 active=wlan0 ch11  BL=[]
[00:57:08] HOP bucket=71 L4 wlan0 -> ch4  (retuning, ~700ms loss)  | BL=[]
[TX  ->  *] bucket=71 L4 active=wlan0 ch4  BL=[]
[RX  <- B] bucket=71  peer_BL=[]  my_BL=[]
[00:57:10] HOP bucket=72 L4 wlan0 -> ch9  (retuning, ~700ms loss)  | BL=[]
[RX  <- B] bucket=72  peer_BL=[]  my_BL=[]
[TX  ->  *] bucket=72 L4 active=wlan0 ch9  BL=[]
[00:57:12] HOP bucket=73 L4 wlan0 -> ch7  (retuning, ~700ms loss)  | BL=[]
[TX  ->  *] bucket=73 L4 active=wlan0 ch7  BL=[]
[RX  <- B] bucket=73  peer_BL=[]  my_BL=[]
[00:57:14] HOP bucket=74 L4 wlan0 -> ch11  (retuning, ~700ms loss)  | BL=[]
[TX  ->  *] bucket=74 L4 active=wlan0 ch11  BL=[]
[RX  <- B] bucket=74  peer_BL=[]  my_BL=[]
[00:57:16] HOP bucket=75 L4 wlan0 -> ch6  (retuning, ~700ms loss)  | BL=[]
[RX  <- B] bucket=75  peer_BL=[]  my_BL=[]
[TX  ->  *] bucket=75 L4 active=wlan0 ch6  BL=[]
[00:57:18] HOP bucket=76 L4 wlan0 -> ch8  (retuning, ~700ms loss)  | BL=[]
[TX  ->  *] bucket=76 L4 active=wlan0 ch8  BL=[]
[RX  <- B] bucket=76  peer_BL=[]  my_BL=[]
[00:57:20] HOP bucket=77 L4 wlan0 -> ch9  (retuning, ~700ms loss)  | BL=[]
[TX  ->  *] bucket=77 L4 active=wlan0 ch9  BL=[]
[RX  <- B] bucket=77  peer_BL=[]  my_BL=[]
[00:57:22] HOP bucket=78 L4 wlan0 -> ch11  (retuning, ~700ms loss)  | BL=[]
[RX  <- B] bucket=78  peer_BL=[]  my_BL=[]
[TX  ->  *] bucket=78 L4 active=wlan0 ch11  BL=[]
[00:57:24] HOP bucket=79 L4 wlan0 -> ch4  (retuning, ~700ms loss)  | BL=[]
[TX  ->  *] bucket=79 L4 active=wlan0 ch4  BL=[]
[RX  <- B] bucket=79  peer_BL=[]  my_BL=[]
[00:57:26] HOP bucket=80 L4 wlan0 -> ch8  (retuning, ~700ms loss)  | BL=[]
[RX  <- B] bucket=80  peer_BL=[]  my_BL=[]
[TX  ->  *] bucket=80 L4 active=wlan0 ch8  BL=[]
[00:57:28] HOP bucket=81 L4 wlan0 -> ch7  (retuning, ~700ms loss)  | BL=[]
[RX  <- B] bucket=81  peer_BL=[]  my_BL=[]
[TX  ->  *] bucket=81 L4 active=wlan0 ch7  BL=[]
[00:57:30] HOP bucket=82 L4 wlan0 -> ch9  (retuning, ~700ms loss)  | BL=[]
[RX  <- B] bucket=82  peer_BL=[]  my_BL=[]
[TX  ->  *] bucket=82 L4 active=wlan0 ch9  BL=[]
[00:57:32] HOP bucket=83 L4 wlan0 -> ch4  (retuning, ~700ms loss)  | BL=[]
[TX  ->  *] bucket=83 L4 active=wlan0 ch4  BL=[]
[RX  <- B] bucket=83  peer_BL=[]  my_BL=[]
[00:57:34] HOP bucket=84 L4 wlan0 -> ch9  (retuning, ~700ms loss)  | BL=[]
[TX  ->  *] bucket=84 L4 active=wlan0 ch9  BL=[]
[RX  <- B] bucket=84  peer_BL=[]  my_BL=[]
[00:57:36] HOP bucket=85 L4 wlan0 -> ch8  (retuning, ~700ms loss)  | BL=[]
[TX  ->  *] bucket=85 L4 active=wlan0 ch8  BL=[]
[RX  <- B] bucket=85  peer_BL=[]  my_BL=[]
[00:57:38] HOP bucket=86 L4 wlan0 -> ch6  (retuning, ~700ms loss)  | BL=[]
[TX  ->  *] bucket=86 L4 active=wlan0 ch6  BL=[]
[RX  <- B] bucket=86  peer_BL=[]  my_BL=[]
[00:57:40] HOP bucket=87 L4 wlan0 -> ch3  (retuning, ~700ms loss)  | BL=[]
[RX  <- B] bucket=87  peer_BL=[]  my_BL=[]
[TX  ->  *] bucket=87 L4 active=wlan0 ch3  BL=[]
[00:57:42] HOP bucket=88 L4 wlan0 -> ch3  (retuning, ~700ms loss)  | BL=[]
[TX  ->  *] bucket=88 L4 active=wlan0 ch3  BL=[]
[RX  <- B] bucket=88  peer_BL=[]  my_BL=[]
[00:57:44] HOP bucket=89 L4 wlan0 -> ch6  (retuning, ~700ms loss)  | BL=[]
[TX  ->  *] bucket=89 L4 active=wlan0 ch6  BL=[]
[RX  <- B] bucket=89  peer_BL=[]  my_BL=[]
[00:57:46] HOP bucket=90 L4 wlan0 -> ch7  (retuning, ~700ms loss)  | BL=[]
[TX  ->  *] bucket=90 L4 active=wlan0 ch7  BL=[]
[RX  <- B] bucket=90  peer_BL=[]  my_BL=[]
[00:57:48] HOP bucket=91 L4 wlan0 -> ch5  (retuning, ~700ms loss)  | BL=[]
[RX  <- B] bucket=91  peer_BL=[]  my_BL=[]
[TX  ->  *] bucket=91 L4 active=wlan0 ch5  BL=[]
[00:57:50] HOP bucket=92 L4 wlan0 -> ch7  (retuning, ~700ms loss)  | BL=[]
[TX  ->  *] bucket=92 L4 active=wlan0 ch7  BL=[]
[RX  <- B] bucket=92  peer_BL=[]  my_BL=[]
[00:57:52] HOP bucket=93 L4 wlan0 -> ch9  (retuning, ~700ms loss)  | BL=[]
[TX  ->  *] bucket=93 L4 active=wlan0 ch9  BL=[]
[RX  <- B] bucket=93  peer_BL=[]  my_BL=[]
[00:57:54] HOP bucket=94 L4 wlan0 -> ch7  (retuning, ~700ms loss)  | BL=[]
[RX  <- B] bucket=94  peer_BL=[]  my_BL=[]
[TX  ->  *] bucket=94 L4 active=wlan0 ch7  BL=[]
[00:57:56] HOP bucket=95 L4 wlan0 -> ch8  (retuning, ~700ms loss)  | BL=[]
[RX  <- B] bucket=95  peer_BL=[]  my_BL=[]
[TX  ->  *] bucket=95 L4 active=wlan0 ch8  BL=[]
[00:57:58] HOP bucket=96 L4 wlan0 -> ch9  (retuning, ~700ms loss)  | BL=[]
[TX  ->  *] bucket=96 L4 active=wlan0 ch9  BL=[]
[RX  <- B] bucket=96  peer_BL=[]  my_BL=[]
[00:58:00] HOP bucket=97 L4 wlan0 -> ch10  (retuning, ~700ms loss)  | BL=[]
[TX  ->  *] bucket=97 L4 active=wlan0 ch10  BL=[]
[RX  <- B] bucket=97  peer_BL=[]  my_BL=[]
[00:58:02] HOP bucket=98 L4 wlan0 -> ch3  (retuning, ~700ms loss)  | BL=[]
[TX  ->  *] bucket=98 L4 active=wlan0 ch3  BL=[]
[RX  <- B] bucket=98  peer_BL=[]  my_BL=[]
[00:58:04] HOP bucket=99 L4 wlan0 -> ch11  (retuning, ~700ms loss)  | BL=[]
[TX  ->  *] bucket=99 L4 active=wlan0 ch11  BL=[]
[RX  <- B] bucket=99  peer_BL=[]  my_BL=[]
[00:58:06] HOP bucket=100 L4 wlan0 -> ch5  (retuning, ~700ms loss)  | BL=[]
[TX  ->  *] bucket=100 L4 active=wlan0 ch5  BL=[]
[RX  <- B] bucket=100  peer_BL=[]  my_BL=[]
[00:58:08] HOP bucket=101 L4 wlan0 -> ch3  (retuning, ~700ms loss)  | BL=[]
[RX  <- B] bucket=101  peer_BL=[]  my_BL=[]
[TX  ->  *] bucket=101 L4 active=wlan0 ch3  BL=[]
[00:58:10] HOP bucket=102 L4 wlan0 -> ch9  (retuning, ~700ms loss)  | BL=[]
[TX  ->  *] bucket=102 L4 active=wlan0 ch9  BL=[]
[RX  <- B] bucket=102  peer_BL=[]  my_BL=[]
[00:58:12] HOP bucket=103 L4 wlan0 -> ch5  (retuning, ~700ms loss)  | BL=[]
[TX  ->  *] bucket=103 L4 active=wlan0 ch5  BL=[]
[RX  <- B] bucket=103  peer_BL=[]  my_BL=[]
[00:58:14] HOP bucket=104 L4 wlan0 -> ch5  (retuning, ~700ms loss)  | BL=[]
[TX  ->  *] bucket=104 L4 active=wlan0 ch5  BL=[]
[RX  <- B] bucket=104  peer_BL=[]  my_BL=[]
[00:58:16] HOP bucket=105 L4 wlan0 -> ch9  (retuning, ~700ms loss)  | BL=[]
[TX  ->  *] bucket=105 L4 active=wlan0 ch9  BL=[]
[RX  <- B] bucket=105  peer_BL=[]  my_BL=[]
[00:58:18] HOP bucket=106 L4 wlan0 -> ch11  (retuning, ~700ms loss)  | BL=[]
[RX  <- B] bucket=106  peer_BL=[]  my_BL=[]
[TX  ->  *] bucket=106 L4 active=wlan0 ch11  BL=[]
[00:58:20] HOP bucket=107 L4 wlan0 -> ch4  (retuning, ~700ms loss)  | BL=[]
[RX  <- B] bucket=107  peer_BL=[]  my_BL=[]
[TX  ->  *] bucket=107 L4 active=wlan0 ch4  BL=[]
[00:58:22] HOP bucket=108 L4 wlan0 -> ch9  (retuning, ~700ms loss)  | BL=[]
[RX  <- B] bucket=108  peer_BL=[]  my_BL=[]
[TX  ->  *] bucket=108 L4 active=wlan0 ch9  BL=[]
[00:58:24] HOP bucket=109 L4 wlan0 -> ch11  (retuning, ~700ms loss)  | BL=[]
[RX  <- B] bucket=109  peer_BL=[]  my_BL=[]
[TX  ->  *] bucket=109 L4 active=wlan0 ch11  BL=[]
[00:58:26] HOP bucket=110 L4 wlan0 -> ch3  (retuning, ~700ms loss)  | BL=[]
[RX  <- B] bucket=110  peer_BL=[]  my_BL=[]
[TX  ->  *] bucket=110 L4 active=wlan0 ch3  BL=[]
[00:58:28] HOP bucket=111 L4 wlan0 -> ch9  (retuning, ~700ms loss)  | BL=[]
[RX  <- B] bucket=111  peer_BL=[]  my_BL=[]
[TX  ->  *] bucket=111 L4 active=wlan0 ch9  BL=[]
[00:58:30] HOP bucket=112 L4 wlan0 -> ch11  (retuning, ~700ms loss)  | BL=[]
[RX  <- B] bucket=112  peer_BL=[]  my_BL=[]
[TX  ->  *] bucket=112 L4 active=wlan0 ch11  BL=[]
[00:58:32] HOP bucket=113 L4 wlan0 -> ch4  (retuning, ~700ms loss)  | BL=[]
[RX  <- B] bucket=113  peer_BL=[]  my_BL=[]
[TX  ->  *] bucket=113 L4 active=wlan0 ch4  BL=[]
[00:58:34] HOP bucket=114 L4 wlan0 -> ch9  (retuning, ~700ms loss)  | BL=[]
[TX  ->  *] bucket=114 L4 active=wlan0 ch9  BL=[]
[RX  <- B] bucket=114  peer_BL=[]  my_BL=[]
[00:58:36] HOP bucket=115 L4 wlan0 -> ch4  (retuning, ~700ms loss)  | BL=[]
[TX  ->  *] bucket=115 L4 active=wlan0 ch4  BL=[]
[RX  <- B] bucket=115  peer_BL=[]  my_BL=[]
[00:58:38] HOP bucket=116 L4 wlan0 -> ch9  (retuning, ~700ms loss)  | BL=[]
[TX  ->  *] bucket=116 L4 active=wlan0 ch9  BL=[]
[RX  <- B] bucket=116  peer_BL=[]  my_BL=[]
[00:58:40] HOP bucket=117 L4 wlan0 -> ch4  (retuning, ~700ms loss)  | BL=[]
[TX  ->  *] bucket=117 L4 active=wlan0 ch4  BL=[]
[RX  <- B] bucket=117  peer_BL=[]  my_BL=[]
[00:58:42] HOP bucket=118 L4 wlan0 -> ch11  (retuning, ~700ms loss)  | BL=[]
[TX  ->  *] bucket=118 L4 active=wlan0 ch11  BL=[]
[RX  <- B] bucket=118  peer_BL=[]  my_BL=[]
[00:58:44] HOP bucket=119 L4 wlan0 -> ch6  (retuning, ~700ms loss)  | BL=[]
[TX  ->  *] bucket=119 L4 active=wlan0 ch6  BL=[]
[RX  <- B] bucket=119  peer_BL=[]  my_BL=[]
[00:58:46] HOP bucket=120 L4 wlan0 -> ch7  (retuning, ~700ms loss)  | BL=[]
[TX  ->  *] bucket=120 L4 active=wlan0 ch7  BL=[]
[RX  <- B] bucket=120  peer_BL=[]  my_BL=[]
[00:58:48] HOP bucket=121 L4 wlan0 -> ch9  (retuning, ~700ms loss)  | BL=[]
[RX  <- B] bucket=121  peer_BL=[]  my_BL=[]
[TX  ->  *] bucket=121 L4 active=wlan0 ch9  BL=[]
[00:58:50] HOP bucket=122 L4 wlan0 -> ch7  (retuning, ~700ms loss)  | BL=[]
[TX  ->  *] bucket=122 L4 active=wlan0 ch7  BL=[]
[RX  <- B] bucket=122  peer_BL=[]  my_BL=[]
[00:58:52] HOP bucket=123 L4 wlan0 -> ch7  (retuning, ~700ms loss)  | BL=[]
[RX  <- B] bucket=123  peer_BL=[]  my_BL=[]
[TX  ->  *] bucket=123 L4 active=wlan0 ch7  BL=[]
[00:58:54] HOP bucket=124 L4 wlan0 -> ch5  (retuning, ~700ms loss)  | BL=[]
[TX  ->  *] bucket=124 L4 active=wlan0 ch5  BL=[]
[RX  <- B] bucket=124  peer_BL=[]  my_BL=[]
[00:58:56] HOP bucket=125 L4 wlan0 -> ch5  (retuning, ~700ms loss)  | BL=[]
[TX  ->  *] bucket=125 L4 active=wlan0 ch5  BL=[]
[RX  <- B] bucket=125  peer_BL=[]  my_BL=[]
[00:58:58] HOP bucket=126 L4 wlan0 -> ch8  (retuning, ~700ms loss)  | BL=[]
[TX  ->  *] bucket=126 L4 active=wlan0 ch8  BL=[]
[RX  <- B] bucket=126  peer_BL=[]  my_BL=[]
[00:59:00] HOP bucket=127 L4 wlan0 -> ch11  (retuning, ~700ms loss)  | BL=[]
[RX  <- B] bucket=127  peer_BL=[]  my_BL=[]
[TX  ->  *] bucket=127 L4 active=wlan0 ch11  BL=[]
[00:59:02] HOP bucket=128 L4 wlan0 -> ch3  (retuning, ~700ms loss)  | BL=[]
[RX  <- B] bucket=128  peer_BL=[]  my_BL=[]
[TX  ->  *] bucket=128 L4 active=wlan0 ch3  BL=[]
[00:59:04] HOP bucket=129 L4 wlan0 -> ch10  (retuning, ~700ms loss)  | BL=[]
[RX  <- B] bucket=129  peer_BL=[]  my_BL=[]
[TX  ->  *] bucket=129 L4 active=wlan0 ch10  BL=[]
[00:59:06] HOP bucket=130 L4 wlan0 -> ch7  (retuning, ~700ms loss)  | BL=[]
[RX  <- B] bucket=130  peer_BL=[]  my_BL=[]
[TX  ->  *] bucket=130 L4 active=wlan0 ch7  BL=[]
[00:59:08] HOP bucket=131 L4 wlan0 -> ch8  (retuning, ~700ms loss)  | BL=[]
[RX  <- B] bucket=131  peer_BL=[]  my_BL=[]
[TX  ->  *] bucket=131 L4 active=wlan0 ch8  BL=[]
[00:59:10] HOP bucket=132 L4 wlan0 -> ch6  (retuning, ~700ms loss)  | BL=[]
[RX  <- B] bucket=132  peer_BL=[]  my_BL=[]
[TX  ->  *] bucket=132 L4 active=wlan0 ch6  BL=[]
[00:59:12] HOP bucket=133 L4 wlan0 -> ch7  (retuning, ~700ms loss)  | BL=[]
[RX  <- B] bucket=133  peer_BL=[]  my_BL=[]
[TX  ->  *] bucket=133 L4 active=wlan0 ch7  BL=[]
[00:59:14] HOP bucket=134 L4 wlan0 -> ch8  (retuning, ~700ms loss)  | BL=[]
[RX  <- B] bucket=134  peer_BL=[]  my_BL=[]
[TX  ->  *] bucket=134 L4 active=wlan0 ch8  BL=[]
[00:59:16] HOP bucket=135 L4 wlan0 -> ch8  (retuning, ~700ms loss)  | BL=[]
[RX  <- B] bucket=135  peer_BL=[]  my_BL=[]
[TX  ->  *] bucket=135 L4 active=wlan0 ch8  BL=[]
[00:59:18] HOP bucket=136 L4 wlan0 -> ch6  (retuning, ~700ms loss)  | BL=[]
[RX  <- B] bucket=136  peer_BL=[]  my_BL=[]
[TX  ->  *] bucket=136 L4 active=wlan0 ch6  BL=[]
[00:59:20] HOP bucket=137 L4 wlan0 -> ch11  (retuning, ~700ms loss)  | BL=[]
[RX  <- B] bucket=137  peer_BL=[]  my_BL=[]
[TX  ->  *] bucket=137 L4 active=wlan0 ch11  BL=[]
[00:59:22] HOP bucket=138 L4 wlan0 -> ch3  (retuning, ~700ms loss)  | BL=[]
[TX  ->  *] bucket=138 L4 active=wlan0 ch3  BL=[]
[RX  <- B] bucket=138  peer_BL=[]  my_BL=[]
[00:59:24] HOP bucket=139 L4 wlan0 -> ch6  (retuning, ~700ms loss)  | BL=[]
[RX  <- B] bucket=139  peer_BL=[]  my_BL=[]
[TX  ->  *] bucket=139 L4 active=wlan0 ch6  BL=[]
[00:59:26] HOP bucket=140 L4 wlan0 -> ch10  (retuning, ~700ms loss)  | BL=[]
[TX  ->  *] bucket=140 L4 active=wlan0 ch10  BL=[]
[RX  <- B] bucket=140  peer_BL=[]  my_BL=[]
[00:59:28] HOP bucket=141 L4 wlan0 -> ch8  (retuning, ~700ms loss)  | BL=[]
[TX  ->  *] bucket=141 L4 active=wlan0 ch8  BL=[]
[RX  <- B] bucket=141  peer_BL=[]  my_BL=[]
[00:59:30] HOP bucket=142 L4 wlan0 -> ch7  (retuning, ~700ms loss)  | BL=[]
[TX  ->  *] bucket=142 L4 active=wlan0 ch7  BL=[]
[RX  <- B] bucket=142  peer_BL=[]  my_BL=[]
[00:59:32] HOP bucket=143 L4 wlan0 -> ch3  (retuning, ~700ms loss)  | BL=[]
[TX  ->  *] bucket=143 L4 active=wlan0 ch3  BL=[]
[RX  <- B] bucket=143  peer_BL=[]  my_BL=[]
[00:59:34] HOP bucket=144 L4 wlan0 -> ch4  (retuning, ~700ms loss)  | BL=[]
[TX  ->  *] bucket=144 L4 active=wlan0 ch4  BL=[]
[RX  <- B] bucket=144  peer_BL=[]  my_BL=[]
[00:59:36] HOP bucket=145 L4 wlan0 -> ch3  (retuning, ~700ms loss)  | BL=[]
[TX  ->  *] bucket=145 L4 active=wlan0 ch3  BL=[]
[RX  <- B] bucket=145  peer_BL=[]  my_BL=[]
[00:59:38] HOP bucket=146 L4 wlan0 -> ch6  (retuning, ~700ms loss)  | BL=[]
[TX  ->  *] bucket=146 L4 active=wlan0 ch6  BL=[]
[RX  <- B] bucket=146  peer_BL=[]  my_BL=[]
[00:59:40] HOP bucket=147 L4 wlan0 -> ch5  (retuning, ~700ms loss)  | BL=[]
[TX  ->  *] bucket=147 L4 active=wlan0 ch5  BL=[]
[RX  <- B] bucket=147  peer_BL=[]  my_BL=[]
[00:59:42] HOP bucket=148 L4 wlan0 -> ch11  (retuning, ~700ms loss)  | BL=[]
[TX  ->  *] bucket=148 L4 active=wlan0 ch11  BL=[]
[RX  <- B] bucket=148  peer_BL=[]  my_BL=[]
[00:59:44] HOP bucket=149 L4 wlan0 -> ch11  (retuning, ~700ms loss)  | BL=[]
[TX  ->  *] bucket=149 L4 active=wlan0 ch11  BL=[]
[RX  <- B] bucket=149  peer_BL=[]  my_BL=[]
[00:59:46] HOP bucket=150 L4 wlan0 -> ch8  (retuning, ~700ms loss)  | BL=[]
[TX  ->  *] bucket=150 L4 active=wlan0 ch8  BL=[]
[RX  <- B] bucket=150  peer_BL=[]  my_BL=[]
[00:59:48] HOP bucket=151 L4 wlan0 -> ch7  (retuning, ~700ms loss)  | BL=[]
[TX  ->  *] bucket=151 L4 active=wlan0 ch7  BL=[]
[RX  <- B] bucket=151  peer_BL=[]  my_BL=[]
[00:59:50] HOP bucket=152 L4 wlan0 -> ch3  (retuning, ~700ms loss)  | BL=[]
[TX  ->  *] bucket=152 L4 active=wlan0 ch3  BL=[]
[RX  <- B] bucket=152  peer_BL=[]  my_BL=[]
[00:59:52] HOP bucket=153 L4 wlan0 -> ch10  (retuning, ~700ms loss)  | BL=[]
[TX  ->  *] bucket=153 L4 active=wlan0 ch10  BL=[]
[RX  <- B] bucket=153  peer_BL=[]  my_BL=[]
[00:59:54] HOP bucket=154 L4 wlan0 -> ch9  (retuning, ~700ms loss)  | BL=[]
[TX  ->  *] bucket=154 L4 active=wlan0 ch9  BL=[]
[RX  <- B] bucket=154  peer_BL=[]  my_BL=[]
[00:59:56] HOP bucket=155 L4 wlan0 -> ch4  (retuning, ~700ms loss)  | BL=[]
[RX  <- B] bucket=155  peer_BL=[]  my_BL=[]
[TX  ->  *] bucket=155 L4 active=wlan0 ch4  BL=[]
[00:59:58] HOP bucket=156 L4 wlan0 -> ch3  (retuning, ~700ms loss)  | BL=[]
[RX  <- B] bucket=156  peer_BL=[]  my_BL=[]
[TX  ->  *] bucket=156 L4 active=wlan0 ch3  BL=[]
[01:00:00] HOP bucket=157 L4 wlan0 -> ch5  (retuning, ~700ms loss)  | BL=[]
[TX  ->  *] bucket=157 L4 active=wlan0 ch5  BL=[]
[RX  <- B] bucket=157  peer_BL=[]  my_BL=[]
[01:00:02] HOP bucket=158 L4 wlan0 -> ch5  (retuning, ~700ms loss)  | BL=[]
[RX  <- B] bucket=158  peer_BL=[]  my_BL=[]
[TX  ->  *] bucket=158 L4 active=wlan0 ch5  BL=[]
[01:00:04] HOP bucket=159 L4 wlan0 -> ch11  (retuning, ~700ms loss)  | BL=[]
[RX  <- B] bucket=159  peer_BL=[]  my_BL=[]
[TX  ->  *] bucket=159 L4 active=wlan0 ch11  BL=[]
[01:00:06] HOP bucket=160 L4 wlan0 -> ch6  (retuning, ~700ms loss)  | BL=[]
[RX  <- B] bucket=160  peer_BL=[]  my_BL=[]
[TX  ->  *] bucket=160 L4 active=wlan0 ch6  BL=[]
[01:00:08] HOP bucket=161 L4 wlan0 -> ch11  (retuning, ~700ms loss)  | BL=[]
[TX  ->  *] bucket=161 L4 active=wlan0 ch11  BL=[]
[RX  <- B] bucket=161  peer_BL=[]  my_BL=[]
[01:00:10] HOP bucket=162 L4 wlan0 -> ch9  (retuning, ~700ms loss)  | BL=[]
[TX  ->  *] bucket=162 L4 active=wlan0 ch9  BL=[]
[RX  <- B] bucket=162  peer_BL=[]  my_BL=[]
[01:00:12] HOP bucket=163 L4 wlan0 -> ch6  (retuning, ~700ms loss)  | BL=[]
[TX  ->  *] bucket=163 L4 active=wlan0 ch6  BL=[]
[RX  <- B] bucket=163  peer_BL=[]  my_BL=[]
[01:00:14] HOP bucket=164 L4 wlan0 -> ch6  (retuning, ~700ms loss)  | BL=[]
[TX  ->  *] bucket=164 L4 active=wlan0 ch6  BL=[]
[RX  <- B] bucket=164  peer_BL=[]  my_BL=[]
[01:00:16] HOP bucket=165 L4 wlan0 -> ch10  (retuning, ~700ms loss)  | BL=[]
[RX  <- B] bucket=165  peer_BL=[]  my_BL=[]
[TX  ->  *] bucket=165 L4 active=wlan0 ch10  BL=[]
[01:00:18] HOP bucket=166 L4 wlan0 -> ch6  (retuning, ~700ms loss)  | BL=[]
[TX  ->  *] bucket=166 L4 active=wlan0 ch6  BL=[]
[RX  <- B] bucket=166  peer_BL=[]  my_BL=[]
[01:00:20] HOP bucket=167 L4 wlan0 -> ch8  (retuning, ~700ms loss)  | BL=[]
[TX  ->  *] bucket=167 L4 active=wlan0 ch8  BL=[]
[RX  <- B] bucket=167  peer_BL=[]  my_BL=[]
[01:00:22] HOP bucket=168 L4 wlan0 -> ch10  (retuning, ~700ms loss)  | BL=[]
[TX  ->  *] bucket=168 L4 active=wlan0 ch10  BL=[]
[RX  <- B] bucket=168  peer_BL=[]  my_BL=[]
[01:00:24] HOP bucket=169 L4 wlan0 -> ch5  (retuning, ~700ms loss)  | BL=[]
[TX  ->  *] bucket=169 L4 active=wlan0 ch5  BL=[]
[RX  <- B] bucket=169  peer_BL=[]  my_BL=[]
[01:00:26] HOP bucket=170 L4 wlan0 -> ch4  (retuning, ~700ms loss)  | BL=[]
[RX  <- B] bucket=170  peer_BL=[]  my_BL=[]
[TX  ->  *] bucket=170 L4 active=wlan0 ch4  BL=[]
[01:00:28] HOP bucket=171 L4 wlan0 -> ch10  (retuning, ~700ms loss)  | BL=[]
[TX  ->  *] bucket=171 L4 active=wlan0 ch10  BL=[]
[RX  <- B] bucket=171  peer_BL=[]  my_BL=[]
[01:00:30] HOP bucket=172 L4 wlan0 -> ch3  (retuning, ~700ms loss)  | BL=[]
[TX  ->  *] bucket=172 L4 active=wlan0 ch3  BL=[]
[RX  <- B] bucket=172  peer_BL=[]  my_BL=[]
[01:00:32] HOP bucket=173 L4 wlan0 -> ch7  (retuning, ~700ms loss)  | BL=[]
[TX  ->  *] bucket=173 L4 active=wlan0 ch7  BL=[]
[RX  <- B] bucket=173  peer_BL=[]  my_BL=[]
[01:00:34] HOP bucket=174 L4 wlan0 -> ch3  (retuning, ~700ms loss)  | BL=[]
[TX  ->  *] bucket=174 L4 active=wlan0 ch3  BL=[]
[RX  <- B] bucket=174  peer_BL=[]  my_BL=[]
[01:00:36] HOP bucket=175 L4 wlan0 -> ch7  (retuning, ~700ms loss)  | BL=[]
[TX  ->  *] bucket=175 L4 active=wlan0 ch7  BL=[]
[RX  <- B] bucket=175  peer_BL=[]  my_BL=[]
[01:00:38] HOP bucket=176 L4 wlan0 -> ch6  (retuning, ~700ms loss)  | BL=[]
[TX  ->  *] bucket=176 L4 active=wlan0 ch6  BL=[]
[RX  <- B] bucket=176  peer_BL=[]  my_BL=[]
[01:00:40] HOP bucket=177 L4 wlan0 -> ch5  (retuning, ~700ms loss)  | BL=[]
[TX  ->  *] bucket=177 L4 active=wlan0 ch5  BL=[]
[RX  <- B] bucket=177  peer_BL=[]  my_BL=[]
[01:00:42] HOP bucket=178 L4 wlan0 -> ch8  (retuning, ~700ms loss)  | BL=[]
[TX  ->  *] bucket=178 L4 active=wlan0 ch8  BL=[]
[RX  <- B] bucket=178  peer_BL=[]  my_BL=[]
[01:00:44] HOP bucket=179 L4 wlan0 -> ch11  (retuning, ~700ms loss)  | BL=[]
[TX  ->  *] bucket=179 L4 active=wlan0 ch11  BL=[]
[RX  <- B] bucket=179  peer_BL=[]  my_BL=[]
[01:00:46] HOP bucket=180 L4 wlan0 -> ch10  (retuning, ~700ms loss)  | BL=[]
[RX  <- B] bucket=180  peer_BL=[]  my_BL=[]
[TX  ->  *] bucket=180 L4 active=wlan0 ch10  BL=[]
[01:00:48] HOP bucket=181 L4 wlan0 -> ch6  (retuning, ~700ms loss)  | BL=[]
[TX  ->  *] bucket=181 L4 active=wlan0 ch6  BL=[]
[RX  <- B] bucket=181  peer_BL=[]  my_BL=[]
[01:00:50] HOP bucket=182 L4 wlan0 -> ch10  (retuning, ~700ms loss)  | BL=[]
[TX  ->  *] bucket=182 L4 active=wlan0 ch10  BL=[]
[RX  <- B] bucket=182  peer_BL=[]  my_BL=[]
[01:00:52] HOP bucket=183 L4 wlan0 -> ch4  (retuning, ~700ms loss)  | BL=[]
[RX  <- B] bucket=183  peer_BL=[]  my_BL=[]
[TX  ->  *] bucket=183 L4 active=wlan0 ch4  BL=[]
[01:00:54] HOP bucket=184 L4 wlan0 -> ch6  (retuning, ~700ms loss)  | BL=[]
[TX  ->  *] bucket=184 L4 active=wlan0 ch6  BL=[]
[RX  <- B] bucket=184  peer_BL=[]  my_BL=[]
[01:00:56] HOP bucket=185 L4 wlan0 -> ch5  (retuning, ~700ms loss)  | BL=[]
[RX  <- B] bucket=185  peer_BL=[]  my_BL=[]
[TX  ->  *] bucket=185 L4 active=wlan0 ch5  BL=[]
[01:00:58] HOP bucket=186 L4 wlan0 -> ch3  (retuning, ~700ms loss)  | BL=[]
[TX  ->  *] bucket=186 L4 active=wlan0 ch3  BL=[]
[RX  <- B] bucket=186  peer_BL=[]  my_BL=[]
[01:01:00] HOP bucket=187 L4 wlan0 -> ch4  (retuning, ~700ms loss)  | BL=[]
[TX  ->  *] bucket=187 L4 active=wlan0 ch4  BL=[]
[RX  <- B] bucket=187  peer_BL=[]  my_BL=[]
[01:01:02] HOP bucket=188 L4 wlan0 -> ch4  (retuning, ~700ms loss)  | BL=[]
[RX  <- B] bucket=188  peer_BL=[]  my_BL=[]
[TX  ->  *] bucket=188 L4 active=wlan0 ch4  BL=[]
[01:01:04] HOP bucket=189 L4 wlan0 -> ch9  (retuning, ~700ms loss)  | BL=[]
[RX  <- B] bucket=189  peer_BL=[]  my_BL=[]
[TX  ->  *] bucket=189 L4 active=wlan0 ch9  BL=[]
[01:01:06] HOP bucket=190 L4 wlan0 -> ch11  (retuning, ~700ms loss)  | BL=[]
[RX  <- B] bucket=190  peer_BL=[]  my_BL=[]
[TX  ->  *] bucket=190 L4 active=wlan0 ch11  BL=[]
[01:01:08] HOP bucket=191 L4 wlan0 -> ch3  (retuning, ~700ms loss)  | BL=[]
[RX  <- B] bucket=191  peer_BL=[]  my_BL=[]
[TX  ->  *] bucket=191 L4 active=wlan0 ch3  BL=[]
[01:01:10] HOP bucket=192 L4 wlan0 -> ch9  (retuning, ~700ms loss)  | BL=[]
[RX  <- B] bucket=192  peer_BL=[]  my_BL=[]
[TX  ->  *] bucket=192 L4 active=wlan0 ch9  BL=[]
[01:01:12] HOP bucket=193 L4 wlan0 -> ch8  (retuning, ~700ms loss)  | BL=[]
[TX  ->  *] bucket=193 L4 active=wlan0 ch8  BL=[]
[RX  <- B] bucket=193  peer_BL=[]  my_BL=[]
[01:01:14] HOP bucket=194 L4 wlan0 -> ch9  (retuning, ~700ms loss)  | BL=[]
[RX  <- B] bucket=194  peer_BL=[]  my_BL=[]
[TX  ->  *] bucket=194 L4 active=wlan0 ch9  BL=[]
[01:01:16] HOP bucket=195 L4 wlan0 -> ch6  (retuning, ~700ms loss)  | BL=[]
[RX  <- B] bucket=195  peer_BL=[]  my_BL=[]
[TX  ->  *] bucket=195 L4 active=wlan0 ch6  BL=[]
[01:01:18] HOP bucket=196 L4 wlan0 -> ch11  (retuning, ~700ms loss)  | BL=[]
[RX  <- B] bucket=196  peer_BL=[]  my_BL=[]
[TX  ->  *] bucket=196 L4 active=wlan0 ch11  BL=[]
[01:01:20] HOP bucket=197 L4 wlan0 -> ch7  (retuning, ~700ms loss)  | BL=[]
[RX  <- B] bucket=197  peer_BL=[]  my_BL=[]
[TX  ->  *] bucket=197 L4 active=wlan0 ch7  BL=[]
[01:01:22] HOP bucket=198 L4 wlan0 -> ch10  (retuning, ~700ms loss)  | BL=[]
[TX  ->  *] bucket=198 L4 active=wlan0 ch10  BL=[]
[RX  <- B] bucket=198  peer_BL=[]  my_BL=[]
[01:01:24] HOP bucket=199 L4 wlan0 -> ch5  (retuning, ~700ms loss)  | BL=[]
[TX  ->  *] bucket=199 L4 active=wlan0 ch5  BL=[]
[RX  <- B] bucket=199  peer_BL=[]  my_BL=[]
[01:01:26] HOP bucket=200 L4 wlan0 -> ch9  (retuning, ~700ms loss)  | BL=[]
[TX  ->  *] bucket=200 L4 active=wlan0 ch9  BL=[]
[RX  <- B] bucket=200  peer_BL=[]  my_BL=[]
[01:01:28] HOP bucket=201 L4 wlan0 -> ch3  (retuning, ~700ms loss)  | BL=[]
[TX  ->  *] bucket=201 L4 active=wlan0 ch3  BL=[]
[RX  <- B] bucket=201  peer_BL=[]  my_BL=[]
[01:01:30] HOP bucket=202 L4 wlan0 -> ch9  (retuning, ~700ms loss)  | BL=[]
[TX  ->  *] bucket=202 L4 active=wlan0 ch9  BL=[]
[RX  <- B] bucket=202  peer_BL=[]  my_BL=[]
[01:01:32] HOP bucket=203 L4 wlan0 -> ch6  (retuning, ~700ms loss)  | BL=[]
[TX  ->  *] bucket=203 L4 active=wlan0 ch6  BL=[]
[RX  <- B] bucket=203  peer_BL=[]  my_BL=[]
[01:01:34] HOP bucket=204 L4 wlan0 -> ch10  (retuning, ~700ms loss)  | BL=[]
[TX  ->  *] bucket=204 L4 active=wlan0 ch10  BL=[]
[RX  <- B] bucket=204  peer_BL=[]  my_BL=[]
[01:01:36] HOP bucket=205 L4 wlan0 -> ch11  (retuning, ~700ms loss)  | BL=[]
[TX  ->  *] bucket=205 L4 active=wlan0 ch11  BL=[]
[RX  <- B] bucket=205  peer_BL=[]  my_BL=[]
[01:01:38] HOP bucket=206 L4 wlan0 -> ch5  (retuning, ~700ms loss)  | BL=[]
[TX  ->  *] bucket=206 L4 active=wlan0 ch5  BL=[]
[RX  <- B] bucket=206  peer_BL=[]  my_BL=[]
[01:01:40] HOP bucket=207 L4 wlan0 -> ch6  (retuning, ~700ms loss)  | BL=[]
[TX  ->  *] bucket=207 L4 active=wlan0 ch6  BL=[]
[RX  <- B] bucket=207  peer_BL=[]  my_BL=[]
[01:01:42] HOP bucket=208 L4 wlan0 -> ch5  (retuning, ~700ms loss)  | BL=[]
[TX  ->  *] bucket=208 L4 active=wlan0 ch5  BL=[]
[RX  <- B] bucket=208  peer_BL=[]  my_BL=[]
[01:01:44] HOP bucket=209 L4 wlan0 -> ch11  (retuning, ~700ms loss)  | BL=[]
[RX  <- B] bucket=209  peer_BL=[]  my_BL=[]
[TX  ->  *] bucket=209 L4 active=wlan0 ch11  BL=[]
[01:01:46] HOP bucket=210 L4 wlan0 -> ch3  (retuning, ~700ms loss)  | BL=[]
[TX  ->  *] bucket=210 L4 active=wlan0 ch3  BL=[]
[RX  <- B] bucket=210  peer_BL=[]  my_BL=[]
[01:01:48] HOP bucket=211 L4 wlan0 -> ch7  (retuning, ~700ms loss)  | BL=[]
[RX  <- B] bucket=211  peer_BL=[]  my_BL=[]
[TX  ->  *] bucket=211 L4 active=wlan0 ch7  BL=[]
[01:01:50] HOP bucket=212 L4 wlan0 -> ch9  (retuning, ~700ms loss)  | BL=[]
[TX  ->  *] bucket=212 L4 active=wlan0 ch9  BL=[]
[RX  <- B] bucket=212  peer_BL=[]  my_BL=[]
[01:01:52] HOP bucket=213 L4 wlan0 -> ch6  (retuning, ~700ms loss)  | BL=[]
[TX  ->  *] bucket=213 L4 active=wlan0 ch6  BL=[]
[RX  <- B] bucket=213  peer_BL=[]  my_BL=[]
[01:01:54] HOP bucket=214 L4 wlan0 -> ch9  (retuning, ~700ms loss)  | BL=[]
[RX  <- B] bucket=214  peer_BL=[]  my_BL=[]
[TX  ->  *] bucket=214 L4 active=wlan0 ch9  BL=[]
[01:01:56] HOP bucket=215 L4 wlan0 -> ch7  (retuning, ~700ms loss)  | BL=[]
[RX  <- B] bucket=215  peer_BL=[]  my_BL=[]
[TX  ->  *] bucket=215 L4 active=wlan0 ch7  BL=[]
[01:01:58] HOP bucket=216 L4 wlan0 -> ch4  (retuning, ~700ms loss)  | BL=[]
[TX  ->  *] bucket=216 L4 active=wlan0 ch4  BL=[]
[RX  <- B] bucket=216  peer_BL=[]  my_BL=[]
[01:02:00] HOP bucket=217 L4 wlan0 -> ch9  (retuning, ~700ms loss)  | BL=[]
[TX  ->  *] bucket=217 L4 active=wlan0 ch9  BL=[]
[RX  <- B] bucket=217  peer_BL=[]  my_BL=[]
[01:02:02] HOP bucket=218 L4 wlan0 -> ch9  (retuning, ~700ms loss)  | BL=[]
[RX  <- B] bucket=218  peer_BL=[]  my_BL=[]
[TX  ->  *] bucket=218 L4 active=wlan0 ch9  BL=[]
[01:02:04] HOP bucket=219 L4 wlan0 -> ch3  (retuning, ~700ms loss)  | BL=[]
[RX  <- B] bucket=219  peer_BL=[]  my_BL=[]
[TX  ->  *] bucket=219 L4 active=wlan0 ch3  BL=[]
[01:02:06] HOP bucket=220 L4 wlan0 -> ch6  (retuning, ~700ms loss)  | BL=[]
[RX  <- B] bucket=220  peer_BL=[]  my_BL=[]
[TX  ->  *] bucket=220 L4 active=wlan0 ch6  BL=[]
[01:02:08] HOP bucket=221 L4 wlan0 -> ch9  (retuning, ~700ms loss)  | BL=[]
[TX  ->  *] bucket=221 L4 active=wlan0 ch9  BL=[]
[RX  <- B] bucket=221  peer_BL=[]  my_BL=[]
[01:02:10] HOP bucket=222 L4 wlan0 -> ch7  (retuning, ~700ms loss)  | BL=[]
[TX  ->  *] bucket=222 L4 active=wlan0 ch7  BL=[]
[RX  <- B] bucket=222  peer_BL=[]  my_BL=[]
[01:02:12] HOP bucket=223 L4 wlan0 -> ch7  (retuning, ~700ms loss)  | BL=[]
[TX  ->  *] bucket=223 L4 active=wlan0 ch7  BL=[]
[RX  <- B] bucket=223  peer_BL=[]  my_BL=[]
[01:02:14] HOP bucket=224 L4 wlan0 -> ch8  (retuning, ~700ms loss)  | BL=[]
[TX  ->  *] bucket=224 L4 active=wlan0 ch8  BL=[]
[RX  <- B] bucket=224  peer_BL=[]  my_BL=[]
[01:02:16] HOP bucket=225 L4 wlan0 -> ch8  (retuning, ~700ms loss)  | BL=[]
[TX  ->  *] bucket=225 L4 active=wlan0 ch8  BL=[]
[RX  <- B] bucket=225  peer_BL=[]  my_BL=[]
[01:02:18] HOP bucket=226 L4 wlan0 -> ch10  (retuning, ~700ms loss)  | BL=[]
[TX  ->  *] bucket=226 L4 active=wlan0 ch10  BL=[]
[RX  <- B] bucket=226  peer_BL=[]  my_BL=[]
[01:02:20] HOP bucket=227 L4 wlan0 -> ch8  (retuning, ~700ms loss)  | BL=[]
[TX  ->  *] bucket=227 L4 active=wlan0 ch8  BL=[]
[RX  <- B] bucket=227  peer_BL=[]  my_BL=[]
[01:02:22] HOP bucket=228 L4 wlan0 -> ch6  (retuning, ~700ms loss)  | BL=[]
[TX  ->  *] bucket=228 L4 active=wlan0 ch6  BL=[]
[RX  <- B] bucket=228  peer_BL=[]  my_BL=[]
[01:02:24] HOP bucket=229 L4 wlan0 -> ch3  (retuning, ~700ms loss)  | BL=[]
[TX  ->  *] bucket=229 L4 active=wlan0 ch3  BL=[]
[RX  <- B] bucket=229  peer_BL=[]  my_BL=[]
[01:02:26] HOP bucket=230 L4 wlan0 -> ch4  (retuning, ~700ms loss)  | BL=[]
[TX  ->  *] bucket=230 L4 active=wlan0 ch4  BL=[]
[RX  <- B] bucket=230  peer_BL=[]  my_BL=[]
[01:02:28] HOP bucket=231 L4 wlan0 -> ch3  (retuning, ~700ms loss)  | BL=[]
[TX  ->  *] bucket=231 L4 active=wlan0 ch3  BL=[]
[RX  <- B] bucket=231  peer_BL=[]  my_BL=[]
[01:02:30] HOP bucket=232 L4 wlan0 -> ch7  (retuning, ~700ms loss)  | BL=[]
[TX  ->  *] bucket=232 L4 active=wlan0 ch7  BL=[]
[RX  <- B] bucket=232  peer_BL=[]  my_BL=[]
[01:02:32] HOP bucket=233 L4 wlan0 -> ch6  (retuning, ~700ms loss)  | BL=[]
[RX  <- B] bucket=233  peer_BL=[]  my_BL=[]
[TX  ->  *] bucket=233 L4 active=wlan0 ch6  BL=[]
[01:02:34] HOP bucket=234 L4 wlan0 -> ch9  (retuning, ~700ms loss)  | BL=[]
[TX  ->  *] bucket=234 L4 active=wlan0 ch9  BL=[]
[RX  <- B] bucket=234  peer_BL=[]  my_BL=[]
[01:02:36] HOP bucket=235 L4 wlan0 -> ch7  (retuning, ~700ms loss)  | BL=[]
[RX  <- B] bucket=235  peer_BL=[]  my_BL=[]
[TX  ->  *] bucket=235 L4 active=wlan0 ch7  BL=[]
[01:02:38] HOP bucket=236 L4 wlan0 -> ch11  (retuning, ~700ms loss)  | BL=[]
[TX  ->  *] bucket=236 L4 active=wlan0 ch11  BL=[]
[RX  <- B] bucket=236  peer_BL=[]  my_BL=[]
[01:02:40] HOP bucket=237 L4 wlan0 -> ch5  (retuning, ~700ms loss)  | BL=[]
[RX  <- B] bucket=237  peer_BL=[]  my_BL=[]
[TX  ->  *] bucket=237 L4 active=wlan0 ch5  BL=[]
[01:02:42] HOP bucket=238 L4 wlan0 -> ch9  (retuning, ~700ms loss)  | BL=[]
[RX  <- B] bucket=238  peer_BL=[]  my_BL=[]
[TX  ->  *] bucket=238 L4 active=wlan0 ch9  BL=[]
[01:02:44] HOP bucket=239 L4 wlan0 -> ch6  (retuning, ~700ms loss)  | BL=[]
[RX  <- B] bucket=239  peer_BL=[]  my_BL=[]
[TX  ->  *] bucket=239 L4 active=wlan0 ch6  BL=[]
[01:02:46] HOP bucket=240 L4 wlan0 -> ch7  (retuning, ~700ms loss)  | BL=[]
[RX  <- B] bucket=240  peer_BL=[]  my_BL=[]
[TX  ->  *] bucket=240 L4 active=wlan0 ch7  BL=[]
[01:02:48] HOP bucket=241 L4 wlan0 -> ch10  (retuning, ~700ms loss)  | BL=[]
[RX  <- B] bucket=241  peer_BL=[]  my_BL=[]
[TX  ->  *] bucket=241 L4 active=wlan0 ch10  BL=[]
[01:02:50] HOP bucket=242 L4 wlan0 -> ch4  (retuning, ~700ms loss)  | BL=[]
[RX  <- B] bucket=242  peer_BL=[]  my_BL=[]
[TX  ->  *] bucket=242 L4 active=wlan0 ch4  BL=[]
[01:02:52] HOP bucket=243 L4 wlan0 -> ch6  (retuning, ~700ms loss)  | BL=[]
[RX  <- B] bucket=243  peer_BL=[]  my_BL=[]
[TX  ->  *] bucket=243 L4 active=wlan0 ch6  BL=[]
[01:02:54] HOP bucket=244 L4 wlan0 -> ch7  (retuning, ~700ms loss)  | BL=[]
[TX  ->  *] bucket=244 L4 active=wlan0 ch7  BL=[]
[RX  <- B] bucket=244  peer_BL=[]  my_BL=[]
[01:02:56] HOP bucket=245 L4 wlan0 -> ch9  (retuning, ~700ms loss)  | BL=[]
[RX  <- B] bucket=245  peer_BL=[]  my_BL=[]
[TX  ->  *] bucket=245 L4 active=wlan0 ch9  BL=[]
[01:02:58] HOP bucket=246 L4 wlan0 -> ch9  (retuning, ~700ms loss)  | BL=[]
[TX  ->  *] bucket=246 L4 active=wlan0 ch9  BL=[]
[RX  <- B] bucket=246  peer_BL=[]  my_BL=[]
[01:03:00] HOP bucket=247 L4 wlan0 -> ch10  (retuning, ~700ms loss)  | BL=[]
[RX  <- B] bucket=247  peer_BL=[]  my_BL=[]
[TX  ->  *] bucket=247 L4 active=wlan0 ch10  BL=[]
[01:03:02] HOP bucket=248 L4 wlan0 -> ch8  (retuning, ~700ms loss)  | BL=[]
[RX  <- B] bucket=248  peer_BL=[]  my_BL=[]
[TX  ->  *] bucket=248 L4 active=wlan0 ch8  BL=[]
[01:03:04] HOP bucket=249 L4 wlan0 -> ch8  (retuning, ~700ms loss)  | BL=[]
[RX  <- B] bucket=249  peer_BL=[]  my_BL=[]
[TX  ->  *] bucket=249 L4 active=wlan0 ch8  BL=[]
[01:03:06] HOP bucket=250 L4 wlan0 -> ch3  (retuning, ~700ms loss)  | BL=[]
[RX  <- B] bucket=250  peer_BL=[]  my_BL=[]
[TX  ->  *] bucket=250 L4 active=wlan0 ch3  BL=[]
[01:03:08] HOP bucket=251 L4 wlan0 -> ch11  (retuning, ~700ms loss)  | BL=[]
[RX  <- B] bucket=251  peer_BL=[]  my_BL=[]
[TX  ->  *] bucket=251 L4 active=wlan0 ch11  BL=[]
[01:03:10] HOP bucket=252 L4 wlan0 -> ch5  (retuning, ~700ms loss)  | BL=[]
[RX  <- B] bucket=252  peer_BL=[]  my_BL=[]
[TX  ->  *] bucket=252 L4 active=wlan0 ch5  BL=[]
[01:03:12] HOP bucket=253 L4 wlan0 -> ch11  (retuning, ~700ms loss)  | BL=[]
[TX  ->  *] bucket=253 L4 active=wlan0 ch11  BL=[]
[RX  <- B] bucket=253  peer_BL=[]  my_BL=[]
[01:03:14] HOP bucket=254 L4 wlan0 -> ch8  (retuning, ~700ms loss)  | BL=[]
[TX  ->  *] bucket=254 L4 active=wlan0 ch8  BL=[]
[RX  <- B] bucket=254  peer_BL=[]  my_BL=[]
[01:03:16] HOP bucket=255 L4 wlan0 -> ch8  (retuning, ~700ms loss)  | BL=[]
[RX  <- B] bucket=255  peer_BL=[]  my_BL=[]
[TX  ->  *] bucket=255 L4 active=wlan0 ch8  BL=[]
[01:03:18] HOP bucket=256 L4 wlan0 -> ch5  (retuning, ~700ms loss)  | BL=[]
[TX  ->  *] bucket=256 L4 active=wlan0 ch5  BL=[]
[RX  <- B] bucket=256  peer_BL=[]  my_BL=[]
[01:03:20] HOP bucket=257 L4 wlan0 -> ch10  (retuning, ~700ms loss)  | BL=[]
[TX  ->  *] bucket=257 L4 active=wlan0 ch10  BL=[]
[RX  <- B] bucket=257  peer_BL=[]  my_BL=[]
[01:03:22] HOP bucket=258 L4 wlan0 -> ch4  (retuning, ~700ms loss)  | BL=[]
[RX  <- B] bucket=258  peer_BL=[]  my_BL=[]
[TX  ->  *] bucket=258 L4 active=wlan0 ch4  BL=[]
[01:03:24] HOP bucket=259 L4 wlan0 -> ch5  (retuning, ~700ms loss)  | BL=[]
[TX  ->  *] bucket=259 L4 active=wlan0 ch5  BL=[]
[RX  <- B] bucket=259  peer_BL=[]  my_BL=[]
[01:03:26] HOP bucket=260 L4 wlan0 -> ch8  (retuning, ~700ms loss)  | BL=[]
[RX  <- B] bucket=260  peer_BL=[]  my_BL=[]
[TX  ->  *] bucket=260 L4 active=wlan0 ch8  BL=[]
[01:03:28] HOP bucket=261 L4 wlan0 -> ch3  (retuning, ~700ms loss)  | BL=[]
[RX  <- B] bucket=261  peer_BL=[]  my_BL=[]
[TX  ->  *] bucket=261 L4 active=wlan0 ch3  BL=[]
[01:03:30] HOP bucket=262 L4 wlan0 -> ch8  (retuning, ~700ms loss)  | BL=[]
[TX  ->  *] bucket=262 L4 active=wlan0 ch8  BL=[]
[RX  <- B] bucket=262  peer_BL=[]  my_BL=[]
[01:03:32] HOP bucket=263 L4 wlan0 -> ch3  (retuning, ~700ms loss)  | BL=[]
[TX  ->  *] bucket=263 L4 active=wlan0 ch3  BL=[]
[RX  <- B] bucket=263  peer_BL=[]  my_BL=[]
[01:03:34] HOP bucket=264 L4 wlan0 -> ch9  (retuning, ~700ms loss)  | BL=[]
[RX  <- B] bucket=264  peer_BL=[]  my_BL=[]
[TX  ->  *] bucket=264 L4 active=wlan0 ch9  BL=[]
[01:03:36] HOP bucket=265 L4 wlan0 -> ch6  (retuning, ~700ms loss)  | BL=[]
[RX  <- B] bucket=265  peer_BL=[]  my_BL=[]
[TX  ->  *] bucket=265 L4 active=wlan0 ch6  BL=[]
[01:03:38] HOP bucket=266 L4 wlan0 -> ch8  (retuning, ~700ms loss)  | BL=[]
[RX  <- B] bucket=266  peer_BL=[]  my_BL=[]
[TX  ->  *] bucket=266 L4 active=wlan0 ch8  BL=[]
[01:03:40] HOP bucket=267 L4 wlan0 -> ch6  (retuning, ~700ms loss)  | BL=[]
[RX  <- B] bucket=267  peer_BL=[]  my_BL=[]
[TX  ->  *] bucket=267 L4 active=wlan0 ch6  BL=[]
[01:03:42] HOP bucket=268 L4 wlan0 -> ch9  (retuning, ~700ms loss)  | BL=[]
[RX  <- B] bucket=268  peer_BL=[]  my_BL=[]
[TX  ->  *] bucket=268 L4 active=wlan0 ch9  BL=[]
[01:03:44] HOP bucket=269 L4 wlan0 -> ch7  (retuning, ~700ms loss)  | BL=[]
[RX  <- B] bucket=269  peer_BL=[]  my_BL=[]
[TX  ->  *] bucket=269 L4 active=wlan0 ch7  BL=[]
[01:03:46] HOP bucket=270 L4 wlan0 -> ch11  (retuning, ~700ms loss)  | BL=[]
[RX  <- B] bucket=270  peer_BL=[]  my_BL=[]
[TX  ->  *] bucket=270 L4 active=wlan0 ch11  BL=[]
[01:03:48] HOP bucket=271 L4 wlan0 -> ch6  (retuning, ~700ms loss)  | BL=[]
[TX  ->  *] bucket=271 L4 active=wlan0 ch6  BL=[]
[RX  <- B] bucket=271  peer_BL=[]  my_BL=[]
[01:03:50] HOP bucket=272 L4 wlan0 -> ch7  (retuning, ~700ms loss)  | BL=[]
[RX  <- B] bucket=272  peer_BL=[]  my_BL=[]
[TX  ->  *] bucket=272 L4 active=wlan0 ch7  BL=[]
[01:03:52] HOP bucket=273 L4 wlan0 -> ch8  (retuning, ~700ms loss)  | BL=[]
[RX  <- B] bucket=273  peer_BL=[]  my_BL=[]
[TX  ->  *] bucket=273 L4 active=wlan0 ch8  BL=[]
[01:03:54] HOP bucket=274 L4 wlan0 -> ch7  (retuning, ~700ms loss)  | BL=[]
[TX  ->  *] bucket=274 L4 active=wlan0 ch7  BL=[]
[RX  <- B] bucket=274  peer_BL=[]  my_BL=[]
[01:03:56] HOP bucket=275 L4 wlan0 -> ch8  (retuning, ~700ms loss)  | BL=[]
[RX  <- B] bucket=275  peer_BL=[]  my_BL=[]
[TX  ->  *] bucket=275 L4 active=wlan0 ch8  BL=[]
[01:03:58] HOP bucket=276 L4 wlan0 -> ch5  (retuning, ~700ms loss)  | BL=[]
[TX  ->  *] bucket=276 L4 active=wlan0 ch5  BL=[]
[RX  <- B] bucket=276  peer_BL=[]  my_BL=[]
[01:04:00] HOP bucket=277 L4 wlan0 -> ch6  (retuning, ~700ms loss)  | BL=[]
[TX  ->  *] bucket=277 L4 active=wlan0 ch6  BL=[]
[RX  <- B] bucket=277  peer_BL=[]  my_BL=[]
[01:04:02] HOP bucket=278 L4 wlan0 -> ch10  (retuning, ~700ms loss)  | BL=[]
[TX  ->  *] bucket=278 L4 active=wlan0 ch10  BL=[]
[RX  <- B] bucket=278  peer_BL=[]  my_BL=[]
[01:04:04] HOP bucket=279 L4 wlan0 -> ch4  (retuning, ~700ms loss)  | BL=[]
[TX  ->  *] bucket=279 L4 active=wlan0 ch4  BL=[]
[RX  <- B] bucket=279  peer_BL=[]  my_BL=[]
[01:04:06] HOP bucket=280 L4 wlan0 -> ch5  (retuning, ~700ms loss)  | BL=[]
[RX  <- B] bucket=280  peer_BL=[]  my_BL=[]
[TX  ->  *] bucket=280 L4 active=wlan0 ch5  BL=[]
[01:04:08] HOP bucket=281 L4 wlan0 -> ch3  (retuning, ~700ms loss)  | BL=[]
[RX  <- B] bucket=281  peer_BL=[]  my_BL=[]
[TX  ->  *] bucket=281 L4 active=wlan0 ch3  BL=[]
[01:04:10] HOP bucket=282 L4 wlan0 -> ch10  (retuning, ~700ms loss)  | BL=[]
[RX  <- B] bucket=282  peer_BL=[]  my_BL=[]
[TX  ->  *] bucket=282 L4 active=wlan0 ch10  BL=[]
[01:04:12] HOP bucket=283 L4 wlan0 -> ch6  (retuning, ~700ms loss)  | BL=[]
[RX  <- B] bucket=283  peer_BL=[]  my_BL=[]
[TX  ->  *] bucket=283 L4 active=wlan0 ch6  BL=[]
[01:04:14] HOP bucket=284 L4 wlan0 -> ch11  (retuning, ~700ms loss)  | BL=[]
[RX  <- B] bucket=284  peer_BL=[]  my_BL=[]
[TX  ->  *] bucket=284 L4 active=wlan0 ch11  BL=[]
[01:04:16] HOP bucket=285 L4 wlan0 -> ch3  (retuning, ~700ms loss)  | BL=[]
[RX  <- B] bucket=285  peer_BL=[]  my_BL=[]
[TX  ->  *] bucket=285 L4 active=wlan0 ch3  BL=[]
[01:04:18] HOP bucket=286 L4 wlan0 -> ch10  (retuning, ~700ms loss)  | BL=[]
[TX  ->  *] bucket=286 L4 active=wlan0 ch10  BL=[]
[RX  <- B] bucket=286  peer_BL=[]  my_BL=[]
[01:04:20] HOP bucket=287 L4 wlan0 -> ch5  (retuning, ~700ms loss)  | BL=[]
[TX  ->  *] bucket=287 L4 active=wlan0 ch5  BL=[]
[RX  <- B] bucket=287  peer_BL=[]  my_BL=[]
[01:04:22] HOP bucket=288 L4 wlan0 -> ch4  (retuning, ~700ms loss)  | BL=[]
[TX  ->  *] bucket=288 L4 active=wlan0 ch4  BL=[]
[RX  <- B] bucket=288  peer_BL=[]  my_BL=[]
[01:04:24] HOP bucket=289 L4 wlan0 -> ch8  (retuning, ~700ms loss)  | BL=[]
[TX  ->  *] bucket=289 L4 active=wlan0 ch8  BL=[]
[RX  <- B] bucket=289  peer_BL=[]  my_BL=[]
[01:04:26] HOP bucket=290 L4 wlan0 -> ch3  (retuning, ~700ms loss)  | BL=[]
[TX  ->  *] bucket=290 L4 active=wlan0 ch3  BL=[]
[RX  <- B] bucket=290  peer_BL=[]  my_BL=[]
[01:04:28] HOP bucket=291 L4 wlan0 -> ch6  (retuning, ~700ms loss)  | BL=[]
[TX  ->  *] bucket=291 L4 active=wlan0 ch6  BL=[]
[RX  <- B] bucket=291  peer_BL=[]  my_BL=[]
[01:04:30] HOP bucket=292 L4 wlan0 -> ch11  (retuning, ~700ms loss)  | BL=[]
[RX  <- B] bucket=292  peer_BL=[]  my_BL=[]
[TX  ->  *] bucket=292 L4 active=wlan0 ch11  BL=[]
[01:04:32] HOP bucket=293 L4 wlan0 -> ch3  (retuning, ~700ms loss)  | BL=[]
[RX  <- B] bucket=293  peer_BL=[]  my_BL=[]
[TX  ->  *] bucket=293 L4 active=wlan0 ch3  BL=[]
[01:04:34] HOP bucket=294 L4 wlan0 -> ch10  (retuning, ~700ms loss)  | BL=[]
[TX  ->  *] bucket=294 L4 active=wlan0 ch10  BL=[]
[RX  <- B] bucket=294  peer_BL=[]  my_BL=[]
[01:04:36] HOP bucket=295 L4 wlan0 -> ch9  (retuning, ~700ms loss)  | BL=[]
[TX  ->  *] bucket=295 L4 active=wlan0 ch9  BL=[]
[RX  <- B] bucket=295  peer_BL=[]  my_BL=[]
[01:04:38] HOP bucket=296 L4 wlan0 -> ch8  (retuning, ~700ms loss)  | BL=[]
[TX  ->  *] bucket=296 L4 active=wlan0 ch8  BL=[]
[RX  <- B] bucket=296  peer_BL=[]  my_BL=[]
[01:04:40] HOP bucket=297 L4 wlan0 -> ch8  (retuning, ~700ms loss)  | BL=[]
[TX  ->  *] bucket=297 L4 active=wlan0 ch8  BL=[]
[RX  <- B] bucket=297  peer_BL=[]  my_BL=[]
[01:04:42] HOP bucket=298 L4 wlan0 -> ch5  (retuning, ~700ms loss)  | BL=[]
[TX  ->  *] bucket=298 L4 active=wlan0 ch5  BL=[]
[RX  <- B] bucket=298  peer_BL=[]  my_BL=[]
[01:04:44] HOP bucket=299 L4 wlan0 -> ch7  (retuning, ~700ms loss)  | BL=[]
[TX  ->  *] bucket=299 L4 active=wlan0 ch7  BL=[]
[RX  <- B] bucket=299  peer_BL=[]  my_BL=[]
[01:04:46] HOP bucket=300 L4 wlan0 -> ch8  (retuning, ~700ms loss)  | BL=[]
[RX  <- B] bucket=300  peer_BL=[]  my_BL=[]
[TX  ->  *] bucket=300 L4 active=wlan0 ch8  BL=[]
[01:04:48] HOP bucket=301 L4 wlan0 -> ch4  (retuning, ~700ms loss)  | BL=[]
[TX  ->  *] bucket=301 L4 active=wlan0 ch4  BL=[]
[RX  <- B] bucket=301  peer_BL=[]  my_BL=[]
[01:04:50] HOP bucket=302 L4 wlan0 -> ch10  (retuning, ~700ms loss)  | BL=[]
[TX  ->  *] bucket=302 L4 active=wlan0 ch10  BL=[]
[RX  <- B] bucket=302  peer_BL=[]  my_BL=[]
[01:04:52] HOP bucket=303 L4 wlan0 -> ch4  (retuning, ~700ms loss)  | BL=[]
[TX  ->  *] bucket=303 L4 active=wlan0 ch4  BL=[]
[RX  <- B] bucket=303  peer_BL=[]  my_BL=[]
[01:04:54] HOP bucket=304 L4 wlan0 -> ch5  (retuning, ~700ms loss)  | BL=[]
[TX  ->  *] bucket=304 L4 active=wlan0 ch5  BL=[]
[RX  <- B] bucket=304  peer_BL=[]  my_BL=[]
[01:04:56] HOP bucket=305 L4 wlan0 -> ch9  (retuning, ~700ms loss)  | BL=[]
[TX  ->  *] bucket=305 L4 active=wlan0 ch9  BL=[]
[RX  <- B] bucket=305  peer_BL=[]  my_BL=[]
[01:04:58] HOP bucket=306 L4 wlan0 -> ch9  (retuning, ~700ms loss)  | BL=[]
[RX  <- B] bucket=306  peer_BL=[]  my_BL=[]
[TX  ->  *] bucket=306 L4 active=wlan0 ch9  BL=[]
[01:05:00] HOP bucket=307 L4 wlan0 -> ch3  (retuning, ~700ms loss)  | BL=[]
[TX  ->  *] bucket=307 L4 active=wlan0 ch3  BL=[]
[RX  <- B] bucket=307  peer_BL=[]  my_BL=[]
[01:05:02] HOP bucket=308 L4 wlan0 -> ch3  (retuning, ~700ms loss)  | BL=[]
[TX  ->  *] bucket=308 L4 active=wlan0 ch3  BL=[]
[RX  <- B] bucket=308  peer_BL=[]  my_BL=[]
[01:05:04] HOP bucket=309 L4 wlan0 -> ch11  (retuning, ~700ms loss)  | BL=[]
[TX  ->  *] bucket=309 L4 active=wlan0 ch11  BL=[]
[RX  <- B] bucket=309  peer_BL=[]  my_BL=[]
[01:05:06] HOP bucket=310 L4 wlan0 -> ch10  (retuning, ~700ms loss)  | BL=[]
[TX  ->  *] bucket=310 L4 active=wlan0 ch10  BL=[]
[RX  <- B] bucket=310  peer_BL=[]  my_BL=[]
[01:05:08] HOP bucket=311 L4 wlan0 -> ch10  (retuning, ~700ms loss)  | BL=[]
[TX  ->  *] bucket=311 L4 active=wlan0 ch10  BL=[]
[RX  <- B] bucket=311  peer_BL=[]  my_BL=[]
[01:05:10] HOP bucket=312 L4 wlan0 -> ch3  (retuning, ~700ms loss)  | BL=[]
[TX  ->  *] bucket=312 L4 active=wlan0 ch3  BL=[]
[RX  <- B] bucket=312  peer_BL=[]  my_BL=[]
[01:05:12] HOP bucket=313 L4 wlan0 -> ch9  (retuning, ~700ms loss)  | BL=[]
[TX  ->  *] bucket=313 L4 active=wlan0 ch9  BL=[]
[RX  <- B] bucket=313  peer_BL=[]  my_BL=[]
[01:05:14] HOP bucket=314 L4 wlan0 -> ch4  (retuning, ~700ms loss)  | BL=[]
[TX  ->  *] bucket=314 L4 active=wlan0 ch4  BL=[]
[RX  <- B] bucket=314  peer_BL=[]  my_BL=[]
[01:05:16] HOP bucket=315 L4 wlan0 -> ch8  (retuning, ~700ms loss)  | BL=[]
[TX  ->  *] bucket=315 L4 active=wlan0 ch8  BL=[]
[RX  <- B] bucket=315  peer_BL=[]  my_BL=[]
[01:05:18] HOP bucket=316 L4 wlan0 -> ch11  (retuning, ~700ms loss)  | BL=[]
[RX  <- B] bucket=316  peer_BL=[]  my_BL=[]
[TX  ->  *] bucket=316 L4 active=wlan0 ch11  BL=[]
[01:05:20] HOP bucket=317 L4 wlan0 -> ch6  (retuning, ~700ms loss)  | BL=[]
[RX  <- B] bucket=317  peer_BL=[]  my_BL=[]
[TX  ->  *] bucket=317 L4 active=wlan0 ch6  BL=[]
[01:05:22] HOP bucket=318 L4 wlan0 -> ch5  (retuning, ~700ms loss)  | BL=[]
[RX  <- B] bucket=318  peer_BL=[]  my_BL=[]
[TX  ->  *] bucket=318 L4 active=wlan0 ch5  BL=[]
[01:05:24] HOP bucket=319 L4 wlan0 -> ch10  (retuning, ~700ms loss)  | BL=[]
[RX  <- B] bucket=319  peer_BL=[]  my_BL=[]
[TX  ->  *] bucket=319 L4 active=wlan0 ch10  BL=[]
[01:05:26] HOP bucket=320 L4 wlan0 -> ch9  (retuning, ~700ms loss)  | BL=[]
[RX  <- B] bucket=320  peer_BL=[]  my_BL=[]
[TX  ->  *] bucket=320 L4 active=wlan0 ch9  BL=[]
[01:05:28] HOP bucket=321 L4 wlan0 -> ch9  (retuning, ~700ms loss)  | BL=[]
[TX  ->  *] bucket=321 L4 active=wlan0 ch9  BL=[]
[RX  <- B] bucket=321  peer_BL=[]  my_BL=[]
[01:05:30] HOP bucket=322 L4 wlan0 -> ch3  (retuning, ~700ms loss)  | BL=[]
[TX  ->  *] bucket=322 L4 active=wlan0 ch3  BL=[]
[RX  <- B] bucket=322  peer_BL=[]  my_BL=[]
[01:05:32] HOP bucket=323 L4 wlan0 -> ch6  (retuning, ~700ms loss)  | BL=[]
[TX  ->  *] bucket=323 L4 active=wlan0 ch6  BL=[]
[RX  <- B] bucket=323  peer_BL=[]  my_BL=[]
[01:05:34] HOP bucket=324 L4 wlan0 -> ch10  (retuning, ~700ms loss)  | BL=[]
[TX  ->  *] bucket=324 L4 active=wlan0 ch10  BL=[]
[RX  <- B] bucket=324  peer_BL=[]  my_BL=[]
[01:05:36] HOP bucket=325 L4 wlan0 -> ch7  (retuning, ~700ms loss)  | BL=[]
[RX  <- B] bucket=325  peer_BL=[]  my_BL=[]
[TX  ->  *] bucket=325 L4 active=wlan0 ch7  BL=[]
[01:05:38] HOP bucket=326 L4 wlan0 -> ch9  (retuning, ~700ms loss)  | BL=[]
[TX  ->  *] bucket=326 L4 active=wlan0 ch9  BL=[]
[RX  <- B] bucket=326  peer_BL=[]  my_BL=[]
[01:05:40] HOP bucket=327 L4 wlan0 -> ch4  (retuning, ~700ms loss)  | BL=[]
[TX  ->  *] bucket=327 L4 active=wlan0 ch4  BL=[]
[RX  <- B] bucket=327  peer_BL=[]  my_BL=[]
[01:05:42] HOP bucket=328 L4 wlan0 -> ch9  (retuning, ~700ms loss)  | BL=[]
[RX  <- B] bucket=328  peer_BL=[]  my_BL=[]
[TX  ->  *] bucket=328 L4 active=wlan0 ch9  BL=[]
[01:05:44] HOP bucket=329 L4 wlan0 -> ch4  (retuning, ~700ms loss)  | BL=[]
[RX  <- B] bucket=329  peer_BL=[]  my_BL=[]
[TX  ->  *] bucket=329 L4 active=wlan0 ch4  BL=[]
[01:05:46] HOP bucket=330 L4 wlan0 -> ch5  (retuning, ~700ms loss)  | BL=[]
[TX  ->  *] bucket=330 L4 active=wlan0 ch5  BL=[]
[RX  <- B] bucket=330  peer_BL=[]  my_BL=[]
[01:05:48] HOP bucket=331 L4 wlan0 -> ch11  (retuning, ~700ms loss)  | BL=[]
[TX  ->  *] bucket=331 L4 active=wlan0 ch11  BL=[]
[RX  <- B] bucket=331  peer_BL=[]  my_BL=[]
[01:05:50] HOP bucket=332 L4 wlan0 -> ch4  (retuning, ~700ms loss)  | BL=[]
[RX  <- B] bucket=332  peer_BL=[]  my_BL=[]
[TX  ->  *] bucket=332 L4 active=wlan0 ch4  BL=[]
[01:05:52] HOP bucket=333 L4 wlan0 -> ch9  (retuning, ~700ms loss)  | BL=[]
[RX  <- B] bucket=333  peer_BL=[]  my_BL=[]
[TX  ->  *] bucket=333 L4 active=wlan0 ch9  BL=[]
[01:05:54] HOP bucket=334 L4 wlan0 -> ch4  (retuning, ~700ms loss)  | BL=[]
[RX  <- B] bucket=334  peer_BL=[]  my_BL=[]
[TX  ->  *] bucket=334 L4 active=wlan0 ch4  BL=[]
[01:05:56] HOP bucket=335 L4 wlan0 -> ch8  (retuning, ~700ms loss)  | BL=[]
[TX  ->  *] bucket=335 L4 active=wlan0 ch8  BL=[]
[RX  <- B] bucket=335  peer_BL=[]  my_BL=[]
[01:05:58] HOP bucket=336 L4 wlan0 -> ch9  (retuning, ~700ms loss)  | BL=[]
[TX  ->  *] bucket=336 L4 active=wlan0 ch9  BL=[]
[RX  <- B] bucket=336  peer_BL=[]  my_BL=[]
[01:06:00] HOP bucket=337 L4 wlan0 -> ch4  (retuning, ~700ms loss)  | BL=[]
[RX  <- B] bucket=337  peer_BL=[]  my_BL=[]
[TX  ->  *] bucket=337 L4 active=wlan0 ch4  BL=[]
[01:06:02] HOP bucket=338 L4 wlan0 -> ch3  (retuning, ~700ms loss)  | BL=[]
[RX  <- B] bucket=338  peer_BL=[]  my_BL=[]
[TX  ->  *] bucket=338 L4 active=wlan0 ch3  BL=[]
[01:06:04] HOP bucket=339 L4 wlan0 -> ch4  (retuning, ~700ms loss)  | BL=[]
[RX  <- B] bucket=339  peer_BL=[]  my_BL=[]
[TX  ->  *] bucket=339 L4 active=wlan0 ch4  BL=[]
[01:06:06] HOP bucket=340 L4 wlan0 -> ch3  (retuning, ~700ms loss)  | BL=[]
[RX  <- B] bucket=340  peer_BL=[]  my_BL=[]
[TX  ->  *] bucket=340 L4 active=wlan0 ch3  BL=[]
[01:06:08] HOP bucket=341 L4 wlan0 -> ch3  (retuning, ~700ms loss)  | BL=[]
[RX  <- B] bucket=341  peer_BL=[]  my_BL=[]
[TX  ->  *] bucket=341 L4 active=wlan0 ch3  BL=[]
[01:06:10] HOP bucket=342 L4 wlan0 -> ch10  (retuning, ~700ms loss)  | BL=[]
[TX  ->  *] bucket=342 L4 active=wlan0 ch10  BL=[]
[RX  <- B] bucket=342  peer_BL=[]  my_BL=[]
[01:06:12] HOP bucket=343 L4 wlan0 -> ch3  (retuning, ~700ms loss)  | BL=[]
[TX  ->  *] bucket=343 L4 active=wlan0 ch3  BL=[]
[RX  <- B] bucket=343  peer_BL=[]  my_BL=[]
[01:06:14] HOP bucket=344 L4 wlan0 -> ch7  (retuning, ~700ms loss)  | BL=[]
[RX  <- B] bucket=344  peer_BL=[]  my_BL=[]
[TX  ->  *] bucket=344 L4 active=wlan0 ch7  BL=[]
[01:06:16] HOP bucket=345 L4 wlan0 -> ch4  (retuning, ~700ms loss)  | BL=[]
[RX  <- B] bucket=345  peer_BL=[]  my_BL=[]
[TX  ->  *] bucket=345 L4 active=wlan0 ch4  BL=[]
[01:06:18] HOP bucket=346 L4 wlan0 -> ch11  (retuning, ~700ms loss)  | BL=[]
[RX  <- B] bucket=346  peer_BL=[]  my_BL=[]
[TX  ->  *] bucket=346 L4 active=wlan0 ch11  BL=[]
[01:06:20] HOP bucket=347 L4 wlan0 -> ch8  (retuning, ~700ms loss)  | BL=[]
[TX  ->  *] bucket=347 L4 active=wlan0 ch8  BL=[]
[RX  <- B] bucket=347  peer_BL=[]  my_BL=[]
[01:06:22] HOP bucket=348 L4 wlan0 -> ch6  (retuning, ~700ms loss)  | BL=[]
[RX  <- B] bucket=348  peer_BL=[]  my_BL=[]
[TX  ->  *] bucket=348 L4 active=wlan0 ch6  BL=[]
[01:06:24] HOP bucket=349 L4 wlan0 -> ch7  (retuning, ~700ms loss)  | BL=[]
[TX  ->  *] bucket=349 L4 active=wlan0 ch7  BL=[]
[RX  <- B] bucket=349  peer_BL=[]  my_BL=[]
[01:06:26] HOP bucket=350 L4 wlan0 -> ch11  (retuning, ~700ms loss)  | BL=[]
[RX  <- B] bucket=350  peer_BL=[]  my_BL=[]
[TX  ->  *] bucket=350 L4 active=wlan0 ch11  BL=[]
[01:06:28] HOP bucket=351 L4 wlan0 -> ch8  (retuning, ~700ms loss)  | BL=[]
[RX  <- B] bucket=351  peer_BL=[]  my_BL=[]
[TX  ->  *] bucket=351 L4 active=wlan0 ch8  BL=[]
[01:06:30] HOP bucket=352 L4 wlan0 -> ch4  (retuning, ~700ms loss)  | BL=[]
[TX  ->  *] bucket=352 L4 active=wlan0 ch4  BL=[]
[RX  <- B] bucket=352  peer_BL=[]  my_BL=[]
[01:06:32] HOP bucket=353 L4 wlan0 -> ch9  (retuning, ~700ms loss)  | BL=[]
[TX  ->  *] bucket=353 L4 active=wlan0 ch9  BL=[]
[RX  <- B] bucket=353  peer_BL=[]  my_BL=[]
[01:06:34] HOP bucket=354 L4 wlan0 -> ch5  (retuning, ~700ms loss)  | BL=[]
[TX  ->  *] bucket=354 L4 active=wlan0 ch5  BL=[]
[RX  <- B] bucket=354  peer_BL=[]  my_BL=[]
[01:06:36] HOP bucket=355 L4 wlan0 -> ch6  (retuning, ~700ms loss)  | BL=[]
[TX  ->  *] bucket=355 L4 active=wlan0 ch6  BL=[]
[RX  <- B] bucket=355  peer_BL=[]  my_BL=[]
[01:06:38] HOP bucket=356 L4 wlan0 -> ch10  (retuning, ~700ms loss)  | BL=[]
[TX  ->  *] bucket=356 L4 active=wlan0 ch10  BL=[]
[RX  <- B] bucket=356  peer_BL=[]  my_BL=[]
[01:06:40] HOP bucket=357 L4 wlan0 -> ch10  (retuning, ~700ms loss)  | BL=[]
[RX  <- B] bucket=357  peer_BL=[]  my_BL=[]
[TX  ->  *] bucket=357 L4 active=wlan0 ch10  BL=[]
[01:06:42] HOP bucket=358 L4 wlan0 -> ch11  (retuning, ~700ms loss)  | BL=[]
[RX  <- B] bucket=358  peer_BL=[]  my_BL=[]
[TX  ->  *] bucket=358 L4 active=wlan0 ch11  BL=[]
[01:06:44] HOP bucket=359 L4 wlan0 -> ch6  (retuning, ~700ms loss)  | BL=[]
[TX  ->  *] bucket=359 L4 active=wlan0 ch6  BL=[]
[RX  <- B] bucket=359  peer_BL=[]  my_BL=[]
[01:06:46] HOP bucket=360 L4 wlan0 -> ch8  (retuning, ~700ms loss)  | BL=[]
[TX  ->  *] bucket=360 L4 active=wlan0 ch8  BL=[]
[RX  <- B] bucket=360  peer_BL=[]  my_BL=[]
[01:06:48] HOP bucket=361 L4 wlan0 -> ch8  (retuning, ~700ms loss)  | BL=[]
[TX  ->  *] bucket=361 L4 active=wlan0 ch8  BL=[]
[RX  <- B] bucket=361  peer_BL=[]  my_BL=[]
[01:06:50] HOP bucket=362 L4 wlan0 -> ch5  (retuning, ~700ms loss)  | BL=[]
[TX  ->  *] bucket=362 L4 active=wlan0 ch5  BL=[]
[RX  <- B] bucket=362  peer_BL=[]  my_BL=[]
[01:06:52] HOP bucket=363 L4 wlan0 -> ch9  (retuning, ~700ms loss)  | BL=[]
[TX  ->  *] bucket=363 L4 active=wlan0 ch9  BL=[]
[RX  <- B] bucket=363  peer_BL=[]  my_BL=[]
[01:06:54] HOP bucket=364 L4 wlan0 -> ch10  (retuning, ~700ms loss)  | BL=[]
[TX  ->  *] bucket=364 L4 active=wlan0 ch10  BL=[]
[RX  <- B] bucket=364  peer_BL=[]  my_BL=[]
[01:06:56] HOP bucket=365 L4 wlan0 -> ch10  (retuning, ~700ms loss)  | BL=[]
[TX  ->  *] bucket=365 L4 active=wlan0 ch10  BL=[]
[RX  <- B] bucket=365  peer_BL=[]  my_BL=[]
[01:06:58] HOP bucket=366 L4 wlan0 -> ch4  (retuning, ~700ms loss)  | BL=[]
[TX  ->  *] bucket=366 L4 active=wlan0 ch4  BL=[]
[RX  <- B] bucket=366  peer_BL=[]  my_BL=[]
[01:07:00] HOP bucket=367 L4 wlan0 -> ch3  (retuning, ~700ms loss)  | BL=[]
[TX  ->  *] bucket=367 L4 active=wlan0 ch3  BL=[]
[RX  <- B] bucket=367  peer_BL=[]  my_BL=[]
[01:07:02] HOP bucket=368 L4 wlan0 -> ch4  (retuning, ~700ms loss)  | BL=[]
[TX  ->  *] bucket=368 L4 active=wlan0 ch4  BL=[]
[RX  <- B] bucket=368  peer_BL=[]  my_BL=[]
[01:07:04] HOP bucket=369 L4 wlan0 -> ch9  (retuning, ~700ms loss)  | BL=[]
[RX  <- B] bucket=369  peer_BL=[]  my_BL=[]
[TX  ->  *] bucket=369 L4 active=wlan0 ch9  BL=[]
[01:07:06] HOP bucket=370 L4 wlan0 -> ch11  (retuning, ~700ms loss)  | BL=[]
[RX  <- B] bucket=370  peer_BL=[]  my_BL=[]
[TX  ->  *] bucket=370 L4 active=wlan0 ch11  BL=[]
[01:07:08] HOP bucket=371 L4 wlan0 -> ch11  (retuning, ~700ms loss)  | BL=[]
[RX  <- B] bucket=371  peer_BL=[]  my_BL=[]
[TX  ->  *] bucket=371 L4 active=wlan0 ch11  BL=[]
[01:07:10] HOP bucket=372 L4 wlan0 -> ch7  (retuning, ~700ms loss)  | BL=[]
[RX  <- B] bucket=372  peer_BL=[]  my_BL=[]
[TX  ->  *] bucket=372 L4 active=wlan0 ch7  BL=[]
[01:07:12] HOP bucket=373 L4 wlan0 -> ch6  (retuning, ~700ms loss)  | BL=[]
[RX  <- B] bucket=373  peer_BL=[]  my_BL=[]
[TX  ->  *] bucket=373 L4 active=wlan0 ch6  BL=[]
[01:07:14] HOP bucket=374 L4 wlan0 -> ch9  (retuning, ~700ms loss)  | BL=[]
[RX  <- B] bucket=374  peer_BL=[]  my_BL=[]
[TX  ->  *] bucket=374 L4 active=wlan0 ch9  BL=[]
[01:07:16] HOP bucket=375 L4 wlan0 -> ch9  (retuning, ~700ms loss)  | BL=[]
[TX  ->  *] bucket=375 L4 active=wlan0 ch9  BL=[]
[RX  <- B] bucket=375  peer_BL=[]  my_BL=[]
[01:07:18] HOP bucket=376 L4 wlan0 -> ch9  (retuning, ~700ms loss)  | BL=[]
[TX  ->  *] bucket=376 L4 active=wlan0 ch9  BL=[]
[RX  <- B] bucket=376  peer_BL=[]  my_BL=[]
[01:07:20] HOP bucket=377 L4 wlan0 -> ch6  (retuning, ~700ms loss)  | BL=[]
[TX  ->  *] bucket=377 L4 active=wlan0 ch6  BL=[]
[RX  <- B] bucket=377  peer_BL=[]  my_BL=[]
[01:07:22] HOP bucket=378 L4 wlan0 -> ch7  (retuning, ~700ms loss)  | BL=[]
[RX  <- B] bucket=378  peer_BL=[]  my_BL=[]
[TX  ->  *] bucket=378 L4 active=wlan0 ch7  BL=[]
[01:07:24] HOP bucket=379 L4 wlan0 -> ch10  (retuning, ~700ms loss)  | BL=[]
[TX  ->  *] bucket=379 L4 active=wlan0 ch10  BL=[]
[RX  <- B] bucket=379  peer_BL=[]  my_BL=[]
[01:07:26] HOP bucket=380 L4 wlan0 -> ch11  (retuning, ~700ms loss)  | BL=[]
[TX  ->  *] bucket=380 L4 active=wlan0 ch11  BL=[]
[RX  <- B] bucket=380  peer_BL=[]  my_BL=[]
[01:07:28] HOP bucket=381 L4 wlan0 -> ch10  (retuning, ~700ms loss)  | BL=[]
[TX  ->  *] bucket=381 L4 active=wlan0 ch10  BL=[]
[RX  <- B] bucket=381  peer_BL=[]  my_BL=[]
[01:07:30] HOP bucket=382 L4 wlan0 -> ch9  (retuning, ~700ms loss)  | BL=[]
[TX  ->  *] bucket=382 L4 active=wlan0 ch9  BL=[]
[RX  <- B] bucket=382  peer_BL=[]  my_BL=[]
[01:07:32] HOP bucket=383 L4 wlan0 -> ch4  (retuning, ~700ms loss)  | BL=[]
[RX  <- B] bucket=383  peer_BL=[]  my_BL=[]
[TX  ->  *] bucket=383 L4 active=wlan0 ch4  BL=[]
[01:07:34] HOP bucket=384 L4 wlan0 -> ch3  (retuning, ~700ms loss)  | BL=[]
[TX  ->  *] bucket=384 L4 active=wlan0 ch3  BL=[]
[RX  <- B] bucket=384  peer_BL=[]  my_BL=[]
[01:07:36] HOP bucket=385 L4 wlan0 -> ch11  (retuning, ~700ms loss)  | BL=[]
[RX  <- B] bucket=385  peer_BL=[]  my_BL=[]
[TX  ->  *] bucket=385 L4 active=wlan0 ch11  BL=[]
[01:07:38] HOP bucket=386 L4 wlan0 -> ch8  (retuning, ~700ms loss)  | BL=[]
[RX  <- B] bucket=386  peer_BL=[]  my_BL=[]
[TX  ->  *] bucket=386 L4 active=wlan0 ch8  BL=[]
[01:07:40] HOP bucket=387 L4 wlan0 -> ch11  (retuning, ~700ms loss)  | BL=[]
[RX  <- B] bucket=387  peer_BL=[]  my_BL=[]
[TX  ->  *] bucket=387 L4 active=wlan0 ch11  BL=[]
[01:07:42] HOP bucket=388 L4 wlan0 -> ch6  (retuning, ~700ms loss)  | BL=[]
[RX  <- B] bucket=388  peer_BL=[]  my_BL=[]
[TX  ->  *] bucket=388 L4 active=wlan0 ch6  BL=[]
[01:07:44] HOP bucket=389 L4 wlan0 -> ch6  (retuning, ~700ms loss)  | BL=[]
[TX  ->  *] bucket=389 L4 active=wlan0 ch6  BL=[]
[RX  <- B] bucket=389  peer_BL=[]  my_BL=[]
[01:07:46] HOP bucket=390 L4 wlan0 -> ch3  (retuning, ~700ms loss)  | BL=[]
[RX  <- B] bucket=390  peer_BL=[]  my_BL=[]
[TX  ->  *] bucket=390 L4 active=wlan0 ch3  BL=[]
[01:07:48] HOP bucket=391 L4 wlan0 -> ch3  (retuning, ~700ms loss)  | BL=[]
[RX  <- B] bucket=391  peer_BL=[]  my_BL=[]
[TX  ->  *] bucket=391 L4 active=wlan0 ch3  BL=[]
[01:07:50] HOP bucket=392 L4 wlan0 -> ch7  (retuning, ~700ms loss)  | BL=[]
[RX  <- B] bucket=392  peer_BL=[]  my_BL=[]
[TX  ->  *] bucket=392 L4 active=wlan0 ch7  BL=[]
[01:07:52] HOP bucket=393 L4 wlan0 -> ch8  (retuning, ~700ms loss)  | BL=[]
[RX  <- B] bucket=393  peer_BL=[]  my_BL=[]
[TX  ->  *] bucket=393 L4 active=wlan0 ch8  BL=[]
[01:07:54] HOP bucket=394 L4 wlan0 -> ch11  (retuning, ~700ms loss)  | BL=[]
[RX  <- B] bucket=394  peer_BL=[]  my_BL=[]
[TX  ->  *] bucket=394 L4 active=wlan0 ch11  BL=[]
[01:07:56] HOP bucket=395 L4 wlan0 -> ch9  (retuning, ~700ms loss)  | BL=[]
[TX  ->  *] bucket=395 L4 active=wlan0 ch9  BL=[]
[RX  <- B] bucket=395  peer_BL=[]  my_BL=[]
[01:07:58] HOP bucket=396 L4 wlan0 -> ch7  (retuning, ~700ms loss)  | BL=[]
[TX  ->  *] bucket=396 L4 active=wlan0 ch7  BL=[]
[RX  <- B] bucket=396  peer_BL=[]  my_BL=[]
[01:08:00] HOP bucket=397 L4 wlan0 -> ch4  (retuning, ~700ms loss)  | BL=[]
[TX  ->  *] bucket=397 L4 active=wlan0 ch4  BL=[]
[RX  <- B] bucket=397  peer_BL=[]  my_BL=[]
[01:08:02] HOP bucket=398 L4 wlan0 -> ch4  (retuning, ~700ms loss)  | BL=[]
[TX  ->  *] bucket=398 L4 active=wlan0 ch4  BL=[]
[RX  <- B] bucket=398  peer_BL=[]  my_BL=[]
[01:08:04] HOP bucket=399 L4 wlan0 -> ch8  (retuning, ~700ms loss)  | BL=[]
[TX  ->  *] bucket=399 L4 active=wlan0 ch8  BL=[]
[RX  <- B] bucket=399  peer_BL=[]  my_BL=[]
[01:08:06] HOP bucket=400 L4 wlan0 -> ch7  (retuning, ~700ms loss)  | BL=[]
[RX  <- B] bucket=400  peer_BL=[]  my_BL=[]
[TX  ->  *] bucket=400 L4 active=wlan0 ch7  BL=[]
[01:08:08] HOP bucket=401 L4 wlan0 -> ch3  (retuning, ~700ms loss)  | BL=[]
[RX  <- B] bucket=401  peer_BL=[]  my_BL=[]
[TX  ->  *] bucket=401 L4 active=wlan0 ch3  BL=[]
[01:08:10] HOP bucket=402 L4 wlan0 -> ch9  (retuning, ~700ms loss)  | BL=[]
[RX  <- B] bucket=402  peer_BL=[]  my_BL=[]
[TX  ->  *] bucket=402 L4 active=wlan0 ch9  BL=[]
[01:08:12] HOP bucket=403 L4 wlan0 -> ch5  (retuning, ~700ms loss)  | BL=[]
[TX  ->  *] bucket=403 L4 active=wlan0 ch5  BL=[]
[RX  <- B] bucket=403  peer_BL=[]  my_BL=[]
[01:08:14] HOP bucket=404 L4 wlan0 -> ch11  (retuning, ~700ms loss)  | BL=[]
[TX  ->  *] bucket=404 L4 active=wlan0 ch11  BL=[]
[RX  <- B] bucket=404  peer_BL=[]  my_BL=[]
[01:08:16] HOP bucket=405 L4 wlan0 -> ch10  (retuning, ~700ms loss)  | BL=[]
[TX  ->  *] bucket=405 L4 active=wlan0 ch10  BL=[]
[RX  <- B] bucket=405  peer_BL=[]  my_BL=[]
[01:08:18] HOP bucket=406 L4 wlan0 -> ch5  (retuning, ~700ms loss)  | BL=[]
[TX  ->  *] bucket=406 L4 active=wlan0 ch5  BL=[]
[RX  <- B] bucket=406  peer_BL=[]  my_BL=[]
[01:08:20] HOP bucket=407 L4 wlan0 -> ch10  (retuning, ~700ms loss)  | BL=[]
[RX  <- B] bucket=407  peer_BL=[]  my_BL=[]
[TX  ->  *] bucket=407 L4 active=wlan0 ch10  BL=[]
[01:08:22] HOP bucket=408 L4 wlan0 -> ch4  (retuning, ~700ms loss)  | BL=[]
[RX  <- B] bucket=408  peer_BL=[]  my_BL=[]
[TX  ->  *] bucket=408 L4 active=wlan0 ch4  BL=[]
[01:08:24] HOP bucket=409 L4 wlan0 -> ch9  (retuning, ~700ms loss)  | BL=[]
[RX  <- B] bucket=409  peer_BL=[]  my_BL=[]
[TX  ->  *] bucket=409 L4 active=wlan0 ch9  BL=[]
[01:08:26] HOP bucket=410 L4 wlan0 -> ch10  (retuning, ~700ms loss)  | BL=[]
[TX  ->  *] bucket=410 L4 active=wlan0 ch10  BL=[]
[RX  <- B] bucket=410  peer_BL=[]  my_BL=[]
[01:08:28] HOP bucket=411 L4 wlan0 -> ch11  (retuning, ~700ms loss)  | BL=[]
[RX  <- B] bucket=411  peer_BL=[]  my_BL=[]
[TX  ->  *] bucket=411 L4 active=wlan0 ch11  BL=[]
[01:08:30] HOP bucket=412 L4 wlan0 -> ch11  (retuning, ~700ms loss)  | BL=[]
[TX  ->  *] bucket=412 L4 active=wlan0 ch11  BL=[]
[RX  <- B] bucket=412  peer_BL=[]  my_BL=[]
[01:08:32] HOP bucket=413 L4 wlan0 -> ch10  (retuning, ~700ms loss)  | BL=[]
[TX  ->  *] bucket=413 L4 active=wlan0 ch10  BL=[]
[RX  <- B] bucket=413  peer_BL=[]  my_BL=[]
[01:08:34] HOP bucket=414 L4 wlan0 -> ch7  (retuning, ~700ms loss)  | BL=[]
[TX  ->  *] bucket=414 L4 active=wlan0 ch7  BL=[]
[RX  <- B] bucket=414  peer_BL=[]  my_BL=[]
[01:08:36] HOP bucket=415 L4 wlan0 -> ch9  (retuning, ~700ms loss)  | BL=[]
[TX  ->  *] bucket=415 L4 active=wlan0 ch9  BL=[]
[RX  <- B] bucket=415  peer_BL=[]  my_BL=[]
[01:08:38] HOP bucket=416 L4 wlan0 -> ch8  (retuning, ~700ms loss)  | BL=[]
[TX  ->  *] bucket=416 L4 active=wlan0 ch8  BL=[]
[RX  <- B] bucket=416  peer_BL=[]  my_BL=[]
[01:08:40] HOP bucket=417 L4 wlan0 -> ch10  (retuning, ~700ms loss)  | BL=[]
[RX  <- B] bucket=417  peer_BL=[]  my_BL=[]
[TX  ->  *] bucket=417 L4 active=wlan0 ch10  BL=[]
[01:08:42] HOP bucket=418 L4 wlan0 -> ch7  (retuning, ~700ms loss)  | BL=[]
[RX  <- B] bucket=418  peer_BL=[]  my_BL=[]
[TX  ->  *] bucket=418 L4 active=wlan0 ch7  BL=[]
[01:08:44] HOP bucket=419 L4 wlan0 -> ch9  (retuning, ~700ms loss)  | BL=[]
[RX  <- B] bucket=419  peer_BL=[]  my_BL=[]
[TX  ->  *] bucket=419 L4 active=wlan0 ch9  BL=[]
[01:08:46] HOP bucket=420 L4 wlan0 -> ch11  (retuning, ~700ms loss)  | BL=[]
[RX  <- B] bucket=420  peer_BL=[]  my_BL=[]
[TX  ->  *] bucket=420 L4 active=wlan0 ch11  BL=[]
[01:08:48] HOP bucket=421 L4 wlan0 -> ch11  (retuning, ~700ms loss)  | BL=[]
[TX  ->  *] bucket=421 L4 active=wlan0 ch11  BL=[]
[RX  <- B] bucket=421  peer_BL=[]  my_BL=[]
[01:08:50] HOP bucket=422 L4 wlan0 -> ch11  (retuning, ~700ms loss)  | BL=[]
[RX  <- B] bucket=422  peer_BL=[]  my_BL=[]
[TX  ->  *] bucket=422 L4 active=wlan0 ch11  BL=[]
[01:08:52] HOP bucket=423 L4 wlan0 -> ch10  (retuning, ~700ms loss)  | BL=[]
[RX  <- B] bucket=423  peer_BL=[]  my_BL=[]
[TX  ->  *] bucket=423 L4 active=wlan0 ch10  BL=[]
[01:08:54] HOP bucket=424 L4 wlan0 -> ch8  (retuning, ~700ms loss)  | BL=[]
[RX  <- B] bucket=424  peer_BL=[]  my_BL=[]
[TX  ->  *] bucket=424 L4 active=wlan0 ch8  BL=[]
[01:08:56] HOP bucket=425 L4 wlan0 -> ch10  (retuning, ~700ms loss)  | BL=[]
[TX  ->  *] bucket=425 L4 active=wlan0 ch10  BL=[]
[RX  <- B] bucket=425  peer_BL=[]  my_BL=[]
[01:08:58] HOP bucket=426 L4 wlan0 -> ch10  (retuning, ~700ms loss)  | BL=[]
[RX  <- B] bucket=426  peer_BL=[]  my_BL=[]
[TX  ->  *] bucket=426 L4 active=wlan0 ch10  BL=[]
[01:09:00] HOP bucket=427 L4 wlan0 -> ch4  (retuning, ~700ms loss)  | BL=[]
[RX  <- B] bucket=427  peer_BL=[]  my_BL=[]
[TX  ->  *] bucket=427 L4 active=wlan0 ch4  BL=[]
[01:09:02] HOP bucket=428 L4 wlan0 -> ch8  (retuning, ~700ms loss)  | BL=[]
[TX  ->  *] bucket=428 L4 active=wlan0 ch8  BL=[]
[RX  <- B] bucket=428  peer_BL=[]  my_BL=[]
[01:09:04] HOP bucket=429 L4 wlan0 -> ch10  (retuning, ~700ms loss)  | BL=[]
[RX  <- B] bucket=429  peer_BL=[]  my_BL=[]
[TX  ->  *] bucket=429 L4 active=wlan0 ch10  BL=[]
[01:09:06] HOP bucket=430 L4 wlan0 -> ch7  (retuning, ~700ms loss)  | BL=[]
[TX  ->  *] bucket=430 L4 active=wlan0 ch7  BL=[]
[RX  <- B] bucket=430  peer_BL=[]  my_BL=[]
[01:09:08] HOP bucket=431 L4 wlan0 -> ch11  (retuning, ~700ms loss)  | BL=[]
[RX  <- B] bucket=431  peer_BL=[]  my_BL=[]
[TX  ->  *] bucket=431 L4 active=wlan0 ch11  BL=[]
[01:09:10] HOP bucket=432 L4 wlan0 -> ch4  (retuning, ~700ms loss)  | BL=[]
[RX  <- B] bucket=432  peer_BL=[]  my_BL=[]
[TX  ->  *] bucket=432 L4 active=wlan0 ch4  BL=[]
[01:09:12] HOP bucket=433 L4 wlan0 -> ch8  (retuning, ~700ms loss)  | BL=[]
[RX  <- B] bucket=433  peer_BL=[]  my_BL=[]
[TX  ->  *] bucket=433 L4 active=wlan0 ch8  BL=[]
[01:09:14] HOP bucket=434 L4 wlan0 -> ch11  (retuning, ~700ms loss)  | BL=[]
[TX  ->  *] bucket=434 L4 active=wlan0 ch11  BL=[]
[RX  <- B] bucket=434  peer_BL=[]  my_BL=[]
[01:09:16] HOP bucket=435 L4 wlan0 -> ch8  (retuning, ~700ms loss)  | BL=[]
[TX  ->  *] bucket=435 L4 active=wlan0 ch8  BL=[]
[RX  <- B] bucket=435  peer_BL=[]  my_BL=[]
[01:09:18] HOP bucket=436 L4 wlan0 -> ch9  (retuning, ~700ms loss)  | BL=[]
[TX  ->  *] bucket=436 L4 active=wlan0 ch9  BL=[]
[RX  <- B] bucket=436  peer_BL=[]  my_BL=[]
[01:09:20] HOP bucket=437 L4 wlan0 -> ch9  (retuning, ~700ms loss)  | BL=[]
[TX  ->  *] bucket=437 L4 active=wlan0 ch9  BL=[]
[RX  <- B] bucket=437  peer_BL=[]  my_BL=[]
[01:09:22] HOP bucket=438 L4 wlan0 -> ch3  (retuning, ~700ms loss)  | BL=[]
[TX  ->  *] bucket=438 L4 active=wlan0 ch3  BL=[]
[RX  <- B] bucket=438  peer_BL=[]  my_BL=[]
[01:09:24] HOP bucket=439 L4 wlan0 -> ch4  (retuning, ~700ms loss)  | BL=[]
[TX  ->  *] bucket=439 L4 active=wlan0 ch4  BL=[]
[RX  <- B] bucket=439  peer_BL=[]  my_BL=[]
[01:09:26] HOP bucket=440 L4 wlan0 -> ch10  (retuning, ~700ms loss)  | BL=[]
[TX  ->  *] bucket=440 L4 active=wlan0 ch10  BL=[]
[RX  <- B] bucket=440  peer_BL=[]  my_BL=[]
[01:09:28] HOP bucket=441 L4 wlan0 -> ch5  (retuning, ~700ms loss)  | BL=[]
[TX  ->  *] bucket=441 L4 active=wlan0 ch5  BL=[]
[RX  <- B] bucket=441  peer_BL=[]  my_BL=[]
[01:09:30] HOP bucket=442 L4 wlan0 -> ch7  (retuning, ~700ms loss)  | BL=[]
[TX  ->  *] bucket=442 L4 active=wlan0 ch7  BL=[]
[RX  <- B] bucket=442  peer_BL=[]  my_BL=[]
[01:09:32] HOP bucket=443 L4 wlan0 -> ch7  (retuning, ~700ms loss)  | BL=[]
[RX  <- B] bucket=443  peer_BL=[]  my_BL=[]
[TX  ->  *] bucket=443 L4 active=wlan0 ch7  BL=[]
[01:09:34] HOP bucket=444 L4 wlan0 -> ch9  (retuning, ~700ms loss)  | BL=[]
[RX  <- B] bucket=444  peer_BL=[]  my_BL=[]
[TX  ->  *] bucket=444 L4 active=wlan0 ch9  BL=[]
[01:09:36] HOP bucket=445 L4 wlan0 -> ch10  (retuning, ~700ms loss)  | BL=[]
[TX  ->  *] bucket=445 L4 active=wlan0 ch10  BL=[]
[RX  <- B] bucket=445  peer_BL=[]  my_BL=[]
[01:09:38] HOP bucket=446 L4 wlan0 -> ch10  (retuning, ~700ms loss)  | BL=[]
[RX  <- B] bucket=446  peer_BL=[]  my_BL=[]
[TX  ->  *] bucket=446 L4 active=wlan0 ch10  BL=[]
[01:09:40] HOP bucket=447 L4 wlan0 -> ch10  (retuning, ~700ms loss)  | BL=[]
[TX  ->  *] bucket=447 L4 active=wlan0 ch10  BL=[]
[RX  <- B] bucket=447  peer_BL=[]  my_BL=[]
[01:09:42] HOP bucket=448 L4 wlan0 -> ch10  (retuning, ~700ms loss)  | BL=[]
[TX  ->  *] bucket=448 L4 active=wlan0 ch10  BL=[]
[RX  <- B] bucket=448  peer_BL=[]  my_BL=[]
[01:09:44] HOP bucket=449 L4 wlan0 -> ch5  (retuning, ~700ms loss)  | BL=[]
[TX  ->  *] bucket=449 L4 active=wlan0 ch5  BL=[]
[RX  <- B] bucket=449  peer_BL=[]  my_BL=[]
[01:09:46] HOP bucket=450 L4 wlan0 -> ch7  (retuning, ~700ms loss)  | BL=[]
[RX  <- B] bucket=450  peer_BL=[]  my_BL=[]
[TX  ->  *] bucket=450 L4 active=wlan0 ch7  BL=[]
[01:09:48] HOP bucket=451 L4 wlan0 -> ch4  (retuning, ~700ms loss)  | BL=[]
[RX  <- B] bucket=451  peer_BL=[]  my_BL=[]
[TX  ->  *] bucket=451 L4 active=wlan0 ch4  BL=[]
[01:09:50] HOP bucket=452 L4 wlan0 -> ch8  (retuning, ~700ms loss)  | BL=[]
[TX  ->  *] bucket=452 L4 active=wlan0 ch8  BL=[]
[RX  <- B] bucket=452  peer_BL=[]  my_BL=[]
[01:09:52] HOP bucket=453 L4 wlan0 -> ch6  (retuning, ~700ms loss)  | BL=[]
[RX  <- B] bucket=453  peer_BL=[]  my_BL=[]
[TX  ->  *] bucket=453 L4 active=wlan0 ch6  BL=[]
[01:09:54] HOP bucket=454 L4 wlan0 -> ch7  (retuning, ~700ms loss)  | BL=[]
[RX  <- B] bucket=454  peer_BL=[]  my_BL=[]
[TX  ->  *] bucket=454 L4 active=wlan0 ch7  BL=[]
[01:09:56] HOP bucket=455 L4 wlan0 -> ch4  (retuning, ~700ms loss)  | BL=[]
[TX  ->  *] bucket=455 L4 active=wlan0 ch4  BL=[]
[RX  <- B] bucket=455  peer_BL=[]  my_BL=[]
[01:09:58] HOP bucket=456 L4 wlan0 -> ch4  (retuning, ~700ms loss)  | BL=[]
[TX  ->  *] bucket=456 L4 active=wlan0 ch4  BL=[]
[RX  <- B] bucket=456  peer_BL=[]  my_BL=[]
[01:10:00] HOP bucket=457 L4 wlan0 -> ch3  (retuning, ~700ms loss)  | BL=[]
[TX  ->  *] bucket=457 L4 active=wlan0 ch3  BL=[]
[RX  <- B] bucket=457  peer_BL=[]  my_BL=[]
[01:10:02] HOP bucket=458 L4 wlan0 -> ch11  (retuning, ~700ms loss)  | BL=[]
[TX  ->  *] bucket=458 L4 active=wlan0 ch11  BL=[]
[RX  <- B] bucket=458  peer_BL=[]  my_BL=[]
[01:10:04] HOP bucket=459 L4 wlan0 -> ch4  (retuning, ~700ms loss)  | BL=[]
[TX  ->  *] bucket=459 L4 active=wlan0 ch4  BL=[]
[RX  <- B] bucket=459  peer_BL=[]  my_BL=[]
[01:10:06] HOP bucket=460 L4 wlan0 -> ch5  (retuning, ~700ms loss)  | BL=[]
[TX  ->  *] bucket=460 L4 active=wlan0 ch5  BL=[]
[RX  <- B] bucket=460  peer_BL=[]  my_BL=[]
[01:10:08] HOP bucket=461 L4 wlan0 -> ch5  (retuning, ~700ms loss)  | BL=[]
[TX  ->  *] bucket=461 L4 active=wlan0 ch5  BL=[]
[RX  <- B] bucket=461  peer_BL=[]  my_BL=[]
[01:10:10] HOP bucket=462 L4 wlan0 -> ch4  (retuning, ~700ms loss)  | BL=[]
[RX  <- B] bucket=462  peer_BL=[]  my_BL=[]
[TX  ->  *] bucket=462 L4 active=wlan0 ch4  BL=[]
[01:10:12] HOP bucket=463 L4 wlan0 -> ch7  (retuning, ~700ms loss)  | BL=[]
[RX  <- B] bucket=463  peer_BL=[]  my_BL=[]
[TX  ->  *] bucket=463 L4 active=wlan0 ch7  BL=[]
[01:10:14] HOP bucket=464 L4 wlan0 -> ch5  (retuning, ~700ms loss)  | BL=[]
[RX  <- B] bucket=464  peer_BL=[]  my_BL=[]
[TX  ->  *] bucket=464 L4 active=wlan0 ch5  BL=[]
[01:10:16] HOP bucket=465 L4 wlan0 -> ch9  (retuning, ~700ms loss)  | BL=[]
[RX  <- B] bucket=465  peer_BL=[]  my_BL=[]
[TX  ->  *] bucket=465 L4 active=wlan0 ch9  BL=[]
[01:10:18] HOP bucket=466 L4 wlan0 -> ch8  (retuning, ~700ms loss)  | BL=[]
[RX  <- B] bucket=466  peer_BL=[]  my_BL=[]
[TX  ->  *] bucket=466 L4 active=wlan0 ch8  BL=[]
[01:10:20] HOP bucket=467 L4 wlan0 -> ch10  (retuning, ~700ms loss)  | BL=[]
[RX  <- B] bucket=467  peer_BL=[]  my_BL=[]
[TX  ->  *] bucket=467 L4 active=wlan0 ch10  BL=[]
[01:10:22] HOP bucket=468 L4 wlan0 -> ch9  (retuning, ~700ms loss)  | BL=[]
[TX  ->  *] bucket=468 L4 active=wlan0 ch9  BL=[]
[RX  <- B] bucket=468  peer_BL=[]  my_BL=[]
[01:10:24] HOP bucket=469 L4 wlan0 -> ch7  (retuning, ~700ms loss)  | BL=[]
[TX  ->  *] bucket=469 L4 active=wlan0 ch7  BL=[]
[RX  <- B] bucket=469  peer_BL=[]  my_BL=[]
[01:10:26] HOP bucket=470 L4 wlan0 -> ch5  (retuning, ~700ms loss)  | BL=[]
[RX  <- B] bucket=470  peer_BL=[]  my_BL=[]
[TX  ->  *] bucket=470 L4 active=wlan0 ch5  BL=[]
[01:10:28] HOP bucket=471 L4 wlan0 -> ch11  (retuning, ~700ms loss)  | BL=[]
[RX  <- B] bucket=471  peer_BL=[]  my_BL=[]
[TX  ->  *] bucket=471 L4 active=wlan0 ch11  BL=[]
[01:10:30] HOP bucket=472 L4 wlan0 -> ch3  (retuning, ~700ms loss)  | BL=[]
[TX  ->  *] bucket=472 L4 active=wlan0 ch3  BL=[]
[RX  <- B] bucket=472  peer_BL=[]  my_BL=[]
[01:10:32] HOP bucket=473 L4 wlan0 -> ch11  (retuning, ~700ms loss)  | BL=[]
[RX  <- B] bucket=473  peer_BL=[]  my_BL=[]
[TX  ->  *] bucket=473 L4 active=wlan0 ch11  BL=[]
[01:10:34] HOP bucket=474 L4 wlan0 -> ch10  (retuning, ~700ms loss)  | BL=[]
[TX  ->  *] bucket=474 L4 active=wlan0 ch10  BL=[]
[RX  <- B] bucket=474  peer_BL=[]  my_BL=[]
[01:10:36] HOP bucket=475 L4 wlan0 -> ch3  (retuning, ~700ms loss)  | BL=[]
[RX  <- B] bucket=475  peer_BL=[]  my_BL=[]
[TX  ->  *] bucket=475 L4 active=wlan0 ch3  BL=[]
[01:10:38] HOP bucket=476 L4 wlan0 -> ch3  (retuning, ~700ms loss)  | BL=[]
[RX  <- B] bucket=476  peer_BL=[]  my_BL=[]
[TX  ->  *] bucket=476 L4 active=wlan0 ch3  BL=[]
[01:10:40] HOP bucket=477 L4 wlan0 -> ch10  (retuning, ~700ms loss)  | BL=[]
[RX  <- B] bucket=477  peer_BL=[]  my_BL=[]
[TX  ->  *] bucket=477 L4 active=wlan0 ch10  BL=[]
[01:10:42] HOP bucket=478 L4 wlan0 -> ch11  (retuning, ~700ms loss)  | BL=[]
[RX  <- B] bucket=478  peer_BL=[]  my_BL=[]
[TX  ->  *] bucket=478 L4 active=wlan0 ch11  BL=[]
[01:10:44] HOP bucket=479 L4 wlan0 -> ch11  (retuning, ~700ms loss)  | BL=[]
[TX  ->  *] bucket=479 L4 active=wlan0 ch11  BL=[]
[RX  <- B] bucket=479  peer_BL=[]  my_BL=[]
[01:10:46] HOP bucket=480 L4 wlan0 -> ch10  (retuning, ~700ms loss)  | BL=[]
[TX  ->  *] bucket=480 L4 active=wlan0 ch10  BL=[]
[RX  <- B] bucket=480  peer_BL=[]  my_BL=[]
[01:10:48] HOP bucket=481 L4 wlan0 -> ch11  (retuning, ~700ms loss)  | BL=[]
[TX  ->  *] bucket=481 L4 active=wlan0 ch11  BL=[]
[RX  <- B] bucket=481  peer_BL=[]  my_BL=[]
[01:10:50] HOP bucket=482 L4 wlan0 -> ch9  (retuning, ~700ms loss)  | BL=[]
[TX  ->  *] bucket=482 L4 active=wlan0 ch9  BL=[]
[RX  <- B] bucket=482  peer_BL=[]  my_BL=[]
[01:10:52] HOP bucket=483 L4 wlan0 -> ch9  (retuning, ~700ms loss)  | BL=[]
[TX  ->  *] bucket=483 L4 active=wlan0 ch9  BL=[]
[RX  <- B] bucket=483  peer_BL=[]  my_BL=[]
[01:10:54] HOP bucket=484 L4 wlan0 -> ch9  (retuning, ~700ms loss)  | BL=[]
[TX  ->  *] bucket=484 L4 active=wlan0 ch9  BL=[]
[RX  <- B] bucket=484  peer_BL=[]  my_BL=[]
[01:10:56] HOP bucket=485 L4 wlan0 -> ch7  (retuning, ~700ms loss)  | BL=[]
[TX  ->  *] bucket=485 L4 active=wlan0 ch7  BL=[]
[RX  <- B] bucket=485  peer_BL=[]  my_BL=[]
[01:10:58] HOP bucket=486 L4 wlan0 -> ch9  (retuning, ~700ms loss)  | BL=[]
[TX  ->  *] bucket=486 L4 active=wlan0 ch9  BL=[]
[RX  <- B] bucket=486  peer_BL=[]  my_BL=[]
[01:11:00] HOP bucket=487 L4 wlan0 -> ch4  (retuning, ~700ms loss)  | BL=[]
[RX  <- B] bucket=487  peer_BL=[]  my_BL=[]
[TX  ->  *] bucket=487 L4 active=wlan0 ch4  BL=[]
[01:11:02] HOP bucket=488 L4 wlan0 -> ch8  (retuning, ~700ms loss)  | BL=[]
[TX  ->  *] bucket=488 L4 active=wlan0 ch8  BL=[]
[RX  <- B] bucket=488  peer_BL=[]  my_BL=[]
[01:11:04] HOP bucket=489 L4 wlan0 -> ch7  (retuning, ~700ms loss)  | BL=[]
[RX  <- B] bucket=489  peer_BL=[]  my_BL=[]
[TX  ->  *] bucket=489 L4 active=wlan0 ch7  BL=[]
[01:11:06] HOP bucket=490 L4 wlan0 -> ch3  (retuning, ~700ms loss)  | BL=[]
[TX  ->  *] bucket=490 L4 active=wlan0 ch3  BL=[]
[RX  <- B] bucket=490  peer_BL=[]  my_BL=[]
[01:11:08] HOP bucket=491 L4 wlan0 -> ch3  (retuning, ~700ms loss)  | BL=[]
[RX  <- B] bucket=491  peer_BL=[]  my_BL=[]
[TX  ->  *] bucket=491 L4 active=wlan0 ch3  BL=[]
[01:11:10] HOP bucket=492 L4 wlan0 -> ch6  (retuning, ~700ms loss)  | BL=[]
[TX  ->  *] bucket=492 L4 active=wlan0 ch6  BL=[]
[RX  <- B] bucket=492  peer_BL=[]  my_BL=[]
[01:11:12] HOP bucket=493 L4 wlan0 -> ch10  (retuning, ~700ms loss)  | BL=[]
[RX  <- B] bucket=493  peer_BL=[]  my_BL=[]
[TX  ->  *] bucket=493 L4 active=wlan0 ch10  BL=[]
[01:11:14] HOP bucket=494 L4 wlan0 -> ch5  (retuning, ~700ms loss)  | BL=[]
[RX  <- B] bucket=494  peer_BL=[]  my_BL=[]
[TX  ->  *] bucket=494 L4 active=wlan0 ch5  BL=[]
[01:11:16] HOP bucket=495 L4 wlan0 -> ch7  (retuning, ~700ms loss)  | BL=[]
[RX  <- B] bucket=495  peer_BL=[]  my_BL=[]
[TX  ->  *] bucket=495 L4 active=wlan0 ch7  BL=[]
[01:11:18] HOP bucket=496 L4 wlan0 -> ch6  (retuning, ~700ms loss)  | BL=[]
[TX  ->  *] bucket=496 L4 active=wlan0 ch6  BL=[]
[RX  <- B] bucket=496  peer_BL=[]  my_BL=[]
[01:11:20] HOP bucket=497 L4 wlan0 -> ch6  (retuning, ~700ms loss)  | BL=[]
[TX  ->  *] bucket=497 L4 active=wlan0 ch6  BL=[]
[RX  <- B] bucket=497  peer_BL=[]  my_BL=[]
[01:11:22] HOP bucket=498 L4 wlan0 -> ch7  (retuning, ~700ms loss)  | BL=[]
[TX  ->  *] bucket=498 L4 active=wlan0 ch7  BL=[]
[RX  <- B] bucket=498  peer_BL=[]  my_BL=[]
[01:11:24] HOP bucket=499 L4 wlan0 -> ch8  (retuning, ~700ms loss)  | BL=[]
[TX  ->  *] bucket=499 L4 active=wlan0 ch8  BL=[]
[RX  <- B] bucket=499  peer_BL=[]  my_BL=[]
[01:11:26] HOP bucket=500 L4 wlan0 -> ch5  (retuning, ~700ms loss)  | BL=[]
[RX  <- B] bucket=500  peer_BL=[]  my_BL=[]
[TX  ->  *] bucket=500 L4 active=wlan0 ch5  BL=[]
[01:11:28] HOP bucket=501 L4 wlan0 -> ch7  (retuning, ~700ms loss)  | BL=[]
[TX  ->  *] bucket=501 L4 active=wlan0 ch7  BL=[]
[RX  <- B] bucket=501  peer_BL=[]  my_BL=[]
[01:11:30] HOP bucket=502 L4 wlan0 -> ch7  (retuning, ~700ms loss)  | BL=[]
[RX  <- B] bucket=502  peer_BL=[]  my_BL=[]
[TX  ->  *] bucket=502 L4 active=wlan0 ch7  BL=[]
[01:11:32] HOP bucket=503 L4 wlan0 -> ch11  (retuning, ~700ms loss)  | BL=[]
[TX  ->  *] bucket=503 L4 active=wlan0 ch11  BL=[]
[RX  <- B] bucket=503  peer_BL=[]  my_BL=[]
[01:11:34] HOP bucket=504 L4 wlan0 -> ch5  (retuning, ~700ms loss)  | BL=[]
[TX  ->  *] bucket=504 L4 active=wlan0 ch5  BL=[]
[RX  <- B] bucket=504  peer_BL=[]  my_BL=[]
[01:11:36] HOP bucket=505 L4 wlan0 -> ch7  (retuning, ~700ms loss)  | BL=[]
[TX  ->  *] bucket=505 L4 active=wlan0 ch7  BL=[]
[RX  <- B] bucket=505  peer_BL=[]  my_BL=[]
[01:11:38] HOP bucket=506 L4 wlan0 -> ch8  (retuning, ~700ms loss)  | BL=[]
[TX  ->  *] bucket=506 L4 active=wlan0 ch8  BL=[]
[RX  <- B] bucket=506  peer_BL=[]  my_BL=[]
[01:11:40] HOP bucket=507 L4 wlan0 -> ch9  (retuning, ~700ms loss)  | BL=[]
[RX  <- B] bucket=507  peer_BL=[]  my_BL=[]
[TX  ->  *] bucket=507 L4 active=wlan0 ch9  BL=[]
[01:11:42] HOP bucket=508 L4 wlan0 -> ch9  (retuning, ~700ms loss)  | BL=[]
[TX  ->  *] bucket=508 L4 active=wlan0 ch9  BL=[]
[RX  <- B] bucket=508  peer_BL=[]  my_BL=[]
[01:11:44] HOP bucket=509 L4 wlan0 -> ch8  (retuning, ~700ms loss)  | BL=[]
[RX  <- B] bucket=509  peer_BL=[]  my_BL=[]
[TX  ->  *] bucket=509 L4 active=wlan0 ch8  BL=[]
[01:11:46] HOP bucket=510 L4 wlan0 -> ch10  (retuning, ~700ms loss)  | BL=[]
[TX  ->  *] bucket=510 L4 active=wlan0 ch10  BL=[]
[RX  <- B] bucket=510  peer_BL=[]  my_BL=[]
[01:11:48] HOP bucket=511 L4 wlan0 -> ch4  (retuning, ~700ms loss)  | BL=[]
[TX  ->  *] bucket=511 L4 active=wlan0 ch4  BL=[]
[RX  <- B] bucket=511  peer_BL=[]  my_BL=[]
[01:11:50] HOP bucket=512 L4 wlan0 -> ch7  (retuning, ~700ms loss)  | BL=[]
[TX  ->  *] bucket=512 L4 active=wlan0 ch7  BL=[]
[RX  <- B] bucket=512  peer_BL=[]  my_BL=[]
[01:11:52] HOP bucket=513 L4 wlan0 -> ch11  (retuning, ~700ms loss)  | BL=[]
[TX  ->  *] bucket=513 L4 active=wlan0 ch11  BL=[]
[RX  <- B] bucket=513  peer_BL=[]  my_BL=[]
[01:11:54] HOP bucket=514 L4 wlan0 -> ch10  (retuning, ~700ms loss)  | BL=[]
[TX  ->  *] bucket=514 L4 active=wlan0 ch10  BL=[]
[RX  <- B] bucket=514  peer_BL=[]  my_BL=[]
[01:11:56] HOP bucket=515 L4 wlan0 -> ch7  (retuning, ~700ms loss)  | BL=[]
[TX  ->  *] bucket=515 L4 active=wlan0 ch7  BL=[]
[RX  <- B] bucket=515  peer_BL=[]  my_BL=[]
[01:11:58] HOP bucket=516 L4 wlan0 -> ch5  (retuning, ~700ms loss)  | BL=[]
[TX  ->  *] bucket=516 L4 active=wlan0 ch5  BL=[]
[RX  <- B] bucket=516  peer_BL=[]  my_BL=[]
[01:12:00] HOP bucket=517 L4 wlan0 -> ch6  (retuning, ~700ms loss)  | BL=[]
[TX  ->  *] bucket=517 L4 active=wlan0 ch6  BL=[]
[RX  <- B] bucket=517  peer_BL=[]  my_BL=[]
[01:12:02] HOP bucket=518 L4 wlan0 -> ch9  (retuning, ~700ms loss)  | BL=[]
[TX  ->  *] bucket=518 L4 active=wlan0 ch9  BL=[]
[RX  <- B] bucket=518  peer_BL=[]  my_BL=[]
[01:12:04] HOP bucket=519 L4 wlan0 -> ch6  (retuning, ~700ms loss)  | BL=[]
[TX  ->  *] bucket=519 L4 active=wlan0 ch6  BL=[]
[RX  <- B] bucket=519  peer_BL=[]  my_BL=[]
[01:12:06] HOP bucket=520 L4 wlan0 -> ch6  (retuning, ~700ms loss)  | BL=[]
[TX  ->  *] bucket=520 L4 active=wlan0 ch6  BL=[]
[RX  <- B] bucket=520  peer_BL=[]  my_BL=[]
[01:12:08] HOP bucket=521 L4 wlan0 -> ch3  (retuning, ~700ms loss)  | BL=[]
[TX  ->  *] bucket=521 L4 active=wlan0 ch3  BL=[]
[RX  <- B] bucket=521  peer_BL=[]  my_BL=[]
[01:12:10] HOP bucket=522 L4 wlan0 -> ch6  (retuning, ~700ms loss)  | BL=[]
[TX  ->  *] bucket=522 L4 active=wlan0 ch6  BL=[]
[RX  <- B] bucket=522  peer_BL=[]  my_BL=[]
[01:12:12] HOP bucket=523 L4 wlan0 -> ch6  (retuning, ~700ms loss)  | BL=[]
[TX  ->  *] bucket=523 L4 active=wlan0 ch6  BL=[]
[RX  <- B] bucket=523  peer_BL=[]  my_BL=[]
[01:12:14] HOP bucket=524 L4 wlan0 -> ch11  (retuning, ~700ms loss)  | BL=[]
[RX  <- B] bucket=524  peer_BL=[]  my_BL=[]
[TX  ->  *] bucket=524 L4 active=wlan0 ch11  BL=[]
[01:12:16] HOP bucket=525 L4 wlan0 -> ch9  (retuning, ~700ms loss)  | BL=[]
[RX  <- B] bucket=525  peer_BL=[]  my_BL=[]
[TX  ->  *] bucket=525 L4 active=wlan0 ch9  BL=[]
[01:12:18] HOP bucket=526 L4 wlan0 -> ch10  (retuning, ~700ms loss)  | BL=[]
[TX  ->  *] bucket=526 L4 active=wlan0 ch10  BL=[]
[RX  <- B] bucket=526  peer_BL=[]  my_BL=[]
[01:12:20] HOP bucket=527 L4 wlan0 -> ch9  (retuning, ~700ms loss)  | BL=[]
[RX  <- B] bucket=527  peer_BL=[]  my_BL=[]
[TX  ->  *] bucket=527 L4 active=wlan0 ch9  BL=[]
[01:12:22] HOP bucket=528 L4 wlan0 -> ch7  (retuning, ~700ms loss)  | BL=[]
[RX  <- B] bucket=528  peer_BL=[]  my_BL=[]
[TX  ->  *] bucket=528 L4 active=wlan0 ch7  BL=[]
[01:12:24] HOP bucket=529 L4 wlan0 -> ch4  (retuning, ~700ms loss)  | BL=[]
[TX  ->  *] bucket=529 L4 active=wlan0 ch4  BL=[]
[RX  <- B] bucket=529  peer_BL=[]  my_BL=[]
[01:12:26] HOP bucket=530 L4 wlan0 -> ch11  (retuning, ~700ms loss)  | BL=[]
[RX  <- B] bucket=530  peer_BL=[]  my_BL=[]
[TX  ->  *] bucket=530 L4 active=wlan0 ch11  BL=[]
[01:12:28] HOP bucket=531 L4 wlan0 -> ch5  (retuning, ~700ms loss)  | BL=[]
[RX  <- B] bucket=531  peer_BL=[]  my_BL=[]
[TX  ->  *] bucket=531 L4 active=wlan0 ch5  BL=[]
[01:12:30] HOP bucket=532 L4 wlan0 -> ch3  (retuning, ~700ms loss)  | BL=[]
[RX  <- B] bucket=532  peer_BL=[]  my_BL=[]
[TX  ->  *] bucket=532 L4 active=wlan0 ch3  BL=[]
[01:12:32] HOP bucket=533 L4 wlan0 -> ch9  (retuning, ~700ms loss)  | BL=[]
[TX  ->  *] bucket=533 L4 active=wlan0 ch9  BL=[]
[RX  <- B] bucket=533  peer_BL=[]  my_BL=[]
[01:12:34] HOP bucket=534 L4 wlan0 -> ch7  (retuning, ~700ms loss)  | BL=[]
[TX  ->  *] bucket=534 L4 active=wlan0 ch7  BL=[]
[RX  <- B] bucket=534  peer_BL=[]  my_BL=[]
[01:12:36] HOP bucket=535 L4 wlan0 -> ch7  (retuning, ~700ms loss)  | BL=[]
[RX  <- B] bucket=535  peer_BL=[]  my_BL=[]
[TX  ->  *] bucket=535 L4 active=wlan0 ch7  BL=[]
[01:12:38] HOP bucket=536 L4 wlan0 -> ch6  (retuning, ~700ms loss)  | BL=[]
[TX  ->  *] bucket=536 L4 active=wlan0 ch6  BL=[]
[RX  <- B] bucket=536  peer_BL=[]  my_BL=[]
[01:12:40] HOP bucket=537 L4 wlan0 -> ch10  (retuning, ~700ms loss)  | BL=[]
[TX  ->  *] bucket=537 L4 active=wlan0 ch10  BL=[]
[RX  <- B] bucket=537  peer_BL=[]  my_BL=[]
[01:12:42] HOP bucket=538 L4 wlan0 -> ch6  (retuning, ~700ms loss)  | BL=[]
[RX  <- B] bucket=538  peer_BL=[]  my_BL=[]
[TX  ->  *] bucket=538 L4 active=wlan0 ch6  BL=[]
[01:12:44] HOP bucket=539 L4 wlan0 -> ch8  (retuning, ~700ms loss)  | BL=[]
[RX  <- B] bucket=539  peer_BL=[]  my_BL=[]
[TX  ->  *] bucket=539 L4 active=wlan0 ch8  BL=[]
[01:12:46] HOP bucket=540 L4 wlan0 -> ch10  (retuning, ~700ms loss)  | BL=[]
[RX  <- B] bucket=540  peer_BL=[]  my_BL=[]
[TX  ->  *] bucket=540 L4 active=wlan0 ch10  BL=[]
[01:12:48] HOP bucket=541 L4 wlan0 -> ch4  (retuning, ~700ms loss)  | BL=[]
[RX  <- B] bucket=541  peer_BL=[]  my_BL=[]
[TX  ->  *] bucket=541 L4 active=wlan0 ch4  BL=[]
[01:12:50] HOP bucket=542 L4 wlan0 -> ch8  (retuning, ~700ms loss)  | BL=[]
[RX  <- B] bucket=542  peer_BL=[]  my_BL=[]
[TX  ->  *] bucket=542 L4 active=wlan0 ch8  BL=[]
[01:12:52] HOP bucket=543 L4 wlan0 -> ch6  (retuning, ~700ms loss)  | BL=[]
[RX  <- B] bucket=543  peer_BL=[]  my_BL=[]
[TX  ->  *] bucket=543 L4 active=wlan0 ch6  BL=[]
[01:12:54] HOP bucket=544 L4 wlan0 -> ch9  (retuning, ~700ms loss)  | BL=[]
[RX  <- B] bucket=544  peer_BL=[]  my_BL=[]
[TX  ->  *] bucket=544 L4 active=wlan0 ch9  BL=[]
[01:12:56] HOP bucket=545 L4 wlan0 -> ch6  (retuning, ~700ms loss)  | BL=[]
[RX  <- B] bucket=545  peer_BL=[]  my_BL=[]
[TX  ->  *] bucket=545 L4 active=wlan0 ch6  BL=[]
[01:12:58] HOP bucket=546 L4 wlan0 -> ch6  (retuning, ~700ms loss)  | BL=[]
[TX  ->  *] bucket=546 L4 active=wlan0 ch6  BL=[]
[RX  <- B] bucket=546  peer_BL=[]  my_BL=[]
[01:13:00] HOP bucket=547 L4 wlan0 -> ch5  (retuning, ~700ms loss)  | BL=[]
[RX  <- B] bucket=547  peer_BL=[]  my_BL=[]
[TX  ->  *] bucket=547 L4 active=wlan0 ch5  BL=[]
[01:13:02] HOP bucket=548 L4 wlan0 -> ch4  (retuning, ~700ms loss)  | BL=[]
[TX  ->  *] bucket=548 L4 active=wlan0 ch4  BL=[]
[RX  <- B] bucket=548  peer_BL=[]  my_BL=[]
[01:13:04] HOP bucket=549 L4 wlan0 -> ch5  (retuning, ~700ms loss)  | BL=[]
[RX  <- B] bucket=549  peer_BL=[]  my_BL=[]
[TX  ->  *] bucket=549 L4 active=wlan0 ch5  BL=[]
[01:13:06] HOP bucket=550 L4 wlan0 -> ch11  (retuning, ~700ms loss)  | BL=[]
[TX  ->  *] bucket=550 L4 active=wlan0 ch11  BL=[]
[RX  <- B] bucket=550  peer_BL=[]  my_BL=[]
[01:13:08] HOP bucket=551 L4 wlan0 -> ch7  (retuning, ~700ms loss)  | BL=[]
[RX  <- B] bucket=551  peer_BL=[]  my_BL=[]
[TX  ->  *] bucket=551 L4 active=wlan0 ch7  BL=[]
[01:13:10] HOP bucket=552 L4 wlan0 -> ch5  (retuning, ~700ms loss)  | BL=[]
[TX  ->  *] bucket=552 L4 active=wlan0 ch5  BL=[]
[RX  <- B] bucket=552  peer_BL=[]  my_BL=[]
[01:13:12] HOP bucket=553 L4 wlan0 -> ch8  (retuning, ~700ms loss)  | BL=[]
[RX  <- B] bucket=553  peer_BL=[]  my_BL=[]
[TX  ->  *] bucket=553 L4 active=wlan0 ch8  BL=[]
[01:13:14] HOP bucket=554 L4 wlan0 -> ch4  (retuning, ~700ms loss)  | BL=[]
[RX  <- B] bucket=554  peer_BL=[]  my_BL=[]
[TX  ->  *] bucket=554 L4 active=wlan0 ch4  BL=[]
[01:13:16] HOP bucket=555 L4 wlan0 -> ch5  (retuning, ~700ms loss)  | BL=[]
[RX  <- B] bucket=555  peer_BL=[]  my_BL=[]
[TX  ->  *] bucket=555 L4 active=wlan0 ch5  BL=[]
[01:13:18] HOP bucket=556 L4 wlan0 -> ch4  (retuning, ~700ms loss)  | BL=[]
[TX  ->  *] bucket=556 L4 active=wlan0 ch4  BL=[]
[RX  <- B] bucket=556  peer_BL=[]  my_BL=[]
[01:13:20] HOP bucket=557 L4 wlan0 -> ch8  (retuning, ~700ms loss)  | BL=[]
[RX  <- B] bucket=557  peer_BL=[]  my_BL=[]
[TX  ->  *] bucket=557 L4 active=wlan0 ch8  BL=[]
[01:13:22] HOP bucket=558 L4 wlan0 -> ch8  (retuning, ~700ms loss)  | BL=[]
[TX  ->  *] bucket=558 L4 active=wlan0 ch8  BL=[]
[RX  <- B] bucket=558  peer_BL=[]  my_BL=[]
[01:13:24] HOP bucket=559 L4 wlan0 -> ch6  (retuning, ~700ms loss)  | BL=[]
[TX  ->  *] bucket=559 L4 active=wlan0 ch6  BL=[]
[RX  <- B] bucket=559  peer_BL=[]  my_BL=[]
[01:13:26] HOP bucket=560 L4 wlan0 -> ch8  (retuning, ~700ms loss)  | BL=[]
[TX  ->  *] bucket=560 L4 active=wlan0 ch8  BL=[]
[RX  <- B] bucket=560  peer_BL=[]  my_BL=[]
[01:13:28] HOP bucket=561 L4 wlan0 -> ch6  (retuning, ~700ms loss)  | BL=[]
[RX  <- B] bucket=561  peer_BL=[]  my_BL=[]
[TX  ->  *] bucket=561 L4 active=wlan0 ch6  BL=[]
[01:13:30] HOP bucket=562 L4 wlan0 -> ch5  (retuning, ~700ms loss)  | BL=[]
[RX  <- B] bucket=562  peer_BL=[]  my_BL=[]
[TX  ->  *] bucket=562 L4 active=wlan0 ch5  BL=[]
[01:13:32] HOP bucket=563 L4 wlan0 -> ch10  (retuning, ~700ms loss)  | BL=[]
[TX  ->  *] bucket=563 L4 active=wlan0 ch10  BL=[]
[RX  <- B] bucket=563  peer_BL=[]  my_BL=[]
[01:13:34] HOP bucket=564 L4 wlan0 -> ch7  (retuning, ~700ms loss)  | BL=[]
[TX  ->  *] bucket=564 L4 active=wlan0 ch7  BL=[]
[RX  <- B] bucket=564  peer_BL=[]  my_BL=[]
[01:13:36] HOP bucket=565 L4 wlan0 -> ch9  (retuning, ~700ms loss)  | BL=[]
[RX  <- B] bucket=565  peer_BL=[]  my_BL=[]
[TX  ->  *] bucket=565 L4 active=wlan0 ch9  BL=[]
[01:13:38] HOP bucket=566 L4 wlan0 -> ch11  (retuning, ~700ms loss)  | BL=[]
[TX  ->  *] bucket=566 L4 active=wlan0 ch11  BL=[]
[RX  <- B] bucket=566  peer_BL=[]  my_BL=[]
[01:13:40] HOP bucket=567 L4 wlan0 -> ch4  (retuning, ~700ms loss)  | BL=[]
[TX  ->  *] bucket=567 L4 active=wlan0 ch4  BL=[]
[RX  <- B] bucket=567  peer_BL=[]  my_BL=[]
[01:13:42] HOP bucket=568 L4 wlan0 -> ch11  (retuning, ~700ms loss)  | BL=[]
[RX  <- B] bucket=568  peer_BL=[]  my_BL=[]
[TX  ->  *] bucket=568 L4 active=wlan0 ch11  BL=[]
[01:13:44] HOP bucket=569 L4 wlan0 -> ch9  (retuning, ~700ms loss)  | BL=[]
[TX  ->  *] bucket=569 L4 active=wlan0 ch9  BL=[]
[RX  <- B] bucket=569  peer_BL=[]  my_BL=[]
[01:13:46] HOP bucket=570 L4 wlan0 -> ch9  (retuning, ~700ms loss)  | BL=[]
[RX  <- B] bucket=570  peer_BL=[]  my_BL=[]
[TX  ->  *] bucket=570 L4 active=wlan0 ch9  BL=[]
[01:13:48] HOP bucket=571 L4 wlan0 -> ch7  (retuning, ~700ms loss)  | BL=[]
[TX  ->  *] bucket=571 L4 active=wlan0 ch7  BL=[]
[RX  <- B] bucket=571  peer_BL=[]  my_BL=[]
[01:13:50] HOP bucket=572 L4 wlan0 -> ch8  (retuning, ~700ms loss)  | BL=[]
[TX  ->  *] bucket=572 L4 active=wlan0 ch8  BL=[]
[RX  <- B] bucket=572  peer_BL=[]  my_BL=[]
[01:13:52] HOP bucket=573 L4 wlan0 -> ch4  (retuning, ~700ms loss)  | BL=[]
[TX  ->  *] bucket=573 L4 active=wlan0 ch4  BL=[]
[RX  <- B] bucket=573  peer_BL=[]  my_BL=[]
[01:13:54] HOP bucket=574 L4 wlan0 -> ch6  (retuning, ~700ms loss)  | BL=[]
[TX  ->  *] bucket=574 L4 active=wlan0 ch6  BL=[]
[RX  <- B] bucket=574  peer_BL=[]  my_BL=[]
[01:13:56] HOP bucket=575 L4 wlan0 -> ch7  (retuning, ~700ms loss)  | BL=[]
[RX  <- B] bucket=575  peer_BL=[]  my_BL=[]
[TX  ->  *] bucket=575 L4 active=wlan0 ch7  BL=[]
[01:13:58] HOP bucket=576 L4 wlan0 -> ch10  (retuning, ~700ms loss)  | BL=[]
[RX  <- B] bucket=576  peer_BL=[]  my_BL=[]
[TX  ->  *] bucket=576 L4 active=wlan0 ch10  BL=[]
[01:14:00] HOP bucket=577 L4 wlan0 -> ch7  (retuning, ~700ms loss)  | BL=[]
[RX  <- B] bucket=577  peer_BL=[]  my_BL=[]
[TX  ->  *] bucket=577 L4 active=wlan0 ch7  BL=[]