============================================================
 ARTCHO NODE — MODE=L5 — NODE_ID=B
============================================================
 Bucket duration : 2.0s
 TEST_EPOCH      : 1772500378.0
 BUCKET_EPOCH    : 1772500378.0
 sim offset      : 0s  (0.00h)
 Use blacklist   : False
 Detect enabled  : False
 Dual radio      : True
============================================================

[WAIT] sleeping 20.1s until TEST_EPOCH...
[INIT] L5 cold-start (bucket=0):
       active  wlan0 -> ch7 (2442 MHz)
       bg      wlan1 -> ch9 (2452 MHz)
       confirmed blacklist: []
[INIT] L5 cold-start complete.

[TX  ->  *] bucket=0 L5 active=wlan0 ch7  BL=[]
[RX  <- A] bucket=0  peer_BL=[]  my_BL=[]
[02:13:00] HOP bucket=1 L5 active=wlan1 ch9  | prep wlan0 ch9  | BL=[]
[RX  <- A] bucket=1  peer_BL=[]  my_BL=[]
[TX  ->  *] bucket=1 L5 active=wlan1 ch9  BL=[]
[02:13:02] HOP bucket=2 L5 active=wlan0 ch9  | prep wlan1 ch8  | BL=[]
[TX  ->  *] bucket=2 L5 active=wlan0 ch9  BL=[]
[RX  <- A] bucket=2  peer_BL=[]  my_BL=[]
[02:13:04] HOP bucket=3 L5 active=wlan1 ch8  | prep wlan0 ch9  | BL=[]
[RX  <- A] bucket=3  peer_BL=[]  my_BL=[]
[TX  ->  *] bucket=3 L5 active=wlan1 ch8  BL=[]
[02:13:06] HOP bucket=4 L5 active=wlan0 ch9  | prep wlan1 ch11  | BL=[]
[RX  <- A] bucket=4  peer_BL=[]  my_BL=[]
[TX  ->  *] bucket=4 L5 active=wlan0 ch9  BL=[]
[02:13:08] HOP bucket=5 L5 active=wlan1 ch11  | prep wlan0 ch7  | BL=[]
[RX  <- A] bucket=5  peer_BL=[]  my_BL=[]
[TX  ->  *] bucket=5 L5 active=wlan1 ch11  BL=[]
[02:13:10] HOP bucket=6 L5 active=wlan0 ch7  | prep wlan1 ch9  | BL=[]
[RX  <- A] bucket=6  peer_BL=[]  my_BL=[]
[TX  ->  *] bucket=6 L5 active=wlan0 ch7  BL=[]
[02:13:12] HOP bucket=7 L5 active=wlan1 ch9  | prep wlan0 ch10  | BL=[]
[TX  ->  *] bucket=7 L5 active=wlan1 ch9  BL=[]
[RX  <- A] bucket=7  peer_BL=[]  my_BL=[]
[02:13:14] HOP bucket=8 L5 active=wlan0 ch10  | prep wlan1 ch7  | BL=[]
[TX  ->  *] bucket=8 L5 active=wlan0 ch10  BL=[]
[RX  <- A] bucket=8  peer_BL=[]  my_BL=[]
[02:13:16] HOP bucket=9 L5 active=wlan1 ch7  | prep wlan0 ch9  | BL=[]
[TX  ->  *] bucket=9 L5 active=wlan1 ch7  BL=[]
[RX  <- A] bucket=9  peer_BL=[]  my_BL=[]
[02:13:18] HOP bucket=10 L5 active=wlan0 ch9  | prep wlan1 ch7  | BL=[]
[RX  <- A] bucket=10  peer_BL=[]  my_BL=[]
[TX  ->  *] bucket=10 L5 active=wlan0 ch9  BL=[]
[02:13:20] HOP bucket=11 L5 active=wlan1 ch7  | prep wlan0 ch5  | BL=[]
[TX  ->  *] bucket=11 L5 active=wlan1 ch7  BL=[]
[RX  <- A] bucket=11  peer_BL=[]  my_BL=[]
[02:13:22] HOP bucket=12 L5 active=wlan0 ch5  | prep wlan1 ch5  | BL=[]
[TX  ->  *] bucket=12 L5 active=wlan0 ch5  BL=[]
[RX  <- A] bucket=12  peer_BL=[]  my_BL=[]
[02:13:24] HOP bucket=13 L5 active=wlan1 ch5  | prep wlan0 ch10  | BL=[]
[TX  ->  *] bucket=13 L5 active=wlan1 ch5  BL=[]
[RX  <- A] bucket=13  peer_BL=[]  my_BL=[]
[02:13:26] HOP bucket=14 L5 active=wlan0 ch10  | prep wlan1 ch9  | BL=[]
[RX  <- A] bucket=14  peer_BL=[]  my_BL=[]
[TX  ->  *] bucket=14 L5 active=wlan0 ch10  BL=[]
[02:13:28] HOP bucket=15 L5 active=wlan1 ch9  | prep wlan0 ch8  | BL=[]
[TX  ->  *] bucket=15 L5 active=wlan1 ch9  BL=[]
[RX  <- A] bucket=15  peer_BL=[]  my_BL=[]
[02:13:30] HOP bucket=16 L5 active=wlan0 ch8  | prep wlan1 ch8  | BL=[]
[RX  <- A] bucket=16  peer_BL=[]  my_BL=[]
[TX  ->  *] bucket=16 L5 active=wlan0 ch8  BL=[]
[02:13:32] HOP bucket=17 L5 active=wlan1 ch8  | prep wlan0 ch8  | BL=[]
[TX  ->  *] bucket=17 L5 active=wlan1 ch8  BL=[]
[RX  <- A] bucket=17  peer_BL=[]  my_BL=[]
[02:13:34] HOP bucket=18 L5 active=wlan0 ch8  | prep wlan1 ch3  | BL=[]
[TX  ->  *] bucket=18 L5 active=wlan0 ch8  BL=[]
[RX  <- A] bucket=18  peer_BL=[]  my_BL=[]
[02:13:36] HOP bucket=19 L5 active=wlan1 ch3  | prep wlan0 ch8  | BL=[]
[TX  ->  *] bucket=19 L5 active=wlan1 ch3  BL=[]
[RX  <- A] bucket=19  peer_BL=[]  my_BL=[]
[02:13:38] HOP bucket=20 L5 active=wlan0 ch8  | prep wlan1 ch9  | BL=[]
[RX  <- A] bucket=20  peer_BL=[]  my_BL=[]
[TX  ->  *] bucket=20 L5 active=wlan0 ch8  BL=[]
[02:13:40] HOP bucket=21 L5 active=wlan1 ch9  | prep wlan0 ch11  | BL=[]
[TX  ->  *] bucket=21 L5 active=wlan1 ch9  BL=[]
[RX  <- A] bucket=21  peer_BL=[]  my_BL=[]
[02:13:42] HOP bucket=22 L5 active=wlan0 ch11  | prep wlan1 ch10  | BL=[]
[RX  <- A] bucket=22  peer_BL=[]  my_BL=[]
[TX  ->  *] bucket=22 L5 active=wlan0 ch11  BL=[]
[02:13:44] HOP bucket=23 L5 active=wlan1 ch10  | prep wlan0 ch9  | BL=[]
[TX  ->  *] bucket=23 L5 active=wlan1 ch10  BL=[]
[RX  <- A] bucket=23  peer_BL=[]  my_BL=[]
[02:13:46] HOP bucket=24 L5 active=wlan0 ch9  | prep wlan1 ch11  | BL=[]
[RX  <- A] bucket=24  peer_BL=[]  my_BL=[]
[TX  ->  *] bucket=24 L5 active=wlan0 ch9  BL=[]
[02:13:48] HOP bucket=25 L5 active=wlan1 ch11  | prep wlan0 ch11  | BL=[]
[RX  <- A] bucket=25  peer_BL=[]  my_BL=[]
[TX  ->  *] bucket=25 L5 active=wlan1 ch11  BL=[]
[02:13:50] HOP bucket=26 L5 active=wlan0 ch11  | prep wlan1 ch4  | BL=[]
[RX  <- A] bucket=26  peer_BL=[]  my_BL=[]
[TX  ->  *] bucket=26 L5 active=wlan0 ch11  BL=[]
[02:13:52] HOP bucket=27 L5 active=wlan1 ch4  | prep wlan0 ch3  | BL=[]
[TX  ->  *] bucket=27 L5 active=wlan1 ch4  BL=[]
[RX  <- A] bucket=27  peer_BL=[]  my_BL=[]
[02:13:54] HOP bucket=28 L5 active=wlan0 ch3  | prep wlan1 ch10  | BL=[]
[TX  ->  *] bucket=28 L5 active=wlan0 ch3  BL=[]
[RX  <- A] bucket=28  peer_BL=[]  my_BL=[]
[02:13:56] HOP bucket=29 L5 active=wlan1 ch10  | prep wlan0 ch3  | BL=[]
[TX  ->  *] bucket=29 L5 active=wlan1 ch10  BL=[]
[RX  <- A] bucket=29  peer_BL=[]  my_BL=[]
[02:13:58] HOP bucket=30 L5 active=wlan0 ch3  | prep wlan1 ch10  | BL=[]
[RX  <- A] bucket=30  peer_BL=[]  my_BL=[]
[TX  ->  *] bucket=30 L5 active=wlan0 ch3  BL=[]
[02:14:00] HOP bucket=31 L5 active=wlan1 ch10  | prep wlan0 ch10  | BL=[]
[TX  ->  *] bucket=31 L5 active=wlan1 ch10  BL=[]
[RX  <- A] bucket=31  peer_BL=[]  my_BL=[]
[02:14:02] HOP bucket=32 L5 active=wlan0 ch10  | prep wlan1 ch10  | BL=[]
[TX  ->  *] bucket=32 L5 active=wlan0 ch10  BL=[]
[RX  <- A] bucket=32  peer_BL=[]  my_BL=[]
[02:14:04] HOP bucket=33 L5 active=wlan1 ch10  | prep wlan0 ch10  | BL=[]
[RX  <- A] bucket=33  peer_BL=[]  my_BL=[]
[TX  ->  *] bucket=33 L5 active=wlan1 ch10  BL=[]
[02:14:06] HOP bucket=34 L5 active=wlan0 ch10  | prep wlan1 ch4  | BL=[]
[RX  <- A] bucket=34  peer_BL=[]  my_BL=[]
[TX  ->  *] bucket=34 L5 active=wlan0 ch10  BL=[]
[02:14:08] HOP bucket=35 L5 active=wlan1 ch4  | prep wlan0 ch11  | BL=[]
[TX  ->  *] bucket=35 L5 active=wlan1 ch4  BL=[]
[RX  <- A] bucket=35  peer_BL=[]  my_BL=[]
[02:14:10] HOP bucket=36 L5 active=wlan0 ch11  | prep wlan1 ch5  | BL=[]
[TX  ->  *] bucket=36 L5 active=wlan0 ch11  BL=[]
[RX  <- A] bucket=36  peer_BL=[]  my_BL=[]
[02:14:12] HOP bucket=37 L5 active=wlan1 ch5  | prep wlan0 ch8  | BL=[]
[TX  ->  *] bucket=37 L5 active=wlan1 ch5  BL=[]
[RX  <- A] bucket=37  peer_BL=[]  my_BL=[]
[02:14:14] HOP bucket=38 L5 active=wlan0 ch8  | prep wlan1 ch11  | BL=[]
[TX  ->  *] bucket=38 L5 active=wlan0 ch8  BL=[]
[RX  <- A] bucket=38  peer_BL=[]  my_BL=[]
[02:14:16] HOP bucket=39 L5 active=wlan1 ch11  | prep wlan0 ch5  | BL=[]
[TX  ->  *] bucket=39 L5 active=wlan1 ch11  BL=[]
[RX  <- A] bucket=39  peer_BL=[]  my_BL=[]
[02:14:18] HOP bucket=40 L5 active=wlan0 ch5  | prep wlan1 ch10  | BL=[]
[TX  ->  *] bucket=40 L5 active=wlan0 ch5  BL=[]
[RX  <- A] bucket=40  peer_BL=[]  my_BL=[]
[02:14:20] HOP bucket=41 L5 active=wlan1 ch10  | prep wlan0 ch11  | BL=[]
[TX  ->  *] bucket=41 L5 active=wlan1 ch10  BL=[]
[RX  <- A] bucket=41  peer_BL=[]  my_BL=[]
[02:14:22] HOP bucket=42 L5 active=wlan0 ch11  | prep wlan1 ch8  | BL=[]
[TX  ->  *] bucket=42 L5 active=wlan0 ch11  BL=[]
[RX  <- A] bucket=42  peer_BL=[]  my_BL=[]
[02:14:24] HOP bucket=43 L5 active=wlan1 ch8  | prep wlan0 ch7  | BL=[]
[TX  ->  *] bucket=43 L5 active=wlan1 ch8  BL=[]
[RX  <- A] bucket=43  peer_BL=[]  my_BL=[]
[02:14:26] HOP bucket=44 L5 active=wlan0 ch7  | prep wlan1 ch4  | BL=[]
[TX  ->  *] bucket=44 L5 active=wlan0 ch7  BL=[]
[RX  <- A] bucket=44  peer_BL=[]  my_BL=[]
[02:14:28] HOP bucket=45 L5 active=wlan1 ch4  | prep wlan0 ch10  | BL=[]
[TX  ->  *] bucket=45 L5 active=wlan1 ch4  BL=[]
[RX  <- A] bucket=45  peer_BL=[]  my_BL=[]
[02:14:30] HOP bucket=46 L5 active=wlan0 ch10  | prep wlan1 ch7  | BL=[]
[TX  ->  *] bucket=46 L5 active=wlan0 ch10  BL=[]
[RX  <- A] bucket=46  peer_BL=[]  my_BL=[]
[02:14:32] HOP bucket=47 L5 active=wlan1 ch7  | prep wlan0 ch3  | BL=[]
[RX  <- A] bucket=47  peer_BL=[]  my_BL=[]
[TX  ->  *] bucket=47 L5 active=wlan1 ch7  BL=[]
[02:14:34] HOP bucket=48 L5 active=wlan0 ch3  | prep wlan1 ch11  | BL=[]
[TX  ->  *] bucket=48 L5 active=wlan0 ch3  BL=[]
[RX  <- A] bucket=48  peer_BL=[]  my_BL=[]
[02:14:36] HOP bucket=49 L5 active=wlan1 ch11  | prep wlan0 ch6  | BL=[]
[TX  ->  *] bucket=49 L5 active=wlan1 ch11  BL=[]
[RX  <- A] bucket=49  peer_BL=[]  my_BL=[]
[02:14:38] HOP bucket=50 L5 active=wlan0 ch6  | prep wlan1 ch3  | BL=[]
[RX  <- A] bucket=50  peer_BL=[]  my_BL=[]
[TX  ->  *] bucket=50 L5 active=wlan0 ch6  BL=[]
[02:14:40] HOP bucket=51 L5 active=wlan1 ch3  | prep wlan0 ch11  | BL=[]
[TX  ->  *] bucket=51 L5 active=wlan1 ch3  BL=[]
[RX  <- A] bucket=51  peer_BL=[]  my_BL=[]
[02:14:42] HOP bucket=52 L5 active=wlan0 ch11  | prep wlan1 ch5  | BL=[]
[TX  ->  *] bucket=52 L5 active=wlan0 ch11  BL=[]
[RX  <- A] bucket=52  peer_BL=[]  my_BL=[]
[02:14:44] HOP bucket=53 L5 active=wlan1 ch5  | prep wlan0 ch7  | BL=[]
[TX  ->  *] bucket=53 L5 active=wlan1 ch5  BL=[]
[RX  <- A] bucket=53  peer_BL=[]  my_BL=[]
[02:14:46] HOP bucket=54 L5 active=wlan0 ch7  | prep wlan1 ch7  | BL=[]
[RX  <- A] bucket=54  peer_BL=[]  my_BL=[]
[TX  ->  *] bucket=54 L5 active=wlan0 ch7  BL=[]
[02:14:48] HOP bucket=55 L5 active=wlan1 ch7  | prep wlan0 ch11  | BL=[]
[TX  ->  *] bucket=55 L5 active=wlan1 ch7  BL=[]
[RX  <- A] bucket=55  peer_BL=[]  my_BL=[]
[02:14:50] HOP bucket=56 L5 active=wlan0 ch11  | prep wlan1 ch7  | BL=[]
[RX  <- A] bucket=56  peer_BL=[]  my_BL=[]
[TX  ->  *] bucket=56 L5 active=wlan0 ch11  BL=[]
[02:14:52] HOP bucket=57 L5 active=wlan1 ch7  | prep wlan0 ch3  | BL=[]
[RX  <- A] bucket=57  peer_BL=[]  my_BL=[]
[TX  ->  *] bucket=57 L5 active=wlan1 ch7  BL=[]
[02:14:54] HOP bucket=58 L5 active=wlan0 ch3  | prep wlan1 ch7  | BL=[]
[RX  <- A] bucket=58  peer_BL=[]  my_BL=[]
[TX  ->  *] bucket=58 L5 active=wlan0 ch3  BL=[]
[02:14:56] HOP bucket=59 L5 active=wlan1 ch7  | prep wlan0 ch4  | BL=[]
[RX  <- A] bucket=59  peer_BL=[]  my_BL=[]
[TX  ->  *] bucket=59 L5 active=wlan1 ch7  BL=[]
[02:14:58] HOP bucket=60 L5 active=wlan0 ch4  | prep wlan1 ch6  | BL=[]
[TX  ->  *] bucket=60 L5 active=wlan0 ch4  BL=[]
[RX  <- A] bucket=60  peer_BL=[]  my_BL=[]
[02:15:00] HOP bucket=61 L5 active=wlan1 ch6  | prep wlan0 ch11  | BL=[]
[TX  ->  *] bucket=61 L5 active=wlan1 ch6  BL=[]
[RX  <- A] bucket=61  peer_BL=[]  my_BL=[]
[02:15:02] HOP bucket=62 L5 active=wlan0 ch11  | prep wlan1 ch7  | BL=[]
[TX  ->  *] bucket=62 L5 active=wlan0 ch11  BL=[]
[RX  <- A] bucket=62  peer_BL=[]  my_BL=[]
[02:15:04] HOP bucket=63 L5 active=wlan1 ch7  | prep wlan0 ch9  | BL=[]
[TX  ->  *] bucket=63 L5 active=wlan1 ch7  BL=[]
[RX  <- A] bucket=63  peer_BL=[]  my_BL=[]
[02:15:06] HOP bucket=64 L5 active=wlan0 ch9  | prep wlan1 ch8  | BL=[]
[RX  <- A] bucket=64  peer_BL=[]  my_BL=[]
[TX  ->  *] bucket=64 L5 active=wlan0 ch9  BL=[]
[02:15:08] HOP bucket=65 L5 active=wlan1 ch8  | prep wlan0 ch11  | BL=[]
[TX  ->  *] bucket=65 L5 active=wlan1 ch8  BL=[]
[RX  <- A] bucket=65  peer_BL=[]  my_BL=[]
[02:15:10] HOP bucket=66 L5 active=wlan0 ch11  | prep wlan1 ch10  | BL=[]
[TX  ->  *] bucket=66 L5 active=wlan0 ch11  BL=[]
[RX  <- A] bucket=66  peer_BL=[]  my_BL=[]
[02:15:12] HOP bucket=67 L5 active=wlan1 ch10  | prep wlan0 ch9  | BL=[]
[TX  ->  *] bucket=67 L5 active=wlan1 ch10  BL=[]
[RX  <- A] bucket=67  peer_BL=[]  my_BL=[]
[02:15:14] HOP bucket=68 L5 active=wlan0 ch9  | prep wlan1 ch10  | BL=[]
[TX  ->  *] bucket=68 L5 active=wlan0 ch9  BL=[]
[RX  <- A] bucket=68  peer_BL=[]  my_BL=[]
[02:15:16] HOP bucket=69 L5 active=wlan1 ch10  | prep wlan0 ch11  | BL=[]
[RX  <- A] bucket=69  peer_BL=[]  my_BL=[]
[TX  ->  *] bucket=69 L5 active=wlan1 ch10  BL=[]
[02:15:18] HOP bucket=70 L5 active=wlan0 ch11  | prep wlan1 ch4  | BL=[]
[TX  ->  *] bucket=70 L5 active=wlan0 ch11  BL=[]
[RX  <- A] bucket=70  peer_BL=[]  my_BL=[]
[02:15:20] HOP bucket=71 L5 active=wlan1 ch4  | prep wlan0 ch9  | BL=[]
[TX  ->  *] bucket=71 L5 active=wlan1 ch4  BL=[]
[RX  <- A] bucket=71  peer_BL=[]  my_BL=[]
[02:15:22] HOP bucket=72 L5 active=wlan0 ch9  | prep wlan1 ch7  | BL=[]
[TX  ->  *] bucket=72 L5 active=wlan0 ch9  BL=[]
[RX  <- A] bucket=72  peer_BL=[]  my_BL=[]
[02:15:24] HOP bucket=73 L5 active=wlan1 ch7  | prep wlan0 ch11  | BL=[]
[RX  <- A] bucket=73  peer_BL=[]  my_BL=[]
[TX  ->  *] bucket=73 L5 active=wlan1 ch7  BL=[]
[02:15:26] HOP bucket=74 L5 active=wlan0 ch11  | prep wlan1 ch6  | BL=[]
[RX  <- A] bucket=74  peer_BL=[]  my_BL=[]
[TX  ->  *] bucket=74 L5 active=wlan0 ch11  BL=[]
[02:15:28] HOP bucket=75 L5 active=wlan1 ch6  | prep wlan0 ch8  | BL=[]
[TX  ->  *] bucket=75 L5 active=wlan1 ch6  BL=[]
[RX  <- A] bucket=75  peer_BL=[]  my_BL=[]
[02:15:30] HOP bucket=76 L5 active=wlan0 ch8  | prep wlan1 ch9  | BL=[]
[TX  ->  *] bucket=76 L5 active=wlan0 ch8  BL=[]
[RX  <- A] bucket=76  peer_BL=[]  my_BL=[]
[02:15:32] HOP bucket=77 L5 active=wlan1 ch9  | prep wlan0 ch11  | BL=[]
[TX  ->  *] bucket=77 L5 active=wlan1 ch9  BL=[]
[RX  <- A] bucket=77  peer_BL=[]  my_BL=[]
[02:15:34] HOP bucket=78 L5 active=wlan0 ch11  | prep wlan1 ch4  | BL=[]
[TX  ->  *] bucket=78 L5 active=wlan0 ch11  BL=[]
[RX  <- A] bucket=78  peer_BL=[]  my_BL=[]
[02:15:36] HOP bucket=79 L5 active=wlan1 ch4  | prep wlan0 ch8  | BL=[]
[RX  <- A] bucket=79  peer_BL=[]  my_BL=[]
[TX  ->  *] bucket=79 L5 active=wlan1 ch4  BL=[]
[02:15:38] HOP bucket=80 L5 active=wlan0 ch8  | prep wlan1 ch7  | BL=[]
[TX  ->  *] bucket=80 L5 active=wlan0 ch8  BL=[]
[RX  <- A] bucket=80  peer_BL=[]  my_BL=[]
[02:15:40] HOP bucket=81 L5 active=wlan1 ch7  | prep wlan0 ch9  | BL=[]
[TX  ->  *] bucket=81 L5 active=wlan1 ch7  BL=[]
[RX  <- A] bucket=81  peer_BL=[]  my_BL=[]
[02:15:42] HOP bucket=82 L5 active=wlan0 ch9  | prep wlan1 ch4  | BL=[]
[TX  ->  *] bucket=82 L5 active=wlan0 ch9  BL=[]
[RX  <- A] bucket=82  peer_BL=[]  my_BL=[]
[02:15:44] HOP bucket=83 L5 active=wlan1 ch4  | prep wlan0 ch9  | BL=[]
[TX  ->  *] bucket=83 L5 active=wlan1 ch4  BL=[]
[RX  <- A] bucket=83  peer_BL=[]  my_BL=[]
[02:15:46] HOP bucket=84 L5 active=wlan0 ch9  | prep wlan1 ch8  | BL=[]
[RX  <- A] bucket=84  peer_BL=[]  my_BL=[]
[TX  ->  *] bucket=84 L5 active=wlan0 ch9  BL=[]
[02:15:48] HOP bucket=85 L5 active=wlan1 ch8  | prep wlan0 ch6  | BL=[]
[RX  <- A] bucket=85  peer_BL=[]  my_BL=[]
[TX  ->  *] bucket=85 L5 active=wlan1 ch8  BL=[]
[02:15:50] HOP bucket=86 L5 active=wlan0 ch6  | prep wlan1 ch3  | BL=[]
[RX  <- A] bucket=86  peer_BL=[]  my_BL=[]
[TX  ->  *] bucket=86 L5 active=wlan0 ch6  BL=[]
[02:15:52] HOP bucket=87 L5 active=wlan1 ch3  | prep wlan0 ch3  | BL=[]
[RX  <- A] bucket=87  peer_BL=[]  my_BL=[]
[TX  ->  *] bucket=87 L5 active=wlan1 ch3  BL=[]
[02:15:54] HOP bucket=88 L5 active=wlan0 ch3  | prep wlan1 ch6  | BL=[]
[TX  ->  *] bucket=88 L5 active=wlan0 ch3  BL=[]
[RX  <- A] bucket=88  peer_BL=[]  my_BL=[]
[02:15:56] HOP bucket=89 L5 active=wlan1 ch6  | prep wlan0 ch7  | BL=[]
[TX  ->  *] bucket=89 L5 active=wlan1 ch6  BL=[]
[RX  <- A] bucket=89  peer_BL=[]  my_BL=[]
[02:15:58] HOP bucket=90 L5 active=wlan0 ch7  | prep wlan1 ch5  | BL=[]
[RX  <- A] bucket=90  peer_BL=[]  my_BL=[]
[TX  ->  *] bucket=90 L5 active=wlan0 ch7  BL=[]
[02:16:00] HOP bucket=91 L5 active=wlan1 ch5  | prep wlan0 ch7  | BL=[]
[TX  ->  *] bucket=91 L5 active=wlan1 ch5  BL=[]
[RX  <- A] bucket=91  peer_BL=[]  my_BL=[]
[02:16:02] HOP bucket=92 L5 active=wlan0 ch7  | prep wlan1 ch9  | BL=[]
[TX  ->  *] bucket=92 L5 active=wlan0 ch7  BL=[]
[RX  <- A] bucket=92  peer_BL=[]  my_BL=[]
[02:16:04] HOP bucket=93 L5 active=wlan1 ch9  | prep wlan0 ch7  | BL=[]
[TX  ->  *] bucket=93 L5 active=wlan1 ch9  BL=[]
[RX  <- A] bucket=93  peer_BL=[]  my_BL=[]
[02:16:06] HOP bucket=94 L5 active=wlan0 ch7  | prep wlan1 ch8  | BL=[]
[TX  ->  *] bucket=94 L5 active=wlan0 ch7  BL=[]
[RX  <- A] bucket=94  peer_BL=[]  my_BL=[]
[02:16:08] HOP bucket=95 L5 active=wlan1 ch8  | prep wlan0 ch9  | BL=[]
[TX  ->  *] bucket=95 L5 active=wlan1 ch8  BL=[]
[RX  <- A] bucket=95  peer_BL=[]  my_BL=[]
[02:16:10] HOP bucket=96 L5 active=wlan0 ch9  | prep wlan1 ch10  | BL=[]
[RX  <- A] bucket=96  peer_BL=[]  my_BL=[]
[TX  ->  *] bucket=96 L5 active=wlan0 ch9  BL=[]
[02:16:12] HOP bucket=97 L5 active=wlan1 ch10  | prep wlan0 ch3  | BL=[]
[TX  ->  *] bucket=97 L5 active=wlan1 ch10  BL=[]
[RX  <- A] bucket=97  peer_BL=[]  my_BL=[]
[02:16:14] HOP bucket=98 L5 active=wlan0 ch3  | prep wlan1 ch11  | BL=[]
[TX  ->  *] bucket=98 L5 active=wlan0 ch3  BL=[]
[RX  <- A] bucket=98  peer_BL=[]  my_BL=[]
[02:16:16] HOP bucket=99 L5 active=wlan1 ch11  | prep wlan0 ch5  | BL=[]
[TX  ->  *] bucket=99 L5 active=wlan1 ch11  BL=[]
[RX  <- A] bucket=99  peer_BL=[]  my_BL=[]
[02:16:18] HOP bucket=100 L5 active=wlan0 ch5  | prep wlan1 ch3  | BL=[]
[TX  ->  *] bucket=100 L5 active=wlan0 ch5  BL=[]
[RX  <- A] bucket=100  peer_BL=[]  my_BL=[]
[02:16:20] HOP bucket=101 L5 active=wlan1 ch3  | prep wlan0 ch9  | BL=[]
[TX  ->  *] bucket=101 L5 active=wlan1 ch3  BL=[]
[RX  <- A] bucket=101  peer_BL=[]  my_BL=[]
[02:16:22] HOP bucket=102 L5 active=wlan0 ch9  | prep wlan1 ch5  | BL=[]
[TX  ->  *] bucket=102 L5 active=wlan0 ch9  BL=[]
[RX  <- A] bucket=102  peer_BL=[]  my_BL=[]
[02:16:24] HOP bucket=103 L5 active=wlan1 ch5  | prep wlan0 ch5  | BL=[]
[RX  <- A] bucket=103  peer_BL=[]  my_BL=[]
[TX  ->  *] bucket=103 L5 active=wlan1 ch5  BL=[]
[02:16:26] HOP bucket=104 L5 active=wlan0 ch5  | prep wlan1 ch9  | BL=[]
[RX  <- A] bucket=104  peer_BL=[]  my_BL=[]
[TX  ->  *] bucket=104 L5 active=wlan0 ch5  BL=[]
[02:16:28] HOP bucket=105 L5 active=wlan1 ch9  | prep wlan0 ch11  | BL=[]
[RX  <- A] bucket=105  peer_BL=[]  my_BL=[]
[TX  ->  *] bucket=105 L5 active=wlan1 ch9  BL=[]
[02:16:30] HOP bucket=106 L5 active=wlan0 ch11  | prep wlan1 ch4  | BL=[]
[TX  ->  *] bucket=106 L5 active=wlan0 ch11  BL=[]
[RX  <- A] bucket=106  peer_BL=[]  my_BL=[]
[02:16:32] HOP bucket=107 L5 active=wlan1 ch4  | prep wlan0 ch9  | BL=[]
[TX  ->  *] bucket=107 L5 active=wlan1 ch4  BL=[]
[RX  <- A] bucket=107  peer_BL=[]  my_BL=[]
[02:16:34] HOP bucket=108 L5 active=wlan0 ch9  | prep wlan1 ch11  | BL=[]
[RX  <- A] bucket=108  peer_BL=[]  my_BL=[]
[TX  ->  *] bucket=108 L5 active=wlan0 ch9  BL=[]
[02:16:36] HOP bucket=109 L5 active=wlan1 ch11  | prep wlan0 ch3  | BL=[]
[RX  <- A] bucket=109  peer_BL=[]  my_BL=[]
[TX  ->  *] bucket=109 L5 active=wlan1 ch11  BL=[]
[02:16:38] HOP bucket=110 L5 active=wlan0 ch3  | prep wlan1 ch9  | BL=[]
[RX  <- A] bucket=110  peer_BL=[]  my_BL=[]
[TX  ->  *] bucket=110 L5 active=wlan0 ch3  BL=[]
[02:16:40] HOP bucket=111 L5 active=wlan1 ch9  | prep wlan0 ch11  | BL=[]
[TX  ->  *] bucket=111 L5 active=wlan1 ch9  BL=[]
[RX  <- A] bucket=111  peer_BL=[]  my_BL=[]
[02:16:42] HOP bucket=112 L5 active=wlan0 ch11  | prep wlan1 ch4  | BL=[]
[TX  ->  *] bucket=112 L5 active=wlan0 ch11  BL=[]
[RX  <- A] bucket=112  peer_BL=[]  my_BL=[]
[02:16:44] HOP bucket=113 L5 active=wlan1 ch4  | prep wlan0 ch9  | BL=[]
[TX  ->  *] bucket=113 L5 active=wlan1 ch4  BL=[]
[RX  <- A] bucket=113  peer_BL=[]  my_BL=[]
[02:16:46] HOP bucket=114 L5 active=wlan0 ch9  | prep wlan1 ch4  | BL=[]
[TX  ->  *] bucket=114 L5 active=wlan0 ch9  BL=[]
[RX  <- A] bucket=114  peer_BL=[]  my_BL=[]
[02:16:48] HOP bucket=115 L5 active=wlan1 ch4  | prep wlan0 ch9  | BL=[]
[RX  <- A] bucket=115  peer_BL=[]  my_BL=[]
[TX  ->  *] bucket=115 L5 active=wlan1 ch4  BL=[]
[02:16:50] HOP bucket=116 L5 active=wlan0 ch9  | prep wlan1 ch4  | BL=[]
[RX  <- A] bucket=116  peer_BL=[]  my_BL=[]
[TX  ->  *] bucket=116 L5 active=wlan0 ch9  BL=[]
[02:16:52] HOP bucket=117 L5 active=wlan1 ch4  | prep wlan0 ch11  | BL=[]
[RX  <- A] bucket=117  peer_BL=[]  my_BL=[]
[TX  ->  *] bucket=117 L5 active=wlan1 ch4  BL=[]
[02:16:54] HOP bucket=118 L5 active=wlan0 ch11  | prep wlan1 ch6  | BL=[]
[RX  <- A] bucket=118  peer_BL=[]  my_BL=[]
[TX  ->  *] bucket=118 L5 active=wlan0 ch11  BL=[]
[02:16:56] HOP bucket=119 L5 active=wlan1 ch6  | prep wlan0 ch7  | BL=[]
[TX  ->  *] bucket=119 L5 active=wlan1 ch6  BL=[]
[RX  <- A] bucket=119  peer_BL=[]  my_BL=[]
[02:16:58] HOP bucket=120 L5 active=wlan0 ch7  | prep wlan1 ch9  | BL=[]
[TX  ->  *] bucket=120 L5 active=wlan0 ch7  BL=[]
[RX  <- A] bucket=120  peer_BL=[]  my_BL=[]
[02:17:00] HOP bucket=121 L5 active=wlan1 ch9  | prep wlan0 ch7  | BL=[]
[TX  ->  *] bucket=121 L5 active=wlan1 ch9  BL=[]
[RX  <- A] bucket=121  peer_BL=[]  my_BL=[]
[02:17:02] HOP bucket=122 L5 active=wlan0 ch7  | prep wlan1 ch7  | BL=[]
[TX  ->  *] bucket=122 L5 active=wlan0 ch7  BL=[]
[RX  <- A] bucket=122  peer_BL=[]  my_BL=[]
[02:17:04] HOP bucket=123 L5 active=wlan1 ch7  | prep wlan0 ch5  | BL=[]
[TX  ->  *] bucket=123 L5 active=wlan1 ch7  BL=[]
[RX  <- A] bucket=123  peer_BL=[]  my_BL=[]
[02:17:06] HOP bucket=124 L5 active=wlan0 ch5  | prep wlan1 ch5  | BL=[]
[TX  ->  *] bucket=124 L5 active=wlan0 ch5  BL=[]
[RX  <- A] bucket=124  peer_BL=[]  my_BL=[]
[02:17:08] HOP bucket=125 L5 active=wlan1 ch5  | prep wlan0 ch8  | BL=[]
[TX  ->  *] bucket=125 L5 active=wlan1 ch5  BL=[]
[RX  <- A] bucket=125  peer_BL=[]  my_BL=[]
[02:17:10] HOP bucket=126 L5 active=wlan0 ch8  | prep wlan1 ch11  | BL=[]
[RX  <- A] bucket=126  peer_BL=[]  my_BL=[]
[TX  ->  *] bucket=126 L5 active=wlan0 ch8  BL=[]
[02:17:12] HOP bucket=127 L5 active=wlan1 ch11  | prep wlan0 ch3  | BL=[]
[RX  <- A] bucket=127  peer_BL=[]  my_BL=[]
[TX  ->  *] bucket=127 L5 active=wlan1 ch11  BL=[]
[02:17:14] HOP bucket=128 L5 active=wlan0 ch3  | prep wlan1 ch10  | BL=[]
[TX  ->  *] bucket=128 L5 active=wlan0 ch3  BL=[]
[RX  <- A] bucket=128  peer_BL=[]  my_BL=[]
[02:17:16] HOP bucket=129 L5 active=wlan1 ch10  | prep wlan0 ch7  | BL=[]
[TX  ->  *] bucket=129 L5 active=wlan1 ch10  BL=[]
[RX  <- A] bucket=129  peer_BL=[]  my_BL=[]
[02:17:18] HOP bucket=130 L5 active=wlan0 ch7  | prep wlan1 ch8  | BL=[]
[RX  <- A] bucket=130  peer_BL=[]  my_BL=[]
[TX  ->  *] bucket=130 L5 active=wlan0 ch7  BL=[]
[02:17:20] HOP bucket=131 L5 active=wlan1 ch8  | prep wlan0 ch6  | BL=[]
[TX  ->  *] bucket=131 L5 active=wlan1 ch8  BL=[]
[RX  <- A] bucket=131  peer_BL=[]  my_BL=[]
[02:17:22] HOP bucket=132 L5 active=wlan0 ch6  | prep wlan1 ch7  | BL=[]
[TX  ->  *] bucket=132 L5 active=wlan0 ch6  BL=[]
[RX  <- A] bucket=132  peer_BL=[]  my_BL=[]
[02:17:24] HOP bucket=133 L5 active=wlan1 ch7  | prep wlan0 ch8  | BL=[]
[RX  <- A] bucket=133  peer_BL=[]  my_BL=[]
[TX  ->  *] bucket=133 L5 active=wlan1 ch7  BL=[]
[02:17:26] HOP bucket=134 L5 active=wlan0 ch8  | prep wlan1 ch8  | BL=[]
[TX  ->  *] bucket=134 L5 active=wlan0 ch8  BL=[]
[RX  <- A] bucket=134  peer_BL=[]  my_BL=[]
[02:17:28] HOP bucket=135 L5 active=wlan1 ch8  | prep wlan0 ch6  | BL=[]
[TX  ->  *] bucket=135 L5 active=wlan1 ch8  BL=[]
[RX  <- A] bucket=135  peer_BL=[]  my_BL=[]
[02:17:30] HOP bucket=136 L5 active=wlan0 ch6  | prep wlan1 ch11  | BL=[]
[TX  ->  *] bucket=136 L5 active=wlan0 ch6  BL=[]
[RX  <- A] bucket=136  peer_BL=[]  my_BL=[]
[02:17:32] HOP bucket=137 L5 active=wlan1 ch11  | prep wlan0 ch3  | BL=[]
[TX  ->  *] bucket=137 L5 active=wlan1 ch11  BL=[]
[RX  <- A] bucket=137  peer_BL=[]  my_BL=[]
[02:17:34] HOP bucket=138 L5 active=wlan0 ch3  | prep wlan1 ch6  | BL=[]
[RX  <- A] bucket=138  peer_BL=[]  my_BL=[]
[TX  ->  *] bucket=138 L5 active=wlan0 ch3  BL=[]
[02:17:36] HOP bucket=139 L5 active=wlan1 ch6  | prep wlan0 ch10  | BL=[]
[RX  <- A] bucket=139  peer_BL=[]  my_BL=[]
[TX  ->  *] bucket=139 L5 active=wlan1 ch6  BL=[]
[02:17:38] HOP bucket=140 L5 active=wlan0 ch10  | prep wlan1 ch8  | BL=[]
[TX  ->  *] bucket=140 L5 active=wlan0 ch10  BL=[]
[RX  <- A] bucket=140  peer_BL=[]  my_BL=[]
[02:17:40] HOP bucket=141 L5 active=wlan1 ch8  | prep wlan0 ch7  | BL=[]
[TX  ->  *] bucket=141 L5 active=wlan1 ch8  BL=[]
[RX  <- A] bucket=141  peer_BL=[]  my_BL=[]
[02:17:42] HOP bucket=142 L5 active=wlan0 ch7  | prep wlan1 ch3  | BL=[]
[RX  <- A] bucket=142  peer_BL=[]  my_BL=[]
[TX  ->  *] bucket=142 L5 active=wlan0 ch7  BL=[]
[02:17:44] HOP bucket=143 L5 active=wlan1 ch3  | prep wlan0 ch4  | BL=[]
[RX  <- A] bucket=143  peer_BL=[]  my_BL=[]
[TX  ->  *] bucket=143 L5 active=wlan1 ch3  BL=[]
[02:17:46] HOP bucket=144 L5 active=wlan0 ch4  | prep wlan1 ch3  | BL=[]
[RX  <- A] bucket=144  peer_BL=[]  my_BL=[]
[TX  ->  *] bucket=144 L5 active=wlan0 ch4  BL=[]
[02:17:48] HOP bucket=145 L5 active=wlan1 ch3  | prep wlan0 ch6  | BL=[]
[RX  <- A] bucket=145  peer_BL=[]  my_BL=[]
[TX  ->  *] bucket=145 L5 active=wlan1 ch3  BL=[]
[02:17:50] HOP bucket=146 L5 active=wlan0 ch6  | prep wlan1 ch5  | BL=[]
[RX  <- A] bucket=146  peer_BL=[]  my_BL=[]
[TX  ->  *] bucket=146 L5 active=wlan0 ch6  BL=[]
[02:17:52] HOP bucket=147 L5 active=wlan1 ch5  | prep wlan0 ch11  | BL=[]
[TX  ->  *] bucket=147 L5 active=wlan1 ch5  BL=[]
[RX  <- A] bucket=147  peer_BL=[]  my_BL=[]
[02:17:54] HOP bucket=148 L5 active=wlan0 ch11  | prep wlan1 ch11  | BL=[]
[TX  ->  *] bucket=148 L5 active=wlan0 ch11  BL=[]
[RX  <- A] bucket=148  peer_BL=[]  my_BL=[]
[02:17:56] HOP bucket=149 L5 active=wlan1 ch11  | prep wlan0 ch8  | BL=[]
[RX  <- A] bucket=149  peer_BL=[]  my_BL=[]
[TX  ->  *] bucket=149 L5 active=wlan1 ch11  BL=[]
[02:17:58] HOP bucket=150 L5 active=wlan0 ch8  | prep wlan1 ch7  | BL=[]
[TX  ->  *] bucket=150 L5 active=wlan0 ch8  BL=[]
[RX  <- A] bucket=150  peer_BL=[]  my_BL=[]
[02:18:00] HOP bucket=151 L5 active=wlan1 ch7  | prep wlan0 ch3  | BL=[]
[RX  <- A] bucket=151  peer_BL=[]  my_BL=[]
[TX  ->  *] bucket=151 L5 active=wlan1 ch7  BL=[]
[02:18:02] HOP bucket=152 L5 active=wlan0 ch3  | prep wlan1 ch10  | BL=[]
[RX  <- A] bucket=152  peer_BL=[]  my_BL=[]
[TX  ->  *] bucket=152 L5 active=wlan0 ch3  BL=[]
[02:18:04] HOP bucket=153 L5 active=wlan1 ch10  | prep wlan0 ch9  | BL=[]
[TX  ->  *] bucket=153 L5 active=wlan1 ch10  BL=[]
[RX  <- A] bucket=153  peer_BL=[]  my_BL=[]
[02:18:06] HOP bucket=154 L5 active=wlan0 ch9  | prep wlan1 ch4  | BL=[]
[RX  <- A] bucket=154  peer_BL=[]  my_BL=[]
[TX  ->  *] bucket=154 L5 active=wlan0 ch9  BL=[]
[02:18:08] HOP bucket=155 L5 active=wlan1 ch4  | prep wlan0 ch3  | BL=[]
[RX  <- A] bucket=155  peer_BL=[]  my_BL=[]
[TX  ->  *] bucket=155 L5 active=wlan1 ch4  BL=[]
[02:18:10] HOP bucket=156 L5 active=wlan0 ch3  | prep wlan1 ch5  | BL=[]
[TX  ->  *] bucket=156 L5 active=wlan0 ch3  BL=[]
[RX  <- A] bucket=156  peer_BL=[]  my_BL=[]
[02:18:12] HOP bucket=157 L5 active=wlan1 ch5  | prep wlan0 ch5  | BL=[]
[RX  <- A] bucket=157  peer_BL=[]  my_BL=[]
[TX  ->  *] bucket=157 L5 active=wlan1 ch5  BL=[]
[02:18:14] HOP bucket=158 L5 active=wlan0 ch5  | prep wlan1 ch11  | BL=[]
[TX  ->  *] bucket=158 L5 active=wlan0 ch5  BL=[]
[RX  <- A] bucket=158  peer_BL=[]  my_BL=[]
[02:18:16] HOP bucket=159 L5 active=wlan1 ch11  | prep wlan0 ch6  | BL=[]
[TX  ->  *] bucket=159 L5 active=wlan1 ch11  BL=[]
[RX  <- A] bucket=159  peer_BL=[]  my_BL=[]
[02:18:18] HOP bucket=160 L5 active=wlan0 ch6  | prep wlan1 ch11  | BL=[]
[TX  ->  *] bucket=160 L5 active=wlan0 ch6  BL=[]
[RX  <- A] bucket=160  peer_BL=[]  my_BL=[]
[02:18:20] HOP bucket=161 L5 active=wlan1 ch11  | prep wlan0 ch9  | BL=[]
[TX  ->  *] bucket=161 L5 active=wlan1 ch11  BL=[]
[RX  <- A] bucket=161  peer_BL=[]  my_BL=[]
[02:18:22] HOP bucket=162 L5 active=wlan0 ch9  | prep wlan1 ch6  | BL=[]
[TX  ->  *] bucket=162 L5 active=wlan0 ch9  BL=[]
[RX  <- A] bucket=162  peer_BL=[]  my_BL=[]
[02:18:24] HOP bucket=163 L5 active=wlan1 ch6  | prep wlan0 ch6  | BL=[]
[TX  ->  *] bucket=163 L5 active=wlan1 ch6  BL=[]
[RX  <- A] bucket=163  peer_BL=[]  my_BL=[]
[02:18:26] HOP bucket=164 L5 active=wlan0 ch6  | prep wlan1 ch10  | BL=[]
[TX  ->  *] bucket=164 L5 active=wlan0 ch6  BL=[]
[RX  <- A] bucket=164  peer_BL=[]  my_BL=[]
[02:18:28] HOP bucket=165 L5 active=wlan1 ch10  | prep wlan0 ch6  | BL=[]
[TX  ->  *] bucket=165 L5 active=wlan1 ch10  BL=[]
[RX  <- A] bucket=165  peer_BL=[]  my_BL=[]
[02:18:30] HOP bucket=166 L5 active=wlan0 ch6  | prep wlan1 ch8  | BL=[]
[TX  ->  *] bucket=166 L5 active=wlan0 ch6  BL=[]
[RX  <- A] bucket=166  peer_BL=[]  my_BL=[]
[02:18:32] HOP bucket=167 L5 active=wlan1 ch8  | prep wlan0 ch10  | BL=[]
[RX  <- A] bucket=167  peer_BL=[]  my_BL=[]
[TX  ->  *] bucket=167 L5 active=wlan1 ch8  BL=[]
[02:18:34] HOP bucket=168 L5 active=wlan0 ch10  | prep wlan1 ch5  | BL=[]
[RX  <- A] bucket=168  peer_BL=[]  my_BL=[]
[TX  ->  *] bucket=168 L5 active=wlan0 ch10  BL=[]
[02:18:36] HOP bucket=169 L5 active=wlan1 ch5  | prep wlan0 ch4  | BL=[]
[TX  ->  *] bucket=169 L5 active=wlan1 ch5  BL=[]
[RX  <- A] bucket=169  peer_BL=[]  my_BL=[]
[02:18:38] HOP bucket=170 L5 active=wlan0 ch4  | prep wlan1 ch10  | BL=[]
[RX  <- A] bucket=170  peer_BL=[]  my_BL=[]
[TX  ->  *] bucket=170 L5 active=wlan0 ch4  BL=[]
[02:18:40] HOP bucket=171 L5 active=wlan1 ch10  | prep wlan0 ch3  | BL=[]
[TX  ->  *] bucket=171 L5 active=wlan1 ch10  BL=[]
[RX  <- A] bucket=171  peer_BL=[]  my_BL=[]
[02:18:42] HOP bucket=172 L5 active=wlan0 ch3  | prep wlan1 ch7  | BL=[]
[RX  <- A] bucket=172  peer_BL=[]  my_BL=[]
[TX  ->  *] bucket=172 L5 active=wlan0 ch3  BL=[]
[02:18:44] HOP bucket=173 L5 active=wlan1 ch7  | prep wlan0 ch3  | BL=[]
[RX  <- A] bucket=173  peer_BL=[]  my_BL=[]
[TX  ->  *] bucket=173 L5 active=wlan1 ch7  BL=[]
[02:18:46] HOP bucket=174 L5 active=wlan0 ch3  | prep wlan1 ch7  | BL=[]
[RX  <- A] bucket=174  peer_BL=[]  my_BL=[]
[TX  ->  *] bucket=174 L5 active=wlan0 ch3  BL=[]
[02:18:48] HOP bucket=175 L5 active=wlan1 ch7  | prep wlan0 ch6  | BL=[]
[TX  ->  *] bucket=175 L5 active=wlan1 ch7  BL=[]
[RX  <- A] bucket=175  peer_BL=[]  my_BL=[]
[02:18:50] HOP bucket=176 L5 active=wlan0 ch6  | prep wlan1 ch5  | BL=[]
[TX  ->  *] bucket=176 L5 active=wlan0 ch6  BL=[]
[RX  <- A] bucket=176  peer_BL=[]  my_BL=[]
[02:18:52] HOP bucket=177 L5 active=wlan1 ch5  | prep wlan0 ch8  | BL=[]
[RX  <- A] bucket=177  peer_BL=[]  my_BL=[]
[TX  ->  *] bucket=177 L5 active=wlan1 ch5  BL=[]
[02:18:54] HOP bucket=178 L5 active=wlan0 ch8  | prep wlan1 ch11  | BL=[]
[RX  <- A] bucket=178  peer_BL=[]  my_BL=[]
[TX  ->  *] bucket=178 L5 active=wlan0 ch8  BL=[]
[02:18:56] HOP bucket=179 L5 active=wlan1 ch11  | prep wlan0 ch10  | BL=[]
[TX  ->  *] bucket=179 L5 active=wlan1 ch11  BL=[]
[RX  <- A] bucket=179  peer_BL=[]  my_BL=[]
[02:18:58] HOP bucket=180 L5 active=wlan0 ch10  | prep wlan1 ch6  | BL=[]
[RX  <- A] bucket=180  peer_BL=[]  my_BL=[]
[TX  ->  *] bucket=180 L5 active=wlan0 ch10  BL=[]
[02:19:00] HOP bucket=181 L5 active=wlan1 ch6  | prep wlan0 ch10  | BL=[]
[RX  <- A] bucket=181  peer_BL=[]  my_BL=[]
[TX  ->  *] bucket=181 L5 active=wlan1 ch6  BL=[]
[02:19:02] HOP bucket=182 L5 active=wlan0 ch10  | prep wlan1 ch4  | BL=[]
[RX  <- A] bucket=182  peer_BL=[]  my_BL=[]
[TX  ->  *] bucket=182 L5 active=wlan0 ch10  BL=[]
[02:19:04] HOP bucket=183 L5 active=wlan1 ch4  | prep wlan0 ch6  | BL=[]
[TX  ->  *] bucket=183 L5 active=wlan1 ch4  BL=[]
[RX  <- A] bucket=183  peer_BL=[]  my_BL=[]
[02:19:06] HOP bucket=184 L5 active=wlan0 ch6  | prep wlan1 ch5  | BL=[]
[TX  ->  *] bucket=184 L5 active=wlan0 ch6  BL=[]
[RX  <- A] bucket=184  peer_BL=[]  my_BL=[]
[02:19:08] HOP bucket=185 L5 active=wlan1 ch5  | prep wlan0 ch3  | BL=[]
[RX  <- A] bucket=185  peer_BL=[]  my_BL=[]
[TX  ->  *] bucket=185 L5 active=wlan1 ch5  BL=[]
[02:19:10] HOP bucket=186 L5 active=wlan0 ch3  | prep wlan1 ch4  | BL=[]
[TX  ->  *] bucket=186 L5 active=wlan0 ch3  BL=[]
[RX  <- A] bucket=186  peer_BL=[]  my_BL=[]
[02:19:12] HOP bucket=187 L5 active=wlan1 ch4  | prep wlan0 ch4  | BL=[]
[TX  ->  *] bucket=187 L5 active=wlan1 ch4  BL=[]
[RX  <- A] bucket=187  peer_BL=[]  my_BL=[]
[02:19:14] HOP bucket=188 L5 active=wlan0 ch4  | prep wlan1 ch9  | BL=[]
[RX  <- A] bucket=188  peer_BL=[]  my_BL=[]
[TX  ->  *] bucket=188 L5 active=wlan0 ch4  BL=[]
[02:19:16] HOP bucket=189 L5 active=wlan1 ch9  | prep wlan0 ch11  | BL=[]
[TX  ->  *] bucket=189 L5 active=wlan1 ch9  BL=[]
[RX  <- A] bucket=189  peer_BL=[]  my_BL=[]
[02:19:18] HOP bucket=190 L5 active=wlan0 ch11  | prep wlan1 ch3  | BL=[]
[RX  <- A] bucket=190  peer_BL=[]  my_BL=[]
[TX  ->  *] bucket=190 L5 active=wlan0 ch11  BL=[]
[02:19:20] HOP bucket=191 L5 active=wlan1 ch3  | prep wlan0 ch9  | BL=[]
[RX  <- A] bucket=191  peer_BL=[]  my_BL=[]
[TX  ->  *] bucket=191 L5 active=wlan1 ch3  BL=[]
[02:19:22] HOP bucket=192 L5 active=wlan0 ch9  | prep wlan1 ch8  | BL=[]
[RX  <- A] bucket=192  peer_BL=[]  my_BL=[]
[TX  ->  *] bucket=192 L5 active=wlan0 ch9  BL=[]
[02:19:24] HOP bucket=193 L5 active=wlan1 ch8  | prep wlan0 ch9  | BL=[]
[TX  ->  *] bucket=193 L5 active=wlan1 ch8  BL=[]
[RX  <- A] bucket=193  peer_BL=[]  my_BL=[]
[02:19:26] HOP bucket=194 L5 active=wlan0 ch9  | prep wlan1 ch6  | BL=[]
[TX  ->  *] bucket=194 L5 active=wlan0 ch9  BL=[]
[RX  <- A] bucket=194  peer_BL=[]  my_BL=[]
[02:19:28] HOP bucket=195 L5 active=wlan1 ch6  | prep wlan0 ch11  | BL=[]
[RX  <- A] bucket=195  peer_BL=[]  my_BL=[]
[TX  ->  *] bucket=195 L5 active=wlan1 ch6  BL=[]
[02:19:30] HOP bucket=196 L5 active=wlan0 ch11  | prep wlan1 ch7  | BL=[]
[TX  ->  *] bucket=196 L5 active=wlan0 ch11  BL=[]
[RX  <- A] bucket=196  peer_BL=[]  my_BL=[]
[02:19:32] HOP bucket=197 L5 active=wlan1 ch7  | prep wlan0 ch10  | BL=[]
[TX  ->  *] bucket=197 L5 active=wlan1 ch7  BL=[]
[RX  <- A] bucket=197  peer_BL=[]  my_BL=[]
[02:19:34] HOP bucket=198 L5 active=wlan0 ch10  | prep wlan1 ch5  | BL=[]
[TX  ->  *] bucket=198 L5 active=wlan0 ch10  BL=[]
[RX  <- A] bucket=198  peer_BL=[]  my_BL=[]
[02:19:36] HOP bucket=199 L5 active=wlan1 ch5  | prep wlan0 ch9  | BL=[]
[RX  <- A] bucket=199  peer_BL=[]  my_BL=[]
[TX  ->  *] bucket=199 L5 active=wlan1 ch5  BL=[]
[02:19:38] HOP bucket=200 L5 active=wlan0 ch9  | prep wlan1 ch3  | BL=[]
[TX  ->  *] bucket=200 L5 active=wlan0 ch9  BL=[]
[RX  <- A] bucket=200  peer_BL=[]  my_BL=[]
[02:19:40] HOP bucket=201 L5 active=wlan1 ch3  | prep wlan0 ch9  | BL=[]
[TX  ->  *] bucket=201 L5 active=wlan1 ch3  BL=[]
[RX  <- A] bucket=201  peer_BL=[]  my_BL=[]
[02:19:42] HOP bucket=202 L5 active=wlan0 ch9  | prep wlan1 ch6  | BL=[]
[RX  <- A] bucket=202  peer_BL=[]  my_BL=[]
[TX  ->  *] bucket=202 L5 active=wlan0 ch9  BL=[]
[02:19:44] HOP bucket=203 L5 active=wlan1 ch6  | prep wlan0 ch10  | BL=[]
[RX  <- A] bucket=203  peer_BL=[]  my_BL=[]
[TX  ->  *] bucket=203 L5 active=wlan1 ch6  BL=[]
[02:19:46] HOP bucket=204 L5 active=wlan0 ch10  | prep wlan1 ch11  | BL=[]
[TX  ->  *] bucket=204 L5 active=wlan0 ch10  BL=[]
[RX  <- A] bucket=204  peer_BL=[]  my_BL=[]
[02:19:48] HOP bucket=205 L5 active=wlan1 ch11  | prep wlan0 ch5  | BL=[]
[RX  <- A] bucket=205  peer_BL=[]  my_BL=[]
[TX  ->  *] bucket=205 L5 active=wlan1 ch11  BL=[]
[02:19:50] HOP bucket=206 L5 active=wlan0 ch5  | prep wlan1 ch6  | BL=[]
[TX  ->  *] bucket=206 L5 active=wlan0 ch5  BL=[]
[RX  <- A] bucket=206  peer_BL=[]  my_BL=[]
[02:19:52] HOP bucket=207 L5 active=wlan1 ch6  | prep wlan0 ch5  | BL=[]
[TX  ->  *] bucket=207 L5 active=wlan1 ch6  BL=[]
[RX  <- A] bucket=207  peer_BL=[]  my_BL=[]
[02:19:54] HOP bucket=208 L5 active=wlan0 ch5  | prep wlan1 ch11  | BL=[]
[TX  ->  *] bucket=208 L5 active=wlan0 ch5  BL=[]
[RX  <- A] bucket=208  peer_BL=[]  my_BL=[]
[02:19:56] HOP bucket=209 L5 active=wlan1 ch11  | prep wlan0 ch3  | BL=[]
[RX  <- A] bucket=209  peer_BL=[]  my_BL=[]
[TX  ->  *] bucket=209 L5 active=wlan1 ch11  BL=[]
[02:19:58] HOP bucket=210 L5 active=wlan0 ch3  | prep wlan1 ch7  | BL=[]
[RX  <- A] bucket=210  peer_BL=[]  my_BL=[]
[TX  ->  *] bucket=210 L5 active=wlan0 ch3  BL=[]
[02:20:00] HOP bucket=211 L5 active=wlan1 ch7  | prep wlan0 ch9  | BL=[]
[RX  <- A] bucket=211  peer_BL=[]  my_BL=[]
[TX  ->  *] bucket=211 L5 active=wlan1 ch7  BL=[]
[02:20:02] HOP bucket=212 L5 active=wlan0 ch9  | prep wlan1 ch6  | BL=[]
[TX  ->  *] bucket=212 L5 active=wlan0 ch9  BL=[]
[RX  <- A] bucket=212  peer_BL=[]  my_BL=[]
[02:20:04] HOP bucket=213 L5 active=wlan1 ch6  | prep wlan0 ch9  | BL=[]
[TX  ->  *] bucket=213 L5 active=wlan1 ch6  BL=[]
[RX  <- A] bucket=213  peer_BL=[]  my_BL=[]
[02:20:06] HOP bucket=214 L5 active=wlan0 ch9  | prep wlan1 ch7  | BL=[]
[TX  ->  *] bucket=214 L5 active=wlan0 ch9  BL=[]
[RX  <- A] bucket=214  peer_BL=[]  my_BL=[]
[02:20:08] HOP bucket=215 L5 active=wlan1 ch7  | prep wlan0 ch4  | BL=[]
[TX  ->  *] bucket=215 L5 active=wlan1 ch7  BL=[]
[RX  <- A] bucket=215  peer_BL=[]  my_BL=[]
[02:20:10] HOP bucket=216 L5 active=wlan0 ch4  | prep wlan1 ch9  | BL=[]
[TX  ->  *] bucket=216 L5 active=wlan0 ch4  BL=[]
[RX  <- A] bucket=216  peer_BL=[]  my_BL=[]
[02:20:12] HOP bucket=217 L5 active=wlan1 ch9  | prep wlan0 ch9  | BL=[]
[TX  ->  *] bucket=217 L5 active=wlan1 ch9  BL=[]
[RX  <- A] bucket=217  peer_BL=[]  my_BL=[]
[02:20:14] HOP bucket=218 L5 active=wlan0 ch9  | prep wlan1 ch3  | BL=[]
[RX  <- A] bucket=218  peer_BL=[]  my_BL=[]
[TX  ->  *] bucket=218 L5 active=wlan0 ch9  BL=[]
[02:20:16] HOP bucket=219 L5 active=wlan1 ch3  | prep wlan0 ch6  | BL=[]
[TX  ->  *] bucket=219 L5 active=wlan1 ch3  BL=[]
[RX  <- A] bucket=219  peer_BL=[]  my_BL=[]
[02:20:18] HOP bucket=220 L5 active=wlan0 ch6  | prep wlan1 ch9  | BL=[]
[RX  <- A] bucket=220  peer_BL=[]  my_BL=[]
[TX  ->  *] bucket=220 L5 active=wlan0 ch6  BL=[]
[02:20:20] HOP bucket=221 L5 active=wlan1 ch9  | prep wlan0 ch7  | BL=[]
[TX  ->  *] bucket=221 L5 active=wlan1 ch9  BL=[]
[RX  <- A] bucket=221  peer_BL=[]  my_BL=[]
[02:20:22] HOP bucket=222 L5 active=wlan0 ch7  | prep wlan1 ch7  | BL=[]
[TX  ->  *] bucket=222 L5 active=wlan0 ch7  BL=[]
[RX  <- A] bucket=222  peer_BL=[]  my_BL=[]
[02:20:24] HOP bucket=223 L5 active=wlan1 ch7  | prep wlan0 ch8  | BL=[]
[TX  ->  *] bucket=223 L5 active=wlan1 ch7  BL=[]
[RX  <- A] bucket=223  peer_BL=[]  my_BL=[]
[02:20:26] HOP bucket=224 L5 active=wlan0 ch8  | prep wlan1 ch8  | BL=[]
[TX  ->  *] bucket=224 L5 active=wlan0 ch8  BL=[]
[RX  <- A] bucket=224  peer_BL=[]  my_BL=[]
[02:20:28] HOP bucket=225 L5 active=wlan1 ch8  | prep wlan0 ch10  | BL=[]
[TX  ->  *] bucket=225 L5 active=wlan1 ch8  BL=[]
[RX  <- A] bucket=225  peer_BL=[]  my_BL=[]
[02:20:30] HOP bucket=226 L5 active=wlan0 ch10  | prep wlan1 ch8  | BL=[]
[TX  ->  *] bucket=226 L5 active=wlan0 ch10  BL=[]
[RX  <- A] bucket=226  peer_BL=[]  my_BL=[]
[02:20:32] HOP bucket=227 L5 active=wlan1 ch8  | prep wlan0 ch6  | BL=[]
[TX  ->  *] bucket=227 L5 active=wlan1 ch8  BL=[]
[RX  <- A] bucket=227  peer_BL=[]  my_BL=[]
[02:20:34] HOP bucket=228 L5 active=wlan0 ch6  | prep wlan1 ch3  | BL=[]
[RX  <- A] bucket=228  peer_BL=[]  my_BL=[]
[TX  ->  *] bucket=228 L5 active=wlan0 ch6  BL=[]
[02:20:36] HOP bucket=229 L5 active=wlan1 ch3  | prep wlan0 ch4  | BL=[]
[RX  <- A] bucket=229  peer_BL=[]  my_BL=[]
[TX  ->  *] bucket=229 L5 active=wlan1 ch3  BL=[]
[02:20:38] HOP bucket=230 L5 active=wlan0 ch4  | prep wlan1 ch3  | BL=[]
[TX  ->  *] bucket=230 L5 active=wlan0 ch4  BL=[]
[RX  <- A] bucket=230  peer_BL=[]  my_BL=[]
[02:20:40] HOP bucket=231 L5 active=wlan1 ch3  | prep wlan0 ch7  | BL=[]
[TX  ->  *] bucket=231 L5 active=wlan1 ch3  BL=[]
[RX  <- A] bucket=231  peer_BL=[]  my_BL=[]
[02:20:42] HOP bucket=232 L5 active=wlan0 ch7  | prep wlan1 ch6  | BL=[]
[TX  ->  *] bucket=232 L5 active=wlan0 ch7  BL=[]
[RX  <- A] bucket=232  peer_BL=[]  my_BL=[]
[02:20:44] HOP bucket=233 L5 active=wlan1 ch6  | prep wlan0 ch9  | BL=[]
[RX  <- A] bucket=233  peer_BL=[]  my_BL=[]
[TX  ->  *] bucket=233 L5 active=wlan1 ch6  BL=[]
[02:20:46] HOP bucket=234 L5 active=wlan0 ch9  | prep wlan1 ch7  | BL=[]
[RX  <- A] bucket=234  peer_BL=[]  my_BL=[]
[TX  ->  *] bucket=234 L5 active=wlan0 ch9  BL=[]
[02:20:48] HOP bucket=235 L5 active=wlan1 ch7  | prep wlan0 ch11  | BL=[]
[TX  ->  *] bucket=235 L5 active=wlan1 ch7  BL=[]
[RX  <- A] bucket=235  peer_BL=[]  my_BL=[]
[02:20:50] HOP bucket=236 L5 active=wlan0 ch11  | prep wlan1 ch5  | BL=[]
[TX  ->  *] bucket=236 L5 active=wlan0 ch11  BL=[]
[RX  <- A] bucket=236  peer_BL=[]  my_BL=[]
[02:20:52] HOP bucket=237 L5 active=wlan1 ch5  | prep wlan0 ch9  | BL=[]
[TX  ->  *] bucket=237 L5 active=wlan1 ch5  BL=[]
[RX  <- A] bucket=237  peer_BL=[]  my_BL=[]
[02:20:54] HOP bucket=238 L5 active=wlan0 ch9  | prep wlan1 ch6  | BL=[]
[TX  ->  *] bucket=238 L5 active=wlan0 ch9  BL=[]
[RX  <- A] bucket=238  peer_BL=[]  my_BL=[]
[02:20:56] HOP bucket=239 L5 active=wlan1 ch6  | prep wlan0 ch7  | BL=[]
[RX  <- A] bucket=239  peer_BL=[]  my_BL=[]
[TX  ->  *] bucket=239 L5 active=wlan1 ch6  BL=[]
[02:20:58] HOP bucket=240 L5 active=wlan0 ch7  | prep wlan1 ch10  | BL=[]
[TX  ->  *] bucket=240 L5 active=wlan0 ch7  BL=[]
[RX  <- A] bucket=240  peer_BL=[]  my_BL=[]
[02:21:00] HOP bucket=241 L5 active=wlan1 ch10  | prep wlan0 ch4  | BL=[]
[TX  ->  *] bucket=241 L5 active=wlan1 ch10  BL=[]
[RX  <- A] bucket=241  peer_BL=[]  my_BL=[]
[02:21:02] HOP bucket=242 L5 active=wlan0 ch4  | prep wlan1 ch6  | BL=[]
[RX  <- A] bucket=242  peer_BL=[]  my_BL=[]
[TX  ->  *] bucket=242 L5 active=wlan0 ch4  BL=[]
[02:21:04] HOP bucket=243 L5 active=wlan1 ch6  | prep wlan0 ch7  | BL=[]
[TX  ->  *] bucket=243 L5 active=wlan1 ch6  BL=[]
[RX  <- A] bucket=243  peer_BL=[]  my_BL=[]
[02:21:06] HOP bucket=244 L5 active=wlan0 ch7  | prep wlan1 ch9  | BL=[]
[TX  ->  *] bucket=244 L5 active=wlan0 ch7  BL=[]
[RX  <- A] bucket=244  peer_BL=[]  my_BL=[]
[02:21:08] HOP bucket=245 L5 active=wlan1 ch9  | prep wlan0 ch9  | BL=[]
[TX  ->  *] bucket=245 L5 active=wlan1 ch9  BL=[]
[RX  <- A] bucket=245  peer_BL=[]  my_BL=[]
[02:21:10] HOP bucket=246 L5 active=wlan0 ch9  | prep wlan1 ch10  | BL=[]
[TX  ->  *] bucket=246 L5 active=wlan0 ch9  BL=[]
[RX  <- A] bucket=246  peer_BL=[]  my_BL=[]
[02:21:12] HOP bucket=247 L5 active=wlan1 ch10  | prep wlan0 ch8  | BL=[]
[TX  ->  *] bucket=247 L5 active=wlan1 ch10  BL=[]
[RX  <- A] bucket=247  peer_BL=[]  my_BL=[]
[02:21:14] HOP bucket=248 L5 active=wlan0 ch8  | prep wlan1 ch8  | BL=[]
[TX  ->  *] bucket=248 L5 active=wlan0 ch8  BL=[]
[RX  <- A] bucket=248  peer_BL=[]  my_BL=[]
[02:21:16] HOP bucket=249 L5 active=wlan1 ch8  | prep wlan0 ch3  | BL=[]
[TX  ->  *] bucket=249 L5 active=wlan1 ch8  BL=[]
[RX  <- A] bucket=249  peer_BL=[]  my_BL=[]
[02:21:18] HOP bucket=250 L5 active=wlan0 ch3  | prep wlan1 ch11  | BL=[]
[RX  <- A] bucket=250  peer_BL=[]  my_BL=[]
[TX  ->  *] bucket=250 L5 active=wlan0 ch3  BL=[]
[02:21:20] HOP bucket=251 L5 active=wlan1 ch11  | prep wlan0 ch5  | BL=[]
[TX  ->  *] bucket=251 L5 active=wlan1 ch11  BL=[]
[RX  <- A] bucket=251  peer_BL=[]  my_BL=[]
[02:21:22] HOP bucket=252 L5 active=wlan0 ch5  | prep wlan1 ch11  | BL=[]
[RX  <- A] bucket=252  peer_BL=[]  my_BL=[]
[TX  ->  *] bucket=252 L5 active=wlan0 ch5  BL=[]
[02:21:24] HOP bucket=253 L5 active=wlan1 ch11  | prep wlan0 ch8  | BL=[]
[TX  ->  *] bucket=253 L5 active=wlan1 ch11  BL=[]
[RX  <- A] bucket=253  peer_BL=[]  my_BL=[]
[02:21:26] HOP bucket=254 L5 active=wlan0 ch8  | prep wlan1 ch8  | BL=[]
[TX  ->  *] bucket=254 L5 active=wlan0 ch8  BL=[]
[RX  <- A] bucket=254  peer_BL=[]  my_BL=[]
[02:21:28] HOP bucket=255 L5 active=wlan1 ch8  | prep wlan0 ch5  | BL=[]
[TX  ->  *] bucket=255 L5 active=wlan1 ch8  BL=[]
[RX  <- A] bucket=255  peer_BL=[]  my_BL=[]
[02:21:30] HOP bucket=256 L5 active=wlan0 ch5  | prep wlan1 ch10  | BL=[]
[RX  <- A] bucket=256  peer_BL=[]  my_BL=[]
[TX  ->  *] bucket=256 L5 active=wlan0 ch5  BL=[]
[02:21:32] HOP bucket=257 L5 active=wlan1 ch10  | prep wlan0 ch4  | BL=[]
[RX  <- A] bucket=257  peer_BL=[]  my_BL=[]
[TX  ->  *] bucket=257 L5 active=wlan1 ch10  BL=[]
[02:21:34] HOP bucket=258 L5 active=wlan0 ch4  | prep wlan1 ch5  | BL=[]
[TX  ->  *] bucket=258 L5 active=wlan0 ch4  BL=[]
[RX  <- A] bucket=258  peer_BL=[]  my_BL=[]
[02:21:36] HOP bucket=259 L5 active=wlan1 ch5  | prep wlan0 ch8  | BL=[]
[RX  <- A] bucket=259  peer_BL=[]  my_BL=[]
[TX  ->  *] bucket=259 L5 active=wlan1 ch5  BL=[]
[02:21:38] HOP bucket=260 L5 active=wlan0 ch8  | prep wlan1 ch3  | BL=[]
[TX  ->  *] bucket=260 L5 active=wlan0 ch8  BL=[]
[RX  <- A] bucket=260  peer_BL=[]  my_BL=[]
[02:21:40] HOP bucket=261 L5 active=wlan1 ch3  | prep wlan0 ch8  | BL=[]
[TX  ->  *] bucket=261 L5 active=wlan1 ch3  BL=[]
[RX  <- A] bucket=261  peer_BL=[]  my_BL=[]
[02:21:42] HOP bucket=262 L5 active=wlan0 ch8  | prep wlan1 ch3  | BL=[]
[RX  <- A] bucket=262  peer_BL=[]  my_BL=[]
[TX  ->  *] bucket=262 L5 active=wlan0 ch8  BL=[]
[02:21:44] HOP bucket=263 L5 active=wlan1 ch3  | prep wlan0 ch9  | BL=[]
[TX  ->  *] bucket=263 L5 active=wlan1 ch3  BL=[]
[RX  <- A] bucket=263  peer_BL=[]  my_BL=[]
[02:21:46] HOP bucket=264 L5 active=wlan0 ch9  | prep wlan1 ch6  | BL=[]
[RX  <- A] bucket=264  peer_BL=[]  my_BL=[]
[TX  ->  *] bucket=264 L5 active=wlan0 ch9  BL=[]
[02:21:48] HOP bucket=265 L5 active=wlan1 ch6  | prep wlan0 ch8  | BL=[]
[TX  ->  *] bucket=265 L5 active=wlan1 ch6  BL=[]
[RX  <- A] bucket=265  peer_BL=[]  my_BL=[]
[02:21:50] HOP bucket=266 L5 active=wlan0 ch8  | prep wlan1 ch6  | BL=[]
[TX  ->  *] bucket=266 L5 active=wlan0 ch8  BL=[]
[RX  <- A] bucket=266  peer_BL=[]  my_BL=[]
[02:21:52] HOP bucket=267 L5 active=wlan1 ch6  | prep wlan0 ch9  | BL=[]
[TX  ->  *] bucket=267 L5 active=wlan1 ch6  BL=[]
[RX  <- A] bucket=267  peer_BL=[]  my_BL=[]
[02:21:54] HOP bucket=268 L5 active=wlan0 ch9  | prep wlan1 ch7  | BL=[]
[RX  <- A] bucket=268  peer_BL=[]  my_BL=[]
[TX  ->  *] bucket=268 L5 active=wlan0 ch9  BL=[]
[02:21:56] HOP bucket=269 L5 active=wlan1 ch7  | prep wlan0 ch11  | BL=[]
[TX  ->  *] bucket=269 L5 active=wlan1 ch7  BL=[]
[RX  <- A] bucket=269  peer_BL=[]  my_BL=[]
[02:21:58] HOP bucket=270 L5 active=wlan0 ch11  | prep wlan1 ch6  | BL=[]
[TX  ->  *] bucket=270 L5 active=wlan0 ch11  BL=[]
[RX  <- A] bucket=270  peer_BL=[]  my_BL=[]
[02:22:00] HOP bucket=271 L5 active=wlan1 ch6  | prep wlan0 ch7  | BL=[]
[TX  ->  *] bucket=271 L5 active=wlan1 ch6  BL=[]
[RX  <- A] bucket=271  peer_BL=[]  my_BL=[]
[02:22:02] HOP bucket=272 L5 active=wlan0 ch7  | prep wlan1 ch8  | BL=[]
[TX  ->  *] bucket=272 L5 active=wlan0 ch7  BL=[]
[RX  <- A] bucket=272  peer_BL=[]  my_BL=[]
[02:22:04] HOP bucket=273 L5 active=wlan1 ch8  | prep wlan0 ch7  | BL=[]
[TX  ->  *] bucket=273 L5 active=wlan1 ch8  BL=[]
[RX  <- A] bucket=273  peer_BL=[]  my_BL=[]
[02:22:06] HOP bucket=274 L5 active=wlan0 ch7  | prep wlan1 ch8  | BL=[]
[RX  <- A] bucket=274  peer_BL=[]  my_BL=[]
[TX  ->  *] bucket=274 L5 active=wlan0 ch7  BL=[]
[02:22:08] HOP bucket=275 L5 active=wlan1 ch8  | prep wlan0 ch5  | BL=[]
[RX  <- A] bucket=275  peer_BL=[]  my_BL=[]
[TX  ->  *] bucket=275 L5 active=wlan1 ch8  BL=[]
[02:22:10] HOP bucket=276 L5 active=wlan0 ch5  | prep wlan1 ch6  | BL=[]
[RX  <- A] bucket=276  peer_BL=[]  my_BL=[]
[TX  ->  *] bucket=276 L5 active=wlan0 ch5  BL=[]
[02:22:12] HOP bucket=277 L5 active=wlan1 ch6  | prep wlan0 ch10  | BL=[]
[RX  <- A] bucket=277  peer_BL=[]  my_BL=[]
[TX  ->  *] bucket=277 L5 active=wlan1 ch6  BL=[]
[02:22:14] HOP bucket=278 L5 active=wlan0 ch10  | prep wlan1 ch4  | BL=[]
[TX  ->  *] bucket=278 L5 active=wlan0 ch10  BL=[]
[RX  <- A] bucket=278  peer_BL=[]  my_BL=[]
[02:22:16] HOP bucket=279 L5 active=wlan1 ch4  | prep wlan0 ch5  | BL=[]
[TX  ->  *] bucket=279 L5 active=wlan1 ch4  BL=[]
[RX  <- A] bucket=279  peer_BL=[]  my_BL=[]
[02:22:18] HOP bucket=280 L5 active=wlan0 ch5  | prep wlan1 ch3  | BL=[]
[RX  <- A] bucket=280  peer_BL=[]  my_BL=[]
[TX  ->  *] bucket=280 L5 active=wlan0 ch5  BL=[]
[02:22:20] HOP bucket=281 L5 active=wlan1 ch3  | prep wlan0 ch10  | BL=[]
[TX  ->  *] bucket=281 L5 active=wlan1 ch3  BL=[]
[RX  <- A] bucket=281  peer_BL=[]  my_BL=[]
[02:22:22] HOP bucket=282 L5 active=wlan0 ch10  | prep wlan1 ch6  | BL=[]
[RX  <- A] bucket=282  peer_BL=[]  my_BL=[]
[TX  ->  *] bucket=282 L5 active=wlan0 ch10  BL=[]
[02:22:24] HOP bucket=283 L5 active=wlan1 ch6  | prep wlan0 ch11  | BL=[]
[RX  <- A] bucket=283  peer_BL=[]  my_BL=[]
[TX  ->  *] bucket=283 L5 active=wlan1 ch6  BL=[]
[02:22:26] HOP bucket=284 L5 active=wlan0 ch11  | prep wlan1 ch3  | BL=[]
[TX  ->  *] bucket=284 L5 active=wlan0 ch11  BL=[]
[RX  <- A] bucket=284  peer_BL=[]  my_BL=[]
[02:22:28] HOP bucket=285 L5 active=wlan1 ch3  | prep wlan0 ch10  | BL=[]
[TX  ->  *] bucket=285 L5 active=wlan1 ch3  BL=[]
[RX  <- A] bucket=285  peer_BL=[]  my_BL=[]
[02:22:30] HOP bucket=286 L5 active=wlan0 ch10  | prep wlan1 ch5  | BL=[]
[RX  <- A] bucket=286  peer_BL=[]  my_BL=[]
[TX  ->  *] bucket=286 L5 active=wlan0 ch10  BL=[]
[02:22:32] HOP bucket=287 L5 active=wlan1 ch5  | prep wlan0 ch4  | BL=[]
[TX  ->  *] bucket=287 L5 active=wlan1 ch5  BL=[]
[RX  <- A] bucket=287  peer_BL=[]  my_BL=[]
[02:22:34] HOP bucket=288 L5 active=wlan0 ch4  | prep wlan1 ch8  | BL=[]
[TX  ->  *] bucket=288 L5 active=wlan0 ch4  BL=[]
[RX  <- A] bucket=288  peer_BL=[]  my_BL=[]
[02:22:36] HOP bucket=289 L5 active=wlan1 ch8  | prep wlan0 ch3  | BL=[]
[TX  ->  *] bucket=289 L5 active=wlan1 ch8  BL=[]
[RX  <- A] bucket=289  peer_BL=[]  my_BL=[]
[02:22:38] HOP bucket=290 L5 active=wlan0 ch3  | prep wlan1 ch6  | BL=[]
[TX  ->  *] bucket=290 L5 active=wlan0 ch3  BL=[]
[RX  <- A] bucket=290  peer_BL=[]  my_BL=[]
[02:22:40] HOP bucket=291 L5 active=wlan1 ch6  | prep wlan0 ch11  | BL=[]
[RX  <- A] bucket=291  peer_BL=[]  my_BL=[]
[TX  ->  *] bucket=291 L5 active=wlan1 ch6  BL=[]
[02:22:42] HOP bucket=292 L5 active=wlan0 ch11  | prep wlan1 ch3  | BL=[]
[RX  <- A] bucket=292  peer_BL=[]  my_BL=[]
[TX  ->  *] bucket=292 L5 active=wlan0 ch11  BL=[]
[02:22:44] HOP bucket=293 L5 active=wlan1 ch3  | prep wlan0 ch10  | BL=[]
[RX  <- A] bucket=293  peer_BL=[]  my_BL=[]
[TX  ->  *] bucket=293 L5 active=wlan1 ch3  BL=[]
[02:22:46] HOP bucket=294 L5 active=wlan0 ch10  | prep wlan1 ch9  | BL=[]
[RX  <- A] bucket=294  peer_BL=[]  my_BL=[]
[TX  ->  *] bucket=294 L5 active=wlan0 ch10  BL=[]
[02:22:48] HOP bucket=295 L5 active=wlan1 ch9  | prep wlan0 ch8  | BL=[]
[TX  ->  *] bucket=295 L5 active=wlan1 ch9  BL=[]
[RX  <- A] bucket=295  peer_BL=[]  my_BL=[]
[02:22:50] HOP bucket=296 L5 active=wlan0 ch8  | prep wlan1 ch8  | BL=[]
[TX  ->  *] bucket=296 L5 active=wlan0 ch8  BL=[]
[RX  <- A] bucket=296  peer_BL=[]  my_BL=[]
[02:22:52] HOP bucket=297 L5 active=wlan1 ch8  | prep wlan0 ch5  | BL=[]
[TX  ->  *] bucket=297 L5 active=wlan1 ch8  BL=[]
[RX  <- A] bucket=297  peer_BL=[]  my_BL=[]
[02:22:54] HOP bucket=298 L5 active=wlan0 ch5  | prep wlan1 ch7  | BL=[]
[TX  ->  *] bucket=298 L5 active=wlan0 ch5  BL=[]
[RX  <- A] bucket=298  peer_BL=[]  my_BL=[]
[02:22:56] HOP bucket=299 L5 active=wlan1 ch7  | prep wlan0 ch8  | BL=[]
[TX  ->  *] bucket=299 L5 active=wlan1 ch7  BL=[]
[RX  <- A] bucket=299  peer_BL=[]  my_BL=[]
[02:22:58] HOP bucket=300 L5 active=wlan0 ch8  | prep wlan1 ch4  | BL=[]
[TX  ->  *] bucket=300 L5 active=wlan0 ch8  BL=[]
[RX  <- A] bucket=300  peer_BL=[]  my_BL=[]
[02:23:00] HOP bucket=301 L5 active=wlan1 ch4  | prep wlan0 ch10  | BL=[]
[TX  ->  *] bucket=301 L5 active=wlan1 ch4  BL=[]
[RX  <- A] bucket=301  peer_BL=[]  my_BL=[]
[02:23:02] HOP bucket=302 L5 active=wlan0 ch10  | prep wlan1 ch4  | BL=[]
[RX  <- A] bucket=302  peer_BL=[]  my_BL=[]
[TX  ->  *] bucket=302 L5 active=wlan0 ch10  BL=[]
[02:23:04] HOP bucket=303 L5 active=wlan1 ch4  | prep wlan0 ch5  | BL=[]
[RX  <- A] bucket=303  peer_BL=[]  my_BL=[]
[TX  ->  *] bucket=303 L5 active=wlan1 ch4  BL=[]
[02:23:06] HOP bucket=304 L5 active=wlan0 ch5  | prep wlan1 ch9  | BL=[]
[RX  <- A] bucket=304  peer_BL=[]  my_BL=[]
[TX  ->  *] bucket=304 L5 active=wlan0 ch5  BL=[]
[02:23:08] HOP bucket=305 L5 active=wlan1 ch9  | prep wlan0 ch9  | BL=[]
[TX  ->  *] bucket=305 L5 active=wlan1 ch9  BL=[]
[RX  <- A] bucket=305  peer_BL=[]  my_BL=[]
[02:23:10] HOP bucket=306 L5 active=wlan0 ch9  | prep wlan1 ch3  | BL=[]
[TX  ->  *] bucket=306 L5 active=wlan0 ch9  BL=[]
[RX  <- A] bucket=306  peer_BL=[]  my_BL=[]
[02:23:12] HOP bucket=307 L5 active=wlan1 ch3  | prep wlan0 ch3  | BL=[]
[TX  ->  *] bucket=307 L5 active=wlan1 ch3  BL=[]
[RX  <- A] bucket=307  peer_BL=[]  my_BL=[]
[02:23:14] HOP bucket=308 L5 active=wlan0 ch3  | prep wlan1 ch11  | BL=[]
[TX  ->  *] bucket=308 L5 active=wlan0 ch3  BL=[]
[RX  <- A] bucket=308  peer_BL=[]  my_BL=[]
[02:23:16] HOP bucket=309 L5 active=wlan1 ch11  | prep wlan0 ch10  | BL=[]
[TX  ->  *] bucket=309 L5 active=wlan1 ch11  BL=[]
[RX  <- A] bucket=309  peer_BL=[]  my_BL=[]
[02:23:18] HOP bucket=310 L5 active=wlan0 ch10  | prep wlan1 ch10  | BL=[]
[RX  <- A] bucket=310  peer_BL=[]  my_BL=[]
[TX  ->  *] bucket=310 L5 active=wlan0 ch10  BL=[]
[02:23:20] HOP bucket=311 L5 active=wlan1 ch10  | prep wlan0 ch3  | BL=[]
[TX  ->  *] bucket=311 L5 active=wlan1 ch10  BL=[]
[RX  <- A] bucket=311  peer_BL=[]  my_BL=[]
[02:23:22] HOP bucket=312 L5 active=wlan0 ch3  | prep wlan1 ch9  | BL=[]
[RX  <- A] bucket=312  peer_BL=[]  my_BL=[]
[TX  ->  *] bucket=312 L5 active=wlan0 ch3  BL=[]
[02:23:24] HOP bucket=313 L5 active=wlan1 ch9  | prep wlan0 ch4  | BL=[]
[TX  ->  *] bucket=313 L5 active=wlan1 ch9  BL=[]
[RX  <- A] bucket=313  peer_BL=[]  my_BL=[]
[02:23:26] HOP bucket=314 L5 active=wlan0 ch4  | prep wlan1 ch8  | BL=[]
[RX  <- A] bucket=314  peer_BL=[]  my_BL=[]
[TX  ->  *] bucket=314 L5 active=wlan0 ch4  BL=[]
[02:23:28] HOP bucket=315 L5 active=wlan1 ch8  | prep wlan0 ch11  | BL=[]
[TX  ->  *] bucket=315 L5 active=wlan1 ch8  BL=[]
[RX  <- A] bucket=315  peer_BL=[]  my_BL=[]
[02:23:30] HOP bucket=316 L5 active=wlan0 ch11  | prep wlan1 ch6  | BL=[]
[RX  <- A] bucket=316  peer_BL=[]  my_BL=[]
[TX  ->  *] bucket=316 L5 active=wlan0 ch11  BL=[]
[02:23:32] HOP bucket=317 L5 active=wlan1 ch6  | prep wlan0 ch5  | BL=[]
[TX  ->  *] bucket=317 L5 active=wlan1 ch6  BL=[]
[RX  <- A] bucket=317  peer_BL=[]  my_BL=[]
[02:23:34] HOP bucket=318 L5 active=wlan0 ch5  | prep wlan1 ch10  | BL=[]
[TX  ->  *] bucket=318 L5 active=wlan0 ch5  BL=[]
[RX  <- A] bucket=318  peer_BL=[]  my_BL=[]
[02:23:36] HOP bucket=319 L5 active=wlan1 ch10  | prep wlan0 ch9  | BL=[]
[TX  ->  *] bucket=319 L5 active=wlan1 ch10  BL=[]
[RX  <- A] bucket=319  peer_BL=[]  my_BL=[]
[02:23:38] HOP bucket=320 L5 active=wlan0 ch9  | prep wlan1 ch9  | BL=[]
[RX  <- A] bucket=320  peer_BL=[]  my_BL=[]
[TX  ->  *] bucket=320 L5 active=wlan0 ch9  BL=[]
[02:23:40] HOP bucket=321 L5 active=wlan1 ch9  | prep wlan0 ch3  | BL=[]
[RX  <- A] bucket=321  peer_BL=[]  my_BL=[]
[TX  ->  *] bucket=321 L5 active=wlan1 ch9  BL=[]
[02:23:42] HOP bucket=322 L5 active=wlan0 ch3  | prep wlan1 ch6  | BL=[]
[RX  <- A] bucket=322  peer_BL=[]  my_BL=[]
[TX  ->  *] bucket=322 L5 active=wlan0 ch3  BL=[]
[02:23:44] HOP bucket=323 L5 active=wlan1 ch6  | prep wlan0 ch10  | BL=[]
[RX  <- A] bucket=323  peer_BL=[]  my_BL=[]
[TX  ->  *] bucket=323 L5 active=wlan1 ch6  BL=[]
[02:23:46] HOP bucket=324 L5 active=wlan0 ch10  | prep wlan1 ch7  | BL=[]
[RX  <- A] bucket=324  peer_BL=[]  my_BL=[]
[TX  ->  *] bucket=324 L5 active=wlan0 ch10  BL=[]
[02:23:48] HOP bucket=325 L5 active=wlan1 ch7  | prep wlan0 ch9  | BL=[]
[TX  ->  *] bucket=325 L5 active=wlan1 ch7  BL=[]
[RX  <- A] bucket=325  peer_BL=[]  my_BL=[]
[02:23:50] HOP bucket=326 L5 active=wlan0 ch9  | prep wlan1 ch4  | BL=[]
[RX  <- A] bucket=326  peer_BL=[]  my_BL=[]
[TX  ->  *] bucket=326 L5 active=wlan0 ch9  BL=[]
[02:23:52] HOP bucket=327 L5 active=wlan1 ch4  | prep wlan0 ch9  | BL=[]
[RX  <- A] bucket=327  peer_BL=[]  my_BL=[]
[TX  ->  *] bucket=327 L5 active=wlan1 ch4  BL=[]
[02:23:54] HOP bucket=328 L5 active=wlan0 ch9  | prep wlan1 ch4  | BL=[]
[RX  <- A] bucket=328  peer_BL=[]  my_BL=[]
[TX  ->  *] bucket=328 L5 active=wlan0 ch9  BL=[]
[02:23:56] HOP bucket=329 L5 active=wlan1 ch4  | prep wlan0 ch5  | BL=[]
[RX  <- A] bucket=329  peer_BL=[]  my_BL=[]
[TX  ->  *] bucket=329 L5 active=wlan1 ch4  BL=[]
[02:23:58] HOP bucket=330 L5 active=wlan0 ch5  | prep wlan1 ch11  | BL=[]
[TX  ->  *] bucket=330 L5 active=wlan0 ch5  BL=[]
[RX  <- A] bucket=330  peer_BL=[]  my_BL=[]
[02:24:00] HOP bucket=331 L5 active=wlan1 ch11  | prep wlan0 ch4  | BL=[]
[TX  ->  *] bucket=331 L5 active=wlan1 ch11  BL=[]
[RX  <- A] bucket=331  peer_BL=[]  my_BL=[]
[02:24:02] HOP bucket=332 L5 active=wlan0 ch4  | prep wlan1 ch9  | BL=[]
[TX  ->  *] bucket=332 L5 active=wlan0 ch4  BL=[]
[RX  <- A] bucket=332  peer_BL=[]  my_BL=[]
[02:24:04] HOP bucket=333 L5 active=wlan1 ch9  | prep wlan0 ch4  | BL=[]
[TX  ->  *] bucket=333 L5 active=wlan1 ch9  BL=[]
[RX  <- A] bucket=333  peer_BL=[]  my_BL=[]
[02:24:06] HOP bucket=334 L5 active=wlan0 ch4  | prep wlan1 ch8  | BL=[]
[RX  <- A] bucket=334  peer_BL=[]  my_BL=[]
[TX  ->  *] bucket=334 L5 active=wlan0 ch4  BL=[]
[02:24:08] HOP bucket=335 L5 active=wlan1 ch8  | prep wlan0 ch9  | BL=[]
[TX  ->  *] bucket=335 L5 active=wlan1 ch8  BL=[]
[RX  <- A] bucket=335  peer_BL=[]  my_BL=[]
[02:24:10] HOP bucket=336 L5 active=wlan0 ch9  | prep wlan1 ch4  | BL=[]
[TX  ->  *] bucket=336 L5 active=wlan0 ch9  BL=[]
[RX  <- A] bucket=336  peer_BL=[]  my_BL=[]
[02:24:12] HOP bucket=337 L5 active=wlan1 ch4  | prep wlan0 ch3  | BL=[]
[TX  ->  *] bucket=337 L5 active=wlan1 ch4  BL=[]
[RX  <- A] bucket=337  peer_BL=[]  my_BL=[]
[02:24:14] HOP bucket=338 L5 active=wlan0 ch3  | prep wlan1 ch4  | BL=[]
[RX  <- A] bucket=338  peer_BL=[]  my_BL=[]
[TX  ->  *] bucket=338 L5 active=wlan0 ch3  BL=[]
[02:24:16] HOP bucket=339 L5 active=wlan1 ch4  | prep wlan0 ch3  | BL=[]
[RX  <- A] bucket=339  peer_BL=[]  my_BL=[]
[TX  ->  *] bucket=339 L5 active=wlan1 ch4  BL=[]
[02:24:18] HOP bucket=340 L5 active=wlan0 ch3  | prep wlan1 ch3  | BL=[]
[TX  ->  *] bucket=340 L5 active=wlan0 ch3  BL=[]
[RX  <- A] bucket=340  peer_BL=[]  my_BL=[]
[02:24:20] HOP bucket=341 L5 active=wlan1 ch3  | prep wlan0 ch10  | BL=[]
[TX  ->  *] bucket=341 L5 active=wlan1 ch3  BL=[]
[RX  <- A] bucket=341  peer_BL=[]  my_BL=[]
[02:24:22] HOP bucket=342 L5 active=wlan0 ch10  | prep wlan1 ch3  | BL=[]
[RX  <- A] bucket=342  peer_BL=[]  my_BL=[]
[TX  ->  *] bucket=342 L5 active=wlan0 ch10  BL=[]
[02:24:24] HOP bucket=343 L5 active=wlan1 ch3  | prep wlan0 ch7  | BL=[]
[RX  <- A] bucket=343  peer_BL=[]  my_BL=[]
[TX  ->  *] bucket=343 L5 active=wlan1 ch3  BL=[]
[02:24:26] HOP bucket=344 L5 active=wlan0 ch7  | prep wlan1 ch4  | BL=[]
[RX  <- A] bucket=344  peer_BL=[]  my_BL=[]
[TX  ->  *] bucket=344 L5 active=wlan0 ch7  BL=[]
[02:24:28] HOP bucket=345 L5 active=wlan1 ch4  | prep wlan0 ch11  | BL=[]
[RX  <- A] bucket=345  peer_BL=[]  my_BL=[]
[TX  ->  *] bucket=345 L5 active=wlan1 ch4  BL=[]
[02:24:30] HOP bucket=346 L5 active=wlan0 ch11  | prep wlan1 ch8  | BL=[]
[RX  <- A] bucket=346  peer_BL=[]  my_BL=[]
[TX  ->  *] bucket=346 L5 active=wlan0 ch11  BL=[]
[02:24:32] HOP bucket=347 L5 active=wlan1 ch8  | prep wlan0 ch6  | BL=[]
[RX  <- A] bucket=347  peer_BL=[]  my_BL=[]
[TX  ->  *] bucket=347 L5 active=wlan1 ch8  BL=[]
[02:24:34] HOP bucket=348 L5 active=wlan0 ch6  | prep wlan1 ch7  | BL=[]
[RX  <- A] bucket=348  peer_BL=[]  my_BL=[]
[TX  ->  *] bucket=348 L5 active=wlan0 ch6  BL=[]
[02:24:36] HOP bucket=349 L5 active=wlan1 ch7  | prep wlan0 ch11  | BL=[]
[TX  ->  *] bucket=349 L5 active=wlan1 ch7  BL=[]
[RX  <- A] bucket=349  peer_BL=[]  my_BL=[]
[02:24:38] HOP bucket=350 L5 active=wlan0 ch11  | prep wlan1 ch8  | BL=[]
[TX  ->  *] bucket=350 L5 active=wlan0 ch11  BL=[]
[RX  <- A] bucket=350  peer_BL=[]  my_BL=[]
[02:24:40] HOP bucket=351 L5 active=wlan1 ch8  | prep wlan0 ch4  | BL=[]
[TX  ->  *] bucket=351 L5 active=wlan1 ch8  BL=[]
[RX  <- A] bucket=351  peer_BL=[]  my_BL=[]
[02:24:42] HOP bucket=352 L5 active=wlan0 ch4  | prep wlan1 ch9  | BL=[]
[RX  <- A] bucket=352  peer_BL=[]  my_BL=[]
[TX  ->  *] bucket=352 L5 active=wlan0 ch4  BL=[]
[02:24:44] HOP bucket=353 L5 active=wlan1 ch9  | prep wlan0 ch5  | BL=[]
[RX  <- A] bucket=353  peer_BL=[]  my_BL=[]
[TX  ->  *] bucket=353 L5 active=wlan1 ch9  BL=[]
[02:24:46] HOP bucket=354 L5 active=wlan0 ch5  | prep wlan1 ch6  | BL=[]
[RX  <- A] bucket=354  peer_BL=[]  my_BL=[]
[TX  ->  *] bucket=354 L5 active=wlan0 ch5  BL=[]
[02:24:48] HOP bucket=355 L5 active=wlan1 ch6  | prep wlan0 ch10  | BL=[]
[RX  <- A] bucket=355  peer_BL=[]  my_BL=[]
[TX  ->  *] bucket=355 L5 active=wlan1 ch6  BL=[]
[02:24:50] HOP bucket=356 L5 active=wlan0 ch10  | prep wlan1 ch10  | BL=[]
[RX  <- A] bucket=356  peer_BL=[]  my_BL=[]
[TX  ->  *] bucket=356 L5 active=wlan0 ch10  BL=[]
[02:24:52] HOP bucket=357 L5 active=wlan1 ch10  | prep wlan0 ch11  | BL=[]
[TX  ->  *] bucket=357 L5 active=wlan1 ch10  BL=[]
[RX  <- A] bucket=357  peer_BL=[]  my_BL=[]
[02:24:54] HOP bucket=358 L5 active=wlan0 ch11  | prep wlan1 ch6  | BL=[]
[TX  ->  *] bucket=358 L5 active=wlan0 ch11  BL=[]
[RX  <- A] bucket=358  peer_BL=[]  my_BL=[]
[02:24:56] HOP bucket=359 L5 active=wlan1 ch6  | prep wlan0 ch8  | BL=[]
[TX  ->  *] bucket=359 L5 active=wlan1 ch6  BL=[]
[RX  <- A] bucket=359  peer_BL=[]  my_BL=[]
[02:24:58] HOP bucket=360 L5 active=wlan0 ch8  | prep wlan1 ch8  | BL=[]
[TX  ->  *] bucket=360 L5 active=wlan0 ch8  BL=[]
[RX  <- A] bucket=360  peer_BL=[]  my_BL=[]
[02:25:00] HOP bucket=361 L5 active=wlan1 ch8  | prep wlan0 ch5  | BL=[]
[TX  ->  *] bucket=361 L5 active=wlan1 ch8  BL=[]
[RX  <- A] bucket=361  peer_BL=[]  my_BL=[]
[02:25:02] HOP bucket=362 L5 active=wlan0 ch5  | prep wlan1 ch9  | BL=[]
[RX  <- A] bucket=362  peer_BL=[]  my_BL=[]
[TX  ->  *] bucket=362 L5 active=wlan0 ch5  BL=[]
[02:25:04] HOP bucket=363 L5 active=wlan1 ch9  | prep wlan0 ch10  | BL=[]
[RX  <- A] bucket=363  peer_BL=[]  my_BL=[]
[TX  ->  *] bucket=363 L5 active=wlan1 ch9  BL=[]
[02:25:06] HOP bucket=364 L5 active=wlan0 ch10  | prep wlan1 ch10  | BL=[]
[RX  <- A] bucket=364  peer_BL=[]  my_BL=[]
[TX  ->  *] bucket=364 L5 active=wlan0 ch10  BL=[]
[02:25:08] HOP bucket=365 L5 active=wlan1 ch10  | prep wlan0 ch4  | BL=[]
[RX  <- A] bucket=365  peer_BL=[]  my_BL=[]
[TX  ->  *] bucket=365 L5 active=wlan1 ch10  BL=[]
[02:25:10] HOP bucket=366 L5 active=wlan0 ch4  | prep wlan1 ch3  | BL=[]
[TX  ->  *] bucket=366 L5 active=wlan0 ch4  BL=[]
[RX  <- A] bucket=366  peer_BL=[]  my_BL=[]
[02:25:12] HOP bucket=367 L5 active=wlan1 ch3  | prep wlan0 ch4  | BL=[]
[TX  ->  *] bucket=367 L5 active=wlan1 ch3  BL=[]
[RX  <- A] bucket=367  peer_BL=[]  my_BL=[]
[02:25:14] HOP bucket=368 L5 active=wlan0 ch4  | prep wlan1 ch9  | BL=[]
[TX  ->  *] bucket=368 L5 active=wlan0 ch4  BL=[]
[RX  <- A] bucket=368  peer_BL=[]  my_BL=[]
[02:25:16] HOP bucket=369 L5 active=wlan1 ch9  | prep wlan0 ch11  | BL=[]
[TX  ->  *] bucket=369 L5 active=wlan1 ch9  BL=[]
[RX  <- A] bucket=369  peer_BL=[]  my_BL=[]
[02:25:18] HOP bucket=370 L5 active=wlan0 ch11  | prep wlan1 ch11  | BL=[]
[TX  ->  *] bucket=370 L5 active=wlan0 ch11  BL=[]
[RX  <- A] bucket=370  peer_BL=[]  my_BL=[]
[02:25:20] HOP bucket=371 L5 active=wlan1 ch11  | prep wlan0 ch7  | BL=[]
[TX  ->  *] bucket=371 L5 active=wlan1 ch11  BL=[]
[RX  <- A] bucket=371  peer_BL=[]  my_BL=[]
[02:25:22] HOP bucket=372 L5 active=wlan0 ch7  | prep wlan1 ch6  | BL=[]
[RX  <- A] bucket=372  peer_BL=[]  my_BL=[]
[TX  ->  *] bucket=372 L5 active=wlan0 ch7  BL=[]
[02:25:24] HOP bucket=373 L5 active=wlan1 ch6  | prep wlan0 ch9  | BL=[]
[TX  ->  *] bucket=373 L5 active=wlan1 ch6  BL=[]
[RX  <- A] bucket=373  peer_BL=[]  my_BL=[]
[02:25:26] HOP bucket=374 L5 active=wlan0 ch9  | prep wlan1 ch9  | BL=[]
[TX  ->  *] bucket=374 L5 active=wlan0 ch9  BL=[]
[RX  <- A] bucket=374  peer_BL=[]  my_BL=[]
[02:25:28] HOP bucket=375 L5 active=wlan1 ch9  | prep wlan0 ch9  | BL=[]
[TX  ->  *] bucket=375 L5 active=wlan1 ch9  BL=[]
[RX  <- A] bucket=375  peer_BL=[]  my_BL=[]
[02:25:30] HOP bucket=376 L5 active=wlan0 ch9  | prep wlan1 ch6  | BL=[]
[RX  <- A] bucket=376  peer_BL=[]  my_BL=[]
[TX  ->  *] bucket=376 L5 active=wlan0 ch9  BL=[]
[02:25:32] HOP bucket=377 L5 active=wlan1 ch6  | prep wlan0 ch7  | BL=[]
[TX  ->  *] bucket=377 L5 active=wlan1 ch6  BL=[]
[RX  <- A] bucket=377  peer_BL=[]  my_BL=[]
[02:25:34] HOP bucket=378 L5 active=wlan0 ch7  | prep wlan1 ch10  | BL=[]
[TX  ->  *] bucket=378 L5 active=wlan0 ch7  BL=[]
[RX  <- A] bucket=378  peer_BL=[]  my_BL=[]
[02:25:36] HOP bucket=379 L5 active=wlan1 ch10  | prep wlan0 ch11  | BL=[]
[RX  <- A] bucket=379  peer_BL=[]  my_BL=[]
[TX  ->  *] bucket=379 L5 active=wlan1 ch10  BL=[]
[02:25:38] HOP bucket=380 L5 active=wlan0 ch11  | prep wlan1 ch10  | BL=[]
[RX  <- A] bucket=380  peer_BL=[]  my_BL=[]
[TX  ->  *] bucket=380 L5 active=wlan0 ch11  BL=[]
[02:25:40] HOP bucket=381 L5 active=wlan1 ch10  | prep wlan0 ch9  | BL=[]
[TX  ->  *] bucket=381 L5 active=wlan1 ch10  BL=[]
[RX  <- A] bucket=381  peer_BL=[]  my_BL=[]
[02:25:42] HOP bucket=382 L5 active=wlan0 ch9  | prep wlan1 ch4  | BL=[]
[TX  ->  *] bucket=382 L5 active=wlan0 ch9  BL=[]
[RX  <- A] bucket=382  peer_BL=[]  my_BL=[]
[02:25:44] HOP bucket=383 L5 active=wlan1 ch4  | prep wlan0 ch3  | BL=[]
[TX  ->  *] bucket=383 L5 active=wlan1 ch4  BL=[]
[RX  <- A] bucket=383  peer_BL=[]  my_BL=[]
[02:25:46] HOP bucket=384 L5 active=wlan0 ch3  | prep wlan1 ch11  | BL=[]
[TX  ->  *] bucket=384 L5 active=wlan0 ch3  BL=[]
[RX  <- A] bucket=384  peer_BL=[]  my_BL=[]
[02:25:48] HOP bucket=385 L5 active=wlan1 ch11  | prep wlan0 ch8  | BL=[]
[TX  ->  *] bucket=385 L5 active=wlan1 ch11  BL=[]
[RX  <- A] bucket=385  peer_BL=[]  my_BL=[]
[02:25:50] HOP bucket=386 L5 active=wlan0 ch8  | prep wlan1 ch11  | BL=[]
[TX  ->  *] bucket=386 L5 active=wlan0 ch8  BL=[]
[RX  <- A] bucket=386  peer_BL=[]  my_BL=[]
[02:25:52] HOP bucket=387 L5 active=wlan1 ch11  | prep wlan0 ch6  | BL=[]
[TX  ->  *] bucket=387 L5 active=wlan1 ch11  BL=[]
[RX  <- A] bucket=387  peer_BL=[]  my_BL=[]
[02:25:54] HOP bucket=388 L5 active=wlan0 ch6  | prep wlan1 ch6  | BL=[]
[RX  <- A] bucket=388  peer_BL=[]  my_BL=[]
[TX  ->  *] bucket=388 L5 active=wlan0 ch6  BL=[]
[02:25:56] HOP bucket=389 L5 active=wlan1 ch6  | prep wlan0 ch3  | BL=[]
[TX  ->  *] bucket=389 L5 active=wlan1 ch6  BL=[]
[RX  <- A] bucket=389  peer_BL=[]  my_BL=[]
[02:25:58] HOP bucket=390 L5 active=wlan0 ch3  | prep wlan1 ch3  | BL=[]
[TX  ->  *] bucket=390 L5 active=wlan0 ch3  BL=[]
[RX  <- A] bucket=390  peer_BL=[]  my_BL=[]
[02:26:00] HOP bucket=391 L5 active=wlan1 ch3  | prep wlan0 ch7  | BL=[]
[TX  ->  *] bucket=391 L5 active=wlan1 ch3  BL=[]
[RX  <- A] bucket=391  peer_BL=[]  my_BL=[]
[02:26:02] HOP bucket=392 L5 active=wlan0 ch7  | prep wlan1 ch8  | BL=[]
[RX  <- A] bucket=392  peer_BL=[]  my_BL=[]
[TX  ->  *] bucket=392 L5 active=wlan0 ch7  BL=[]
[02:26:04] HOP bucket=393 L5 active=wlan1 ch8  | prep wlan0 ch11  | BL=[]
[RX  <- A] bucket=393  peer_BL=[]  my_BL=[]
[TX  ->  *] bucket=393 L5 active=wlan1 ch8  BL=[]
[02:26:06] HOP bucket=394 L5 active=wlan0 ch11  | prep wlan1 ch9  | BL=[]
[RX  <- A] bucket=394  peer_BL=[]  my_BL=[]
[TX  ->  *] bucket=394 L5 active=wlan0 ch11  BL=[]
[02:26:08] HOP bucket=395 L5 active=wlan1 ch9  | prep wlan0 ch7  | BL=[]
[RX  <- A] bucket=395  peer_BL=[]  my_BL=[]
[TX  ->  *] bucket=395 L5 active=wlan1 ch9  BL=[]
[02:26:10] HOP bucket=396 L5 active=wlan0 ch7  | prep wlan1 ch4  | BL=[]
[RX  <- A] bucket=396  peer_BL=[]  my_BL=[]
[TX  ->  *] bucket=396 L5 active=wlan0 ch7  BL=[]
[02:26:12] HOP bucket=397 L5 active=wlan1 ch4  | prep wlan0 ch4  | BL=[]
[TX  ->  *] bucket=397 L5 active=wlan1 ch4  BL=[]
[RX  <- A] bucket=397  peer_BL=[]  my_BL=[]
[02:26:14] HOP bucket=398 L5 active=wlan0 ch4  | prep wlan1 ch8  | BL=[]
[TX  ->  *] bucket=398 L5 active=wlan0 ch4  BL=[]
[RX  <- A] bucket=398  peer_BL=[]  my_BL=[]
[02:26:16] HOP bucket=399 L5 active=wlan1 ch8  | prep wlan0 ch7  | BL=[]
[RX  <- A] bucket=399  peer_BL=[]  my_BL=[]
[TX  ->  *] bucket=399 L5 active=wlan1 ch8  BL=[]
[02:26:18] HOP bucket=400 L5 active=wlan0 ch7  | prep wlan1 ch3  | BL=[]
[TX  ->  *] bucket=400 L5 active=wlan0 ch7  BL=[]
[RX  <- A] bucket=400  peer_BL=[]  my_BL=[]
[02:26:20] HOP bucket=401 L5 active=wlan1 ch3  | prep wlan0 ch9  | BL=[]
[TX  ->  *] bucket=401 L5 active=wlan1 ch3  BL=[]
[RX  <- A] bucket=401  peer_BL=[]  my_BL=[]
[02:26:22] HOP bucket=402 L5 active=wlan0 ch9  | prep wlan1 ch5  | BL=[]
[RX  <- A] bucket=402  peer_BL=[]  my_BL=[]
[TX  ->  *] bucket=402 L5 active=wlan0 ch9  BL=[]
[02:26:24] HOP bucket=403 L5 active=wlan1 ch5  | prep wlan0 ch11  | BL=[]
[TX  ->  *] bucket=403 L5 active=wlan1 ch5  BL=[]
[RX  <- A] bucket=403  peer_BL=[]  my_BL=[]
[02:26:26] HOP bucket=404 L5 active=wlan0 ch11  | prep wlan1 ch10  | BL=[]
[TX  ->  *] bucket=404 L5 active=wlan0 ch11  BL=[]
[RX  <- A] bucket=404  peer_BL=[]  my_BL=[]
[02:26:28] HOP bucket=405 L5 active=wlan1 ch10  | prep wlan0 ch5  | BL=[]
[RX  <- A] bucket=405  peer_BL=[]  my_BL=[]
[TX  ->  *] bucket=405 L5 active=wlan1 ch10  BL=[]
[02:26:30] HOP bucket=406 L5 active=wlan0 ch5  | prep wlan1 ch10  | BL=[]
[RX  <- A] bucket=406  peer_BL=[]  my_BL=[]
[TX  ->  *] bucket=406 L5 active=wlan0 ch5  BL=[]
[02:26:32] HOP bucket=407 L5 active=wlan1 ch10  | prep wlan0 ch4  | BL=[]
[TX  ->  *] bucket=407 L5 active=wlan1 ch10  BL=[]
[RX  <- A] bucket=407  peer_BL=[]  my_BL=[]
[02:26:34] HOP bucket=408 L5 active=wlan0 ch4  | prep wlan1 ch9  | BL=[]
[TX  ->  *] bucket=408 L5 active=wlan0 ch4  BL=[]
[RX  <- A] bucket=408  peer_BL=[]  my_BL=[]
[02:26:36] HOP bucket=409 L5 active=wlan1 ch9  | prep wlan0 ch10  | BL=[]
[TX  ->  *] bucket=409 L5 active=wlan1 ch9  BL=[]
[RX  <- A] bucket=409  peer_BL=[]  my_BL=[]
[02:26:38] HOP bucket=410 L5 active=wlan0 ch10  | prep wlan1 ch11  | BL=[]
[TX  ->  *] bucket=410 L5 active=wlan0 ch10  BL=[]
[RX  <- A] bucket=410  peer_BL=[]  my_BL=[]
[02:26:40] HOP bucket=411 L5 active=wlan1 ch11  | prep wlan0 ch11  | BL=[]
[TX  ->  *] bucket=411 L5 active=wlan1 ch11  BL=[]
[RX  <- A] bucket=411  peer_BL=[]  my_BL=[]
[02:26:42] HOP bucket=412 L5 active=wlan0 ch11  | prep wlan1 ch10  | BL=[]
[TX  ->  *] bucket=412 L5 active=wlan0 ch11  BL=[]
[RX  <- A] bucket=412  peer_BL=[]  my_BL=[]
[02:26:44] HOP bucket=413 L5 active=wlan1 ch10  | prep wlan0 ch7  | BL=[]
[TX  ->  *] bucket=413 L5 active=wlan1 ch10  BL=[]
[RX  <- A] bucket=413  peer_BL=[]  my_BL=[]
[02:26:46] HOP bucket=414 L5 active=wlan0 ch7  | prep wlan1 ch9  | BL=[]
[TX  ->  *] bucket=414 L5 active=wlan0 ch7  BL=[]
[RX  <- A] bucket=414  peer_BL=[]  my_BL=[]
[02:26:48] HOP bucket=415 L5 active=wlan1 ch9  | prep wlan0 ch8  | BL=[]
[TX  ->  *] bucket=415 L5 active=wlan1 ch9  BL=[]
[RX  <- A] bucket=415  peer_BL=[]  my_BL=[]
[02:26:50] HOP bucket=416 L5 active=wlan0 ch8  | prep wlan1 ch10  | BL=[]
[RX  <- A] bucket=416  peer_BL=[]  my_BL=[]
[TX  ->  *] bucket=416 L5 active=wlan0 ch8  BL=[]
[02:26:52] HOP bucket=417 L5 active=wlan1 ch10  | prep wlan0 ch7  | BL=[]
[RX  <- A] bucket=417  peer_BL=[]  my_BL=[]
[TX  ->  *] bucket=417 L5 active=wlan1 ch10  BL=[]
[02:26:54] HOP bucket=418 L5 active=wlan0 ch7  | prep wlan1 ch9  | BL=[]
[RX  <- A] bucket=418  peer_BL=[]  my_BL=[]
[TX  ->  *] bucket=418 L5 active=wlan0 ch7  BL=[]
[02:26:56] HOP bucket=419 L5 active=wlan1 ch9  | prep wlan0 ch11  | BL=[]
[RX  <- A] bucket=419  peer_BL=[]  my_BL=[]
[TX  ->  *] bucket=419 L5 active=wlan1 ch9  BL=[]
[02:26:58] HOP bucket=420 L5 active=wlan0 ch11  | prep wlan1 ch11  | BL=[]
[RX  <- A] bucket=420  peer_BL=[]  my_BL=[]
[TX  ->  *] bucket=420 L5 active=wlan0 ch11  BL=[]
[02:27:00] HOP bucket=421 L5 active=wlan1 ch11  | prep wlan0 ch11  | BL=[]
[TX  ->  *] bucket=421 L5 active=wlan1 ch11  BL=[]
[RX  <- A] bucket=421  peer_BL=[]  my_BL=[]
[02:27:02] HOP bucket=422 L5 active=wlan0 ch11  | prep wlan1 ch10  | BL=[]
[RX  <- A] bucket=422  peer_BL=[]  my_BL=[]
[TX  ->  *] bucket=422 L5 active=wlan0 ch11  BL=[]
[02:27:04] HOP bucket=423 L5 active=wlan1 ch10  | prep wlan0 ch8  | BL=[]
[RX  <- A] bucket=423  peer_BL=[]  my_BL=[]
[TX  ->  *] bucket=423 L5 active=wlan1 ch10  BL=[]
[02:27:06] HOP bucket=424 L5 active=wlan0 ch8  | prep wlan1 ch10  | BL=[]
[TX  ->  *] bucket=424 L5 active=wlan0 ch8  BL=[]
[RX  <- A] bucket=424  peer_BL=[]  my_BL=[]
[02:27:08] HOP bucket=425 L5 active=wlan1 ch10  | prep wlan0 ch10  | BL=[]
[TX  ->  *] bucket=425 L5 active=wlan1 ch10  BL=[]
[RX  <- A] bucket=425  peer_BL=[]  my_BL=[]
[02:27:10] HOP bucket=426 L5 active=wlan0 ch10  | prep wlan1 ch4  | BL=[]
[TX  ->  *] bucket=426 L5 active=wlan0 ch10  BL=[]
[RX  <- A] bucket=426  peer_BL=[]  my_BL=[]
[02:27:12] HOP bucket=427 L5 active=wlan1 ch4  | prep wlan0 ch8  | BL=[]
[TX  ->  *] bucket=427 L5 active=wlan1 ch4  BL=[]
[RX  <- A] bucket=427  peer_BL=[]  my_BL=[]
[02:27:14] HOP bucket=428 L5 active=wlan0 ch8  | prep wlan1 ch10  | BL=[]
[TX  ->  *] bucket=428 L5 active=wlan0 ch8  BL=[]
[RX  <- A] bucket=428  peer_BL=[]  my_BL=[]
[02:27:16] HOP bucket=429 L5 active=wlan1 ch10  | prep wlan0 ch7  | BL=[]
[TX  ->  *] bucket=429 L5 active=wlan1 ch10  BL=[]
[RX  <- A] bucket=429  peer_BL=[]  my_BL=[]
[02:27:18] HOP bucket=430 L5 active=wlan0 ch7  | prep wlan1 ch11  | BL=[]
[RX  <- A] bucket=430  peer_BL=[]  my_BL=[]
[TX  ->  *] bucket=430 L5 active=wlan0 ch7  BL=[]
[02:27:20] HOP bucket=431 L5 active=wlan1 ch11  | prep wlan0 ch4  | BL=[]
[TX  ->  *] bucket=431 L5 active=wlan1 ch11  BL=[]
[RX  <- A] bucket=431  peer_BL=[]  my_BL=[]
[02:27:22] HOP bucket=432 L5 active=wlan0 ch4  | prep wlan1 ch8  | BL=[]
[RX  <- A] bucket=432  peer_BL=[]  my_BL=[]
[TX  ->  *] bucket=432 L5 active=wlan0 ch4  BL=[]
[02:27:24] HOP bucket=433 L5 active=wlan1 ch8  | prep wlan0 ch11  | BL=[]
[TX  ->  *] bucket=433 L5 active=wlan1 ch8  BL=[]
[RX  <- A] bucket=433  peer_BL=[]  my_BL=[]
[02:27:26] HOP bucket=434 L5 active=wlan0 ch11  | prep wlan1 ch8  | BL=[]
[TX  ->  *] bucket=434 L5 active=wlan0 ch11  BL=[]
[RX  <- A] bucket=434  peer_BL=[]  my_BL=[]
[02:27:28] HOP bucket=435 L5 active=wlan1 ch8  | prep wlan0 ch9  | BL=[]
[TX  ->  *] bucket=435 L5 active=wlan1 ch8  BL=[]
[RX  <- A] bucket=435  peer_BL=[]  my_BL=[]
[02:27:30] HOP bucket=436 L5 active=wlan0 ch9  | prep wlan1 ch9  | BL=[]
[TX  ->  *] bucket=436 L5 active=wlan0 ch9  BL=[]
[RX  <- A] bucket=436  peer_BL=[]  my_BL=[]
[02:27:32] HOP bucket=437 L5 active=wlan1 ch9  | prep wlan0 ch3  | BL=[]
[TX  ->  *] bucket=437 L5 active=wlan1 ch9  BL=[]
[RX  <- A] bucket=437  peer_BL=[]  my_BL=[]
[02:27:34] HOP bucket=438 L5 active=wlan0 ch3  | prep wlan1 ch4  | BL=[]
[TX  ->  *] bucket=438 L5 active=wlan0 ch3  BL=[]
[RX  <- A] bucket=438  peer_BL=[]  my_BL=[]
[02:27:36] HOP bucket=439 L5 active=wlan1 ch4  | prep wlan0 ch10  | BL=[]
[RX  <- A] bucket=439  peer_BL=[]  my_BL=[]
[TX  ->  *] bucket=439 L5 active=wlan1 ch4  BL=[]
[02:27:38] HOP bucket=440 L5 active=wlan0 ch10  | prep wlan1 ch5  | BL=[]
[RX  <- A] bucket=440  peer_BL=[]  my_BL=[]
[TX  ->  *] bucket=440 L5 active=wlan0 ch10  BL=[]
[02:27:40] HOP bucket=441 L5 active=wlan1 ch5  | prep wlan0 ch7  | BL=[]
[TX  ->  *] bucket=441 L5 active=wlan1 ch5  BL=[]
[RX  <- A] bucket=441  peer_BL=[]  my_BL=[]
[02:27:42] HOP bucket=442 L5 active=wlan0 ch7  | prep wlan1 ch7  | BL=[]
[RX  <- A] bucket=442  peer_BL=[]  my_BL=[]
[TX  ->  *] bucket=442 L5 active=wlan0 ch7  BL=[]
[02:27:44] HOP bucket=443 L5 active=wlan1 ch7  | prep wlan0 ch9  | BL=[]
[TX  ->  *] bucket=443 L5 active=wlan1 ch7  BL=[]
[RX  <- A] bucket=443  peer_BL=[]  my_BL=[]
[02:27:46] HOP bucket=444 L5 active=wlan0 ch9  | prep wlan1 ch10  | BL=[]
[TX  ->  *] bucket=444 L5 active=wlan0 ch9  BL=[]
[RX  <- A] bucket=444  peer_BL=[]  my_BL=[]
[02:27:48] HOP bucket=445 L5 active=wlan1 ch10  | prep wlan0 ch10  | BL=[]
[RX  <- A] bucket=445  peer_BL=[]  my_BL=[]
[TX  ->  *] bucket=445 L5 active=wlan1 ch10  BL=[]
[02:27:50] HOP bucket=446 L5 active=wlan0 ch10  | prep wlan1 ch10  | BL=[]
[TX  ->  *] bucket=446 L5 active=wlan0 ch10  BL=[]
[RX  <- A] bucket=446  peer_BL=[]  my_BL=[]
[02:27:52] HOP bucket=447 L5 active=wlan1 ch10  | prep wlan0 ch10  | BL=[]
[RX  <- A] bucket=447  peer_BL=[]  my_BL=[]
[TX  ->  *] bucket=447 L5 active=wlan1 ch10  BL=[]
[02:27:54] HOP bucket=448 L5 active=wlan0 ch10  | prep wlan1 ch5  | BL=[]
[RX  <- A] bucket=448  peer_BL=[]  my_BL=[]
[TX  ->  *] bucket=448 L5 active=wlan0 ch10  BL=[]
[02:27:56] HOP bucket=449 L5 active=wlan1 ch5  | prep wlan0 ch7  | BL=[]
[RX  <- A] bucket=449  peer_BL=[]  my_BL=[]
[TX  ->  *] bucket=449 L5 active=wlan1 ch5  BL=[]
[02:27:58] HOP bucket=450 L5 active=wlan0 ch7  | prep wlan1 ch4  | BL=[]
[RX  <- A] bucket=450  peer_BL=[]  my_BL=[]
[TX  ->  *] bucket=450 L5 active=wlan0 ch7  BL=[]
[02:28:00] HOP bucket=451 L5 active=wlan1 ch4  | prep wlan0 ch8  | BL=[]
[RX  <- A] bucket=451  peer_BL=[]  my_BL=[]
[TX  ->  *] bucket=451 L5 active=wlan1 ch4  BL=[]
[02:28:02] HOP bucket=452 L5 active=wlan0 ch8  | prep wlan1 ch6  | BL=[]
[RX  <- A] bucket=452  peer_BL=[]  my_BL=[]
[TX  ->  *] bucket=452 L5 active=wlan0 ch8  BL=[]
[02:28:04] HOP bucket=453 L5 active=wlan1 ch6  | prep wlan0 ch7  | BL=[]
[TX  ->  *] bucket=453 L5 active=wlan1 ch6  BL=[]
[RX  <- A] bucket=453  peer_BL=[]  my_BL=[]
[02:28:06] HOP bucket=454 L5 active=wlan0 ch7  | prep wlan1 ch4  | BL=[]
[TX  ->  *] bucket=454 L5 active=wlan0 ch7  BL=[]
[RX  <- A] bucket=454  peer_BL=[]  my_BL=[]
[02:28:08] HOP bucket=455 L5 active=wlan1 ch4  | prep wlan0 ch4  | BL=[]
[TX  ->  *] bucket=455 L5 active=wlan1 ch4  BL=[]
[RX  <- A] bucket=455  peer_BL=[]  my_BL=[]
[02:28:10] HOP bucket=456 L5 active=wlan0 ch4  | prep wlan1 ch3  | BL=[]
[TX  ->  *] bucket=456 L5 active=wlan0 ch4  BL=[]
[RX  <- A] bucket=456  peer_BL=[]  my_BL=[]
[02:28:12] HOP bucket=457 L5 active=wlan1 ch3  | prep wlan0 ch11  | BL=[]
[TX  ->  *] bucket=457 L5 active=wlan1 ch3  BL=[]
[RX  <- A] bucket=457  peer_BL=[]  my_BL=[]
[02:28:14] HOP bucket=458 L5 active=wlan0 ch11  | prep wlan1 ch4  | BL=[]
[RX  <- A] bucket=458  peer_BL=[]  my_BL=[]
[TX  ->  *] bucket=458 L5 active=wlan0 ch11  BL=[]
[02:28:16] HOP bucket=459 L5 active=wlan1 ch4  | prep wlan0 ch5  | BL=[]
[RX  <- A] bucket=459  peer_BL=[]  my_BL=[]
[TX  ->  *] bucket=459 L5 active=wlan1 ch4  BL=[]
[02:28:18] HOP bucket=460 L5 active=wlan0 ch5  | prep wlan1 ch5  | BL=[]
[RX  <- A] bucket=460  peer_BL=[]  my_BL=[]
[TX  ->  *] bucket=460 L5 active=wlan0 ch5  BL=[]
[02:28:20] HOP bucket=461 L5 active=wlan1 ch5  | prep wlan0 ch4  | BL=[]
[TX  ->  *] bucket=461 L5 active=wlan1 ch5  BL=[]
[RX  <- A] bucket=461  peer_BL=[]  my_BL=[]
[02:28:22] HOP bucket=462 L5 active=wlan0 ch4  | prep wlan1 ch7  | BL=[]
[RX  <- A] bucket=462  peer_BL=[]  my_BL=[]
[TX  ->  *] bucket=462 L5 active=wlan0 ch4  BL=[]
[02:28:24] HOP bucket=463 L5 active=wlan1 ch7  | prep wlan0 ch5  | BL=[]
[TX  ->  *] bucket=463 L5 active=wlan1 ch7  BL=[]
[RX  <- A] bucket=463  peer_BL=[]  my_BL=[]
[02:28:26] HOP bucket=464 L5 active=wlan0 ch5  | prep wlan1 ch9  | BL=[]
[RX  <- A] bucket=464  peer_BL=[]  my_BL=[]
[TX  ->  *] bucket=464 L5 active=wlan0 ch5  BL=[]
[02:28:28] HOP bucket=465 L5 active=wlan1 ch9  | prep wlan0 ch8  | BL=[]
[RX  <- A] bucket=465  peer_BL=[]  my_BL=[]
[TX  ->  *] bucket=465 L5 active=wlan1 ch9  BL=[]
[02:28:30] HOP bucket=466 L5 active=wlan0 ch8  | prep wlan1 ch10  | BL=[]
[TX  ->  *] bucket=466 L5 active=wlan0 ch8  BL=[]
[RX  <- A] bucket=466  peer_BL=[]  my_BL=[]
[02:28:32] HOP bucket=467 L5 active=wlan1 ch10  | prep wlan0 ch9  | BL=[]
[TX  ->  *] bucket=467 L5 active=wlan1 ch10  BL=[]
[RX  <- A] bucket=467  peer_BL=[]  my_BL=[]
[02:28:34] HOP bucket=468 L5 active=wlan0 ch9  | prep wlan1 ch7  | BL=[]
[RX  <- A] bucket=468  peer_BL=[]  my_BL=[]
[TX  ->  *] bucket=468 L5 active=wlan0 ch9  BL=[]
[02:28:36] HOP bucket=469 L5 active=wlan1 ch7  | prep wlan0 ch5  | BL=[]
[RX  <- A] bucket=469  peer_BL=[]  my_BL=[]
[TX  ->  *] bucket=469 L5 active=wlan1 ch7  BL=[]
[02:28:38] HOP bucket=470 L5 active=wlan0 ch5  | prep wlan1 ch11  | BL=[]
[TX  ->  *] bucket=470 L5 active=wlan0 ch5  BL=[]
[RX  <- A] bucket=470  peer_BL=[]  my_BL=[]
[02:28:40] HOP bucket=471 L5 active=wlan1 ch11  | prep wlan0 ch3  | BL=[]
[RX  <- A] bucket=471  peer_BL=[]  my_BL=[]
[TX  ->  *] bucket=471 L5 active=wlan1 ch11  BL=[]
[02:28:42] HOP bucket=472 L5 active=wlan0 ch3  | prep wlan1 ch11  | BL=[]
[RX  <- A] bucket=472  peer_BL=[]  my_BL=[]
[TX  ->  *] bucket=472 L5 active=wlan0 ch3  BL=[]
[02:28:44] HOP bucket=473 L5 active=wlan1 ch11  | prep wlan0 ch10  | BL=[]
[TX  ->  *] bucket=473 L5 active=wlan1 ch11  BL=[]
[RX  <- A] bucket=473  peer_BL=[]  my_BL=[]
[02:28:46] HOP bucket=474 L5 active=wlan0 ch10  | prep wlan1 ch3  | BL=[]
[RX  <- A] bucket=474  peer_BL=[]  my_BL=[]
[TX  ->  *] bucket=474 L5 active=wlan0 ch10  BL=[]
[02:28:48] HOP bucket=475 L5 active=wlan1 ch3  | prep wlan0 ch3  | BL=[]
[TX  ->  *] bucket=475 L5 active=wlan1 ch3  BL=[]
[RX  <- A] bucket=475  peer_BL=[]  my_BL=[]
[02:28:50] HOP bucket=476 L5 active=wlan0 ch3  | prep wlan1 ch10  | BL=[]
[TX  ->  *] bucket=476 L5 active=wlan0 ch3  BL=[]
[RX  <- A] bucket=476  peer_BL=[]  my_BL=[]
[02:28:52] HOP bucket=477 L5 active=wlan1 ch10  | prep wlan0 ch11  | BL=[]
[TX  ->  *] bucket=477 L5 active=wlan1 ch10  BL=[]
[RX  <- A] bucket=477  peer_BL=[]  my_BL=[]
[02:28:54] HOP bucket=478 L5 active=wlan0 ch11  | prep wlan1 ch11  | BL=[]
[RX  <- A] bucket=478  peer_BL=[]  my_BL=[]
[TX  ->  *] bucket=478 L5 active=wlan0 ch11  BL=[]
[02:28:56] HOP bucket=479 L5 active=wlan1 ch11  | prep wlan0 ch10  | BL=[]
[TX  ->  *] bucket=479 L5 active=wlan1 ch11  BL=[]
[RX  <- A] bucket=479  peer_BL=[]  my_BL=[]
[02:28:58] HOP bucket=480 L5 active=wlan0 ch10  | prep wlan1 ch11  | BL=[]
[TX  ->  *] bucket=480 L5 active=wlan0 ch10  BL=[]
[RX  <- A] bucket=480  peer_BL=[]  my_BL=[]
[02:29:00] HOP bucket=481 L5 active=wlan1 ch11  | prep wlan0 ch9  | BL=[]
[TX  ->  *] bucket=481 L5 active=wlan1 ch11  BL=[]
[RX  <- A] bucket=481  peer_BL=[]  my_BL=[]
[02:29:02] HOP bucket=482 L5 active=wlan0 ch9  | prep wlan1 ch9  | BL=[]
[RX  <- A] bucket=482  peer_BL=[]  my_BL=[]
[TX  ->  *] bucket=482 L5 active=wlan0 ch9  BL=[]
[02:29:04] HOP bucket=483 L5 active=wlan1 ch9  | prep wlan0 ch9  | BL=[]
[RX  <- A] bucket=483  peer_BL=[]  my_BL=[]
[TX  ->  *] bucket=483 L5 active=wlan1 ch9  BL=[]
[02:29:06] HOP bucket=484 L5 active=wlan0 ch9  | prep wlan1 ch7  | BL=[]
[TX  ->  *] bucket=484 L5 active=wlan0 ch9  BL=[]
[RX  <- A] bucket=484  peer_BL=[]  my_BL=[]
[02:29:08] HOP bucket=485 L5 active=wlan1 ch7  | prep wlan0 ch9  | BL=[]
[TX  ->  *] bucket=485 L5 active=wlan1 ch7  BL=[]
[RX  <- A] bucket=485  peer_BL=[]  my_BL=[]
[02:29:10] HOP bucket=486 L5 active=wlan0 ch9  | prep wlan1 ch4  | BL=[]
[RX  <- A] bucket=486  peer_BL=[]  my_BL=[]
[TX  ->  *] bucket=486 L5 active=wlan0 ch9  BL=[]
[02:29:12] HOP bucket=487 L5 active=wlan1 ch4  | prep wlan0 ch8  | BL=[]
[TX  ->  *] bucket=487 L5 active=wlan1 ch4  BL=[]
[RX  <- A] bucket=487  peer_BL=[]  my_BL=[]
[02:29:14] HOP bucket=488 L5 active=wlan0 ch8  | prep wlan1 ch7  | BL=[]
[RX  <- A] bucket=488  peer_BL=[]  my_BL=[]
[TX  ->  *] bucket=488 L5 active=wlan0 ch8  BL=[]
[02:29:16] HOP bucket=489 L5 active=wlan1 ch7  | prep wlan0 ch3  | BL=[]
[RX  <- A] bucket=489  peer_BL=[]  my_BL=[]
[TX  ->  *] bucket=489 L5 active=wlan1 ch7  BL=[]
[02:29:18] HOP bucket=490 L5 active=wlan0 ch3  | prep wlan1 ch3  | BL=[]
[RX  <- A] bucket=490  peer_BL=[]  my_BL=[]
[TX  ->  *] bucket=490 L5 active=wlan0 ch3  BL=[]
[02:29:20] HOP bucket=491 L5 active=wlan1 ch3  | prep wlan0 ch6  | BL=[]
[TX  ->  *] bucket=491 L5 active=wlan1 ch3  BL=[]
[RX  <- A] bucket=491  peer_BL=[]  my_BL=[]
[02:29:22] HOP bucket=492 L5 active=wlan0 ch6  | prep wlan1 ch10  | BL=[]
[RX  <- A] bucket=492  peer_BL=[]  my_BL=[]
[TX  ->  *] bucket=492 L5 active=wlan0 ch6  BL=[]
[02:29:24] HOP bucket=493 L5 active=wlan1 ch10  | prep wlan0 ch5  | BL=[]
[RX  <- A] bucket=493  peer_BL=[]  my_BL=[]
[TX  ->  *] bucket=493 L5 active=wlan1 ch10  BL=[]
[02:29:26] HOP bucket=494 L5 active=wlan0 ch5  | prep wlan1 ch7  | BL=[]
[RX  <- A] bucket=494  peer_BL=[]  my_BL=[]
[TX  ->  *] bucket=494 L5 active=wlan0 ch5  BL=[]
[02:29:28] HOP bucket=495 L5 active=wlan1 ch7  | prep wlan0 ch6  | BL=[]
[RX  <- A] bucket=495  peer_BL=[]  my_BL=[]
[TX  ->  *] bucket=495 L5 active=wlan1 ch7  BL=[]
[02:29:30] HOP bucket=496 L5 active=wlan0 ch6  | prep wlan1 ch6  | BL=[]
[RX  <- A] bucket=496  peer_BL=[]  my_BL=[]
[TX  ->  *] bucket=496 L5 active=wlan0 ch6  BL=[]
[02:29:32] HOP bucket=497 L5 active=wlan1 ch6  | prep wlan0 ch7  | BL=[]
[TX  ->  *] bucket=497 L5 active=wlan1 ch6  BL=[]
[RX  <- A] bucket=497  peer_BL=[]  my_BL=[]
[02:29:34] HOP bucket=498 L5 active=wlan0 ch7  | prep wlan1 ch8  | BL=[]
[TX  ->  *] bucket=498 L5 active=wlan0 ch7  BL=[]
[RX  <- A] bucket=498  peer_BL=[]  my_BL=[]
[02:29:36] HOP bucket=499 L5 active=wlan1 ch8  | prep wlan0 ch5  | BL=[]
[RX  <- A] bucket=499  peer_BL=[]  my_BL=[]
[TX  ->  *] bucket=499 L5 active=wlan1 ch8  BL=[]
[02:29:38] HOP bucket=500 L5 active=wlan0 ch5  | prep wlan1 ch7  | BL=[]
[TX  ->  *] bucket=500 L5 active=wlan0 ch5  BL=[]
[RX  <- A] bucket=500  peer_BL=[]  my_BL=[]
[02:29:40] HOP bucket=501 L5 active=wlan1 ch7  | prep wlan0 ch7  | BL=[]
[TX  ->  *] bucket=501 L5 active=wlan1 ch7  BL=[]
[RX  <- A] bucket=501  peer_BL=[]  my_BL=[]
[02:29:42] HOP bucket=502 L5 active=wlan0 ch7  | prep wlan1 ch11  | BL=[]
[TX  ->  *] bucket=502 L5 active=wlan0 ch7  BL=[]
[RX  <- A] bucket=502  peer_BL=[]  my_BL=[]
[02:29:44] HOP bucket=503 L5 active=wlan1 ch11  | prep wlan0 ch5  | BL=[]
[RX  <- A] bucket=503  peer_BL=[]  my_BL=[]
[TX  ->  *] bucket=503 L5 active=wlan1 ch11  BL=[]
[02:29:46] HOP bucket=504 L5 active=wlan0 ch5  | prep wlan1 ch7  | BL=[]
[RX  <- A] bucket=504  peer_BL=[]  my_BL=[]
[TX  ->  *] bucket=504 L5 active=wlan0 ch5  BL=[]
[02:29:48] HOP bucket=505 L5 active=wlan1 ch7  | prep wlan0 ch8  | BL=[]
[RX  <- A] bucket=505  peer_BL=[]  my_BL=[]
[TX  ->  *] bucket=505 L5 active=wlan1 ch7  BL=[]
[02:29:50] HOP bucket=506 L5 active=wlan0 ch8  | prep wlan1 ch9  | BL=[]
[TX  ->  *] bucket=506 L5 active=wlan0 ch8  BL=[]
[RX  <- A] bucket=506  peer_BL=[]  my_BL=[]
[02:29:52] HOP bucket=507 L5 active=wlan1 ch9  | prep wlan0 ch9  | BL=[]
[RX  <- A] bucket=507  peer_BL=[]  my_BL=[]
[TX  ->  *] bucket=507 L5 active=wlan1 ch9  BL=[]
[02:29:54] HOP bucket=508 L5 active=wlan0 ch9  | prep wlan1 ch8  | BL=[]
[TX  ->  *] bucket=508 L5 active=wlan0 ch9  BL=[]
[RX  <- A] bucket=508  peer_BL=[]  my_BL=[]
[02:29:56] HOP bucket=509 L5 active=wlan1 ch8  | prep wlan0 ch10  | BL=[]
[TX  ->  *] bucket=509 L5 active=wlan1 ch8  BL=[]
[RX  <- A] bucket=509  peer_BL=[]  my_BL=[]
[02:29:58] HOP bucket=510 L5 active=wlan0 ch10  | prep wlan1 ch4  | BL=[]
[RX  <- A] bucket=510  peer_BL=[]  my_BL=[]
[TX  ->  *] bucket=510 L5 active=wlan0 ch10  BL=[]
[02:30:00] HOP bucket=511 L5 active=wlan1 ch4  | prep wlan0 ch7  | BL=[]
[TX  ->  *] bucket=511 L5 active=wlan1 ch4  BL=[]
[RX  <- A] bucket=511  peer_BL=[]  my_BL=[]
[02:30:02] HOP bucket=512 L5 active=wlan0 ch7  | prep wlan1 ch11  | BL=[]
[TX  ->  *] bucket=512 L5 active=wlan0 ch7  BL=[]
[RX  <- A] bucket=512  peer_BL=[]  my_BL=[]
[02:30:04] HOP bucket=513 L5 active=wlan1 ch11  | prep wlan0 ch10  | BL=[]
[TX  ->  *] bucket=513 L5 active=wlan1 ch11  BL=[]
[RX  <- A] bucket=513  peer_BL=[]  my_BL=[]
[02:30:06] HOP bucket=514 L5 active=wlan0 ch10  | prep wlan1 ch7  | BL=[]
[RX  <- A] bucket=514  peer_BL=[]  my_BL=[]
[TX  ->  *] bucket=514 L5 active=wlan0 ch10  BL=[]
[02:30:08] HOP bucket=515 L5 active=wlan1 ch7  | prep wlan0 ch5  | BL=[]
[RX  <- A] bucket=515  peer_BL=[]  my_BL=[]
[TX  ->  *] bucket=515 L5 active=wlan1 ch7  BL=[]
[02:30:10] HOP bucket=516 L5 active=wlan0 ch5  | prep wlan1 ch6  | BL=[]
[TX  ->  *] bucket=516 L5 active=wlan0 ch5  BL=[]
[RX  <- A] bucket=516  peer_BL=[]  my_BL=[]
[02:30:12] HOP bucket=517 L5 active=wlan1 ch6  | prep wlan0 ch9  | BL=[]
[TX  ->  *] bucket=517 L5 active=wlan1 ch6  BL=[]
[RX  <- A] bucket=517  peer_BL=[]  my_BL=[]
[02:30:14] HOP bucket=518 L5 active=wlan0 ch9  | prep wlan1 ch6  | BL=[]
[RX  <- A] bucket=518  peer_BL=[]  my_BL=[]
[TX  ->  *] bucket=518 L5 active=wlan0 ch9  BL=[]
[02:30:16] HOP bucket=519 L5 active=wlan1 ch6  | prep wlan0 ch6  | BL=[]
[TX  ->  *] bucket=519 L5 active=wlan1 ch6  BL=[]
[RX  <- A] bucket=519  peer_BL=[]  my_BL=[]
[02:30:18] HOP bucket=520 L5 active=wlan0 ch6  | prep wlan1 ch3  | BL=[]
[TX  ->  *] bucket=520 L5 active=wlan0 ch6  BL=[]
[RX  <- A] bucket=520  peer_BL=[]  my_BL=[]
[02:30:20] HOP bucket=521 L5 active=wlan1 ch3  | prep wlan0 ch6  | BL=[]
[TX  ->  *] bucket=521 L5 active=wlan1 ch3  BL=[]
[RX  <- A] bucket=521  peer_BL=[]  my_BL=[]
[02:30:22] HOP bucket=522 L5 active=wlan0 ch6  | prep wlan1 ch6  | BL=[]
[TX  ->  *] bucket=522 L5 active=wlan0 ch6  BL=[]
[RX  <- A] bucket=522  peer_BL=[]  my_BL=[]
[02:30:24] HOP bucket=523 L5 active=wlan1 ch6  | prep wlan0 ch11  | BL=[]
[TX  ->  *] bucket=523 L5 active=wlan1 ch6  BL=[]
[RX  <- A] bucket=523  peer_BL=[]  my_BL=[]
[02:30:26] HOP bucket=524 L5 active=wlan0 ch11  | prep wlan1 ch9  | BL=[]
[RX  <- A] bucket=524  peer_BL=[]  my_BL=[]
[TX  ->  *] bucket=524 L5 active=wlan0 ch11  BL=[]
[02:30:28] HOP bucket=525 L5 active=wlan1 ch9  | prep wlan0 ch10  | BL=[]
[TX  ->  *] bucket=525 L5 active=wlan1 ch9  BL=[]
[RX  <- A] bucket=525  peer_BL=[]  my_BL=[]
[02:30:30] HOP bucket=526 L5 active=wlan0 ch10  | prep wlan1 ch9  | BL=[]
[TX  ->  *] bucket=526 L5 active=wlan0 ch10  BL=[]
[RX  <- A] bucket=526  peer_BL=[]  my_BL=[]
[02:30:32] HOP bucket=527 L5 active=wlan1 ch9  | prep wlan0 ch7  | BL=[]
[TX  ->  *] bucket=527 L5 active=wlan1 ch9  BL=[]
[RX  <- A] bucket=527  peer_BL=[]  my_BL=[]
[02:30:34] HOP bucket=528 L5 active=wlan0 ch7  | prep wlan1 ch4  | BL=[]
[RX  <- A] bucket=528  peer_BL=[]  my_BL=[]
[TX  ->  *] bucket=528 L5 active=wlan0 ch7  BL=[]
[02:30:36] HOP bucket=529 L5 active=wlan1 ch4  | prep wlan0 ch11  | BL=[]
[TX  ->  *] bucket=529 L5 active=wlan1 ch4  BL=[]
[RX  <- A] bucket=529  peer_BL=[]  my_BL=[]
[02:30:38] HOP bucket=530 L5 active=wlan0 ch11  | prep wlan1 ch5  | BL=[]
[RX  <- A] bucket=530  peer_BL=[]  my_BL=[]
[TX  ->  *] bucket=530 L5 active=wlan0 ch11  BL=[]
[02:30:40] HOP bucket=531 L5 active=wlan1 ch5  | prep wlan0 ch3  | BL=[]
[TX  ->  *] bucket=531 L5 active=wlan1 ch5  BL=[]
[RX  <- A] bucket=531  peer_BL=[]  my_BL=[]
[02:30:42] HOP bucket=532 L5 active=wlan0 ch3  | prep wlan1 ch9  | BL=[]
[TX  ->  *] bucket=532 L5 active=wlan0 ch3  BL=[]
[RX  <- A] bucket=532  peer_BL=[]  my_BL=[]
[02:30:44] HOP bucket=533 L5 active=wlan1 ch9  | prep wlan0 ch7  | BL=[]
[RX  <- A] bucket=533  peer_BL=[]  my_BL=[]
[TX  ->  *] bucket=533 L5 active=wlan1 ch9  BL=[]
[02:30:46] HOP bucket=534 L5 active=wlan0 ch7  | prep wlan1 ch7  | BL=[]
[TX  ->  *] bucket=534 L5 active=wlan0 ch7  BL=[]
[RX  <- A] bucket=534  peer_BL=[]  my_BL=[]
[02:30:48] HOP bucket=535 L5 active=wlan1 ch7  | prep wlan0 ch6  | BL=[]
[RX  <- A] bucket=535  peer_BL=[]  my_BL=[]
[TX  ->  *] bucket=535 L5 active=wlan1 ch7  BL=[]
[02:30:50] HOP bucket=536 L5 active=wlan0 ch6  | prep wlan1 ch10  | BL=[]
[RX  <- A] bucket=536  peer_BL=[]  my_BL=[]
[TX  ->  *] bucket=536 L5 active=wlan0 ch6  BL=[]
[02:30:52] HOP bucket=537 L5 active=wlan1 ch10  | prep wlan0 ch6  | BL=[]