============================================================
 ARTCHO NODE — MODE=L5 — NODE_ID=B
============================================================
 Bucket duration : 2.0s
 TEST_EPOCH      : 1772501648.0
 BUCKET_EPOCH    : 1772483648.0
 sim offset      : 18000s  (5.00h)
 Use blacklist   : False
 Detect enabled  : False
 Dual radio      : True
============================================================

[WAIT] sleeping 19.1s until TEST_EPOCH...
[INIT] L5 cold-start (bucket=9000):
       active  wlan0 -> ch10 (2457 MHz)
       bg      wlan1 -> ch4 (2427 MHz)
       confirmed blacklist: []
[INIT] L5 cold-start complete.

[TX  ->  *] bucket=9000 L5 active=wlan0 ch10  BL=[]
[RX  <- A] bucket=9000  peer_BL=[]  my_BL=[]
[02:34:10] HOP bucket=9001 L5 active=wlan1 ch4  | prep wlan0 ch9  | BL=[]
[TX  ->  *] bucket=9001 L5 active=wlan1 ch4  BL=[]
[RX  <- A] bucket=9001  peer_BL=[]  my_BL=[]
[02:34:12] HOP bucket=9002 L5 active=wlan0 ch9  | prep wlan1 ch11  | BL=[]
[RX  <- A] bucket=9002  peer_BL=[]  my_BL=[]
[TX  ->  *] bucket=9002 L5 active=wlan0 ch9  BL=[]
[02:34:14] HOP bucket=9003 L5 active=wlan1 ch11  | prep wlan0 ch11  | BL=[]
[RX  <- A] bucket=9003  peer_BL=[]  my_BL=[]
[TX  ->  *] bucket=9003 L5 active=wlan1 ch11  BL=[]
[02:34:16] HOP bucket=9004 L5 active=wlan0 ch11  | prep wlan1 ch6  | BL=[]
[TX  ->  *] bucket=9004 L5 active=wlan0 ch11  BL=[]
[RX  <- A] bucket=9004  peer_BL=[]  my_BL=[]
[02:34:18] HOP bucket=9005 L5 active=wlan1 ch6  | prep wlan0 ch6  | BL=[]
[RX  <- A] bucket=9005  peer_BL=[]  my_BL=[]
[TX  ->  *] bucket=9005 L5 active=wlan1 ch6  BL=[]
[02:34:20] HOP bucket=9006 L5 active=wlan0 ch6  | prep wlan1 ch9  | BL=[]
[RX  <- A] bucket=9006  peer_BL=[]  my_BL=[]
[TX  ->  *] bucket=9006 L5 active=wlan0 ch6  BL=[]
[02:34:22] HOP bucket=9007 L5 active=wlan1 ch9  | prep wlan0 ch9  | BL=[]
[TX  ->  *] bucket=9007 L5 active=wlan1 ch9  BL=[]
[RX  <- A] bucket=9007  peer_BL=[]  my_BL=[]
[02:34:24] HOP bucket=9008 L5 active=wlan0 ch9  | prep wlan1 ch7  | BL=[]
[TX  ->  *] bucket=9008 L5 active=wlan0 ch9  BL=[]
[RX  <- A] bucket=9008  peer_BL=[]  my_BL=[]
[02:34:26] HOP bucket=9009 L5 active=wlan1 ch7  | prep wlan0 ch10  | BL=[]
[RX  <- A] bucket=9009  peer_BL=[]  my_BL=[]
[TX  ->  *] bucket=9009 L5 active=wlan1 ch7  BL=[]
[02:34:28] HOP bucket=9010 L5 active=wlan0 ch10  | prep wlan1 ch3  | BL=[]
[TX  ->  *] bucket=9010 L5 active=wlan0 ch10  BL=[]
[RX  <- A] bucket=9010  peer_BL=[]  my_BL=[]
[02:34:30] HOP bucket=9011 L5 active=wlan1 ch3  | prep wlan0 ch6  | BL=[]
[TX  ->  *] bucket=9011 L5 active=wlan1 ch3  BL=[]
[RX  <- A] bucket=9011  peer_BL=[]  my_BL=[]
[02:34:32] HOP bucket=9012 L5 active=wlan0 ch6  | prep wlan1 ch8  | BL=[]
[TX  ->  *] bucket=9012 L5 active=wlan0 ch6  BL=[]
[RX  <- A] bucket=9012  peer_BL=[]  my_BL=[]
[02:34:34] HOP bucket=9013 L5 active=wlan1 ch8  | prep wlan0 ch4  | BL=[]
[RX  <- A] bucket=9013  peer_BL=[]  my_BL=[]
[TX  ->  *] bucket=9013 L5 active=wlan1 ch8  BL=[]
[02:34:36] HOP bucket=9014 L5 active=wlan0 ch4  | prep wlan1 ch11  | BL=[]
[RX  <- A] bucket=9014  peer_BL=[]  my_BL=[]
[TX  ->  *] bucket=9014 L5 active=wlan0 ch4  BL=[]
[02:34:38] HOP bucket=9015 L5 active=wlan1 ch11  | prep wlan0 ch4  | BL=[]
[RX  <- A] bucket=9015  peer_BL=[]  my_BL=[]
[TX  ->  *] bucket=9015 L5 active=wlan1 ch11  BL=[]
[02:34:40] HOP bucket=9016 L5 active=wlan0 ch4  | prep wlan1 ch6  | BL=[]
[TX  ->  *] bucket=9016 L5 active=wlan0 ch4  BL=[]
[RX  <- A] bucket=9016  peer_BL=[]  my_BL=[]
[02:34:42] HOP bucket=9017 L5 active=wlan1 ch6  | prep wlan0 ch6  | BL=[]
[TX  ->  *] bucket=9017 L5 active=wlan1 ch6  BL=[]
[RX  <- A] bucket=9017  peer_BL=[]  my_BL=[]
[02:34:44] HOP bucket=9018 L5 active=wlan0 ch6  | prep wlan1 ch4  | BL=[]
[TX  ->  *] bucket=9018 L5 active=wlan0 ch6  BL=[]
[RX  <- A] bucket=9018  peer_BL=[]  my_BL=[]
[02:34:46] HOP bucket=9019 L5 active=wlan1 ch4  | prep wlan0 ch6  | BL=[]
[RX  <- A] bucket=9019  peer_BL=[]  my_BL=[]
[TX  ->  *] bucket=9019 L5 active=wlan1 ch4  BL=[]
[02:34:48] HOP bucket=9020 L5 active=wlan0 ch6  | prep wlan1 ch7  | BL=[]
[RX  <- A] bucket=9020  peer_BL=[]  my_BL=[]
[TX  ->  *] bucket=9020 L5 active=wlan0 ch6  BL=[]
[02:34:50] HOP bucket=9021 L5 active=wlan1 ch7  | prep wlan0 ch3  | BL=[]
[TX  ->  *] bucket=9021 L5 active=wlan1 ch7  BL=[]
[RX  <- A] bucket=9021  peer_BL=[]  my_BL=[]
[02:34:52] HOP bucket=9022 L5 active=wlan0 ch3  | prep wlan1 ch3  | BL=[]
[RX  <- A] bucket=9022  peer_BL=[]  my_BL=[]
[TX  ->  *] bucket=9022 L5 active=wlan0 ch3  BL=[]
[02:34:54] HOP bucket=9023 L5 active=wlan1 ch3  | prep wlan0 ch7  | BL=[]
[RX  <- A] bucket=9023  peer_BL=[]  my_BL=[]
[TX  ->  *] bucket=9023 L5 active=wlan1 ch3  BL=[]
[02:34:56] HOP bucket=9024 L5 active=wlan0 ch7  | prep wlan1 ch11  | BL=[]
[RX  <- A] bucket=9024  peer_BL=[]  my_BL=[]
[TX  ->  *] bucket=9024 L5 active=wlan0 ch7  BL=[]
[02:34:58] HOP bucket=9025 L5 active=wlan1 ch11  | prep wlan0 ch4  | BL=[]
[TX  ->  *] bucket=9025 L5 active=wlan1 ch11  BL=[]
[RX  <- A] bucket=9025  peer_BL=[]  my_BL=[]
[02:35:00] HOP bucket=9026 L5 active=wlan0 ch4  | prep wlan1 ch10  | BL=[]
[TX  ->  *] bucket=9026 L5 active=wlan0 ch4  BL=[]
[RX  <- A] bucket=9026  peer_BL=[]  my_BL=[]
[02:35:02] HOP bucket=9027 L5 active=wlan1 ch10  | prep wlan0 ch3  | BL=[]
[RX  <- A] bucket=9027  peer_BL=[]  my_BL=[]
[TX  ->  *] bucket=9027 L5 active=wlan1 ch10  BL=[]
[02:35:04] HOP bucket=9028 L5 active=wlan0 ch3  | prep wlan1 ch6  | BL=[]
[TX  ->  *] bucket=9028 L5 active=wlan0 ch3  BL=[]
[RX  <- A] bucket=9028  peer_BL=[]  my_BL=[]
[02:35:06] HOP bucket=9029 L5 active=wlan1 ch6  | prep wlan0 ch10  | BL=[]
[RX  <- A] bucket=9029  peer_BL=[]  my_BL=[]
[TX  ->  *] bucket=9029 L5 active=wlan1 ch6  BL=[]
[02:35:08] HOP bucket=9030 L5 active=wlan0 ch10  | prep wlan1 ch10  | BL=[]
[RX  <- A] bucket=9030  peer_BL=[]  my_BL=[]
[TX  ->  *] bucket=9030 L5 active=wlan0 ch10  BL=[]
[02:35:10] HOP bucket=9031 L5 active=wlan1 ch10  | prep wlan0 ch3  | BL=[]
[TX  ->  *] bucket=9031 L5 active=wlan1 ch10  BL=[]
[RX  <- A] bucket=9031  peer_BL=[]  my_BL=[]
[02:35:12] HOP bucket=9032 L5 active=wlan0 ch3  | prep wlan1 ch5  | BL=[]
[RX  <- A] bucket=9032  peer_BL=[]  my_BL=[]
[TX  ->  *] bucket=9032 L5 active=wlan0 ch3  BL=[]
[02:35:14] HOP bucket=9033 L5 active=wlan1 ch5  | prep wlan0 ch6  | BL=[]
[RX  <- A] bucket=9033  peer_BL=[]  my_BL=[]
[TX  ->  *] bucket=9033 L5 active=wlan1 ch5  BL=[]
[02:35:16] HOP bucket=9034 L5 active=wlan0 ch6  | prep wlan1 ch3  | BL=[]
[RX  <- A] bucket=9034  peer_BL=[]  my_BL=[]
[TX  ->  *] bucket=9034 L5 active=wlan0 ch6  BL=[]
[02:35:18] HOP bucket=9035 L5 active=wlan1 ch3  | prep wlan0 ch10  | BL=[]
[TX  ->  *] bucket=9035 L5 active=wlan1 ch3  BL=[]
[RX  <- A] bucket=9035  peer_BL=[]  my_BL=[]
[02:35:20] HOP bucket=9036 L5 active=wlan0 ch10  | prep wlan1 ch6  | BL=[]
[RX  <- A] bucket=9036  peer_BL=[]  my_BL=[]
[TX  ->  *] bucket=9036 L5 active=wlan0 ch10  BL=[]
[02:35:22] HOP bucket=9037 L5 active=wlan1 ch6  | prep wlan0 ch4  | BL=[]
[RX  <- A] bucket=9037  peer_BL=[]  my_BL=[]
[TX  ->  *] bucket=9037 L5 active=wlan1 ch6  BL=[]
[02:35:24] HOP bucket=9038 L5 active=wlan0 ch4  | prep wlan1 ch5  | BL=[]
[RX  <- A] bucket=9038  peer_BL=[]  my_BL=[]
[TX  ->  *] bucket=9038 L5 active=wlan0 ch4  BL=[]
[02:35:26] HOP bucket=9039 L5 active=wlan1 ch5  | prep wlan0 ch11  | BL=[]
[RX  <- A] bucket=9039  peer_BL=[]  my_BL=[]
[TX  ->  *] bucket=9039 L5 active=wlan1 ch5  BL=[]
[02:35:28] HOP bucket=9040 L5 active=wlan0 ch11  | prep wlan1 ch10  | BL=[]
[RX  <- A] bucket=9040  peer_BL=[]  my_BL=[]
[TX  ->  *] bucket=9040 L5 active=wlan0 ch11  BL=[]
[02:35:30] HOP bucket=9041 L5 active=wlan1 ch10  | prep wlan0 ch8  | BL=[]
[TX  ->  *] bucket=9041 L5 active=wlan1 ch10  BL=[]
[RX  <- A] bucket=9041  peer_BL=[]  my_BL=[]
[02:35:32] HOP bucket=9042 L5 active=wlan0 ch8  | prep wlan1 ch9  | BL=[]
[RX  <- A] bucket=9042  peer_BL=[]  my_BL=[]
[TX  ->  *] bucket=9042 L5 active=wlan0 ch8  BL=[]
[02:35:34] HOP bucket=9043 L5 active=wlan1 ch9  | prep wlan0 ch11  | BL=[]
[TX  ->  *] bucket=9043 L5 active=wlan1 ch9  BL=[]
[RX  <- A] bucket=9043  peer_BL=[]  my_BL=[]
[02:35:36] HOP bucket=9044 L5 active=wlan0 ch11  | prep wlan1 ch11  | BL=[]
[TX  ->  *] bucket=9044 L5 active=wlan0 ch11  BL=[]
[RX  <- A] bucket=9044  peer_BL=[]  my_BL=[]
[02:35:38] HOP bucket=9045 L5 active=wlan1 ch11  | prep wlan0 ch5  | BL=[]
[TX  ->  *] bucket=9045 L5 active=wlan1 ch11  BL=[]
[RX  <- A] bucket=9045  peer_BL=[]  my_BL=[]
[02:35:40] HOP bucket=9046 L5 active=wlan0 ch5  | prep wlan1 ch4  | BL=[]
[TX  ->  *] bucket=9046 L5 active=wlan0 ch5  BL=[]
[RX  <- A] bucket=9046  peer_BL=[]  my_BL=[]
[02:35:42] HOP bucket=9047 L5 active=wlan1 ch4  | prep wlan0 ch4  | BL=[]
[TX  ->  *] bucket=9047 L5 active=wlan1 ch4  BL=[]
[RX  <- A] bucket=9047  peer_BL=[]  my_BL=[]
[02:35:44] HOP bucket=9048 L5 active=wlan0 ch4  | prep wlan1 ch11  | BL=[]
[TX  ->  *] bucket=9048 L5 active=wlan0 ch4  BL=[]
[RX  <- A] bucket=9048  peer_BL=[]  my_BL=[]
[02:35:46] HOP bucket=9049 L5 active=wlan1 ch11  | prep wlan0 ch3  | BL=[]
[TX  ->  *] bucket=9049 L5 active=wlan1 ch11  BL=[]
[RX  <- A] bucket=9049  peer_BL=[]  my_BL=[]
[02:35:48] HOP bucket=9050 L5 active=wlan0 ch3  | prep wlan1 ch8  | BL=[]
[RX  <- A] bucket=9050  peer_BL=[]  my_BL=[]
[TX  ->  *] bucket=9050 L5 active=wlan0 ch3  BL=[]
[02:35:50] HOP bucket=9051 L5 active=wlan1 ch8  | prep wlan0 ch9  | BL=[]
[RX  <- A] bucket=9051  peer_BL=[]  my_BL=[]
[TX  ->  *] bucket=9051 L5 active=wlan1 ch8  BL=[]
[02:35:52] HOP bucket=9052 L5 active=wlan0 ch9  | prep wlan1 ch6  | BL=[]
[TX  ->  *] bucket=9052 L5 active=wlan0 ch9  BL=[]
[RX  <- A] bucket=9052  peer_BL=[]  my_BL=[]
[02:35:54] HOP bucket=9053 L5 active=wlan1 ch6  | prep wlan0 ch8  | BL=[]
[TX  ->  *] bucket=9053 L5 active=wlan1 ch6  BL=[]
[RX  <- A] bucket=9053  peer_BL=[]  my_BL=[]
[02:35:56] HOP bucket=9054 L5 active=wlan0 ch8  | prep wlan1 ch3  | BL=[]
[TX  ->  *] bucket=9054 L5 active=wlan0 ch8  BL=[]
[RX  <- A] bucket=9054  peer_BL=[]  my_BL=[]
[02:35:58] HOP bucket=9055 L5 active=wlan1 ch3  | prep wlan0 ch5  | BL=[]
[TX  ->  *] bucket=9055 L5 active=wlan1 ch3  BL=[]
[RX  <- A] bucket=9055  peer_BL=[]  my_BL=[]
[02:36:00] HOP bucket=9056 L5 active=wlan0 ch5  | prep wlan1 ch11  | BL=[]
[RX  <- A] bucket=9056  peer_BL=[]  my_BL=[]
[TX  ->  *] bucket=9056 L5 active=wlan0 ch5  BL=[]
[02:36:02] HOP bucket=9057 L5 active=wlan1 ch11  | prep wlan0 ch3  | BL=[]
[RX  <- A] bucket=9057  peer_BL=[]  my_BL=[]
[TX  ->  *] bucket=9057 L5 active=wlan1 ch11  BL=[]
[02:36:04] HOP bucket=9058 L5 active=wlan0 ch3  | prep wlan1 ch7  | BL=[]
[TX  ->  *] bucket=9058 L5 active=wlan0 ch3  BL=[]
[RX  <- A] bucket=9058  peer_BL=[]  my_BL=[]
[02:36:06] HOP bucket=9059 L5 active=wlan1 ch7  | prep wlan0 ch6  | BL=[]
[TX  ->  *] bucket=9059 L5 active=wlan1 ch7  BL=[]
[RX  <- A] bucket=9059  peer_BL=[]  my_BL=[]
[02:36:08] HOP bucket=9060 L5 active=wlan0 ch6  | prep wlan1 ch11  | BL=[]
[RX  <- A] bucket=9060  peer_BL=[]  my_BL=[]
[TX  ->  *] bucket=9060 L5 active=wlan0 ch6  BL=[]
[02:36:10] HOP bucket=9061 L5 active=wlan1 ch11  | prep wlan0 ch3  | BL=[]
[TX  ->  *] bucket=9061 L5 active=wlan1 ch11  BL=[]
[RX  <- A] bucket=9061  peer_BL=[]  my_BL=[]
[02:36:12] HOP bucket=9062 L5 active=wlan0 ch3  | prep wlan1 ch7  | BL=[]
[TX  ->  *] bucket=9062 L5 active=wlan0 ch3  BL=[]
[RX  <- A] bucket=9062  peer_BL=[]  my_BL=[]
[02:36:14] HOP bucket=9063 L5 active=wlan1 ch7  | prep wlan0 ch5  | BL=[]
[TX  ->  *] bucket=9063 L5 active=wlan1 ch7  BL=[]
[RX  <- A] bucket=9063  peer_BL=[]  my_BL=[]
[02:36:16] HOP bucket=9064 L5 active=wlan0 ch5  | prep wlan1 ch10  | BL=[]
[TX  ->  *] bucket=9064 L5 active=wlan0 ch5  BL=[]
[RX  <- A] bucket=9064  peer_BL=[]  my_BL=[]
[02:36:18] HOP bucket=9065 L5 active=wlan1 ch10  | prep wlan0 ch6  | BL=[]
[TX  ->  *] bucket=9065 L5 active=wlan1 ch10  BL=[]
[RX  <- A] bucket=9065  peer_BL=[]  my_BL=[]
[02:36:20] HOP bucket=9066 L5 active=wlan0 ch6  | prep wlan1 ch8  | BL=[]
[RX  <- A] bucket=9066  peer_BL=[]  my_BL=[]
[TX  ->  *] bucket=9066 L5 active=wlan0 ch6  BL=[]
[02:36:22] HOP bucket=9067 L5 active=wlan1 ch8  | prep wlan0 ch6  | BL=[]
[RX  <- A] bucket=9067  peer_BL=[]  my_BL=[]
[TX  ->  *] bucket=9067 L5 active=wlan1 ch8  BL=[]
[02:36:24] HOP bucket=9068 L5 active=wlan0 ch6  | prep wlan1 ch5  | BL=[]
[TX  ->  *] bucket=9068 L5 active=wlan0 ch6  BL=[]
[RX  <- A] bucket=9068  peer_BL=[]  my_BL=[]
[02:36:26] HOP bucket=9069 L5 active=wlan1 ch5  | prep wlan0 ch4  | BL=[]
[TX  ->  *] bucket=9069 L5 active=wlan1 ch5  BL=[]
[RX  <- A] bucket=9069  peer_BL=[]  my_BL=[]
[02:36:28] HOP bucket=9070 L5 active=wlan0 ch4  | prep wlan1 ch3  | BL=[]
[RX  <- A] bucket=9070  peer_BL=[]  my_BL=[]
[TX  ->  *] bucket=9070 L5 active=wlan0 ch4  BL=[]
[02:36:30] HOP bucket=9071 L5 active=wlan1 ch3  | prep wlan0 ch8  | BL=[]
[TX  ->  *] bucket=9071 L5 active=wlan1 ch3  BL=[]
[RX  <- A] bucket=9071  peer_BL=[]  my_BL=[]
[02:36:32] HOP bucket=9072 L5 active=wlan0 ch8  | prep wlan1 ch3  | BL=[]
[TX  ->  *] bucket=9072 L5 active=wlan0 ch8  BL=[]
[RX  <- A] bucket=9072  peer_BL=[]  my_BL=[]
[02:36:34] HOP bucket=9073 L5 active=wlan1 ch3  | prep wlan0 ch6  | BL=[]
[TX  ->  *] bucket=9073 L5 active=wlan1 ch3  BL=[]
[RX  <- A] bucket=9073  peer_BL=[]  my_BL=[]
[02:36:36] HOP bucket=9074 L5 active=wlan0 ch6  | prep wlan1 ch3  | BL=[]
[TX  ->  *] bucket=9074 L5 active=wlan0 ch6  BL=[]
[RX  <- A] bucket=9074  peer_BL=[]  my_BL=[]
[02:36:38] HOP bucket=9075 L5 active=wlan1 ch3  | prep wlan0 ch8  | BL=[]
[RX  <- A] bucket=9075  peer_BL=[]  my_BL=[]
[TX  ->  *] bucket=9075 L5 active=wlan1 ch3  BL=[]
[02:36:40] HOP bucket=9076 L5 active=wlan0 ch8  | prep wlan1 ch9  | BL=[]
[RX  <- A] bucket=9076  peer_BL=[]  my_BL=[]
[TX  ->  *] bucket=9076 L5 active=wlan0 ch8  BL=[]
[02:36:42] HOP bucket=9077 L5 active=wlan1 ch9  | prep wlan0 ch8  | BL=[]
[RX  <- A] bucket=9077  peer_BL=[]  my_BL=[]
[TX  ->  *] bucket=9077 L5 active=wlan1 ch9  BL=[]
[02:36:44] HOP bucket=9078 L5 active=wlan0 ch8  | prep wlan1 ch7  | BL=[]
[TX  ->  *] bucket=9078 L5 active=wlan0 ch8  BL=[]
[RX  <- A] bucket=9078  peer_BL=[]  my_BL=[]
[02:36:46] HOP bucket=9079 L5 active=wlan1 ch7  | prep wlan0 ch9  | BL=[]
[TX  ->  *] bucket=9079 L5 active=wlan1 ch7  BL=[]
[RX  <- A] bucket=9079  peer_BL=[]  my_BL=[]
[02:36:48] HOP bucket=9080 L5 active=wlan0 ch9  | prep wlan1 ch9  | BL=[]
[RX  <- A] bucket=9080  peer_BL=[]  my_BL=[]
[TX  ->  *] bucket=9080 L5 active=wlan0 ch9  BL=[]
[02:36:50] HOP bucket=9081 L5 active=wlan1 ch9  | prep wlan0 ch9  | BL=[]
[RX  <- A] bucket=9081  peer_BL=[]  my_BL=[]
[TX  ->  *] bucket=9081 L5 active=wlan1 ch9  BL=[]
[02:36:52] HOP bucket=9082 L5 active=wlan0 ch9  | prep wlan1 ch3  | BL=[]
[TX  ->  *] bucket=9082 L5 active=wlan0 ch9  BL=[]
[RX  <- A] bucket=9082  peer_BL=[]  my_BL=[]
[02:36:54] HOP bucket=9083 L5 active=wlan1 ch3  | prep wlan0 ch4  | BL=[]
[TX  ->  *] bucket=9083 L5 active=wlan1 ch3  BL=[]
[RX  <- A] bucket=9083  peer_BL=[]  my_BL=[]
[02:36:56] HOP bucket=9084 L5 active=wlan0 ch4  | prep wlan1 ch11  | BL=[]
[TX  ->  *] bucket=9084 L5 active=wlan0 ch4  BL=[]
[RX  <- A] bucket=9084  peer_BL=[]  my_BL=[]
[02:36:58] HOP bucket=9085 L5 active=wlan1 ch11  | prep wlan0 ch8  | BL=[]
[TX  ->  *] bucket=9085 L5 active=wlan1 ch11  BL=[]
[RX  <- A] bucket=9085  peer_BL=[]  my_BL=[]
[02:37:00] HOP bucket=9086 L5 active=wlan0 ch8  | prep wlan1 ch5  | BL=[]
[TX  ->  *] bucket=9086 L5 active=wlan0 ch8  BL=[]
[RX  <- A] bucket=9086  peer_BL=[]  my_BL=[]
[02:37:02] HOP bucket=9087 L5 active=wlan1 ch5  | prep wlan0 ch7  | BL=[]
[RX  <- A] bucket=9087  peer_BL=[]  my_BL=[]
[TX  ->  *] bucket=9087 L5 active=wlan1 ch5  BL=[]
[02:37:04] HOP bucket=9088 L5 active=wlan0 ch7  | prep wlan1 ch4  | BL=[]
[TX  ->  *] bucket=9088 L5 active=wlan0 ch7  BL=[]
[RX  <- A] bucket=9088  peer_BL=[]  my_BL=[]
[02:37:06] HOP bucket=9089 L5 active=wlan1 ch4  | prep wlan0 ch6  | BL=[]
[RX  <- A] bucket=9089  peer_BL=[]  my_BL=[]
[TX  ->  *] bucket=9089 L5 active=wlan1 ch4  BL=[]
[02:37:08] HOP bucket=9090 L5 active=wlan0 ch6  | prep wlan1 ch5  | BL=[]
[RX  <- A] bucket=9090  peer_BL=[]  my_BL=[]
[TX  ->  *] bucket=9090 L5 active=wlan0 ch6  BL=[]
[02:37:10] HOP bucket=9091 L5 active=wlan1 ch5  | prep wlan0 ch9  | BL=[]
[TX  ->  *] bucket=9091 L5 active=wlan1 ch5  BL=[]
[RX  <- A] bucket=9091  peer_BL=[]  my_BL=[]
[02:37:12] HOP bucket=9092 L5 active=wlan0 ch9  | prep wlan1 ch4  | BL=[]
[TX  ->  *] bucket=9092 L5 active=wlan0 ch9  BL=[]
[RX  <- A] bucket=9092  peer_BL=[]  my_BL=[]
[02:37:14] HOP bucket=9093 L5 active=wlan1 ch4  | prep wlan0 ch7  | BL=[]
[TX  ->  *] bucket=9093 L5 active=wlan1 ch4  BL=[]
[RX  <- A] bucket=9093  peer_BL=[]  my_BL=[]
[02:37:16] HOP bucket=9094 L5 active=wlan0 ch7  | prep wlan1 ch5  | BL=[]
[TX  ->  *] bucket=9094 L5 active=wlan0 ch7  BL=[]
[RX  <- A] bucket=9094  peer_BL=[]  my_BL=[]
[02:37:18] HOP bucket=9095 L5 active=wlan1 ch5  | prep wlan0 ch9  | BL=[]
[TX  ->  *] bucket=9095 L5 active=wlan1 ch5  BL=[]
[RX  <- A] bucket=9095  peer_BL=[]  my_BL=[]
[02:37:20] HOP bucket=9096 L5 active=wlan0 ch9  | prep wlan1 ch7  | BL=[]
[TX  ->  *] bucket=9096 L5 active=wlan0 ch9  BL=[]
[RX  <- A] bucket=9096  peer_BL=[]  my_BL=[]
[02:37:22] HOP bucket=9097 L5 active=wlan1 ch7  | prep wlan0 ch5  | BL=[]
[TX  ->  *] bucket=9097 L5 active=wlan1 ch7  BL=[]
[RX  <- A] bucket=9097  peer_BL=[]  my_BL=[]
[02:37:24] HOP bucket=9098 L5 active=wlan0 ch5  | prep wlan1 ch6  | BL=[]
[RX  <- A] bucket=9098  peer_BL=[]  my_BL=[]
[TX  ->  *] bucket=9098 L5 active=wlan0 ch5  BL=[]
[02:37:26] HOP bucket=9099 L5 active=wlan1 ch6  | prep wlan0 ch3  | BL=[]
[TX  ->  *] bucket=9099 L5 active=wlan1 ch6  BL=[]
[RX  <- A] bucket=9099  peer_BL=[]  my_BL=[]
[02:37:28] HOP bucket=9100 L5 active=wlan0 ch3  | prep wlan1 ch8  | BL=[]
[TX  ->  *] bucket=9100 L5 active=wlan0 ch3  BL=[]
[RX  <- A] bucket=9100  peer_BL=[]  my_BL=[]
[02:37:30] HOP bucket=9101 L5 active=wlan1 ch8  | prep wlan0 ch4  | BL=[]
[TX  ->  *] bucket=9101 L5 active=wlan1 ch8  BL=[]
[RX  <- A] bucket=9101  peer_BL=[]  my_BL=[]
[02:37:32] HOP bucket=9102 L5 active=wlan0 ch4  | prep wlan1 ch3  | BL=[]
[TX  ->  *] bucket=9102 L5 active=wlan0 ch4  BL=[]
[RX  <- A] bucket=9102  peer_BL=[]  my_BL=[]
[02:37:34] HOP bucket=9103 L5 active=wlan1 ch3  | prep wlan0 ch5  | BL=[]
[RX  <- A] bucket=9103  peer_BL=[]  my_BL=[]
[TX  ->  *] bucket=9103 L5 active=wlan1 ch3  BL=[]
[02:37:36] HOP bucket=9104 L5 active=wlan0 ch5  | prep wlan1 ch7  | BL=[]
[TX  ->  *] bucket=9104 L5 active=wlan0 ch5  BL=[]
[RX  <- A] bucket=9104  peer_BL=[]  my_BL=[]
[02:37:38] HOP bucket=9105 L5 active=wlan1 ch7  | prep wlan0 ch4  | BL=[]
[TX  ->  *] bucket=9105 L5 active=wlan1 ch7  BL=[]
[RX  <- A] bucket=9105  peer_BL=[]  my_BL=[]
[02:37:40] HOP bucket=9106 L5 active=wlan0 ch4  | prep wlan1 ch4  | BL=[]
[RX  <- A] bucket=9106  peer_BL=[]  my_BL=[]
[TX  ->  *] bucket=9106 L5 active=wlan0 ch4  BL=[]
[02:37:42] HOP bucket=9107 L5 active=wlan1 ch4  | prep wlan0 ch8  | BL=[]
[TX  ->  *] bucket=9107 L5 active=wlan1 ch4  BL=[]
[RX  <- A] bucket=9107  peer_BL=[]  my_BL=[]
[02:37:44] HOP bucket=9108 L5 active=wlan0 ch8  | prep wlan1 ch6  | BL=[]
[RX  <- A] bucket=9108  peer_BL=[]  my_BL=[]
[TX  ->  *] bucket=9108 L5 active=wlan0 ch8  BL=[]
[02:37:46] HOP bucket=9109 L5 active=wlan1 ch6  | prep wlan0 ch4  | BL=[]
[TX  ->  *] bucket=9109 L5 active=wlan1 ch6  BL=[]
[RX  <- A] bucket=9109  peer_BL=[]  my_BL=[]
[02:37:48] HOP bucket=9110 L5 active=wlan0 ch4  | prep wlan1 ch4  | BL=[]
[TX  ->  *] bucket=9110 L5 active=wlan0 ch4  BL=[]
[RX  <- A] bucket=9110  peer_BL=[]  my_BL=[]
[02:37:50] HOP bucket=9111 L5 active=wlan1 ch4  | prep wlan0 ch11  | BL=[]
[RX  <- A] bucket=9111  peer_BL=[]  my_BL=[]
[TX  ->  *] bucket=9111 L5 active=wlan1 ch4  BL=[]
[02:37:52] HOP bucket=9112 L5 active=wlan0 ch11  | prep wlan1 ch4  | BL=[]
[RX  <- A] bucket=9112  peer_BL=[]  my_BL=[]
[TX  ->  *] bucket=9112 L5 active=wlan0 ch11  BL=[]
[02:37:54] HOP bucket=9113 L5 active=wlan1 ch4  | prep wlan0 ch10  | BL=[]
[RX  <- A] bucket=9113  peer_BL=[]  my_BL=[]
[TX  ->  *] bucket=9113 L5 active=wlan1 ch4  BL=[]
[02:37:56] HOP bucket=9114 L5 active=wlan0 ch10  | prep wlan1 ch5  | BL=[]
[RX  <- A] bucket=9114  peer_BL=[]  my_BL=[]
[TX  ->  *] bucket=9114 L5 active=wlan0 ch10  BL=[]
[02:37:58] HOP bucket=9115 L5 active=wlan1 ch5  | prep wlan0 ch5  | BL=[]
[RX  <- A] bucket=9115  peer_BL=[]  my_BL=[]
[TX  ->  *] bucket=9115 L5 active=wlan1 ch5  BL=[]
[02:38:00] HOP bucket=9116 L5 active=wlan0 ch5  | prep wlan1 ch8  | BL=[]
[TX  ->  *] bucket=9116 L5 active=wlan0 ch5  BL=[]
[RX  <- A] bucket=9116  peer_BL=[]  my_BL=[]
[02:38:02] HOP bucket=9117 L5 active=wlan1 ch8  | prep wlan0 ch6  | BL=[]
[RX  <- A] bucket=9117  peer_BL=[]  my_BL=[]
[TX  ->  *] bucket=9117 L5 active=wlan1 ch8  BL=[]
[02:38:04] HOP bucket=9118 L5 active=wlan0 ch6  | prep wlan1 ch4  | BL=[]
[RX  <- A] bucket=9118  peer_BL=[]  my_BL=[]
[TX  ->  *] bucket=9118 L5 active=wlan0 ch6  BL=[]
[02:38:06] HOP bucket=9119 L5 active=wlan1 ch4  | prep wlan0 ch3  | BL=[]
[RX  <- A] bucket=9119  peer_BL=[]  my_BL=[]
[TX  ->  *] bucket=9119 L5 active=wlan1 ch4  BL=[]
[02:38:08] HOP bucket=9120 L5 active=wlan0 ch3  | prep wlan1 ch7  | BL=[]
[RX  <- A] bucket=9120  peer_BL=[]  my_BL=[]
[TX  ->  *] bucket=9120 L5 active=wlan0 ch3  BL=[]
[02:38:10] HOP bucket=9121 L5 active=wlan1 ch7  | prep wlan0 ch8  | BL=[]
[RX  <- A] bucket=9121  peer_BL=[]  my_BL=[]
[TX  ->  *] bucket=9121 L5 active=wlan1 ch7  BL=[]
[02:38:12] HOP bucket=9122 L5 active=wlan0 ch8  | prep wlan1 ch10  | BL=[]
[RX  <- A] bucket=9122  peer_BL=[]  my_BL=[]
[TX  ->  *] bucket=9122 L5 active=wlan0 ch8  BL=[]
[02:38:14] HOP bucket=9123 L5 active=wlan1 ch10  | prep wlan0 ch7  | BL=[]
[RX  <- A] bucket=9123  peer_BL=[]  my_BL=[]
[TX  ->  *] bucket=9123 L5 active=wlan1 ch10  BL=[]
[02:38:16] HOP bucket=9124 L5 active=wlan0 ch7  | prep wlan1 ch5  | BL=[]
[TX  ->  *] bucket=9124 L5 active=wlan0 ch7  BL=[]
[RX  <- A] bucket=9124  peer_BL=[]  my_BL=[]
[02:38:18] HOP bucket=9125 L5 active=wlan1 ch5  | prep wlan0 ch8  | BL=[]
[TX  ->  *] bucket=9125 L5 active=wlan1 ch5  BL=[]
[RX  <- A] bucket=9125  peer_BL=[]  my_BL=[]
[02:38:20] HOP bucket=9126 L5 active=wlan0 ch8  | prep wlan1 ch4  | BL=[]
[TX  ->  *] bucket=9126 L5 active=wlan0 ch8  BL=[]
[RX  <- A] bucket=9126  peer_BL=[]  my_BL=[]
[02:38:22] HOP bucket=9127 L5 active=wlan1 ch4  | prep wlan0 ch8  | BL=[]
[TX  ->  *] bucket=9127 L5 active=wlan1 ch4  BL=[]
[RX  <- A] bucket=9127  peer_BL=[]  my_BL=[]
[02:38:24] HOP bucket=9128 L5 active=wlan0 ch8  | prep wlan1 ch9  | BL=[]
[RX  <- A] bucket=9128  peer_BL=[]  my_BL=[]
[TX  ->  *] bucket=9128 L5 active=wlan0 ch8  BL=[]
[02:38:26] HOP bucket=9129 L5 active=wlan1 ch9  | prep wlan0 ch3  | BL=[]
[RX  <- A] bucket=9129  peer_BL=[]  my_BL=[]
[TX  ->  *] bucket=9129 L5 active=wlan1 ch9  BL=[]
[02:38:28] HOP bucket=9130 L5 active=wlan0 ch3  | prep wlan1 ch7  | BL=[]
[TX  ->  *] bucket=9130 L5 active=wlan0 ch3  BL=[]
[RX  <- A] bucket=9130  peer_BL=[]  my_BL=[]
[02:38:30] HOP bucket=9131 L5 active=wlan1 ch7  | prep wlan0 ch10  | BL=[]
[TX  ->  *] bucket=9131 L5 active=wlan1 ch7  BL=[]
[RX  <- A] bucket=9131  peer_BL=[]  my_BL=[]
[02:38:32] HOP bucket=9132 L5 active=wlan0 ch10  | prep wlan1 ch7  | BL=[]
[TX  ->  *] bucket=9132 L5 active=wlan0 ch10  BL=[]
[RX  <- A] bucket=9132  peer_BL=[]  my_BL=[]
[02:38:34] HOP bucket=9133 L5 active=wlan1 ch7  | prep wlan0 ch11  | BL=[]
[TX  ->  *] bucket=9133 L5 active=wlan1 ch7  BL=[]
[RX  <- A] bucket=9133  peer_BL=[]  my_BL=[]
[02:38:36] HOP bucket=9134 L5 active=wlan0 ch11  | prep wlan1 ch10  | BL=[]
[TX  ->  *] bucket=9134 L5 active=wlan0 ch11  BL=[]
[RX  <- A] bucket=9134  peer_BL=[]  my_BL=[]
[02:38:38] HOP bucket=9135 L5 active=wlan1 ch10  | prep wlan0 ch4  | BL=[]
[TX  ->  *] bucket=9135 L5 active=wlan1 ch10  BL=[]
[RX  <- A] bucket=9135  peer_BL=[]  my_BL=[]
[02:38:40] HOP bucket=9136 L5 active=wlan0 ch4  | prep wlan1 ch4  | BL=[]
[TX  ->  *] bucket=9136 L5 active=wlan0 ch4  BL=[]
[RX  <- A] bucket=9136  peer_BL=[]  my_BL=[]
[02:38:42] HOP bucket=9137 L5 active=wlan1 ch4  | prep wlan0 ch8  | BL=[]
[TX  ->  *] bucket=9137 L5 active=wlan1 ch4  BL=[]
[RX  <- A] bucket=9137  peer_BL=[]  my_BL=[]
[02:38:44] HOP bucket=9138 L5 active=wlan0 ch8  | prep wlan1 ch6  | BL=[]
[TX  ->  *] bucket=9138 L5 active=wlan0 ch8  BL=[]
[RX  <- A] bucket=9138  peer_BL=[]  my_BL=[]
[02:38:46] HOP bucket=9139 L5 active=wlan1 ch6  | prep wlan0 ch10  | BL=[]
[TX  ->  *] bucket=9139 L5 active=wlan1 ch6  BL=[]
[RX  <- A] bucket=9139  peer_BL=[]  my_BL=[]
[02:38:48] HOP bucket=9140 L5 active=wlan0 ch10  | prep wlan1 ch9  | BL=[]
[RX  <- A] bucket=9140  peer_BL=[]  my_BL=[]
[TX  ->  *] bucket=9140 L5 active=wlan0 ch10  BL=[]
[02:38:50] HOP bucket=9141 L5 active=wlan1 ch9  | prep wlan0 ch11  | BL=[]
[TX  ->  *] bucket=9141 L5 active=wlan1 ch9  BL=[]
[RX  <- A] bucket=9141  peer_BL=[]  my_BL=[]
[02:38:52] HOP bucket=9142 L5 active=wlan0 ch11  | prep wlan1 ch9  | BL=[]
[RX  <- A] bucket=9142  peer_BL=[]  my_BL=[]
[TX  ->  *] bucket=9142 L5 active=wlan0 ch11  BL=[]
[02:38:54] HOP bucket=9143 L5 active=wlan1 ch9  | prep wlan0 ch4  | BL=[]
[RX  <- A] bucket=9143  peer_BL=[]  my_BL=[]
[TX  ->  *] bucket=9143 L5 active=wlan1 ch9  BL=[]
[02:38:56] HOP bucket=9144 L5 active=wlan0 ch4  | prep wlan1 ch5  | BL=[]
[TX  ->  *] bucket=9144 L5 active=wlan0 ch4  BL=[]
[RX  <- A] bucket=9144  peer_BL=[]  my_BL=[]
[02:38:58] HOP bucket=9145 L5 active=wlan1 ch5  | prep wlan0 ch10  | BL=[]
[RX  <- A] bucket=9145  peer_BL=[]  my_BL=[]
[TX  ->  *] bucket=9145 L5 active=wlan1 ch5  BL=[]
[02:39:00] HOP bucket=9146 L5 active=wlan0 ch10  | prep wlan1 ch7  | BL=[]
[RX  <- A] bucket=9146  peer_BL=[]  my_BL=[]
[TX  ->  *] bucket=9146 L5 active=wlan0 ch10  BL=[]
[02:39:02] HOP bucket=9147 L5 active=wlan1 ch7  | prep wlan0 ch6  | BL=[]
[RX  <- A] bucket=9147  peer_BL=[]  my_BL=[]
[TX  ->  *] bucket=9147 L5 active=wlan1 ch7  BL=[]
[02:39:04] HOP bucket=9148 L5 active=wlan0 ch6  | prep wlan1 ch9  | BL=[]
[RX  <- A] bucket=9148  peer_BL=[]  my_BL=[]
[TX  ->  *] bucket=9148 L5 active=wlan0 ch6  BL=[]
[02:39:06] HOP bucket=9149 L5 active=wlan1 ch9  | prep wlan0 ch11  | BL=[]
[TX  ->  *] bucket=9149 L5 active=wlan1 ch9  BL=[]
[RX  <- A] bucket=9149  peer_BL=[]  my_BL=[]
[02:39:08] HOP bucket=9150 L5 active=wlan0 ch11  | prep wlan1 ch9  | BL=[]
[RX  <- A] bucket=9150  peer_BL=[]  my_BL=[]
[TX  ->  *] bucket=9150 L5 active=wlan0 ch11  BL=[]
[02:39:10] HOP bucket=9151 L5 active=wlan1 ch9  | prep wlan0 ch7  | BL=[]
[RX  <- A] bucket=9151  peer_BL=[]  my_BL=[]
[TX  ->  *] bucket=9151 L5 active=wlan1 ch9  BL=[]
[02:39:12] HOP bucket=9152 L5 active=wlan0 ch7  | prep wlan1 ch10  | BL=[]
[RX  <- A] bucket=9152  peer_BL=[]  my_BL=[]
[TX  ->  *] bucket=9152 L5 active=wlan0 ch7  BL=[]
[02:39:14] HOP bucket=9153 L5 active=wlan1 ch10  | prep wlan0 ch5  | BL=[]
[TX  ->  *] bucket=9153 L5 active=wlan1 ch10  BL=[]
[RX  <- A] bucket=9153  peer_BL=[]  my_BL=[]
[02:39:16] HOP bucket=9154 L5 active=wlan0 ch5  | prep wlan1 ch5  | BL=[]
[TX  ->  *] bucket=9154 L5 active=wlan0 ch5  BL=[]
[RX  <- A] bucket=9154  peer_BL=[]  my_BL=[]
[02:39:18] HOP bucket=9155 L5 active=wlan1 ch5  | prep wlan0 ch7  | BL=[]
[RX  <- A] bucket=9155  peer_BL=[]  my_BL=[]
[TX  ->  *] bucket=9155 L5 active=wlan1 ch5  BL=[]
[02:39:20] HOP bucket=9156 L5 active=wlan0 ch7  | prep wlan1 ch6  | BL=[]
[TX  ->  *] bucket=9156 L5 active=wlan0 ch7  BL=[]
[RX  <- A] bucket=9156  peer_BL=[]  my_BL=[]
[02:39:22] HOP bucket=9157 L5 active=wlan1 ch6  | prep wlan0 ch6  | BL=[]
[TX  ->  *] bucket=9157 L5 active=wlan1 ch6  BL=[]
[RX  <- A] bucket=9157  peer_BL=[]  my_BL=[]
[02:39:24] HOP bucket=9158 L5 active=wlan0 ch6  | prep wlan1 ch9  | BL=[]
[TX  ->  *] bucket=9158 L5 active=wlan0 ch6  BL=[]
[RX  <- A] bucket=9158  peer_BL=[]  my_BL=[]
[02:39:26] HOP bucket=9159 L5 active=wlan1 ch9  | prep wlan0 ch7  | BL=[]
[RX  <- A] bucket=9159  peer_BL=[]  my_BL=[]
[TX  ->  *] bucket=9159 L5 active=wlan1 ch9  BL=[]
[02:39:28] HOP bucket=9160 L5 active=wlan0 ch7  | prep wlan1 ch4  | BL=[]
[RX  <- A] bucket=9160  peer_BL=[]  my_BL=[]
[TX  ->  *] bucket=9160 L5 active=wlan0 ch7  BL=[]
[02:39:30] HOP bucket=9161 L5 active=wlan1 ch4  | prep wlan0 ch9  | BL=[]
[TX  ->  *] bucket=9161 L5 active=wlan1 ch4  BL=[]
[RX  <- A] bucket=9161  peer_BL=[]  my_BL=[]
[02:39:32] HOP bucket=9162 L5 active=wlan0 ch9  | prep wlan1 ch6  | BL=[]
[TX  ->  *] bucket=9162 L5 active=wlan0 ch9  BL=[]
[RX  <- A] bucket=9162  peer_BL=[]  my_BL=[]
[02:39:34] HOP bucket=9163 L5 active=wlan1 ch6  | prep wlan0 ch3  | BL=[]
[TX  ->  *] bucket=9163 L5 active=wlan1 ch6  BL=[]
[RX  <- A] bucket=9163  peer_BL=[]  my_BL=[]
[02:39:36] HOP bucket=9164 L5 active=wlan0 ch3  | prep wlan1 ch9  | BL=[]
[RX  <- A] bucket=9164  peer_BL=[]  my_BL=[]
[TX  ->  *] bucket=9164 L5 active=wlan0 ch3  BL=[]
[02:39:38] HOP bucket=9165 L5 active=wlan1 ch9  | prep wlan0 ch7  | BL=[]
[RX  <- A] bucket=9165  peer_BL=[]  my_BL=[]
[TX  ->  *] bucket=9165 L5 active=wlan1 ch9  BL=[]
[02:39:40] HOP bucket=9166 L5 active=wlan0 ch7  | prep wlan1 ch11  | BL=[]
[RX  <- A] bucket=9166  peer_BL=[]  my_BL=[]
[TX  ->  *] bucket=9166 L5 active=wlan0 ch7  BL=[]
[02:39:42] HOP bucket=9167 L5 active=wlan1 ch11  | prep wlan0 ch3  | BL=[]
[RX  <- A] bucket=9167  peer_BL=[]  my_BL=[]
[TX  ->  *] bucket=9167 L5 active=wlan1 ch11  BL=[]
[02:39:44] HOP bucket=9168 L5 active=wlan0 ch3  | prep wlan1 ch3  | BL=[]
[TX  ->  *] bucket=9168 L5 active=wlan0 ch3  BL=[]
[RX  <- A] bucket=9168  peer_BL=[]  my_BL=[]
[02:39:46] HOP bucket=9169 L5 active=wlan1 ch3  | prep wlan0 ch8  | BL=[]
[TX  ->  *] bucket=9169 L5 active=wlan1 ch3  BL=[]
[RX  <- A] bucket=9169  peer_BL=[]  my_BL=[]
[02:39:48] HOP bucket=9170 L5 active=wlan0 ch8  | prep wlan1 ch7  | BL=[]
[RX  <- A] bucket=9170  peer_BL=[]  my_BL=[]
[TX  ->  *] bucket=9170 L5 active=wlan0 ch8  BL=[]
[02:39:50] HOP bucket=9171 L5 active=wlan1 ch7  | prep wlan0 ch5  | BL=[]
[RX  <- A] bucket=9171  peer_BL=[]  my_BL=[]
[TX  ->  *] bucket=9171 L5 active=wlan1 ch7  BL=[]
[02:39:52] HOP bucket=9172 L5 active=wlan0 ch5  | prep wlan1 ch4  | BL=[]
[RX  <- A] bucket=9172  peer_BL=[]  my_BL=[]
[TX  ->  *] bucket=9172 L5 active=wlan0 ch5  BL=[]
[02:39:54] HOP bucket=9173 L5 active=wlan1 ch4  | prep wlan0 ch8  | BL=[]
[RX  <- A] bucket=9173  peer_BL=[]  my_BL=[]
[TX  ->  *] bucket=9173 L5 active=wlan1 ch4  BL=[]
[02:39:56] HOP bucket=9174 L5 active=wlan0 ch8  | prep wlan1 ch3  | BL=[]
[RX  <- A] bucket=9174  peer_BL=[]  my_BL=[]
[TX  ->  *] bucket=9174 L5 active=wlan0 ch8  BL=[]
[02:39:58] HOP bucket=9175 L5 active=wlan1 ch3  | prep wlan0 ch4  | BL=[]
[TX  ->  *] bucket=9175 L5 active=wlan1 ch3  BL=[]
[RX  <- A] bucket=9175  peer_BL=[]  my_BL=[]
[02:40:00] HOP bucket=9176 L5 active=wlan0 ch4  | prep wlan1 ch7  | BL=[]
[TX  ->  *] bucket=9176 L5 active=wlan0 ch4  BL=[]
[RX  <- A] bucket=9176  peer_BL=[]  my_BL=[]
[02:40:02] HOP bucket=9177 L5 active=wlan1 ch7  | prep wlan0 ch11  | BL=[]
[TX  ->  *] bucket=9177 L5 active=wlan1 ch7  BL=[]
[RX  <- A] bucket=9177  peer_BL=[]  my_BL=[]
[02:40:04] HOP bucket=9178 L5 active=wlan0 ch11  | prep wlan1 ch6  | BL=[]
[TX  ->  *] bucket=9178 L5 active=wlan0 ch11  BL=[]
[RX  <- A] bucket=9178  peer_BL=[]  my_BL=[]
[02:40:06] HOP bucket=9179 L5 active=wlan1 ch6  | prep wlan0 ch7  | BL=[]
[TX  ->  *] bucket=9179 L5 active=wlan1 ch6  BL=[]
[RX  <- A] bucket=9179  peer_BL=[]  my_BL=[]
[02:40:08] HOP bucket=9180 L5 active=wlan0 ch7  | prep wlan1 ch8  | BL=[]
[RX  <- A] bucket=9180  peer_BL=[]  my_BL=[]
[TX  ->  *] bucket=9180 L5 active=wlan0 ch7  BL=[]
[02:40:10] HOP bucket=9181 L5 active=wlan1 ch8  | prep wlan0 ch6  | BL=[]
[TX  ->  *] bucket=9181 L5 active=wlan1 ch8  BL=[]
[RX  <- A] bucket=9181  peer_BL=[]  my_BL=[]
[02:40:12] HOP bucket=9182 L5 active=wlan0 ch6  | prep wlan1 ch5  | BL=[]
[RX  <- A] bucket=9182  peer_BL=[]  my_BL=[]
[TX  ->  *] bucket=9182 L5 active=wlan0 ch6  BL=[]
[02:40:14] HOP bucket=9183 L5 active=wlan1 ch5  | prep wlan0 ch4  | BL=[]
[RX  <- A] bucket=9183  peer_BL=[]  my_BL=[]
[TX  ->  *] bucket=9183 L5 active=wlan1 ch5  BL=[]
[02:40:16] HOP bucket=9184 L5 active=wlan0 ch4  | prep wlan1 ch3  | BL=[]
[TX  ->  *] bucket=9184 L5 active=wlan0 ch4  BL=[]
[RX  <- A] bucket=9184  peer_BL=[]  my_BL=[]
[02:40:18] HOP bucket=9185 L5 active=wlan1 ch3  | prep wlan0 ch3  | BL=[]
[TX  ->  *] bucket=9185 L5 active=wlan1 ch3  BL=[]
[RX  <- A] bucket=9185  peer_BL=[]  my_BL=[]
[02:40:20] HOP bucket=9186 L5 active=wlan0 ch3  | prep wlan1 ch4  | BL=[]
[RX  <- A] bucket=9186  peer_BL=[]  my_BL=[]
[TX  ->  *] bucket=9186 L5 active=wlan0 ch3  BL=[]
[02:40:22] HOP bucket=9187 L5 active=wlan1 ch4  | prep wlan0 ch3  | BL=[]
[TX  ->  *] bucket=9187 L5 active=wlan1 ch4  BL=[]
[RX  <- A] bucket=9187  peer_BL=[]  my_BL=[]
[02:40:24] HOP bucket=9188 L5 active=wlan0 ch3  | prep wlan1 ch9  | BL=[]
[RX  <- A] bucket=9188  peer_BL=[]  my_BL=[]
[TX  ->  *] bucket=9188 L5 active=wlan0 ch3  BL=[]
[02:40:26] HOP bucket=9189 L5 active=wlan1 ch9  | prep wlan0 ch5  | BL=[]
[RX  <- A] bucket=9189  peer_BL=[]  my_BL=[]
[TX  ->  *] bucket=9189 L5 active=wlan1 ch9  BL=[]
[02:40:28] HOP bucket=9190 L5 active=wlan0 ch5  | prep wlan1 ch8  | BL=[]
[RX  <- A] bucket=9190  peer_BL=[]  my_BL=[]
[TX  ->  *] bucket=9190 L5 active=wlan0 ch5  BL=[]
[02:40:30] HOP bucket=9191 L5 active=wlan1 ch8  | prep wlan0 ch4  | BL=[]
[RX  <- A] bucket=9191  peer_BL=[]  my_BL=[]
[TX  ->  *] bucket=9191 L5 active=wlan1 ch8  BL=[]
[02:40:32] HOP bucket=9192 L5 active=wlan0 ch4  | prep wlan1 ch7  | BL=[]
[TX  ->  *] bucket=9192 L5 active=wlan0 ch4  BL=[]
[RX  <- A] bucket=9192  peer_BL=[]  my_BL=[]
[02:40:34] HOP bucket=9193 L5 active=wlan1 ch7  | prep wlan0 ch5  | BL=[]
[TX  ->  *] bucket=9193 L5 active=wlan1 ch7  BL=[]
[RX  <- A] bucket=9193  peer_BL=[]  my_BL=[]
[02:40:36] HOP bucket=9194 L5 active=wlan0 ch5  | prep wlan1 ch5  | BL=[]
[RX  <- A] bucket=9194  peer_BL=[]  my_BL=[]
[TX  ->  *] bucket=9194 L5 active=wlan0 ch5  BL=[]
[02:40:38] HOP bucket=9195 L5 active=wlan1 ch5  | prep wlan0 ch8  | BL=[]
[TX  ->  *] bucket=9195 L5 active=wlan1 ch5  BL=[]
[RX  <- A] bucket=9195  peer_BL=[]  my_BL=[]
[02:40:40] HOP bucket=9196 L5 active=wlan0 ch8  | prep wlan1 ch5  | BL=[]
[TX  ->  *] bucket=9196 L5 active=wlan0 ch8  BL=[]
[RX  <- A] bucket=9196  peer_BL=[]  my_BL=[]
[02:40:42] HOP bucket=9197 L5 active=wlan1 ch5  | prep wlan0 ch5  | BL=[]
[TX  ->  *] bucket=9197 L5 active=wlan1 ch5  BL=[]
[RX  <- A] bucket=9197  peer_BL=[]  my_BL=[]
[02:40:44] HOP bucket=9198 L5 active=wlan0 ch5  | prep wlan1 ch10  | BL=[]
[RX  <- A] bucket=9198  peer_BL=[]  my_BL=[]
[TX  ->  *] bucket=9198 L5 active=wlan0 ch5  BL=[]
[02:40:46] HOP bucket=9199 L5 active=wlan1 ch10  | prep wlan0 ch7  | BL=[]
[TX  ->  *] bucket=9199 L5 active=wlan1 ch10  BL=[]
[RX  <- A] bucket=9199  peer_BL=[]  my_BL=[]
[02:40:48] HOP bucket=9200 L5 active=wlan0 ch7  | prep wlan1 ch5  | BL=[]
[TX  ->  *] bucket=9200 L5 active=wlan0 ch7  BL=[]
[RX  <- A] bucket=9200  peer_BL=[]  my_BL=[]
[02:40:50] HOP bucket=9201 L5 active=wlan1 ch5  | prep wlan0 ch3  | BL=[]
[TX  ->  *] bucket=9201 L5 active=wlan1 ch5  BL=[]
[RX  <- A] bucket=9201  peer_BL=[]  my_BL=[]
[02:40:52] HOP bucket=9202 L5 active=wlan0 ch3  | prep wlan1 ch4  | BL=[]
[TX  ->  *] bucket=9202 L5 active=wlan0 ch3  BL=[]
[RX  <- A] bucket=9202  peer_BL=[]  my_BL=[]
[02:40:54] HOP bucket=9203 L5 active=wlan1 ch4  | prep wlan0 ch5  | BL=[]
[TX  ->  *] bucket=9203 L5 active=wlan1 ch4  BL=[]
[RX  <- A] bucket=9203  peer_BL=[]  my_BL=[]
[02:40:56] HOP bucket=9204 L5 active=wlan0 ch5  | prep wlan1 ch8  | BL=[]
[TX  ->  *] bucket=9204 L5 active=wlan0 ch5  BL=[]
[RX  <- A] bucket=9204  peer_BL=[]  my_BL=[]
[02:40:58] HOP bucket=9205 L5 active=wlan1 ch8  | prep wlan0 ch9  | BL=[]
[RX  <- A] bucket=9205  peer_BL=[]  my_BL=[]
[TX  ->  *] bucket=9205 L5 active=wlan1 ch8  BL=[]
[02:41:00] HOP bucket=9206 L5 active=wlan0 ch9  | prep wlan1 ch5  | BL=[]
[TX  ->  *] bucket=9206 L5 active=wlan0 ch9  BL=[]
[RX  <- A] bucket=9206  peer_BL=[]  my_BL=[]
[02:41:02] HOP bucket=9207 L5 active=wlan1 ch5  | prep wlan0 ch4  | BL=[]
[TX  ->  *] bucket=9207 L5 active=wlan1 ch5  BL=[]
[RX  <- A] bucket=9207  peer_BL=[]  my_BL=[]
[02:41:04] HOP bucket=9208 L5 active=wlan0 ch4  | prep wlan1 ch7  | BL=[]
[TX  ->  *] bucket=9208 L5 active=wlan0 ch4  BL=[]
[RX  <- A] bucket=9208  peer_BL=[]  my_BL=[]
[02:41:06] HOP bucket=9209 L5 active=wlan1 ch7  | prep wlan0 ch3  | BL=[]
[RX  <- A] bucket=9209  peer_BL=[]  my_BL=[]
[TX  ->  *] bucket=9209 L5 active=wlan1 ch7  BL=[]
[02:41:08] HOP bucket=9210 L5 active=wlan0 ch3  | prep wlan1 ch7  | BL=[]
[RX  <- A] bucket=9210  peer_BL=[]  my_BL=[]
[TX  ->  *] bucket=9210 L5 active=wlan0 ch3  BL=[]
[02:41:10] HOP bucket=9211 L5 active=wlan1 ch7  | prep wlan0 ch10  | BL=[]
[RX  <- A] bucket=9211  peer_BL=[]  my_BL=[]
[TX  ->  *] bucket=9211 L5 active=wlan1 ch7  BL=[]
[02:41:12] HOP bucket=9212 L5 active=wlan0 ch10  | prep wlan1 ch9  | BL=[]
[TX  ->  *] bucket=9212 L5 active=wlan0 ch10  BL=[]
[RX  <- A] bucket=9212  peer_BL=[]  my_BL=[]
[02:41:14] HOP bucket=9213 L5 active=wlan1 ch9  | prep wlan0 ch8  | BL=[]
[TX  ->  *] bucket=9213 L5 active=wlan1 ch9  BL=[]
[RX  <- A] bucket=9213  peer_BL=[]  my_BL=[]
[02:41:16] HOP bucket=9214 L5 active=wlan0 ch8  | prep wlan1 ch11  | BL=[]
[RX  <- A] bucket=9214  peer_BL=[]  my_BL=[]
[TX  ->  *] bucket=9214 L5 active=wlan0 ch8  BL=[]
[02:41:18] HOP bucket=9215 L5 active=wlan1 ch11  | prep wlan0 ch3  | BL=[]
[TX  ->  *] bucket=9215 L5 active=wlan1 ch11  BL=[]
[RX  <- A] bucket=9215  peer_BL=[]  my_BL=[]
[02:41:20] HOP bucket=9216 L5 active=wlan0 ch3  | prep wlan1 ch7  | BL=[]
[RX  <- A] bucket=9216  peer_BL=[]  my_BL=[]
[TX  ->  *] bucket=9216 L5 active=wlan0 ch3  BL=[]
[02:41:22] HOP bucket=9217 L5 active=wlan1 ch7  | prep wlan0 ch9  | BL=[]
[TX  ->  *] bucket=9217 L5 active=wlan1 ch7  BL=[]
[RX  <- A] bucket=9217  peer_BL=[]  my_BL=[]
[02:41:24] HOP bucket=9218 L5 active=wlan0 ch9  | prep wlan1 ch5  | BL=[]
[TX  ->  *] bucket=9218 L5 active=wlan0 ch9  BL=[]
[RX  <- A] bucket=9218  peer_BL=[]  my_BL=[]
[02:41:26] HOP bucket=9219 L5 active=wlan1 ch5  | prep wlan0 ch10  | BL=[]
[TX  ->  *] bucket=9219 L5 active=wlan1 ch5  BL=[]
[RX  <- A] bucket=9219  peer_BL=[]  my_BL=[]
[02:41:28] HOP bucket=9220 L5 active=wlan0 ch10  | prep wlan1 ch7  | BL=[]
[RX  <- A] bucket=9220  peer_BL=[]  my_BL=[]
[TX  ->  *] bucket=9220 L5 active=wlan0 ch10  BL=[]
[02:41:30] HOP bucket=9221 L5 active=wlan1 ch7  | prep wlan0 ch8  | BL=[]
[RX  <- A] bucket=9221  peer_BL=[]  my_BL=[]
[TX  ->  *] bucket=9221 L5 active=wlan1 ch7  BL=[]
[02:41:32] HOP bucket=9222 L5 active=wlan0 ch8  | prep wlan1 ch4  | BL=[]
[RX  <- A] bucket=9222  peer_BL=[]  my_BL=[]
[TX  ->  *] bucket=9222 L5 active=wlan0 ch8  BL=[]
[02:41:34] HOP bucket=9223 L5 active=wlan1 ch4  | prep wlan0 ch10  | BL=[]
[TX  ->  *] bucket=9223 L5 active=wlan1 ch4  BL=[]
[RX  <- A] bucket=9223  peer_BL=[]  my_BL=[]
[02:41:36] HOP bucket=9224 L5 active=wlan0 ch10  | prep wlan1 ch9  | BL=[]
[TX  ->  *] bucket=9224 L5 active=wlan0 ch10  BL=[]
[RX  <- A] bucket=9224  peer_BL=[]  my_BL=[]
[02:41:38] HOP bucket=9225 L5 active=wlan1 ch9  | prep wlan0 ch7  | BL=[]
[TX  ->  *] bucket=9225 L5 active=wlan1 ch9  BL=[]
[RX  <- A] bucket=9225  peer_BL=[]  my_BL=[]
[02:41:40] HOP bucket=9226 L5 active=wlan0 ch7  | prep wlan1 ch7  | BL=[]
[TX  ->  *] bucket=9226 L5 active=wlan0 ch7  BL=[]
[RX  <- A] bucket=9226  peer_BL=[]  my_BL=[]
[02:41:42] HOP bucket=9227 L5 active=wlan1 ch7  | prep wlan0 ch10  | BL=[]
[TX  ->  *] bucket=9227 L5 active=wlan1 ch7  BL=[]
[RX  <- A] bucket=9227  peer_BL=[]  my_BL=[]
[02:41:44] HOP bucket=9228 L5 active=wlan0 ch10  | prep wlan1 ch4  | BL=[]
[RX  <- A] bucket=9228  peer_BL=[]  my_BL=[]
[TX  ->  *] bucket=9228 L5 active=wlan0 ch10  BL=[]
[02:41:46] HOP bucket=9229 L5 active=wlan1 ch4  | prep wlan0 ch11  | BL=[]
[TX  ->  *] bucket=9229 L5 active=wlan1 ch4  BL=[]
[RX  <- A] bucket=9229  peer_BL=[]  my_BL=[]
[02:41:48] HOP bucket=9230 L5 active=wlan0 ch11  | prep wlan1 ch8  | BL=[]
[TX  ->  *] bucket=9230 L5 active=wlan0 ch11  BL=[]
[RX  <- A] bucket=9230  peer_BL=[]  my_BL=[]
[02:41:50] HOP bucket=9231 L5 active=wlan1 ch8  | prep wlan0 ch6  | BL=[]
[TX  ->  *] bucket=9231 L5 active=wlan1 ch8  BL=[]
[RX  <- A] bucket=9231  peer_BL=[]  my_BL=[]
[02:41:52] HOP bucket=9232 L5 active=wlan0 ch6  | prep wlan1 ch8  | BL=[]
[RX  <- A] bucket=9232  peer_BL=[]  my_BL=[]
[TX  ->  *] bucket=9232 L5 active=wlan0 ch6  BL=[]
[02:41:54] HOP bucket=9233 L5 active=wlan1 ch8  | prep wlan0 ch9  | BL=[]
[RX  <- A] bucket=9233  peer_BL=[]  my_BL=[]
[TX  ->  *] bucket=9233 L5 active=wlan1 ch8  BL=[]
[02:41:56] HOP bucket=9234 L5 active=wlan0 ch9  | prep wlan1 ch11  | BL=[]
[TX  ->  *] bucket=9234 L5 active=wlan0 ch9  BL=[]
[RX  <- A] bucket=9234  peer_BL=[]  my_BL=[]
[02:41:58] HOP bucket=9235 L5 active=wlan1 ch11  | prep wlan0 ch7  | BL=[]
[RX  <- A] bucket=9235  peer_BL=[]  my_BL=[]
[TX  ->  *] bucket=9235 L5 active=wlan1 ch11  BL=[]
[02:42:00] HOP bucket=9236 L5 active=wlan0 ch7  | prep wlan1 ch11  | BL=[]
[RX  <- A] bucket=9236  peer_BL=[]  my_BL=[]
[TX  ->  *] bucket=9236 L5 active=wlan0 ch7  BL=[]
[02:42:02] HOP bucket=9237 L5 active=wlan1 ch11  | prep wlan0 ch5  | BL=[]
[RX  <- A] bucket=9237  peer_BL=[]  my_BL=[]
[TX  ->  *] bucket=9237 L5 active=wlan1 ch11  BL=[]
[02:42:04] HOP bucket=9238 L5 active=wlan0 ch5  | prep wlan1 ch5  | BL=[]
[RX  <- A] bucket=9238  peer_BL=[]  my_BL=[]
[TX  ->  *] bucket=9238 L5 active=wlan0 ch5  BL=[]
[02:42:06] HOP bucket=9239 L5 active=wlan1 ch5  | prep wlan0 ch6  | BL=[]
[TX  ->  *] bucket=9239 L5 active=wlan1 ch5  BL=[]
[RX  <- A] bucket=9239  peer_BL=[]  my_BL=[]
[02:42:08] HOP bucket=9240 L5 active=wlan0 ch6  | prep wlan1 ch6  | BL=[]
[TX  ->  *] bucket=9240 L5 active=wlan0 ch6  BL=[]
[RX  <- A] bucket=9240  peer_BL=[]  my_BL=[]
[02:42:10] HOP bucket=9241 L5 active=wlan1 ch6  | prep wlan0 ch4  | BL=[]
[TX  ->  *] bucket=9241 L5 active=wlan1 ch6  BL=[]
[RX  <- A] bucket=9241  peer_BL=[]  my_BL=[]
[02:42:12] HOP bucket=9242 L5 active=wlan0 ch4  | prep wlan1 ch4  | BL=[]
[TX  ->  *] bucket=9242 L5 active=wlan0 ch4  BL=[]
[RX  <- A] bucket=9242  peer_BL=[]  my_BL=[]
[02:42:14] HOP bucket=9243 L5 active=wlan1 ch4  | prep wlan0 ch9  | BL=[]
[RX  <- A] bucket=9243  peer_BL=[]  my_BL=[]
[TX  ->  *] bucket=9243 L5 active=wlan1 ch4  BL=[]
[02:42:16] HOP bucket=9244 L5 active=wlan0 ch9  | prep wlan1 ch7  | BL=[]
[TX  ->  *] bucket=9244 L5 active=wlan0 ch9  BL=[]
[RX  <- A] bucket=9244  peer_BL=[]  my_BL=[]
[02:42:18] HOP bucket=9245 L5 active=wlan1 ch7  | prep wlan0 ch5  | BL=[]
[RX  <- A] bucket=9245  peer_BL=[]  my_BL=[]
[TX  ->  *] bucket=9245 L5 active=wlan1 ch7  BL=[]
[02:42:20] HOP bucket=9246 L5 active=wlan0 ch5  | prep wlan1 ch9  | BL=[]
[RX  <- A] bucket=9246  peer_BL=[]  my_BL=[]
[TX  ->  *] bucket=9246 L5 active=wlan0 ch5  BL=[]
[02:42:22] HOP bucket=9247 L5 active=wlan1 ch9  | prep wlan0 ch9  | BL=[]
[TX  ->  *] bucket=9247 L5 active=wlan1 ch9  BL=[]
[RX  <- A] bucket=9247  peer_BL=[]  my_BL=[]
[02:42:24] HOP bucket=9248 L5 active=wlan0 ch9  | prep wlan1 ch6  | BL=[]
[TX  ->  *] bucket=9248 L5 active=wlan0 ch9  BL=[]
[RX  <- A] bucket=9248  peer_BL=[]  my_BL=[]
[02:42:26] HOP bucket=9249 L5 active=wlan1 ch6  | prep wlan0 ch5  | BL=[]
[RX  <- A] bucket=9249  peer_BL=[]  my_BL=[]
[TX  ->  *] bucket=9249 L5 active=wlan1 ch6  BL=[]
[02:42:28] HOP bucket=9250 L5 active=wlan0 ch5  | prep wlan1 ch9  | BL=[]
[RX  <- A] bucket=9250  peer_BL=[]  my_BL=[]
[TX  ->  *] bucket=9250 L5 active=wlan0 ch5  BL=[]
[02:42:30] HOP bucket=9251 L5 active=wlan1 ch9  | prep wlan0 ch7  | BL=[]
[TX  ->  *] bucket=9251 L5 active=wlan1 ch9  BL=[]
[RX  <- A] bucket=9251  peer_BL=[]  my_BL=[]
[02:42:32] HOP bucket=9252 L5 active=wlan0 ch7  | prep wlan1 ch9  | BL=[]
[RX  <- A] bucket=9252  peer_BL=[]  my_BL=[]
[TX  ->  *] bucket=9252 L5 active=wlan0 ch7  BL=[]
[02:42:34] HOP bucket=9253 L5 active=wlan1 ch9  | prep wlan0 ch4  | BL=[]
[RX  <- A] bucket=9253  peer_BL=[]  my_BL=[]
[TX  ->  *] bucket=9253 L5 active=wlan1 ch9  BL=[]
[02:42:36] HOP bucket=9254 L5 active=wlan0 ch4  | prep wlan1 ch8  | BL=[]
[TX  ->  *] bucket=9254 L5 active=wlan0 ch4  BL=[]
[RX  <- A] bucket=9254  peer_BL=[]  my_BL=[]
[02:42:38] HOP bucket=9255 L5 active=wlan1 ch8  | prep wlan0 ch10  | BL=[]
[TX  ->  *] bucket=9255 L5 active=wlan1 ch8  BL=[]
[RX  <- A] bucket=9255  peer_BL=[]  my_BL=[]
[02:42:40] HOP bucket=9256 L5 active=wlan0 ch10  | prep wlan1 ch7  | BL=[]
[RX  <- A] bucket=9256  peer_BL=[]  my_BL=[]
[TX  ->  *] bucket=9256 L5 active=wlan0 ch10  BL=[]
[02:42:42] HOP bucket=9257 L5 active=wlan1 ch7  | prep wlan0 ch6  | BL=[]
[RX  <- A] bucket=9257  peer_BL=[]  my_BL=[]
[TX  ->  *] bucket=9257 L5 active=wlan1 ch7  BL=[]
[02:42:44] HOP bucket=9258 L5 active=wlan0 ch6  | prep wlan1 ch10  | BL=[]
[RX  <- A] bucket=9258  peer_BL=[]  my_BL=[]
[TX  ->  *] bucket=9258 L5 active=wlan0 ch6  BL=[]
[02:42:46] HOP bucket=9259 L5 active=wlan1 ch10  | prep wlan0 ch4  | BL=[]
[RX  <- A] bucket=9259  peer_BL=[]  my_BL=[]
[TX  ->  *] bucket=9259 L5 active=wlan1 ch10  BL=[]
[02:42:48] HOP bucket=9260 L5 active=wlan0 ch4  | prep wlan1 ch8  | BL=[]
[RX  <- A] bucket=9260  peer_BL=[]  my_BL=[]
[TX  ->  *] bucket=9260 L5 active=wlan0 ch4  BL=[]
[02:42:50] HOP bucket=9261 L5 active=wlan1 ch8  | prep wlan0 ch3  | BL=[]
[RX  <- A] bucket=9261  peer_BL=[]  my_BL=[]
[TX  ->  *] bucket=9261 L5 active=wlan1 ch8  BL=[]
[02:42:52] HOP bucket=9262 L5 active=wlan0 ch3  | prep wlan1 ch3  | BL=[]
[RX  <- A] bucket=9262  peer_BL=[]  my_BL=[]
[TX  ->  *] bucket=9262 L5 active=wlan0 ch3  BL=[]
[02:42:54] HOP bucket=9263 L5 active=wlan1 ch3  | prep wlan0 ch7  | BL=[]
[RX  <- A] bucket=9263  peer_BL=[]  my_BL=[]
[TX  ->  *] bucket=9263 L5 active=wlan1 ch3  BL=[]
[02:42:56] HOP bucket=9264 L5 active=wlan0 ch7  | prep wlan1 ch8  | BL=[]
[RX  <- A] bucket=9264  peer_BL=[]  my_BL=[]
[TX  ->  *] bucket=9264 L5 active=wlan0 ch7  BL=[]
[02:42:58] HOP bucket=9265 L5 active=wlan1 ch8  | prep wlan0 ch6  | BL=[]
[RX  <- A] bucket=9265  peer_BL=[]  my_BL=[]
[TX  ->  *] bucket=9265 L5 active=wlan1 ch8  BL=[]
[02:43:00] HOP bucket=9266 L5 active=wlan0 ch6  | prep wlan1 ch8  | BL=[]
[TX  ->  *] bucket=9266 L5 active=wlan0 ch6  BL=[]
[RX  <- A] bucket=9266  peer_BL=[]  my_BL=[]
[02:43:02] HOP bucket=9267 L5 active=wlan1 ch8  | prep wlan0 ch8  | BL=[]
[RX  <- A] bucket=9267  peer_BL=[]  my_BL=[]
[TX  ->  *] bucket=9267 L5 active=wlan1 ch8  BL=[]
[02:43:04] HOP bucket=9268 L5 active=wlan0 ch8  | prep wlan1 ch4  | BL=[]
[TX  ->  *] bucket=9268 L5 active=wlan0 ch8  BL=[]
[RX  <- A] bucket=9268  peer_BL=[]  my_BL=[]
[02:43:06] HOP bucket=9269 L5 active=wlan1 ch4  | prep wlan0 ch7  | BL=[]
[TX  ->  *] bucket=9269 L5 active=wlan1 ch4  BL=[]
[RX  <- A] bucket=9269  peer_BL=[]  my_BL=[]
[02:43:08] HOP bucket=9270 L5 active=wlan0 ch7  | prep wlan1 ch9  | BL=[]
[TX  ->  *] bucket=9270 L5 active=wlan0 ch7  BL=[]
[RX  <- A] bucket=9270  peer_BL=[]  my_BL=[]
[02:43:10] HOP bucket=9271 L5 active=wlan1 ch9  | prep wlan0 ch3  | BL=[]
[TX  ->  *] bucket=9271 L5 active=wlan1 ch9  BL=[]
[RX  <- A] bucket=9271  peer_BL=[]  my_BL=[]
[02:43:12] HOP bucket=9272 L5 active=wlan0 ch3  | prep wlan1 ch9  | BL=[]
[RX  <- A] bucket=9272  peer_BL=[]  my_BL=[]
[TX  ->  *] bucket=9272 L5 active=wlan0 ch3  BL=[]
[02:43:14] HOP bucket=9273 L5 active=wlan1 ch9  | prep wlan0 ch4  | BL=[]
[TX  ->  *] bucket=9273 L5 active=wlan1 ch9  BL=[]
[RX  <- A] bucket=9273  peer_BL=[]  my_BL=[]
[02:43:16] HOP bucket=9274 L5 active=wlan0 ch4  | prep wlan1 ch6  | BL=[]
[TX  ->  *] bucket=9274 L5 active=wlan0 ch4  BL=[]
[RX  <- A] bucket=9274  peer_BL=[]  my_BL=[]
[02:43:18] HOP bucket=9275 L5 active=wlan1 ch6  | prep wlan0 ch10  | BL=[]
[RX  <- A] bucket=9275  peer_BL=[]  my_BL=[]
[TX  ->  *] bucket=9275 L5 active=wlan1 ch6  BL=[]
[02:43:20] HOP bucket=9276 L5 active=wlan0 ch10  | prep wlan1 ch10  | BL=[]
[RX  <- A] bucket=9276  peer_BL=[]  my_BL=[]
[TX  ->  *] bucket=9276 L5 active=wlan0 ch10  BL=[]
[02:43:22] HOP bucket=9277 L5 active=wlan1 ch10  | prep wlan0 ch10  | BL=[]
[RX  <- A] bucket=9277  peer_BL=[]  my_BL=[]
[TX  ->  *] bucket=9277 L5 active=wlan1 ch10  BL=[]
[02:43:24] HOP bucket=9278 L5 active=wlan0 ch10  | prep wlan1 ch5  | BL=[]
[TX  ->  *] bucket=9278 L5 active=wlan0 ch10  BL=[]
[RX  <- A] bucket=9278  peer_BL=[]  my_BL=[]
[02:43:26] HOP bucket=9279 L5 active=wlan1 ch5  | prep wlan0 ch11  | BL=[]
[TX  ->  *] bucket=9279 L5 active=wlan1 ch5  BL=[]
[RX  <- A] bucket=9279  peer_BL=[]  my_BL=[]
[02:43:28] HOP bucket=9280 L5 active=wlan0 ch11  | prep wlan1 ch7  | BL=[]
[RX  <- A] bucket=9280  peer_BL=[]  my_BL=[]
[TX  ->  *] bucket=9280 L5 active=wlan0 ch11  BL=[]
[02:43:30] HOP bucket=9281 L5 active=wlan1 ch7  | prep wlan0 ch11  | BL=[]
[TX  ->  *] bucket=9281 L5 active=wlan1 ch7  BL=[]
[RX  <- A] bucket=9281  peer_BL=[]  my_BL=[]
[02:43:32] HOP bucket=9282 L5 active=wlan0 ch11  | prep wlan1 ch10  | BL=[]
[TX  ->  *] bucket=9282 L5 active=wlan0 ch11  BL=[]
[RX  <- A] bucket=9282  peer_BL=[]  my_BL=[]
[02:43:34] HOP bucket=9283 L5 active=wlan1 ch10  | prep wlan0 ch6  | BL=[]
[TX  ->  *] bucket=9283 L5 active=wlan1 ch10  BL=[]
[RX  <- A] bucket=9283  peer_BL=[]  my_BL=[]
[02:43:36] HOP bucket=9284 L5 active=wlan0 ch6  | prep wlan1 ch7  | BL=[]
[RX  <- A] bucket=9284  peer_BL=[]  my_BL=[]
[TX  ->  *] bucket=9284 L5 active=wlan0 ch6  BL=[]
[02:43:38] HOP bucket=9285 L5 active=wlan1 ch7  | prep wlan0 ch11  | BL=[]
[RX  <- A] bucket=9285  peer_BL=[]  my_BL=[]
[TX  ->  *] bucket=9285 L5 active=wlan1 ch7  BL=[]
[02:43:40] HOP bucket=9286 L5 active=wlan0 ch11  | prep wlan1 ch6  | BL=[]
[RX  <- A] bucket=9286  peer_BL=[]  my_BL=[]
[TX  ->  *] bucket=9286 L5 active=wlan0 ch11  BL=[]
[02:43:42] HOP bucket=9287 L5 active=wlan1 ch6  | prep wlan0 ch11  | BL=[]
[TX  ->  *] bucket=9287 L5 active=wlan1 ch6  BL=[]
[RX  <- A] bucket=9287  peer_BL=[]  my_BL=[]
[02:43:44] HOP bucket=9288 L5 active=wlan0 ch11  | prep wlan1 ch6  | BL=[]
[TX  ->  *] bucket=9288 L5 active=wlan0 ch11  BL=[]
[RX  <- A] bucket=9288  peer_BL=[]  my_BL=[]
[02:43:46] HOP bucket=9289 L5 active=wlan1 ch6  | prep wlan0 ch3  | BL=[]
[TX  ->  *] bucket=9289 L5 active=wlan1 ch6  BL=[]
[RX  <- A] bucket=9289  peer_BL=[]  my_BL=[]
[02:43:48] HOP bucket=9290 L5 active=wlan0 ch3  | prep wlan1 ch6  | BL=[]
[RX  <- A] bucket=9290  peer_BL=[]  my_BL=[]
[TX  ->  *] bucket=9290 L5 active=wlan0 ch3  BL=[]
[02:43:50] HOP bucket=9291 L5 active=wlan1 ch6  | prep wlan0 ch9  | BL=[]
[TX  ->  *] bucket=9291 L5 active=wlan1 ch6  BL=[]
[RX  <- A] bucket=9291  peer_BL=[]  my_BL=[]
[02:43:52] HOP bucket=9292 L5 active=wlan0 ch9  | prep wlan1 ch8  | BL=[]
[TX  ->  *] bucket=9292 L5 active=wlan0 ch9  BL=[]
[RX  <- A] bucket=9292  peer_BL=[]  my_BL=[]
[02:43:54] HOP bucket=9293 L5 active=wlan1 ch8  | prep wlan0 ch11  | BL=[]
[TX  ->  *] bucket=9293 L5 active=wlan1 ch8  BL=[]
[RX  <- A] bucket=9293  peer_BL=[]  my_BL=[]
[02:43:56] HOP bucket=9294 L5 active=wlan0 ch11  | prep wlan1 ch4  | BL=[]
[TX  ->  *] bucket=9294 L5 active=wlan0 ch11  BL=[]
[RX  <- A] bucket=9294  peer_BL=[]  my_BL=[]
[02:43:58] HOP bucket=9295 L5 active=wlan1 ch4  | prep wlan0 ch5  | BL=[]
[TX  ->  *] bucket=9295 L5 active=wlan1 ch4  BL=[]
[RX  <- A] bucket=9295  peer_BL=[]  my_BL=[]
[02:44:00] HOP bucket=9296 L5 active=wlan0 ch5  | prep wlan1 ch6  | BL=[]
[TX  ->  *] bucket=9296 L5 active=wlan0 ch5  BL=[]
[RX  <- A] bucket=9296  peer_BL=[]  my_BL=[]
[02:44:02] HOP bucket=9297 L5 active=wlan1 ch6  | prep wlan0 ch11  | BL=[]
[TX  ->  *] bucket=9297 L5 active=wlan1 ch6  BL=[]
[RX  <- A] bucket=9297  peer_BL=[]  my_BL=[]
[02:44:04] HOP bucket=9298 L5 active=wlan0 ch11  | prep wlan1 ch4  | BL=[]
[RX  <- A] bucket=9298  peer_BL=[]  my_BL=[]
[TX  ->  *] bucket=9298 L5 active=wlan0 ch11  BL=[]
[02:44:06] HOP bucket=9299 L5 active=wlan1 ch4  | prep wlan0 ch9  | BL=[]
[TX  ->  *] bucket=9299 L5 active=wlan1 ch4  BL=[]
[RX  <- A] bucket=9299  peer_BL=[]  my_BL=[]
[02:44:08] HOP bucket=9300 L5 active=wlan0 ch9  | prep wlan1 ch6  | BL=[]
[TX  ->  *] bucket=9300 L5 active=wlan0 ch9  BL=[]
[RX  <- A] bucket=9300  peer_BL=[]  my_BL=[]
[02:44:10] HOP bucket=9301 L5 active=wlan1 ch6  | prep wlan0 ch5  | BL=[]
[TX  ->  *] bucket=9301 L5 active=wlan1 ch6  BL=[]
[RX  <- A] bucket=9301  peer_BL=[]  my_BL=[]
[02:44:12] HOP bucket=9302 L5 active=wlan0 ch5  | prep wlan1 ch10  | BL=[]
[TX  ->  *] bucket=9302 L5 active=wlan0 ch5  BL=[]
[RX  <- A] bucket=9302  peer_BL=[]  my_BL=[]
[02:44:14] HOP bucket=9303 L5 active=wlan1 ch10  | prep wlan0 ch4  | BL=[]
[TX  ->  *] bucket=9303 L5 active=wlan1 ch10  BL=[]
[RX  <- A] bucket=9303  peer_BL=[]  my_BL=[]
[02:44:16] HOP bucket=9304 L5 active=wlan0 ch4  | prep wlan1 ch6  | BL=[]
[RX  <- A] bucket=9304  peer_BL=[]  my_BL=[]
[TX  ->  *] bucket=9304 L5 active=wlan0 ch4  BL=[]
[02:44:18] HOP bucket=9305 L5 active=wlan1 ch6  | prep wlan0 ch10  | BL=[]
[RX  <- A] bucket=9305  peer_BL=[]  my_BL=[]
[TX  ->  *] bucket=9305 L5 active=wlan1 ch6  BL=[]
[02:44:20] HOP bucket=9306 L5 active=wlan0 ch10  | prep wlan1 ch4  | BL=[]
[RX  <- A] bucket=9306  peer_BL=[]  my_BL=[]
[TX  ->  *] bucket=9306 L5 active=wlan0 ch10  BL=[]
[02:44:22] HOP bucket=9307 L5 active=wlan1 ch4  | prep wlan0 ch3  | BL=[]
[RX  <- A] bucket=9307  peer_BL=[]  my_BL=[]
[TX  ->  *] bucket=9307 L5 active=wlan1 ch4  BL=[]
[02:44:24] HOP bucket=9308 L5 active=wlan0 ch3  | prep wlan1 ch5  | BL=[]
[RX  <- A] bucket=9308  peer_BL=[]  my_BL=[]
[TX  ->  *] bucket=9308 L5 active=wlan0 ch3  BL=[]
[02:44:26] HOP bucket=9309 L5 active=wlan1 ch5  | prep wlan0 ch5  | BL=[]
[RX  <- A] bucket=9309  peer_BL=[]  my_BL=[]
[TX  ->  *] bucket=9309 L5 active=wlan1 ch5  BL=[]
[02:44:28] HOP bucket=9310 L5 active=wlan0 ch5  | prep wlan1 ch7  | BL=[]
[TX  ->  *] bucket=9310 L5 active=wlan0 ch5  BL=[]
[RX  <- A] bucket=9310  peer_BL=[]  my_BL=[]
[02:44:30] HOP bucket=9311 L5 active=wlan1 ch7  | prep wlan0 ch7  | BL=[]
[TX  ->  *] bucket=9311 L5 active=wlan1 ch7  BL=[]
[RX  <- A] bucket=9311  peer_BL=[]  my_BL=[]
[02:44:32] HOP bucket=9312 L5 active=wlan0 ch7  | prep wlan1 ch9  | BL=[]
[RX  <- A] bucket=9312  peer_BL=[]  my_BL=[]
[TX  ->  *] bucket=9312 L5 active=wlan0 ch7  BL=[]
[02:44:34] HOP bucket=9313 L5 active=wlan1 ch9  | prep wlan0 ch8  | BL=[]
[TX  ->  *] bucket=9313 L5 active=wlan1 ch9  BL=[]
[RX  <- A] bucket=9313  peer_BL=[]  my_BL=[]
[02:44:36] HOP bucket=9314 L5 active=wlan0 ch8  | prep wlan1 ch8  | BL=[]
[TX  ->  *] bucket=9314 L5 active=wlan0 ch8  BL=[]
[RX  <- A] bucket=9314  peer_BL=[]  my_BL=[]
[02:44:38] HOP bucket=9315 L5 active=wlan1 ch8  | prep wlan0 ch3  | BL=[]
[RX  <- A] bucket=9315  peer_BL=[]  my_BL=[]
[TX  ->  *] bucket=9315 L5 active=wlan1 ch8  BL=[]
[02:44:40] HOP bucket=9316 L5 active=wlan0 ch3  | prep wlan1 ch10  | BL=[]
[RX  <- A] bucket=9316  peer_BL=[]  my_BL=[]
[TX  ->  *] bucket=9316 L5 active=wlan0 ch3  BL=[]
[02:44:42] HOP bucket=9317 L5 active=wlan1 ch10  | prep wlan0 ch5  | BL=[]
[TX  ->  *] bucket=9317 L5 active=wlan1 ch10  BL=[]
[RX  <- A] bucket=9317  peer_BL=[]  my_BL=[]
[02:44:44] HOP bucket=9318 L5 active=wlan0 ch5  | prep wlan1 ch7  | BL=[]
[RX  <- A] bucket=9318  peer_BL=[]  my_BL=[]
[TX  ->  *] bucket=9318 L5 active=wlan0 ch5  BL=[]
[02:44:46] HOP bucket=9319 L5 active=wlan1 ch7  | prep wlan0 ch8  | BL=[]
[RX  <- A] bucket=9319  peer_BL=[]  my_BL=[]
[TX  ->  *] bucket=9319 L5 active=wlan1 ch7  BL=[]
[02:44:48] HOP bucket=9320 L5 active=wlan0 ch8  | prep wlan1 ch11  | BL=[]
[TX  ->  *] bucket=9320 L5 active=wlan0 ch8  BL=[]
[RX  <- A] bucket=9320  peer_BL=[]  my_BL=[]
[02:44:50] HOP bucket=9321 L5 active=wlan1 ch11  | prep wlan0 ch5  | BL=[]
[TX  ->  *] bucket=9321 L5 active=wlan1 ch11  BL=[]
[RX  <- A] bucket=9321  peer_BL=[]  my_BL=[]
[02:44:52] HOP bucket=9322 L5 active=wlan0 ch5  | prep wlan1 ch8  | BL=[]
[RX  <- A] bucket=9322  peer_BL=[]  my_BL=[]
[TX  ->  *] bucket=9322 L5 active=wlan0 ch5  BL=[]
[02:44:54] HOP bucket=9323 L5 active=wlan1 ch8  | prep wlan0 ch5  | BL=[]
[TX  ->  *] bucket=9323 L5 active=wlan1 ch8  BL=[]
[RX  <- A] bucket=9323  peer_BL=[]  my_BL=[]
[02:44:56] HOP bucket=9324 L5 active=wlan0 ch5  | prep wlan1 ch9  | BL=[]
[TX  ->  *] bucket=9324 L5 active=wlan0 ch5  BL=[]
[RX  <- A] bucket=9324  peer_BL=[]  my_BL=[]
[02:44:58] HOP bucket=9325 L5 active=wlan1 ch9  | prep wlan0 ch8  | BL=[]
[RX  <- A] bucket=9325  peer_BL=[]  my_BL=[]
[TX  ->  *] bucket=9325 L5 active=wlan1 ch9  BL=[]
[02:45:00] HOP bucket=9326 L5 active=wlan0 ch8  | prep wlan1 ch10  | BL=[]
[RX  <- A] bucket=9326  peer_BL=[]  my_BL=[]
[TX  ->  *] bucket=9326 L5 active=wlan0 ch8  BL=[]
[02:45:02] HOP bucket=9327 L5 active=wlan1 ch10  | prep wlan0 ch9  | BL=[]
[RX  <- A] bucket=9327  peer_BL=[]  my_BL=[]
[TX  ->  *] bucket=9327 L5 active=wlan1 ch10  BL=[]
[02:45:04] HOP bucket=9328 L5 active=wlan0 ch9  | prep wlan1 ch5  | BL=[]
[TX  ->  *] bucket=9328 L5 active=wlan0 ch9  BL=[]
[RX  <- A] bucket=9328  peer_BL=[]  my_BL=[]
[02:45:06] HOP bucket=9329 L5 active=wlan1 ch5  | prep wlan0 ch6  | BL=[]
[TX  ->  *] bucket=9329 L5 active=wlan1 ch5  BL=[]
[RX  <- A] bucket=9329  peer_BL=[]  my_BL=[]
[02:45:08] HOP bucket=9330 L5 active=wlan0 ch6  | prep wlan1 ch8  | BL=[]
[RX  <- A] bucket=9330  peer_BL=[]  my_BL=[]
[TX  ->  *] bucket=9330 L5 active=wlan0 ch6  BL=[]
[02:45:10] HOP bucket=9331 L5 active=wlan1 ch8  | prep wlan0 ch10  | BL=[]
[RX  <- A] bucket=9331  peer_BL=[]  my_BL=[]
[TX  ->  *] bucket=9331 L5 active=wlan1 ch8  BL=[]
[02:45:12] HOP bucket=9332 L5 active=wlan0 ch10  | prep wlan1 ch3  | BL=[]
[RX  <- A] bucket=9332  peer_BL=[]  my_BL=[]
[TX  ->  *] bucket=9332 L5 active=wlan0 ch10  BL=[]
[02:45:14] HOP bucket=9333 L5 active=wlan1 ch3  | prep wlan0 ch10  | BL=[]
[TX  ->  *] bucket=9333 L5 active=wlan1 ch3  BL=[]
[RX  <- A] bucket=9333  peer_BL=[]  my_BL=[]
[02:45:16] HOP bucket=9334 L5 active=wlan0 ch10  | prep wlan1 ch3  | BL=[]
[RX  <- A] bucket=9334  peer_BL=[]  my_BL=[]
[TX  ->  *] bucket=9334 L5 active=wlan0 ch10  BL=[]
[02:45:18] HOP bucket=9335 L5 active=wlan1 ch3  | prep wlan0 ch10  | BL=[]
[RX  <- A] bucket=9335  peer_BL=[]  my_BL=[]
[TX  ->  *] bucket=9335 L5 active=wlan1 ch3  BL=[]
[02:45:20] HOP bucket=9336 L5 active=wlan0 ch10  | prep wlan1 ch9  | BL=[]
[RX  <- A] bucket=9336  peer_BL=[]  my_BL=[]
[TX  ->  *] bucket=9336 L5 active=wlan0 ch10  BL=[]
[02:45:22] HOP bucket=9337 L5 active=wlan1 ch9  | prep wlan0 ch7  | BL=[]
[RX  <- A] bucket=9337  peer_BL=[]  my_BL=[]
[TX  ->  *] bucket=9337 L5 active=wlan1 ch9  BL=[]
[02:45:24] HOP bucket=9338 L5 active=wlan0 ch7  | prep wlan1 ch8  | BL=[]
[RX  <- A] bucket=9338  peer_BL=[]  my_BL=[]
[TX  ->  *] bucket=9338 L5 active=wlan0 ch7  BL=[]
[02:45:26] HOP bucket=9339 L5 active=wlan1 ch8  | prep wlan0 ch8  | BL=[]
[TX  ->  *] bucket=9339 L5 active=wlan1 ch8  BL=[]
[RX  <- A] bucket=9339  peer_BL=[]  my_BL=[]
[02:45:28] HOP bucket=9340 L5 active=wlan0 ch8  | prep wlan1 ch11  | BL=[]
[TX  ->  *] bucket=9340 L5 active=wlan0 ch8  BL=[]
[RX  <- A] bucket=9340  peer_BL=[]  my_BL=[]
[02:45:30] HOP bucket=9341 L5 active=wlan1 ch11  | prep wlan0 ch8  | BL=[]
[RX  <- A] bucket=9341  peer_BL=[]  my_BL=[]
[TX  ->  *] bucket=9341 L5 active=wlan1 ch11  BL=[]
[02:45:32] HOP bucket=9342 L5 active=wlan0 ch8  | prep wlan1 ch7  | BL=[]
[RX  <- A] bucket=9342  peer_BL=[]  my_BL=[]
[TX  ->  *] bucket=9342 L5 active=wlan0 ch8  BL=[]
[02:45:34] HOP bucket=9343 L5 active=wlan1 ch7  | prep wlan0 ch3  | BL=[]
[RX  <- A] bucket=9343  peer_BL=[]  my_BL=[]
[TX  ->  *] bucket=9343 L5 active=wlan1 ch7  BL=[]
[02:45:36] HOP bucket=9344 L5 active=wlan0 ch3  | prep wlan1 ch6  | BL=[]
[TX  ->  *] bucket=9344 L5 active=wlan0 ch3  BL=[]
[RX  <- A] bucket=9344  peer_BL=[]  my_BL=[]
[02:45:38] HOP bucket=9345 L5 active=wlan1 ch6  | prep wlan0 ch4  | BL=[]
[RX  <- A] bucket=9345  peer_BL=[]  my_BL=[]
[TX  ->  *] bucket=9345 L5 active=wlan1 ch6  BL=[]
[02:45:40] HOP bucket=9346 L5 active=wlan0 ch4  | prep wlan1 ch11  | BL=[]
[RX  <- A] bucket=9346  peer_BL=[]  my_BL=[]
[TX  ->  *] bucket=9346 L5 active=wlan0 ch4  BL=[]
[02:45:42] HOP bucket=9347 L5 active=wlan1 ch11  | prep wlan0 ch4  | BL=[]
[RX  <- A] bucket=9347  peer_BL=[]  my_BL=[]
[TX  ->  *] bucket=9347 L5 active=wlan1 ch11  BL=[]
[02:45:44] HOP bucket=9348 L5 active=wlan0 ch4  | prep wlan1 ch9  | BL=[]
[RX  <- A] bucket=9348  peer_BL=[]  my_BL=[]
[TX  ->  *] bucket=9348 L5 active=wlan0 ch4  BL=[]
[02:45:46] HOP bucket=9349 L5 active=wlan1 ch9  | prep wlan0 ch7  | BL=[]
[RX  <- A] bucket=9349  peer_BL=[]  my_BL=[]
[TX  ->  *] bucket=9349 L5 active=wlan1 ch9  BL=[]
[02:45:48] HOP bucket=9350 L5 active=wlan0 ch7  | prep wlan1 ch9  | BL=[]
[TX  ->  *] bucket=9350 L5 active=wlan0 ch7  BL=[]
[RX  <- A] bucket=9350  peer_BL=[]  my_BL=[]
[02:45:50] HOP bucket=9351 L5 active=wlan1 ch9  | prep wlan0 ch6  | BL=[]
[RX  <- A] bucket=9351  peer_BL=[]  my_BL=[]
[TX  ->  *] bucket=9351 L5 active=wlan1 ch9  BL=[]
[02:45:52] HOP bucket=9352 L5 active=wlan0 ch6  | prep wlan1 ch4  | BL=[]
[RX  <- A] bucket=9352  peer_BL=[]  my_BL=[]
[TX  ->  *] bucket=9352 L5 active=wlan0 ch6  BL=[]
[02:45:54] HOP bucket=9353 L5 active=wlan1 ch4  | prep wlan0 ch8  | BL=[]
[TX  ->  *] bucket=9353 L5 active=wlan1 ch4  BL=[]
[RX  <- A] bucket=9353  peer_BL=[]  my_BL=[]
[02:45:56] HOP bucket=9354 L5 active=wlan0 ch8  | prep wlan1 ch6  | BL=[]
[TX  ->  *] bucket=9354 L5 active=wlan0 ch8  BL=[]
[RX  <- A] bucket=9354  peer_BL=[]  my_BL=[]
[02:45:58] HOP bucket=9355 L5 active=wlan1 ch6  | prep wlan0 ch3  | BL=[]
[TX  ->  *] bucket=9355 L5 active=wlan1 ch6  BL=[]
[RX  <- A] bucket=9355  peer_BL=[]  my_BL=[]
[02:46:00] HOP bucket=9356 L5 active=wlan0 ch3  | prep wlan1 ch3  | BL=[]
[TX  ->  *] bucket=9356 L5 active=wlan0 ch3  BL=[]
[RX  <- A] bucket=9356  peer_BL=[]  my_BL=[]
[02:46:02] HOP bucket=9357 L5 active=wlan1 ch3  | prep wlan0 ch9  | BL=[]
[TX  ->  *] bucket=9357 L5 active=wlan1 ch3  BL=[]
[RX  <- A] bucket=9357  peer_BL=[]  my_BL=[]
[02:46:04] HOP bucket=9358 L5 active=wlan0 ch9  | prep wlan1 ch10  | BL=[]
[TX  ->  *] bucket=9358 L5 active=wlan0 ch9  BL=[]
[RX  <- A] bucket=9358  peer_BL=[]  my_BL=[]
[02:46:06] HOP bucket=9359 L5 active=wlan1 ch10  | prep wlan0 ch6  | BL=[]
[RX  <- A] bucket=9359  peer_BL=[]  my_BL=[]
[TX  ->  *] bucket=9359 L5 active=wlan1 ch10  BL=[]
[02:46:08] HOP bucket=9360 L5 active=wlan0 ch6  | prep wlan1 ch9  | BL=[]
[RX  <- A] bucket=9360  peer_BL=[]  my_BL=[]
[TX  ->  *] bucket=9360 L5 active=wlan0 ch6  BL=[]
[02:46:10] HOP bucket=9361 L5 active=wlan1 ch9  | prep wlan0 ch9  | BL=[]
[RX  <- A] bucket=9361  peer_BL=[]  my_BL=[]
[TX  ->  *] bucket=9361 L5 active=wlan1 ch9  BL=[]
[02:46:12] HOP bucket=9362 L5 active=wlan0 ch9  | prep wlan1 ch3  | BL=[]
[TX  ->  *] bucket=9362 L5 active=wlan0 ch9  BL=[]
[RX  <- A] bucket=9362  peer_BL=[]  my_BL=[]
[02:46:14] HOP bucket=9363 L5 active=wlan1 ch3  | prep wlan0 ch10  | BL=[]
[TX  ->  *] bucket=9363 L5 active=wlan1 ch3  BL=[]
[RX  <- A] bucket=9363  peer_BL=[]  my_BL=[]
[02:46:16] HOP bucket=9364 L5 active=wlan0 ch10  | prep wlan1 ch7  | BL=[]
[TX  ->  *] bucket=9364 L5 active=wlan0 ch10  BL=[]
[RX  <- A] bucket=9364  peer_BL=[]  my_BL=[]
[02:46:18] HOP bucket=9365 L5 active=wlan1 ch7  | prep wlan0 ch4  | BL=[]
[TX  ->  *] bucket=9365 L5 active=wlan1 ch7  BL=[]
[RX  <- A] bucket=9365  peer_BL=[]  my_BL=[]
[02:46:20] HOP bucket=9366 L5 active=wlan0 ch4  | prep wlan1 ch10  | BL=[]
[TX  ->  *] bucket=9366 L5 active=wlan0 ch4  BL=[]
[RX  <- A] bucket=9366  peer_BL=[]  my_BL=[]
[02:46:22] HOP bucket=9367 L5 active=wlan1 ch10  | prep wlan0 ch4  | BL=[]
[TX  ->  *] bucket=9367 L5 active=wlan1 ch10  BL=[]
[RX  <- A] bucket=9367  peer_BL=[]  my_BL=[]
[02:46:24] HOP bucket=9368 L5 active=wlan0 ch4  | prep wlan1 ch4  | BL=[]
[TX  ->  *] bucket=9368 L5 active=wlan0 ch4  BL=[]
[RX  <- A] bucket=9368  peer_BL=[]  my_BL=[]
[02:46:26] HOP bucket=9369 L5 active=wlan1 ch4  | prep wlan0 ch5  | BL=[]
[TX  ->  *] bucket=9369 L5 active=wlan1 ch4  BL=[]
[RX  <- A] bucket=9369  peer_BL=[]  my_BL=[]
[02:46:28] HOP bucket=9370 L5 active=wlan0 ch5  | prep wlan1 ch5  | BL=[]
[RX  <- A] bucket=9370  peer_BL=[]  my_BL=[]
[TX  ->  *] bucket=9370 L5 active=wlan0 ch5  BL=[]
[02:46:30] HOP bucket=9371 L5 active=wlan1 ch5  | prep wlan0 ch6  | BL=[]
[RX  <- A] bucket=9371  peer_BL=[]  my_BL=[]
[TX  ->  *] bucket=9371 L5 active=wlan1 ch5  BL=[]
[02:46:32] HOP bucket=9372 L5 active=wlan0 ch6  | prep wlan1 ch3  | BL=[]
[TX  ->  *] bucket=9372 L5 active=wlan0 ch6  BL=[]
[RX  <- A] bucket=9372  peer_BL=[]  my_BL=[]
[02:46:34] HOP bucket=9373 L5 active=wlan1 ch3  | prep wlan0 ch6  | BL=[]
[RX  <- A] bucket=9373  peer_BL=[]  my_BL=[]
[TX  ->  *] bucket=9373 L5 active=wlan1 ch3  BL=[]
[02:46:36] HOP bucket=9374 L5 active=wlan0 ch6  | prep wlan1 ch10  | BL=[]
[RX  <- A] bucket=9374  peer_BL=[]  my_BL=[]
[TX  ->  *] bucket=9374 L5 active=wlan0 ch6  BL=[]
[02:46:38] HOP bucket=9375 L5 active=wlan1 ch10  | prep wlan0 ch3  | BL=[]
[TX  ->  *] bucket=9375 L5 active=wlan1 ch10  BL=[]
[RX  <- A] bucket=9375  peer_BL=[]  my_BL=[]
[02:46:40] HOP bucket=9376 L5 active=wlan0 ch3  | prep wlan1 ch4  | BL=[]
[RX  <- A] bucket=9376  peer_BL=[]  my_BL=[]
[TX  ->  *] bucket=9376 L5 active=wlan0 ch3  BL=[]
[02:46:42] HOP bucket=9377 L5 active=wlan1 ch4  | prep wlan0 ch9  | BL=[]
[TX  ->  *] bucket=9377 L5 active=wlan1 ch4  BL=[]
[RX  <- A] bucket=9377  peer_BL=[]  my_BL=[]
[02:46:44] HOP bucket=9378 L5 active=wlan0 ch9  | prep wlan1 ch4  | BL=[]
[TX  ->  *] bucket=9378 L5 active=wlan0 ch9  BL=[]
[RX  <- A] bucket=9378  peer_BL=[]  my_BL=[]
[02:46:46] HOP bucket=9379 L5 active=wlan1 ch4  | prep wlan0 ch7  | BL=[]
[TX  ->  *] bucket=9379 L5 active=wlan1 ch4  BL=[]
[RX  <- A] bucket=9379  peer_BL=[]  my_BL=[]
[02:46:48] HOP bucket=9380 L5 active=wlan0 ch7  | prep wlan1 ch4  | BL=[]
[RX  <- A] bucket=9380  peer_BL=[]  my_BL=[]
[TX  ->  *] bucket=9380 L5 active=wlan0 ch7  BL=[]
[02:46:50] HOP bucket=9381 L5 active=wlan1 ch4  | prep wlan0 ch9  | BL=[]
[TX  ->  *] bucket=9381 L5 active=wlan1 ch4  BL=[]
[RX  <- A] bucket=9381  peer_BL=[]  my_BL=[]
[02:46:52] HOP bucket=9382 L5 active=wlan0 ch9  | prep wlan1 ch9  | BL=[]
[RX  <- A] bucket=9382  peer_BL=[]  my_BL=[]
[TX  ->  *] bucket=9382 L5 active=wlan0 ch9  BL=[]
[02:46:54] HOP bucket=9383 L5 active=wlan1 ch9  | prep wlan0 ch4  | BL=[]
[TX  ->  *] bucket=9383 L5 active=wlan1 ch9  BL=[]
[RX  <- A] bucket=9383  peer_BL=[]  my_BL=[]
[02:46:56] HOP bucket=9384 L5 active=wlan0 ch4  | prep wlan1 ch5  | BL=[]
[TX  ->  *] bucket=9384 L5 active=wlan0 ch4  BL=[]
[RX  <- A] bucket=9384  peer_BL=[]  my_BL=[]
[02:46:58] HOP bucket=9385 L5 active=wlan1 ch5  | prep wlan0 ch4  | BL=[]
[TX  ->  *] bucket=9385 L5 active=wlan1 ch5  BL=[]
[RX  <- A] bucket=9385  peer_BL=[]  my_BL=[]
[02:47:00] HOP bucket=9386 L5 active=wlan0 ch4  | prep wlan1 ch11  | BL=[]
[TX  ->  *] bucket=9386 L5 active=wlan0 ch4  BL=[]
[RX  <- A] bucket=9386  peer_BL=[]  my_BL=[]
[02:47:02] HOP bucket=9387 L5 active=wlan1 ch11  | prep wlan0 ch11  | BL=[]
[TX  ->  *] bucket=9387 L5 active=wlan1 ch11  BL=[]
[RX  <- A] bucket=9387  peer_BL=[]  my_BL=[]
[02:47:04] HOP bucket=9388 L5 active=wlan0 ch11  | prep wlan1 ch5  | BL=[]
[RX  <- A] bucket=9388  peer_BL=[]  my_BL=[]
[TX  ->  *] bucket=9388 L5 active=wlan0 ch11  BL=[]
[02:47:06] HOP bucket=9389 L5 active=wlan1 ch5  | prep wlan0 ch8  | BL=[]
[TX  ->  *] bucket=9389 L5 active=wlan1 ch5  BL=[]
[RX  <- A] bucket=9389  peer_BL=[]  my_BL=[]
[02:47:08] HOP bucket=9390 L5 active=wlan0 ch8  | prep wlan1 ch8  | BL=[]
[TX  ->  *] bucket=9390 L5 active=wlan0 ch8  BL=[]
[RX  <- A] bucket=9390  peer_BL=[]  my_BL=[]
[02:47:10] HOP bucket=9391 L5 active=wlan1 ch8  | prep wlan0 ch9  | BL=[]
[TX  ->  *] bucket=9391 L5 active=wlan1 ch8  BL=[]
[RX  <- A] bucket=9391  peer_BL=[]  my_BL=[]
[02:47:12] HOP bucket=9392 L5 active=wlan0 ch9  | prep wlan1 ch11  | BL=[]
[TX  ->  *] bucket=9392 L5 active=wlan0 ch9  BL=[]
[RX  <- A] bucket=9392  peer_BL=[]  my_BL=[]
[02:47:14] HOP bucket=9393 L5 active=wlan1 ch11  | prep wlan0 ch3  | BL=[]
[TX  ->  *] bucket=9393 L5 active=wlan1 ch11  BL=[]
[RX  <- A] bucket=9393  peer_BL=[]  my_BL=[]
[02:47:16] HOP bucket=9394 L5 active=wlan0 ch3  | prep wlan1 ch10  | BL=[]
[TX  ->  *] bucket=9394 L5 active=wlan0 ch3  BL=[]
[RX  <- A] bucket=9394  peer_BL=[]  my_BL=[]
[02:47:18] HOP bucket=9395 L5 active=wlan1 ch10  | prep wlan0 ch9  | BL=[]
[RX  <- A] bucket=9395  peer_BL=[]  my_BL=[]
[TX  ->  *] bucket=9395 L5 active=wlan1 ch10  BL=[]
[02:47:20] HOP bucket=9396 L5 active=wlan0 ch9  | prep wlan1 ch7  | BL=[]
[RX  <- A] bucket=9396  peer_BL=[]  my_BL=[]
[TX  ->  *] bucket=9396 L5 active=wlan0 ch9  BL=[]
[02:47:22] HOP bucket=9397 L5 active=wlan1 ch7  | prep wlan0 ch4  | BL=[]
[TX  ->  *] bucket=9397 L5 active=wlan1 ch7  BL=[]
[RX  <- A] bucket=9397  peer_BL=[]  my_BL=[]
[02:47:24] HOP bucket=9398 L5 active=wlan0 ch4  | prep wlan1 ch10  | BL=[]
[RX  <- A] bucket=9398  peer_BL=[]  my_BL=[]
[TX  ->  *] bucket=9398 L5 active=wlan0 ch4  BL=[]
[02:47:26] HOP bucket=9399 L5 active=wlan1 ch10  | prep wlan0 ch5  | BL=[]
[TX  ->  *] bucket=9399 L5 active=wlan1 ch10  BL=[]
[RX  <- A] bucket=9399  peer_BL=[]  my_BL=[]
[02:47:28] HOP bucket=9400 L5 active=wlan0 ch5  | prep wlan1 ch10  | BL=[]
[RX  <- A] bucket=9400  peer_BL=[]  my_BL=[]
[TX  ->  *] bucket=9400 L5 active=wlan0 ch5  BL=[]
[02:47:30] HOP bucket=9401 L5 active=wlan1 ch10  | prep wlan0 ch9  | BL=[]
[RX  <- A] bucket=9401  peer_BL=[]  my_BL=[]
[TX  ->  *] bucket=9401 L5 active=wlan1 ch10  BL=[]
[02:47:32] HOP bucket=9402 L5 active=wlan0 ch9  | prep wlan1 ch10  | BL=[]
[TX  ->  *] bucket=9402 L5 active=wlan0 ch9  BL=[]
[RX  <- A] bucket=9402  peer_BL=[]  my_BL=[]
[02:47:34] HOP bucket=9403 L5 active=wlan1 ch10  | prep wlan0 ch8  | BL=[]
[TX  ->  *] bucket=9403 L5 active=wlan1 ch10  BL=[]
[RX  <- A] bucket=9403  peer_BL=[]  my_BL=[]
[02:47:36] HOP bucket=9404 L5 active=wlan0 ch8  | prep wlan1 ch8  | BL=[]
[TX  ->  *] bucket=9404 L5 active=wlan0 ch8  BL=[]
[RX  <- A] bucket=9404  peer_BL=[]  my_BL=[]
[02:47:38] HOP bucket=9405 L5 active=wlan1 ch8  | prep wlan0 ch10  | BL=[]
[TX  ->  *] bucket=9405 L5 active=wlan1 ch8  BL=[]
[RX  <- A] bucket=9405  peer_BL=[]  my_BL=[]
[02:47:40] HOP bucket=9406 L5 active=wlan0 ch10  | prep wlan1 ch7  | BL=[]
[TX  ->  *] bucket=9406 L5 active=wlan0 ch10  BL=[]
[RX  <- A] bucket=9406  peer_BL=[]  my_BL=[]
[02:47:42] HOP bucket=9407 L5 active=wlan1 ch7  | prep wlan0 ch4  | BL=[]
[TX  ->  *] bucket=9407 L5 active=wlan1 ch7  BL=[]
[RX  <- A] bucket=9407  peer_BL=[]  my_BL=[]
[02:47:44] HOP bucket=9408 L5 active=wlan0 ch4  | prep wlan1 ch9  | BL=[]
[TX  ->  *] bucket=9408 L5 active=wlan0 ch4  BL=[]
[RX  <- A] bucket=9408  peer_BL=[]  my_BL=[]
[02:47:46] HOP bucket=9409 L5 active=wlan1 ch9  | prep wlan0 ch5  | BL=[]
[TX  ->  *] bucket=9409 L5 active=wlan1 ch9  BL=[]
[RX  <- A] bucket=9409  peer_BL=[]  my_BL=[]
[02:47:48] HOP bucket=9410 L5 active=wlan0 ch5  | prep wlan1 ch11  | BL=[]
[TX  ->  *] bucket=9410 L5 active=wlan0 ch5  BL=[]
[RX  <- A] bucket=9410  peer_BL=[]  my_BL=[]
[02:47:50] HOP bucket=9411 L5 active=wlan1 ch11  | prep wlan0 ch3  | BL=[]
[TX  ->  *] bucket=9411 L5 active=wlan1 ch11  BL=[]
[RX  <- A] bucket=9411  peer_BL=[]  my_BL=[]
[02:47:52] HOP bucket=9412 L5 active=wlan0 ch3  | prep wlan1 ch3  | BL=[]
[RX  <- A] bucket=9412  peer_BL=[]  my_BL=[]
[TX  ->  *] bucket=9412 L5 active=wlan0 ch3  BL=[]
[02:47:54] HOP bucket=9413 L5 active=wlan1 ch3  | prep wlan0 ch11  | BL=[]
[RX  <- A] bucket=9413  peer_BL=[]  my_BL=[]
[TX  ->  *] bucket=9413 L5 active=wlan1 ch3  BL=[]
[02:47:56] HOP bucket=9414 L5 active=wlan0 ch11  | prep wlan1 ch4  | BL=[]
[TX  ->  *] bucket=9414 L5 active=wlan0 ch11  BL=[]
[RX  <- A] bucket=9414  peer_BL=[]  my_BL=[]
[02:47:58] HOP bucket=9415 L5 active=wlan1 ch4  | prep wlan0 ch7  | BL=[]
[TX  ->  *] bucket=9415 L5 active=wlan1 ch4  BL=[]
[RX  <- A] bucket=9415  peer_BL=[]  my_BL=[]
[02:48:00] HOP bucket=9416 L5 active=wlan0 ch7  | prep wlan1 ch4  | BL=[]
[TX  ->  *] bucket=9416 L5 active=wlan0 ch7  BL=[]
[RX  <- A] bucket=9416  peer_BL=[]  my_BL=[]
[02:48:02] HOP bucket=9417 L5 active=wlan1 ch4  | prep wlan0 ch8  | BL=[]
[TX  ->  *] bucket=9417 L5 active=wlan1 ch4  BL=[]
[RX  <- A] bucket=9417  peer_BL=[]  my_BL=[]
[02:48:04] HOP bucket=9418 L5 active=wlan0 ch8  | prep wlan1 ch7  | BL=[]
[TX  ->  *] bucket=9418 L5 active=wlan0 ch8  BL=[]
[RX  <- A] bucket=9418  peer_BL=[]  my_BL=[]
[02:48:06] HOP bucket=9419 L5 active=wlan1 ch7  | prep wlan0 ch7  | BL=[]
[TX  ->  *] bucket=9419 L5 active=wlan1 ch7  BL=[]
[RX  <- A] bucket=9419  peer_BL=[]  my_BL=[]
[02:48:08] HOP bucket=9420 L5 active=wlan0 ch7  | prep wlan1 ch10  | BL=[]
[TX  ->  *] bucket=9420 L5 active=wlan0 ch7  BL=[]
[RX  <- A] bucket=9420  peer_BL=[]  my_BL=[]
[02:48:10] HOP bucket=9421 L5 active=wlan1 ch10  | prep wlan0 ch9  | BL=[]
[TX  ->  *] bucket=9421 L5 active=wlan1 ch10  BL=[]
[RX  <- A] bucket=9421  peer_BL=[]  my_BL=[]
[02:48:12] HOP bucket=9422 L5 active=wlan0 ch9  | prep wlan1 ch7  | BL=[]
[TX  ->  *] bucket=9422 L5 active=wlan0 ch9  BL=[]
[RX  <- A] bucket=9422  peer_BL=[]  my_BL=[]
[02:48:14] HOP bucket=9423 L5 active=wlan1 ch7  | prep wlan0 ch11  | BL=[]
[TX  ->  *] bucket=9423 L5 active=wlan1 ch7  BL=[]
[RX  <- A] bucket=9423  peer_BL=[]  my_BL=[]
[02:48:16] HOP bucket=9424 L5 active=wlan0 ch11  | prep wlan1 ch8  | BL=[]
[RX  <- A] bucket=9424  peer_BL=[]  my_BL=[]
[TX  ->  *] bucket=9424 L5 active=wlan0 ch11  BL=[]
[02:48:18] HOP bucket=9425 L5 active=wlan1 ch8  | prep wlan0 ch6  | BL=[]
[TX  ->  *] bucket=9425 L5 active=wlan1 ch8  BL=[]
[RX  <- A] bucket=9425  peer_BL=[]  my_BL=[]
[02:48:20] HOP bucket=9426 L5 active=wlan0 ch6  | prep wlan1 ch4  | BL=[]
[TX  ->  *] bucket=9426 L5 active=wlan0 ch6  BL=[]
[RX  <- A] bucket=9426  peer_BL=[]  my_BL=[]
[02:48:22] HOP bucket=9427 L5 active=wlan1 ch4  | prep wlan0 ch10  | BL=[]
[TX  ->  *] bucket=9427 L5 active=wlan1 ch4  BL=[]
[RX  <- A] bucket=9427  peer_BL=[]  my_BL=[]
[02:48:24] HOP bucket=9428 L5 active=wlan0 ch10  | prep wlan1 ch10  | BL=[]
[RX  <- A] bucket=9428  peer_BL=[]  my_BL=[]
[TX  ->  *] bucket=9428 L5 active=wlan0 ch10  BL=[]
[02:48:26] HOP bucket=9429 L5 active=wlan1 ch10  | prep wlan0 ch10  | BL=[]
[TX  ->  *] bucket=9429 L5 active=wlan1 ch10  BL=[]
[RX  <- A] bucket=9429  peer_BL=[]  my_BL=[]
[02:48:28] HOP bucket=9430 L5 active=wlan0 ch10  | prep wlan1 ch9  | BL=[]
[TX  ->  *] bucket=9430 L5 active=wlan0 ch10  BL=[]
[RX  <- A] bucket=9430  peer_BL=[]  my_BL=[]
[02:48:30] HOP bucket=9431 L5 active=wlan1 ch9  | prep wlan0 ch11  | BL=[]
[RX  <- A] bucket=9431  peer_BL=[]  my_BL=[]
[TX  ->  *] bucket=9431 L5 active=wlan1 ch9  BL=[]
[02:48:32] HOP bucket=9432 L5 active=wlan0 ch11  | prep wlan1 ch11  | BL=[]
[TX  ->  *] bucket=9432 L5 active=wlan0 ch11  BL=[]
[RX  <- A] bucket=9432  peer_BL=[]  my_BL=[]
[02:48:34] HOP bucket=9433 L5 active=wlan1 ch11  | prep wlan0 ch10  | BL=[]
[TX  ->  *] bucket=9433 L5 active=wlan1 ch11  BL=[]
[RX  <- A] bucket=9433  peer_BL=[]  my_BL=[]
[02:48:36] HOP bucket=9434 L5 active=wlan0 ch10  | prep wlan1 ch6  | BL=[]
[RX  <- A] bucket=9434  peer_BL=[]  my_BL=[]
[TX  ->  *] bucket=9434 L5 active=wlan0 ch10  BL=[]
[02:48:38] HOP bucket=9435 L5 active=wlan1 ch6  | prep wlan0 ch4  | BL=[]
[TX  ->  *] bucket=9435 L5 active=wlan1 ch6  BL=[]
[RX  <- A] bucket=9435  peer_BL=[]  my_BL=[]
[02:48:40] HOP bucket=9436 L5 active=wlan0 ch4  | prep wlan1 ch11  | BL=[]
[RX  <- A] bucket=9436  peer_BL=[]  my_BL=[]
[TX  ->  *] bucket=9436 L5 active=wlan0 ch4  BL=[]
[02:48:42] HOP bucket=9437 L5 active=wlan1 ch11  | prep wlan0 ch11  | BL=[]
[RX  <- A] bucket=9437  peer_BL=[]  my_BL=[]
[TX  ->  *] bucket=9437 L5 active=wlan1 ch11  BL=[]
[02:48:44] HOP bucket=9438 L5 active=wlan0 ch11  | prep wlan1 ch8  | BL=[]
[TX  ->  *] bucket=9438 L5 active=wlan0 ch11  BL=[]
[RX  <- A] bucket=9438  peer_BL=[]  my_BL=[]
[02:48:46] HOP bucket=9439 L5 active=wlan1 ch8  | prep wlan0 ch10  | BL=[]
[TX  ->  *] bucket=9439 L5 active=wlan1 ch8  BL=[]
[RX  <- A] bucket=9439  peer_BL=[]  my_BL=[]
[02:48:48] HOP bucket=9440 L5 active=wlan0 ch10  | prep wlan1 ch5  | BL=[]
[RX  <- A] bucket=9440  peer_BL=[]  my_BL=[]
[TX  ->  *] bucket=9440 L5 active=wlan0 ch10  BL=[]
[02:48:50] HOP bucket=9441 L5 active=wlan1 ch5  | prep wlan0 ch4  | BL=[]
[TX  ->  *] bucket=9441 L5 active=wlan1 ch5  BL=[]
[RX  <- A] bucket=9441  peer_BL=[]  my_BL=[]
[02:48:52] HOP bucket=9442 L5 active=wlan0 ch4  | prep wlan1 ch5  | BL=[]
[TX  ->  *] bucket=9442 L5 active=wlan0 ch4  BL=[]
[RX  <- A] bucket=9442  peer_BL=[]  my_BL=[]
[02:48:54] HOP bucket=9443 L5 active=wlan1 ch5  | prep wlan0 ch8  | BL=[]
[RX  <- A] bucket=9443  peer_BL=[]  my_BL=[]
[TX  ->  *] bucket=9443 L5 active=wlan1 ch5  BL=[]
[02:48:56] HOP bucket=9444 L5 active=wlan0 ch8  | prep wlan1 ch8  | BL=[]
[TX  ->  *] bucket=9444 L5 active=wlan0 ch8  BL=[]
[RX  <- A] bucket=9444  peer_BL=[]  my_BL=[]
[02:48:58] HOP bucket=9445 L5 active=wlan1 ch8  | prep wlan0 ch5  | BL=[]
[TX  ->  *] bucket=9445 L5 active=wlan1 ch8  BL=[]
[RX  <- A] bucket=9445  peer_BL=[]  my_BL=[]
[02:49:00] HOP bucket=9446 L5 active=wlan0 ch5  | prep wlan1 ch4  | BL=[]
[RX  <- A] bucket=9446  peer_BL=[]  my_BL=[]
[TX  ->  *] bucket=9446 L5 active=wlan0 ch5  BL=[]
[02:49:02] HOP bucket=9447 L5 active=wlan1 ch4  | prep wlan0 ch7  | BL=[]
[RX  <- A] bucket=9447  peer_BL=[]  my_BL=[]
[TX  ->  *] bucket=9447 L5 active=wlan1 ch4  BL=[]
[02:49:04] HOP bucket=9448 L5 active=wlan0 ch7  | prep wlan1 ch8  | BL=[]
[TX  ->  *] bucket=9448 L5 active=wlan0 ch7  BL=[]
[RX  <- A] bucket=9448  peer_BL=[]  my_BL=[]
[02:49:06] HOP bucket=9449 L5 active=wlan1 ch8  | prep wlan0 ch6  | BL=[]
[TX  ->  *] bucket=9449 L5 active=wlan1 ch8  BL=[]
[RX  <- A] bucket=9449  peer_BL=[]  my_BL=[]
[02:49:08] HOP bucket=9450 L5 active=wlan0 ch6  | prep wlan1 ch9  | BL=[]
[TX  ->  *] bucket=9450 L5 active=wlan0 ch6  BL=[]
[RX  <- A] bucket=9450  peer_BL=[]  my_BL=[]
[02:49:10] HOP bucket=9451 L5 active=wlan1 ch9  | prep wlan0 ch6  | BL=[]
[TX  ->  *] bucket=9451 L5 active=wlan1 ch9  BL=[]
[RX  <- A] bucket=9451  peer_BL=[]  my_BL=[]
[02:49:12] HOP bucket=9452 L5 active=wlan0 ch6  | prep wlan1 ch9  | BL=[]
[TX  ->  *] bucket=9452 L5 active=wlan0 ch6  BL=[]
[RX  <- A] bucket=9452  peer_BL=[]  my_BL=[]
[02:49:14] HOP bucket=9453 L5 active=wlan1 ch9  | prep wlan0 ch7  | BL=[]
[TX  ->  *] bucket=9453 L5 active=wlan1 ch9  BL=[]
[RX  <- A] bucket=9453  peer_BL=[]  my_BL=[]
[02:49:16] HOP bucket=9454 L5 active=wlan0 ch7  | prep wlan1 ch11  | BL=[]
[TX  ->  *] bucket=9454 L5 active=wlan0 ch7  BL=[]
[RX  <- A] bucket=9454  peer_BL=[]  my_BL=[]
[02:49:18] HOP bucket=9455 L5 active=wlan1 ch11  | prep wlan0 ch6  | BL=[]
[TX  ->  *] bucket=9455 L5 active=wlan1 ch11  BL=[]
[RX  <- A] bucket=9455  peer_BL=[]  my_BL=[]
[02:49:20] HOP bucket=9456 L5 active=wlan0 ch6  | prep wlan1 ch8  | BL=[]
[TX  ->  *] bucket=9456 L5 active=wlan0 ch6  BL=[]
[RX  <- A] bucket=9456  peer_BL=[]  my_BL=[]
[02:49:22] HOP bucket=9457 L5 active=wlan1 ch8  | prep wlan0 ch4  | BL=[]
[TX  ->  *] bucket=9457 L5 active=wlan1 ch8  BL=[]
[RX  <- A] bucket=9457  peer_BL=[]  my_BL=[]
[02:49:24] HOP bucket=9458 L5 active=wlan0 ch4  | prep wlan1 ch5  | BL=[]
[TX  ->  *] bucket=9458 L5 active=wlan0 ch4  BL=[]
[RX  <- A] bucket=9458  peer_BL=[]  my_BL=[]
[02:49:26] HOP bucket=9459 L5 active=wlan1 ch5  | prep wlan0 ch7  | BL=[]
[TX  ->  *] bucket=9459 L5 active=wlan1 ch5  BL=[]
[RX  <- A] bucket=9459  peer_BL=[]  my_BL=[]
[02:49:28] HOP bucket=9460 L5 active=wlan0 ch7  | prep wlan1 ch9  | BL=[]
[TX  ->  *] bucket=9460 L5 active=wlan0 ch7  BL=[]
[RX  <- A] bucket=9460  peer_BL=[]  my_BL=[]
[02:49:30] HOP bucket=9461 L5 active=wlan1 ch9  | prep wlan0 ch9  | BL=[]
[TX  ->  *] bucket=9461 L5 active=wlan1 ch9  BL=[]
[RX  <- A] bucket=9461  peer_BL=[]  my_BL=[]
[02:49:32] HOP bucket=9462 L5 active=wlan0 ch9  | prep wlan1 ch6  | BL=[]
[TX  ->  *] bucket=9462 L5 active=wlan0 ch9  BL=[]
[RX  <- A] bucket=9462  peer_BL=[]  my_BL=[]
[02:49:34] HOP bucket=9463 L5 active=wlan1 ch6  | prep wlan0 ch6  | BL=[]
[TX  ->  *] bucket=9463 L5 active=wlan1 ch6  BL=[]
[RX  <- A] bucket=9463  peer_BL=[]  my_BL=[]
[02:49:36] HOP bucket=9464 L5 active=wlan0 ch6  | prep wlan1 ch4  | BL=[]
[TX  ->  *] bucket=9464 L5 active=wlan0 ch6  BL=[]
[RX  <- A] bucket=9464  peer_BL=[]  my_BL=[]
[02:49:38] HOP bucket=9465 L5 active=wlan1 ch4  | prep wlan0 ch3  | BL=[]
[TX  ->  *] bucket=9465 L5 active=wlan1 ch4  BL=[]
[RX  <- A] bucket=9465  peer_BL=[]  my_BL=[]
[02:49:40] HOP bucket=9466 L5 active=wlan0 ch3  | prep wlan1 ch7  | BL=[]
[TX  ->  *] bucket=9466 L5 active=wlan0 ch3  BL=[]
[RX  <- A] bucket=9466  peer_BL=[]  my_BL=[]
[02:49:42] HOP bucket=9467 L5 active=wlan1 ch7  | prep wlan0 ch11  | BL=[]
[TX  ->  *] bucket=9467 L5 active=wlan1 ch7  BL=[]
[RX  <- A] bucket=9467  peer_BL=[]  my_BL=[]
[02:49:44] HOP bucket=9468 L5 active=wlan0 ch11  | prep wlan1 ch6  | BL=[]
[RX  <- A] bucket=9468  peer_BL=[]  my_BL=[]
[TX  ->  *] bucket=9468 L5 active=wlan0 ch11  BL=[]
[02:49:46] HOP bucket=9469 L5 active=wlan1 ch6  | prep wlan0 ch5  | BL=[]
[TX  ->  *] bucket=9469 L5 active=wlan1 ch6  BL=[]
[RX  <- A] bucket=9469  peer_BL=[]  my_BL=[]
[02:49:48] HOP bucket=9470 L5 active=wlan0 ch5  | prep wlan1 ch4  | BL=[]
[TX  ->  *] bucket=9470 L5 active=wlan0 ch5  BL=[]
[RX  <- A] bucket=9470  peer_BL=[]  my_BL=[]
[02:49:50] HOP bucket=9471 L5 active=wlan1 ch4  | prep wlan0 ch5  | BL=[]
[TX  ->  *] bucket=9471 L5 active=wlan1 ch4  BL=[]
[RX  <- A] bucket=9471  peer_BL=[]  my_BL=[]
[02:49:52] HOP bucket=9472 L5 active=wlan0 ch5  | prep wlan1 ch8  | BL=[]
[RX  <- A] bucket=9472  peer_BL=[]  my_BL=[]
[TX  ->  *] bucket=9472 L5 active=wlan0 ch5  BL=[]
[02:49:54] HOP bucket=9473 L5 active=wlan1 ch8  | prep wlan0 ch3  | BL=[]
[RX  <- A] bucket=9473  peer_BL=[]  my_BL=[]
[TX  ->  *] bucket=9473 L5 active=wlan1 ch8  BL=[]
[02:49:56] HOP bucket=9474 L5 active=wlan0 ch3  | prep wlan1 ch8  | BL=[]
[RX  <- A] bucket=9474  peer_BL=[]  my_BL=[]
[TX  ->  *] bucket=9474 L5 active=wlan0 ch3  BL=[]
[02:49:58] HOP bucket=9475 L5 active=wlan1 ch8  | prep wlan0 ch8  | BL=[]
[RX  <- A] bucket=9475  peer_BL=[]  my_BL=[]
[TX  ->  *] bucket=9475 L5 active=wlan1 ch8  BL=[]
[02:50:00] HOP bucket=9476 L5 active=wlan0 ch8  | prep wlan1 ch3  | BL=[]
[TX  ->  *] bucket=9476 L5 active=wlan0 ch8  BL=[]
[RX  <- A] bucket=9476  peer_BL=[]  my_BL=[]
[02:50:02] HOP bucket=9477 L5 active=wlan1 ch3  | prep wlan0 ch3  | BL=[]
[TX  ->  *] bucket=9477 L5 active=wlan1 ch3  BL=[]
[RX  <- A] bucket=9477  peer_BL=[]  my_BL=[]
[02:50:04] HOP bucket=9478 L5 active=wlan0 ch3  | prep wlan1 ch9  | BL=[]
[TX  ->  *] bucket=9478 L5 active=wlan0 ch3  BL=[]
[RX  <- A] bucket=9478  peer_BL=[]  my_BL=[]
[02:50:06] HOP bucket=9479 L5 active=wlan1 ch9  | prep wlan0 ch8  | BL=[]
[TX  ->  *] bucket=9479 L5 active=wlan1 ch9  BL=[]
[RX  <- A] bucket=9479  peer_BL=[]  my_BL=[]
[02:50:08] HOP bucket=9480 L5 active=wlan0 ch8  | prep wlan1 ch5  | BL=[]
[RX  <- A] bucket=9480  peer_BL=[]  my_BL=[]
[TX  ->  *] bucket=9480 L5 active=wlan0 ch8  BL=[]
[02:50:10] HOP bucket=9481 L5 active=wlan1 ch5  | prep wlan0 ch8  | BL=[]
[TX  ->  *] bucket=9481 L5 active=wlan1 ch5  BL=[]
[RX  <- A] bucket=9481  peer_BL=[]  my_BL=[]
[02:50:12] HOP bucket=9482 L5 active=wlan0 ch8  | prep wlan1 ch8  | BL=[]
[RX  <- A] bucket=9482  peer_BL=[]  my_BL=[]
[TX  ->  *] bucket=9482 L5 active=wlan0 ch8  BL=[]
[02:50:14] HOP bucket=9483 L5 active=wlan1 ch8  | prep wlan0 ch10  | BL=[]
[RX  <- A] bucket=9483  peer_BL=[]  my_BL=[]
[TX  ->  *] bucket=9483 L5 active=wlan1 ch8  BL=[]
[02:50:16] HOP bucket=9484 L5 active=wlan0 ch10  | prep wlan1 ch9  | BL=[]
[RX  <- A] bucket=9484  peer_BL=[]  my_BL=[]
[TX  ->  *] bucket=9484 L5 active=wlan0 ch10  BL=[]
[02:50:18] HOP bucket=9485 L5 active=wlan1 ch9  | prep wlan0 ch5  | BL=[]
[TX  ->  *] bucket=9485 L5 active=wlan1 ch9  BL=[]
[RX  <- A] bucket=9485  peer_BL=[]  my_BL=[]
[02:50:20] HOP bucket=9486 L5 active=wlan0 ch5  | prep wlan1 ch3  | BL=[]
[RX  <- A] bucket=9486  peer_BL=[]  my_BL=[]
[TX  ->  *] bucket=9486 L5 active=wlan0 ch5  BL=[]
[02:50:22] HOP bucket=9487 L5 active=wlan1 ch3  | prep wlan0 ch4  | BL=[]
[TX  ->  *] bucket=9487 L5 active=wlan1 ch3  BL=[]
[RX  <- A] bucket=9487  peer_BL=[]  my_BL=[]
[02:50:24] HOP bucket=9488 L5 active=wlan0 ch4  | prep wlan1 ch8  | BL=[]
[TX  ->  *] bucket=9488 L5 active=wlan0 ch4  BL=[]
[RX  <- A] bucket=9488  peer_BL=[]  my_BL=[]
[02:50:26] HOP bucket=9489 L5 active=wlan1 ch8  | prep wlan0 ch9  | BL=[]
[TX  ->  *] bucket=9489 L5 active=wlan1 ch8  BL=[]
[RX  <- A] bucket=9489  peer_BL=[]  my_BL=[]
[02:50:28] HOP bucket=9490 L5 active=wlan0 ch9  | prep wlan1 ch6  | BL=[]
[TX  ->  *] bucket=9490 L5 active=wlan0 ch9  BL=[]
[RX  <- A] bucket=9490  peer_BL=[]  my_BL=[]
[02:50:30] HOP bucket=9491 L5 active=wlan1 ch6  | prep wlan0 ch6  | BL=[]
[RX  <- A] bucket=9491  peer_BL=[]  my_BL=[]
[TX  ->  *] bucket=9491 L5 active=wlan1 ch6  BL=[]
[02:50:32] HOP bucket=9492 L5 active=wlan0 ch6  | prep wlan1 ch3  | BL=[]
[TX  ->  *] bucket=9492 L5 active=wlan0 ch6  BL=[]
[RX  <- A] bucket=9492  peer_BL=[]  my_BL=[]
[02:50:34] HOP bucket=9493 L5 active=wlan1 ch3  | prep wlan0 ch11  | BL=[]
[TX  ->  *] bucket=9493 L5 active=wlan1 ch3  BL=[]
[RX  <- A] bucket=9493  peer_BL=[]  my_BL=[]
[02:50:36] HOP bucket=9494 L5 active=wlan0 ch11  | prep wlan1 ch8  | BL=[]
[RX  <- A] bucket=9494  peer_BL=[]  my_BL=[]
[TX  ->  *] bucket=9494 L5 active=wlan0 ch11  BL=[]
[02:50:38] HOP bucket=9495 L5 active=wlan1 ch8  | prep wlan0 ch8  | BL=[]
[TX  ->  *] bucket=9495 L5 active=wlan1 ch8  BL=[]
[RX  <- A] bucket=9495  peer_BL=[]  my_BL=[]
[02:50:40] HOP bucket=9496 L5 active=wlan0 ch8  | prep wlan1 ch8  | BL=[]
[TX  ->  *] bucket=9496 L5 active=wlan0 ch8  BL=[]
[RX  <- A] bucket=9496  peer_BL=[]  my_BL=[]
[02:50:42] HOP bucket=9497 L5 active=wlan1 ch8  | prep wlan0 ch4  | BL=[]
[RX  <- A] bucket=9497  peer_BL=[]  my_BL=[]
[TX  ->  *] bucket=9497 L5 active=wlan1 ch8  BL=[]
[02:50:44] HOP bucket=9498 L5 active=wlan0 ch4  | prep wlan1 ch6  | BL=[]
[RX  <- A] bucket=9498  peer_BL=[]  my_BL=[]
[TX  ->  *] bucket=9498 L5 active=wlan0 ch4  BL=[]
[02:50:46] HOP bucket=9499 L5 active=wlan1 ch6  | prep wlan0 ch4  | BL=[]
[TX  ->  *] bucket=9499 L5 active=wlan1 ch6  BL=[]
[RX  <- A] bucket=9499  peer_BL=[]  my_BL=[]
[02:50:48] HOP bucket=9500 L5 active=wlan0 ch4  | prep wlan1 ch3  | BL=[]
[TX  ->  *] bucket=9500 L5 active=wlan0 ch4  BL=[]
[RX  <- A] bucket=9500  peer_BL=[]  my_BL=[]
[02:50:50] HOP bucket=9501 L5 active=wlan1 ch3  | prep wlan0 ch11  | BL=[]
[TX  ->  *] bucket=9501 L5 active=wlan1 ch3  BL=[]
[RX  <- A] bucket=9501  peer_BL=[]  my_BL=[]
[02:50:52] HOP bucket=9502 L5 active=wlan0 ch11  | prep wlan1 ch6  | BL=[]
[RX  <- A] bucket=9502  peer_BL=[]  my_BL=[]
[TX  ->  *] bucket=9502 L5 active=wlan0 ch11  BL=[]
[02:50:54] HOP bucket=9503 L5 active=wlan1 ch6  | prep wlan0 ch11  | BL=[]
[TX  ->  *] bucket=9503 L5 active=wlan1 ch6  BL=[]
[RX  <- A] bucket=9503  peer_BL=[]  my_BL=[]
[02:50:56] HOP bucket=9504 L5 active=wlan0 ch11  | prep wlan1 ch9  | BL=[]
[TX  ->  *] bucket=9504 L5 active=wlan0 ch11  BL=[]
[RX  <- A] bucket=9504  peer_BL=[]  my_BL=[]
[02:50:58] HOP bucket=9505 L5 active=wlan1 ch9  | prep wlan0 ch10  | BL=[]
[TX  ->  *] bucket=9505 L5 active=wlan1 ch9  BL=[]
[RX  <- A] bucket=9505  peer_BL=[]  my_BL=[]
[02:51:00] HOP bucket=9506 L5 active=wlan0 ch10  | prep wlan1 ch8  | BL=[]
[TX  ->  *] bucket=9506 L5 active=wlan0 ch10  BL=[]
[RX  <- A] bucket=9506  peer_BL=[]  my_BL=[]
[02:51:02] HOP bucket=9507 L5 active=wlan1 ch8  | prep wlan0 ch11  | BL=[]
[TX  ->  *] bucket=9507 L5 active=wlan1 ch8  BL=[]
[RX  <- A] bucket=9507  peer_BL=[]  my_BL=[]
[02:51:04] HOP bucket=9508 L5 active=wlan0 ch11  | prep wlan1 ch9  | BL=[]
[RX  <- A] bucket=9508  peer_BL=[]  my_BL=[]
[TX  ->  *] bucket=9508 L5 active=wlan0 ch11  BL=[]
[02:51:06] HOP bucket=9509 L5 active=wlan1 ch9  | prep wlan0 ch9  | BL=[]
[RX  <- A] bucket=9509  peer_BL=[]  my_BL=[]
[TX  ->  *] bucket=9509 L5 active=wlan1 ch9  BL=[]
[02:51:08] HOP bucket=9510 L5 active=wlan0 ch9  | prep wlan1 ch10  | BL=[]
[TX  ->  *] bucket=9510 L5 active=wlan0 ch9  BL=[]
[RX  <- A] bucket=9510  peer_BL=[]  my_BL=[]
[02:51:10] HOP bucket=9511 L5 active=wlan1 ch10  | prep wlan0 ch8  | BL=[]
[TX  ->  *] bucket=9511 L5 active=wlan1 ch10  BL=[]
[RX  <- A] bucket=9511  peer_BL=[]  my_BL=[]
[02:51:12] HOP bucket=9512 L5 active=wlan0 ch8  | prep wlan1 ch10  | BL=[]
[RX  <- A] bucket=9512  peer_BL=[]  my_BL=[]
[TX  ->  *] bucket=9512 L5 active=wlan0 ch8  BL=[]
[02:51:14] HOP bucket=9513 L5 active=wlan1 ch10  | prep wlan0 ch5  | BL=[]
[TX  ->  *] bucket=9513 L5 active=wlan1 ch10  BL=[]
[RX  <- A] bucket=9513  peer_BL=[]  my_BL=[]
[02:51:16] HOP bucket=9514 L5 active=wlan0 ch5  | prep wlan1 ch7  | BL=[]
[RX  <- A] bucket=9514  peer_BL=[]  my_BL=[]
[TX  ->  *] bucket=9514 L5 active=wlan0 ch5  BL=[]
[02:51:18] HOP bucket=9515 L5 active=wlan1 ch7  | prep wlan0 ch7  | BL=[]
[TX  ->  *] bucket=9515 L5 active=wlan1 ch7  BL=[]
[RX  <- A] bucket=9515  peer_BL=[]  my_BL=[]
[02:51:20] HOP bucket=9516 L5 active=wlan0 ch7  | prep wlan1 ch6  | BL=[]
[RX  <- A] bucket=9516  peer_BL=[]  my_BL=[]
[TX  ->  *] bucket=9516 L5 active=wlan0 ch7  BL=[]
[02:51:22] HOP bucket=9517 L5 active=wlan1 ch6  | prep wlan0 ch6  | BL=[]
[RX  <- A] bucket=9517  peer_BL=[]  my_BL=[]
[TX  ->  *] bucket=9517 L5 active=wlan1 ch6  BL=[]
[02:51:24] HOP bucket=9518 L5 active=wlan0 ch6  | prep wlan1 ch4  | BL=[]
[TX  ->  *] bucket=9518 L5 active=wlan0 ch6  BL=[]
[RX  <- A] bucket=9518  peer_BL=[]  my_BL=[]
[02:51:26] HOP bucket=9519 L5 active=wlan1 ch4  | prep wlan0 ch11  | BL=[]
[TX  ->  *] bucket=9519 L5 active=wlan1 ch4  BL=[]
[RX  <- A] bucket=9519  peer_BL=[]  my_BL=[]
[02:51:28] HOP bucket=9520 L5 active=wlan0 ch11  | prep wlan1 ch6  | BL=[]
[TX  ->  *] bucket=9520 L5 active=wlan0 ch11  BL=[]
[RX  <- A] bucket=9520  peer_BL=[]  my_BL=[]
[02:51:30] HOP bucket=9521 L5 active=wlan1 ch6  | prep wlan0 ch5  | BL=[]
[TX  ->  *] bucket=9521 L5 active=wlan1 ch6  BL=[]
[RX  <- A] bucket=9521  peer_BL=[]  my_BL=[]
[02:51:32] HOP bucket=9522 L5 active=wlan0 ch5  | prep wlan1 ch4  | BL=[]
[RX  <- A] bucket=9522  peer_BL=[]  my_BL=[]
[TX  ->  *] bucket=9522 L5 active=wlan0 ch5  BL=[]
[02:51:34] HOP bucket=9523 L5 active=wlan1 ch4  | prep wlan0 ch3  | BL=[]
[RX  <- A] bucket=9523  peer_BL=[]  my_BL=[]
[TX  ->  *] bucket=9523 L5 active=wlan1 ch4  BL=[]
[02:51:36] HOP bucket=9524 L5 active=wlan0 ch3  | prep wlan1 ch4  | BL=[]
[TX  ->  *] bucket=9524 L5 active=wlan0 ch3  BL=[]
[RX  <- A] bucket=9524  peer_BL=[]  my_BL=[]
[02:51:38] HOP bucket=9525 L5 active=wlan1 ch4  | prep wlan0 ch8  | BL=[]
[TX  ->  *] bucket=9525 L5 active=wlan1 ch4  BL=[]
[RX  <- A] bucket=9525  peer_BL=[]  my_BL=[]
[02:51:40] HOP bucket=9526 L5 active=wlan0 ch8  | prep wlan1 ch8  | BL=[]
[RX  <- A] bucket=9526  peer_BL=[]  my_BL=[]
[TX  ->  *] bucket=9526 L5 active=wlan0 ch8  BL=[]
[02:51:42] HOP bucket=9527 L5 active=wlan1 ch8  | prep wlan0 ch11  | BL=[]
[TX  ->  *] bucket=9527 L5 active=wlan1 ch8  BL=[]