============================================================
 ARTCHO NODE — MODE=L4 — NODE_ID=B
============================================================
 Bucket duration : 2.0s
 TEST_EPOCH      : 1772496956.0
 BUCKET_EPOCH    : 1772478956.0
 sim offset      : 18000s  (5.00h)
 Use blacklist   : False
 Detect enabled  : False
 Dual radio      : False
============================================================

[WAIT] sleeping 18.5s until TEST_EPOCH...
[INIT] L4 cold-start (bucket=9000): wlan0 -> ch10 (2457 MHz), wlan1 idle
       confirmed blacklist: []
[INIT] L4 cold-start complete.

[RX  <- A] bucket=9000  peer_BL=[]  my_BL=[]
[TX  ->  *] bucket=9000 L4 active=wlan0 ch10  BL=[]
[01:15:58] HOP bucket=9001 L4 wlan0 -> ch4  (retuning, ~700ms loss)  | BL=[]
[TX  ->  *] bucket=9001 L4 active=wlan0 ch4  BL=[]
[RX  <- A] bucket=9001  peer_BL=[]  my_BL=[]
[01:16:00] HOP bucket=9002 L4 wlan0 -> ch9  (retuning, ~700ms loss)  | BL=[]
[TX  ->  *] bucket=9002 L4 active=wlan0 ch9  BL=[]
[RX  <- A] bucket=9002  peer_BL=[]  my_BL=[]
[01:16:02] HOP bucket=9003 L4 wlan0 -> ch11  (retuning, ~700ms loss)  | BL=[]
[TX  ->  *] bucket=9003 L4 active=wlan0 ch11  BL=[]
[RX  <- A] bucket=9003  peer_BL=[]  my_BL=[]
[01:16:04] HOP bucket=9004 L4 wlan0 -> ch11  (retuning, ~700ms loss)  | BL=[]
[TX  ->  *] bucket=9004 L4 active=wlan0 ch11  BL=[]
[RX  <- A] bucket=9004  peer_BL=[]  my_BL=[]
[01:16:06] HOP bucket=9005 L4 wlan0 -> ch6  (retuning, ~700ms loss)  | BL=[]
[TX  ->  *] bucket=9005 L4 active=wlan0 ch6  BL=[]
[RX  <- A] bucket=9005  peer_BL=[]  my_BL=[]
[01:16:08] HOP bucket=9006 L4 wlan0 -> ch6  (retuning, ~700ms loss)  | BL=[]
[TX  ->  *] bucket=9006 L4 active=wlan0 ch6  BL=[]
[RX  <- A] bucket=9006  peer_BL=[]  my_BL=[]
[01:16:10] HOP bucket=9007 L4 wlan0 -> ch9  (retuning, ~700ms loss)  | BL=[]
[TX  ->  *] bucket=9007 L4 active=wlan0 ch9  BL=[]
[RX  <- A] bucket=9007  peer_BL=[]  my_BL=[]
[01:16:12] HOP bucket=9008 L4 wlan0 -> ch9  (retuning, ~700ms loss)  | BL=[]
[RX  <- A] bucket=9008  peer_BL=[]  my_BL=[]
[TX  ->  *] bucket=9008 L4 active=wlan0 ch9  BL=[]
[01:16:14] HOP bucket=9009 L4 wlan0 -> ch7  (retuning, ~700ms loss)  | BL=[]
[TX  ->  *] bucket=9009 L4 active=wlan0 ch7  BL=[]
[RX  <- A] bucket=9009  peer_BL=[]  my_BL=[]
[01:16:16] HOP bucket=9010 L4 wlan0 -> ch10  (retuning, ~700ms loss)  | BL=[]
[TX  ->  *] bucket=9010 L4 active=wlan0 ch10  BL=[]
[RX  <- A] bucket=9010  peer_BL=[]  my_BL=[]
[01:16:18] HOP bucket=9011 L4 wlan0 -> ch3  (retuning, ~700ms loss)  | BL=[]
[TX  ->  *] bucket=9011 L4 active=wlan0 ch3  BL=[]
[RX  <- A] bucket=9011  peer_BL=[]  my_BL=[]
[01:16:20] HOP bucket=9012 L4 wlan0 -> ch6  (retuning, ~700ms loss)  | BL=[]
[RX  <- A] bucket=9012  peer_BL=[]  my_BL=[]
[TX  ->  *] bucket=9012 L4 active=wlan0 ch6  BL=[]
[01:16:22] HOP bucket=9013 L4 wlan0 -> ch8  (retuning, ~700ms loss)  | BL=[]
[TX  ->  *] bucket=9013 L4 active=wlan0 ch8  BL=[]
[RX  <- A] bucket=9013  peer_BL=[]  my_BL=[]
[01:16:24] HOP bucket=9014 L4 wlan0 -> ch4  (retuning, ~700ms loss)  | BL=[]
[TX  ->  *] bucket=9014 L4 active=wlan0 ch4  BL=[]
[RX  <- A] bucket=9014  peer_BL=[]  my_BL=[]
[01:16:26] HOP bucket=9015 L4 wlan0 -> ch11  (retuning, ~700ms loss)  | BL=[]
[TX  ->  *] bucket=9015 L4 active=wlan0 ch11  BL=[]
[RX  <- A] bucket=9015  peer_BL=[]  my_BL=[]
[01:16:28] HOP bucket=9016 L4 wlan0 -> ch4  (retuning, ~700ms loss)  | BL=[]
[TX  ->  *] bucket=9016 L4 active=wlan0 ch4  BL=[]
[RX  <- A] bucket=9016  peer_BL=[]  my_BL=[]
[01:16:30] HOP bucket=9017 L4 wlan0 -> ch6  (retuning, ~700ms loss)  | BL=[]
[TX  ->  *] bucket=9017 L4 active=wlan0 ch6  BL=[]
[RX  <- A] bucket=9017  peer_BL=[]  my_BL=[]
[01:16:32] HOP bucket=9018 L4 wlan0 -> ch6  (retuning, ~700ms loss)  | BL=[]
[RX  <- A] bucket=9018  peer_BL=[]  my_BL=[]
[TX  ->  *] bucket=9018 L4 active=wlan0 ch6  BL=[]
[01:16:34] HOP bucket=9019 L4 wlan0 -> ch4  (retuning, ~700ms loss)  | BL=[]
[TX  ->  *] bucket=9019 L4 active=wlan0 ch4  BL=[]
[RX  <- A] bucket=9019  peer_BL=[]  my_BL=[]
[01:16:36] HOP bucket=9020 L4 wlan0 -> ch6  (retuning, ~700ms loss)  | BL=[]
[TX  ->  *] bucket=9020 L4 active=wlan0 ch6  BL=[]
[RX  <- A] bucket=9020  peer_BL=[]  my_BL=[]
[01:16:38] HOP bucket=9021 L4 wlan0 -> ch7  (retuning, ~700ms loss)  | BL=[]
[RX  <- A] bucket=9021  peer_BL=[]  my_BL=[]
[TX  ->  *] bucket=9021 L4 active=wlan0 ch7  BL=[]
[01:16:40] HOP bucket=9022 L4 wlan0 -> ch3  (retuning, ~700ms loss)  | BL=[]
[RX  <- A] bucket=9022  peer_BL=[]  my_BL=[]
[TX  ->  *] bucket=9022 L4 active=wlan0 ch3  BL=[]
[01:16:42] HOP bucket=9023 L4 wlan0 -> ch3  (retuning, ~700ms loss)  | BL=[]
[TX  ->  *] bucket=9023 L4 active=wlan0 ch3  BL=[]
[RX  <- A] bucket=9023  peer_BL=[]  my_BL=[]
[01:16:44] HOP bucket=9024 L4 wlan0 -> ch7  (retuning, ~700ms loss)  | BL=[]
[RX  <- A] bucket=9024  peer_BL=[]  my_BL=[]
[TX  ->  *] bucket=9024 L4 active=wlan0 ch7  BL=[]
[01:16:46] HOP bucket=9025 L4 wlan0 -> ch11  (retuning, ~700ms loss)  | BL=[]
[RX  <- A] bucket=9025  peer_BL=[]  my_BL=[]
[TX  ->  *] bucket=9025 L4 active=wlan0 ch11  BL=[]
[01:16:48] HOP bucket=9026 L4 wlan0 -> ch4  (retuning, ~700ms loss)  | BL=[]
[TX  ->  *] bucket=9026 L4 active=wlan0 ch4  BL=[]
[RX  <- A] bucket=9026  peer_BL=[]  my_BL=[]
[01:16:50] HOP bucket=9027 L4 wlan0 -> ch10  (retuning, ~700ms loss)  | BL=[]
[TX  ->  *] bucket=9027 L4 active=wlan0 ch10  BL=[]
[RX  <- A] bucket=9027  peer_BL=[]  my_BL=[]
[01:16:52] HOP bucket=9028 L4 wlan0 -> ch3  (retuning, ~700ms loss)  | BL=[]
[TX  ->  *] bucket=9028 L4 active=wlan0 ch3  BL=[]
[RX  <- A] bucket=9028  peer_BL=[]  my_BL=[]
[01:16:54] HOP bucket=9029 L4 wlan0 -> ch6  (retuning, ~700ms loss)  | BL=[]
[TX  ->  *] bucket=9029 L4 active=wlan0 ch6  BL=[]
[RX  <- A] bucket=9029  peer_BL=[]  my_BL=[]
[01:16:56] HOP bucket=9030 L4 wlan0 -> ch10  (retuning, ~700ms loss)  | BL=[]
[TX  ->  *] bucket=9030 L4 active=wlan0 ch10  BL=[]
[RX  <- A] bucket=9030  peer_BL=[]  my_BL=[]
[01:16:58] HOP bucket=9031 L4 wlan0 -> ch10  (retuning, ~700ms loss)  | BL=[]
[TX  ->  *] bucket=9031 L4 active=wlan0 ch10  BL=[]
[RX  <- A] bucket=9031  peer_BL=[]  my_BL=[]
[01:17:00] HOP bucket=9032 L4 wlan0 -> ch3  (retuning, ~700ms loss)  | BL=[]
[TX  ->  *] bucket=9032 L4 active=wlan0 ch3  BL=[]
[RX  <- A] bucket=9032  peer_BL=[]  my_BL=[]
[01:17:02] HOP bucket=9033 L4 wlan0 -> ch5  (retuning, ~700ms loss)  | BL=[]
[TX  ->  *] bucket=9033 L4 active=wlan0 ch5  BL=[]
[RX  <- A] bucket=9033  peer_BL=[]  my_BL=[]
[01:17:04] HOP bucket=9034 L4 wlan0 -> ch6  (retuning, ~700ms loss)  | BL=[]
[TX  ->  *] bucket=9034 L4 active=wlan0 ch6  BL=[]
[RX  <- A] bucket=9034  peer_BL=[]  my_BL=[]
[01:17:06] HOP bucket=9035 L4 wlan0 -> ch3  (retuning, ~700ms loss)  | BL=[]
[TX  ->  *] bucket=9035 L4 active=wlan0 ch3  BL=[]
[RX  <- A] bucket=9035  peer_BL=[]  my_BL=[]
[01:17:08] HOP bucket=9036 L4 wlan0 -> ch10  (retuning, ~700ms loss)  | BL=[]
[TX  ->  *] bucket=9036 L4 active=wlan0 ch10  BL=[]
[RX  <- A] bucket=9036  peer_BL=[]  my_BL=[]
[01:17:10] HOP bucket=9037 L4 wlan0 -> ch6  (retuning, ~700ms loss)  | BL=[]
[TX  ->  *] bucket=9037 L4 active=wlan0 ch6  BL=[]
[RX  <- A] bucket=9037  peer_BL=[]  my_BL=[]
[01:17:12] HOP bucket=9038 L4 wlan0 -> ch4  (retuning, ~700ms loss)  | BL=[]
[TX  ->  *] bucket=9038 L4 active=wlan0 ch4  BL=[]
[RX  <- A] bucket=9038  peer_BL=[]  my_BL=[]
[01:17:14] HOP bucket=9039 L4 wlan0 -> ch5  (retuning, ~700ms loss)  | BL=[]
[TX  ->  *] bucket=9039 L4 active=wlan0 ch5  BL=[]
[RX  <- A] bucket=9039  peer_BL=[]  my_BL=[]
[01:17:16] HOP bucket=9040 L4 wlan0 -> ch11  (retuning, ~700ms loss)  | BL=[]
[TX  ->  *] bucket=9040 L4 active=wlan0 ch11  BL=[]
[RX  <- A] bucket=9040  peer_BL=[]  my_BL=[]
[01:17:18] HOP bucket=9041 L4 wlan0 -> ch10  (retuning, ~700ms loss)  | BL=[]
[RX  <- A] bucket=9041  peer_BL=[]  my_BL=[]
[TX  ->  *] bucket=9041 L4 active=wlan0 ch10  BL=[]
[01:17:20] HOP bucket=9042 L4 wlan0 -> ch8  (retuning, ~700ms loss)  | BL=[]
[TX  ->  *] bucket=9042 L4 active=wlan0 ch8  BL=[]
[RX  <- A] bucket=9042  peer_BL=[]  my_BL=[]
[01:17:22] HOP bucket=9043 L4 wlan0 -> ch9  (retuning, ~700ms loss)  | BL=[]
[RX  <- A] bucket=9043  peer_BL=[]  my_BL=[]
[TX  ->  *] bucket=9043 L4 active=wlan0 ch9  BL=[]
[01:17:24] HOP bucket=9044 L4 wlan0 -> ch11  (retuning, ~700ms loss)  | BL=[]
[TX  ->  *] bucket=9044 L4 active=wlan0 ch11  BL=[]
[RX  <- A] bucket=9044  peer_BL=[]  my_BL=[]
[01:17:26] HOP bucket=9045 L4 wlan0 -> ch11  (retuning, ~700ms loss)  | BL=[]
[RX  <- A] bucket=9045  peer_BL=[]  my_BL=[]
[TX  ->  *] bucket=9045 L4 active=wlan0 ch11  BL=[]
[01:17:28] HOP bucket=9046 L4 wlan0 -> ch5  (retuning, ~700ms loss)  | BL=[]
[RX  <- A] bucket=9046  peer_BL=[]  my_BL=[]
[TX  ->  *] bucket=9046 L4 active=wlan0 ch5  BL=[]
[01:17:30] HOP bucket=9047 L4 wlan0 -> ch4  (retuning, ~700ms loss)  | BL=[]
[RX  <- A] bucket=9047  peer_BL=[]  my_BL=[]
[TX  ->  *] bucket=9047 L4 active=wlan0 ch4  BL=[]
[01:17:32] HOP bucket=9048 L4 wlan0 -> ch4  (retuning, ~700ms loss)  | BL=[]
[TX  ->  *] bucket=9048 L4 active=wlan0 ch4  BL=[]
[RX  <- A] bucket=9048  peer_BL=[]  my_BL=[]
[01:17:34] HOP bucket=9049 L4 wlan0 -> ch11  (retuning, ~700ms loss)  | BL=[]
[TX  ->  *] bucket=9049 L4 active=wlan0 ch11  BL=[]
[RX  <- A] bucket=9049  peer_BL=[]  my_BL=[]
[01:17:36] HOP bucket=9050 L4 wlan0 -> ch3  (retuning, ~700ms loss)  | BL=[]
[TX  ->  *] bucket=9050 L4 active=wlan0 ch3  BL=[]
[RX  <- A] bucket=9050  peer_BL=[]  my_BL=[]
[01:17:38] HOP bucket=9051 L4 wlan0 -> ch8  (retuning, ~700ms loss)  | BL=[]
[RX  <- A] bucket=9051  peer_BL=[]  my_BL=[]
[TX  ->  *] bucket=9051 L4 active=wlan0 ch8  BL=[]
[01:17:40] HOP bucket=9052 L4 wlan0 -> ch9  (retuning, ~700ms loss)  | BL=[]
[TX  ->  *] bucket=9052 L4 active=wlan0 ch9  BL=[]
[RX  <- A] bucket=9052  peer_BL=[]  my_BL=[]
[01:17:42] HOP bucket=9053 L4 wlan0 -> ch6  (retuning, ~700ms loss)  | BL=[]
[TX  ->  *] bucket=9053 L4 active=wlan0 ch6  BL=[]
[RX  <- A] bucket=9053  peer_BL=[]  my_BL=[]
[01:17:44] HOP bucket=9054 L4 wlan0 -> ch8  (retuning, ~700ms loss)  | BL=[]
[TX  ->  *] bucket=9054 L4 active=wlan0 ch8  BL=[]
[RX  <- A] bucket=9054  peer_BL=[]  my_BL=[]
[01:17:46] HOP bucket=9055 L4 wlan0 -> ch3  (retuning, ~700ms loss)  | BL=[]
[RX  <- A] bucket=9055  peer_BL=[]  my_BL=[]
[TX  ->  *] bucket=9055 L4 active=wlan0 ch3  BL=[]
[01:17:48] HOP bucket=9056 L4 wlan0 -> ch5  (retuning, ~700ms loss)  | BL=[]
[RX  <- A] bucket=9056  peer_BL=[]  my_BL=[]
[TX  ->  *] bucket=9056 L4 active=wlan0 ch5  BL=[]
[01:17:50] HOP bucket=9057 L4 wlan0 -> ch11  (retuning, ~700ms loss)  | BL=[]
[TX  ->  *] bucket=9057 L4 active=wlan0 ch11  BL=[]
[RX  <- A] bucket=9057  peer_BL=[]  my_BL=[]
[01:17:52] HOP bucket=9058 L4 wlan0 -> ch3  (retuning, ~700ms loss)  | BL=[]
[RX  <- A] bucket=9058  peer_BL=[]  my_BL=[]
[TX  ->  *] bucket=9058 L4 active=wlan0 ch3  BL=[]
[01:17:54] HOP bucket=9059 L4 wlan0 -> ch7  (retuning, ~700ms loss)  | BL=[]
[RX  <- A] bucket=9059  peer_BL=[]  my_BL=[]
[TX  ->  *] bucket=9059 L4 active=wlan0 ch7  BL=[]
[01:17:56] HOP bucket=9060 L4 wlan0 -> ch6  (retuning, ~700ms loss)  | BL=[]
[RX  <- A] bucket=9060  peer_BL=[]  my_BL=[]
[TX  ->  *] bucket=9060 L4 active=wlan0 ch6  BL=[]
[01:17:58] HOP bucket=9061 L4 wlan0 -> ch11  (retuning, ~700ms loss)  | BL=[]
[RX  <- A] bucket=9061  peer_BL=[]  my_BL=[]
[TX  ->  *] bucket=9061 L4 active=wlan0 ch11  BL=[]
[01:18:00] HOP bucket=9062 L4 wlan0 -> ch3  (retuning, ~700ms loss)  | BL=[]
[RX  <- A] bucket=9062  peer_BL=[]  my_BL=[]
[TX  ->  *] bucket=9062 L4 active=wlan0 ch3  BL=[]
[01:18:02] HOP bucket=9063 L4 wlan0 -> ch7  (retuning, ~700ms loss)  | BL=[]
[TX  ->  *] bucket=9063 L4 active=wlan0 ch7  BL=[]
[RX  <- A] bucket=9063  peer_BL=[]  my_BL=[]
[01:18:04] HOP bucket=9064 L4 wlan0 -> ch5  (retuning, ~700ms loss)  | BL=[]
[RX  <- A] bucket=9064  peer_BL=[]  my_BL=[]
[TX  ->  *] bucket=9064 L4 active=wlan0 ch5  BL=[]
[01:18:06] HOP bucket=9065 L4 wlan0 -> ch10  (retuning, ~700ms loss)  | BL=[]
[TX  ->  *] bucket=9065 L4 active=wlan0 ch10  BL=[]
[RX  <- A] bucket=9065  peer_BL=[]  my_BL=[]
[01:18:08] HOP bucket=9066 L4 wlan0 -> ch6  (retuning, ~700ms loss)  | BL=[]
[RX  <- A] bucket=9066  peer_BL=[]  my_BL=[]
[TX  ->  *] bucket=9066 L4 active=wlan0 ch6  BL=[]
[01:18:10] HOP bucket=9067 L4 wlan0 -> ch8  (retuning, ~700ms loss)  | BL=[]
[TX  ->  *] bucket=9067 L4 active=wlan0 ch8  BL=[]
[RX  <- A] bucket=9067  peer_BL=[]  my_BL=[]
[01:18:12] HOP bucket=9068 L4 wlan0 -> ch6  (retuning, ~700ms loss)  | BL=[]
[TX  ->  *] bucket=9068 L4 active=wlan0 ch6  BL=[]
[RX  <- A] bucket=9068  peer_BL=[]  my_BL=[]
[01:18:14] HOP bucket=9069 L4 wlan0 -> ch5  (retuning, ~700ms loss)  | BL=[]
[TX  ->  *] bucket=9069 L4 active=wlan0 ch5  BL=[]
[RX  <- A] bucket=9069  peer_BL=[]  my_BL=[]
[01:18:16] HOP bucket=9070 L4 wlan0 -> ch4  (retuning, ~700ms loss)  | BL=[]
[TX  ->  *] bucket=9070 L4 active=wlan0 ch4  BL=[]
[RX  <- A] bucket=9070  peer_BL=[]  my_BL=[]
[01:18:18] HOP bucket=9071 L4 wlan0 -> ch3  (retuning, ~700ms loss)  | BL=[]
[TX  ->  *] bucket=9071 L4 active=wlan0 ch3  BL=[]
[RX  <- A] bucket=9071  peer_BL=[]  my_BL=[]
[01:18:20] HOP bucket=9072 L4 wlan0 -> ch8  (retuning, ~700ms loss)  | BL=[]
[TX  ->  *] bucket=9072 L4 active=wlan0 ch8  BL=[]
[RX  <- A] bucket=9072  peer_BL=[]  my_BL=[]
[01:18:22] HOP bucket=9073 L4 wlan0 -> ch3  (retuning, ~700ms loss)  | BL=[]
[TX  ->  *] bucket=9073 L4 active=wlan0 ch3  BL=[]
[RX  <- A] bucket=9073  peer_BL=[]  my_BL=[]
[01:18:24] HOP bucket=9074 L4 wlan0 -> ch6  (retuning, ~700ms loss)  | BL=[]
[RX  <- A] bucket=9074  peer_BL=[]  my_BL=[]
[TX  ->  *] bucket=9074 L4 active=wlan0 ch6  BL=[]
[01:18:26] HOP bucket=9075 L4 wlan0 -> ch3  (retuning, ~700ms loss)  | BL=[]
[TX  ->  *] bucket=9075 L4 active=wlan0 ch3  BL=[]
[RX  <- A] bucket=9075  peer_BL=[]  my_BL=[]
[01:18:28] HOP bucket=9076 L4 wlan0 -> ch8  (retuning, ~700ms loss)  | BL=[]
[TX  ->  *] bucket=9076 L4 active=wlan0 ch8  BL=[]
[RX  <- A] bucket=9076  peer_BL=[]  my_BL=[]
[01:18:30] HOP bucket=9077 L4 wlan0 -> ch9  (retuning, ~700ms loss)  | BL=[]
[TX  ->  *] bucket=9077 L4 active=wlan0 ch9  BL=[]
[RX  <- A] bucket=9077  peer_BL=[]  my_BL=[]
[01:18:32] HOP bucket=9078 L4 wlan0 -> ch8  (retuning, ~700ms loss)  | BL=[]
[TX  ->  *] bucket=9078 L4 active=wlan0 ch8  BL=[]
[RX  <- A] bucket=9078  peer_BL=[]  my_BL=[]
[01:18:34] HOP bucket=9079 L4 wlan0 -> ch7  (retuning, ~700ms loss)  | BL=[]
[TX  ->  *] bucket=9079 L4 active=wlan0 ch7  BL=[]
[RX  <- A] bucket=9079  peer_BL=[]  my_BL=[]
[01:18:36] HOP bucket=9080 L4 wlan0 -> ch9  (retuning, ~700ms loss)  | BL=[]
[TX  ->  *] bucket=9080 L4 active=wlan0 ch9  BL=[]
[RX  <- A] bucket=9080  peer_BL=[]  my_BL=[]
[01:18:38] HOP bucket=9081 L4 wlan0 -> ch9  (retuning, ~700ms loss)  | BL=[]
[TX  ->  *] bucket=9081 L4 active=wlan0 ch9  BL=[]
[RX  <- A] bucket=9081  peer_BL=[]  my_BL=[]
[01:18:40] HOP bucket=9082 L4 wlan0 -> ch9  (retuning, ~700ms loss)  | BL=[]
[TX  ->  *] bucket=9082 L4 active=wlan0 ch9  BL=[]
[RX  <- A] bucket=9082  peer_BL=[]  my_BL=[]
[01:18:42] HOP bucket=9083 L4 wlan0 -> ch3  (retuning, ~700ms loss)  | BL=[]
[TX  ->  *] bucket=9083 L4 active=wlan0 ch3  BL=[]
[RX  <- A] bucket=9083  peer_BL=[]  my_BL=[]
[01:18:44] HOP bucket=9084 L4 wlan0 -> ch4  (retuning, ~700ms loss)  | BL=[]
[TX  ->  *] bucket=9084 L4 active=wlan0 ch4  BL=[]
[RX  <- A] bucket=9084  peer_BL=[]  my_BL=[]
[01:18:46] HOP bucket=9085 L4 wlan0 -> ch11  (retuning, ~700ms loss)  | BL=[]
[RX  <- A] bucket=9085  peer_BL=[]  my_BL=[]
[TX  ->  *] bucket=9085 L4 active=wlan0 ch11  BL=[]
[01:18:48] HOP bucket=9086 L4 wlan0 -> ch8  (retuning, ~700ms loss)  | BL=[]
[TX  ->  *] bucket=9086 L4 active=wlan0 ch8  BL=[]
[RX  <- A] bucket=9086  peer_BL=[]  my_BL=[]
[01:18:50] HOP bucket=9087 L4 wlan0 -> ch5  (retuning, ~700ms loss)  | BL=[]
[RX  <- A] bucket=9087  peer_BL=[]  my_BL=[]
[TX  ->  *] bucket=9087 L4 active=wlan0 ch5  BL=[]
[01:18:52] HOP bucket=9088 L4 wlan0 -> ch7  (retuning, ~700ms loss)  | BL=[]
[RX  <- A] bucket=9088  peer_BL=[]  my_BL=[]
[TX  ->  *] bucket=9088 L4 active=wlan0 ch7  BL=[]
[01:18:54] HOP bucket=9089 L4 wlan0 -> ch4  (retuning, ~700ms loss)  | BL=[]
[TX  ->  *] bucket=9089 L4 active=wlan0 ch4  BL=[]
[RX  <- A] bucket=9089  peer_BL=[]  my_BL=[]
[01:18:56] HOP bucket=9090 L4 wlan0 -> ch6  (retuning, ~700ms loss)  | BL=[]
[TX  ->  *] bucket=9090 L4 active=wlan0 ch6  BL=[]
[RX  <- A] bucket=9090  peer_BL=[]  my_BL=[]
[01:18:58] HOP bucket=9091 L4 wlan0 -> ch5  (retuning, ~700ms loss)  | BL=[]
[TX  ->  *] bucket=9091 L4 active=wlan0 ch5  BL=[]
[RX  <- A] bucket=9091  peer_BL=[]  my_BL=[]
[01:19:00] HOP bucket=9092 L4 wlan0 -> ch9  (retuning, ~700ms loss)  | BL=[]
[TX  ->  *] bucket=9092 L4 active=wlan0 ch9  BL=[]
[RX  <- A] bucket=9092  peer_BL=[]  my_BL=[]
[01:19:02] HOP bucket=9093 L4 wlan0 -> ch4  (retuning, ~700ms loss)  | BL=[]
[RX  <- A] bucket=9093  peer_BL=[]  my_BL=[]
[TX  ->  *] bucket=9093 L4 active=wlan0 ch4  BL=[]
[01:19:04] HOP bucket=9094 L4 wlan0 -> ch7  (retuning, ~700ms loss)  | BL=[]
[TX  ->  *] bucket=9094 L4 active=wlan0 ch7  BL=[]
[RX  <- A] bucket=9094  peer_BL=[]  my_BL=[]
[01:19:06] HOP bucket=9095 L4 wlan0 -> ch5  (retuning, ~700ms loss)  | BL=[]
[RX  <- A] bucket=9095  peer_BL=[]  my_BL=[]
[TX  ->  *] bucket=9095 L4 active=wlan0 ch5  BL=[]
[01:19:08] HOP bucket=9096 L4 wlan0 -> ch9  (retuning, ~700ms loss)  | BL=[]
[RX  <- A] bucket=9096  peer_BL=[]  my_BL=[]
[TX  ->  *] bucket=9096 L4 active=wlan0 ch9  BL=[]
[01:19:10] HOP bucket=9097 L4 wlan0 -> ch7  (retuning, ~700ms loss)  | BL=[]
[TX  ->  *] bucket=9097 L4 active=wlan0 ch7  BL=[]
[RX  <- A] bucket=9097  peer_BL=[]  my_BL=[]
[01:19:12] HOP bucket=9098 L4 wlan0 -> ch5  (retuning, ~700ms loss)  | BL=[]
[RX  <- A] bucket=9098  peer_BL=[]  my_BL=[]
[TX  ->  *] bucket=9098 L4 active=wlan0 ch5  BL=[]
[01:19:14] HOP bucket=9099 L4 wlan0 -> ch6  (retuning, ~700ms loss)  | BL=[]
[RX  <- A] bucket=9099  peer_BL=[]  my_BL=[]
[TX  ->  *] bucket=9099 L4 active=wlan0 ch6  BL=[]
[01:19:16] HOP bucket=9100 L4 wlan0 -> ch3  (retuning, ~700ms loss)  | BL=[]
[RX  <- A] bucket=9100  peer_BL=[]  my_BL=[]
[TX  ->  *] bucket=9100 L4 active=wlan0 ch3  BL=[]
[01:19:18] HOP bucket=9101 L4 wlan0 -> ch8  (retuning, ~700ms loss)  | BL=[]
[RX  <- A] bucket=9101  peer_BL=[]  my_BL=[]
[TX  ->  *] bucket=9101 L4 active=wlan0 ch8  BL=[]
[01:19:20] HOP bucket=9102 L4 wlan0 -> ch4  (retuning, ~700ms loss)  | BL=[]
[RX  <- A] bucket=9102  peer_BL=[]  my_BL=[]
[TX  ->  *] bucket=9102 L4 active=wlan0 ch4  BL=[]
[01:19:22] HOP bucket=9103 L4 wlan0 -> ch3  (retuning, ~700ms loss)  | BL=[]
[RX  <- A] bucket=9103  peer_BL=[]  my_BL=[]
[TX  ->  *] bucket=9103 L4 active=wlan0 ch3  BL=[]
[01:19:24] HOP bucket=9104 L4 wlan0 -> ch5  (retuning, ~700ms loss)  | BL=[]
[TX  ->  *] bucket=9104 L4 active=wlan0 ch5  BL=[]
[RX  <- A] bucket=9104  peer_BL=[]  my_BL=[]
[01:19:26] HOP bucket=9105 L4 wlan0 -> ch7  (retuning, ~700ms loss)  | BL=[]
[TX  ->  *] bucket=9105 L4 active=wlan0 ch7  BL=[]
[RX  <- A] bucket=9105  peer_BL=[]  my_BL=[]
[01:19:28] HOP bucket=9106 L4 wlan0 -> ch4  (retuning, ~700ms loss)  | BL=[]
[TX  ->  *] bucket=9106 L4 active=wlan0 ch4  BL=[]
[RX  <- A] bucket=9106  peer_BL=[]  my_BL=[]
[01:19:30] HOP bucket=9107 L4 wlan0 -> ch4  (retuning, ~700ms loss)  | BL=[]
[TX  ->  *] bucket=9107 L4 active=wlan0 ch4  BL=[]
[RX  <- A] bucket=9107  peer_BL=[]  my_BL=[]
[01:19:32] HOP bucket=9108 L4 wlan0 -> ch8  (retuning, ~700ms loss)  | BL=[]
[TX  ->  *] bucket=9108 L4 active=wlan0 ch8  BL=[]
[RX  <- A] bucket=9108  peer_BL=[]  my_BL=[]
[01:19:34] HOP bucket=9109 L4 wlan0 -> ch6  (retuning, ~700ms loss)  | BL=[]
[TX  ->  *] bucket=9109 L4 active=wlan0 ch6  BL=[]
[RX  <- A] bucket=9109  peer_BL=[]  my_BL=[]
[01:19:36] HOP bucket=9110 L4 wlan0 -> ch4  (retuning, ~700ms loss)  | BL=[]
[RX  <- A] bucket=9110  peer_BL=[]  my_BL=[]
[TX  ->  *] bucket=9110 L4 active=wlan0 ch4  BL=[]
[01:19:38] HOP bucket=9111 L4 wlan0 -> ch4  (retuning, ~700ms loss)  | BL=[]
[RX  <- A] bucket=9111  peer_BL=[]  my_BL=[]
[TX  ->  *] bucket=9111 L4 active=wlan0 ch4  BL=[]
[01:19:40] HOP bucket=9112 L4 wlan0 -> ch11  (retuning, ~700ms loss)  | BL=[]
[TX  ->  *] bucket=9112 L4 active=wlan0 ch11  BL=[]
[RX  <- A] bucket=9112  peer_BL=[]  my_BL=[]
[01:19:42] HOP bucket=9113 L4 wlan0 -> ch4  (retuning, ~700ms loss)  | BL=[]
[TX  ->  *] bucket=9113 L4 active=wlan0 ch4  BL=[]
[RX  <- A] bucket=9113  peer_BL=[]  my_BL=[]
[01:19:44] HOP bucket=9114 L4 wlan0 -> ch10  (retuning, ~700ms loss)  | BL=[]
[TX  ->  *] bucket=9114 L4 active=wlan0 ch10  BL=[]
[RX  <- A] bucket=9114  peer_BL=[]  my_BL=[]
[01:19:46] HOP bucket=9115 L4 wlan0 -> ch5  (retuning, ~700ms loss)  | BL=[]
[RX  <- A] bucket=9115  peer_BL=[]  my_BL=[]
[TX  ->  *] bucket=9115 L4 active=wlan0 ch5  BL=[]
[01:19:48] HOP bucket=9116 L4 wlan0 -> ch5  (retuning, ~700ms loss)  | BL=[]
[TX  ->  *] bucket=9116 L4 active=wlan0 ch5  BL=[]
[RX  <- A] bucket=9116  peer_BL=[]  my_BL=[]
[01:19:50] HOP bucket=9117 L4 wlan0 -> ch8  (retuning, ~700ms loss)  | BL=[]
[RX  <- A] bucket=9117  peer_BL=[]  my_BL=[]
[TX  ->  *] bucket=9117 L4 active=wlan0 ch8  BL=[]
[01:19:52] HOP bucket=9118 L4 wlan0 -> ch6  (retuning, ~700ms loss)  | BL=[]
[TX  ->  *] bucket=9118 L4 active=wlan0 ch6  BL=[]
[RX  <- A] bucket=9118  peer_BL=[]  my_BL=[]
[01:19:54] HOP bucket=9119 L4 wlan0 -> ch4  (retuning, ~700ms loss)  | BL=[]
[TX  ->  *] bucket=9119 L4 active=wlan0 ch4  BL=[]
[RX  <- A] bucket=9119  peer_BL=[]  my_BL=[]
[01:19:56] HOP bucket=9120 L4 wlan0 -> ch3  (retuning, ~700ms loss)  | BL=[]
[TX  ->  *] bucket=9120 L4 active=wlan0 ch3  BL=[]
[RX  <- A] bucket=9120  peer_BL=[]  my_BL=[]
[01:19:58] HOP bucket=9121 L4 wlan0 -> ch7  (retuning, ~700ms loss)  | BL=[]
[RX  <- A] bucket=9121  peer_BL=[]  my_BL=[]
[TX  ->  *] bucket=9121 L4 active=wlan0 ch7  BL=[]
[01:20:00] HOP bucket=9122 L4 wlan0 -> ch8  (retuning, ~700ms loss)  | BL=[]
[TX  ->  *] bucket=9122 L4 active=wlan0 ch8  BL=[]
[RX  <- A] bucket=9122  peer_BL=[]  my_BL=[]
[01:20:02] HOP bucket=9123 L4 wlan0 -> ch10  (retuning, ~700ms loss)  | BL=[]
[TX  ->  *] bucket=9123 L4 active=wlan0 ch10  BL=[]
[RX  <- A] bucket=9123  peer_BL=[]  my_BL=[]
[01:20:04] HOP bucket=9124 L4 wlan0 -> ch7  (retuning, ~700ms loss)  | BL=[]
[TX  ->  *] bucket=9124 L4 active=wlan0 ch7  BL=[]
[RX  <- A] bucket=9124  peer_BL=[]  my_BL=[]
[01:20:06] HOP bucket=9125 L4 wlan0 -> ch5  (retuning, ~700ms loss)  | BL=[]
[TX  ->  *] bucket=9125 L4 active=wlan0 ch5  BL=[]
[RX  <- A] bucket=9125  peer_BL=[]  my_BL=[]
[01:20:08] HOP bucket=9126 L4 wlan0 -> ch8  (retuning, ~700ms loss)  | BL=[]
[TX  ->  *] bucket=9126 L4 active=wlan0 ch8  BL=[]
[RX  <- A] bucket=9126  peer_BL=[]  my_BL=[]
[01:20:10] HOP bucket=9127 L4 wlan0 -> ch4  (retuning, ~700ms loss)  | BL=[]
[TX  ->  *] bucket=9127 L4 active=wlan0 ch4  BL=[]
[RX  <- A] bucket=9127  peer_BL=[]  my_BL=[]
[01:20:12] HOP bucket=9128 L4 wlan0 -> ch8  (retuning, ~700ms loss)  | BL=[]
[RX  <- A] bucket=9128  peer_BL=[]  my_BL=[]
[TX  ->  *] bucket=9128 L4 active=wlan0 ch8  BL=[]
[01:20:14] HOP bucket=9129 L4 wlan0 -> ch9  (retuning, ~700ms loss)  | BL=[]
[TX  ->  *] bucket=9129 L4 active=wlan0 ch9  BL=[]
[RX  <- A] bucket=9129  peer_BL=[]  my_BL=[]
[01:20:16] HOP bucket=9130 L4 wlan0 -> ch3  (retuning, ~700ms loss)  | BL=[]
[RX  <- A] bucket=9130  peer_BL=[]  my_BL=[]
[TX  ->  *] bucket=9130 L4 active=wlan0 ch3  BL=[]
[01:20:18] HOP bucket=9131 L4 wlan0 -> ch7  (retuning, ~700ms loss)  | BL=[]
[RX  <- A] bucket=9131  peer_BL=[]  my_BL=[]
[TX  ->  *] bucket=9131 L4 active=wlan0 ch7  BL=[]
[01:20:20] HOP bucket=9132 L4 wlan0 -> ch10  (retuning, ~700ms loss)  | BL=[]
[TX  ->  *] bucket=9132 L4 active=wlan0 ch10  BL=[]
[RX  <- A] bucket=9132  peer_BL=[]  my_BL=[]
[01:20:22] HOP bucket=9133 L4 wlan0 -> ch7  (retuning, ~700ms loss)  | BL=[]
[TX  ->  *] bucket=9133 L4 active=wlan0 ch7  BL=[]
[RX  <- A] bucket=9133  peer_BL=[]  my_BL=[]
[01:20:24] HOP bucket=9134 L4 wlan0 -> ch11  (retuning, ~700ms loss)  | BL=[]
[TX  ->  *] bucket=9134 L4 active=wlan0 ch11  BL=[]
[RX  <- A] bucket=9134  peer_BL=[]  my_BL=[]
[01:20:26] HOP bucket=9135 L4 wlan0 -> ch10  (retuning, ~700ms loss)  | BL=[]
[TX  ->  *] bucket=9135 L4 active=wlan0 ch10  BL=[]
[RX  <- A] bucket=9135  peer_BL=[]  my_BL=[]
[01:20:28] HOP bucket=9136 L4 wlan0 -> ch4  (retuning, ~700ms loss)  | BL=[]
[TX  ->  *] bucket=9136 L4 active=wlan0 ch4  BL=[]
[RX  <- A] bucket=9136  peer_BL=[]  my_BL=[]
[01:20:30] HOP bucket=9137 L4 wlan0 -> ch4  (retuning, ~700ms loss)  | BL=[]
[TX  ->  *] bucket=9137 L4 active=wlan0 ch4  BL=[]
[RX  <- A] bucket=9137  peer_BL=[]  my_BL=[]
[01:20:32] HOP bucket=9138 L4 wlan0 -> ch8  (retuning, ~700ms loss)  | BL=[]
[TX  ->  *] bucket=9138 L4 active=wlan0 ch8  BL=[]
[RX  <- A] bucket=9138  peer_BL=[]  my_BL=[]
[01:20:34] HOP bucket=9139 L4 wlan0 -> ch6  (retuning, ~700ms loss)  | BL=[]
[TX  ->  *] bucket=9139 L4 active=wlan0 ch6  BL=[]
[RX  <- A] bucket=9139  peer_BL=[]  my_BL=[]
[01:20:36] HOP bucket=9140 L4 wlan0 -> ch10  (retuning, ~700ms loss)  | BL=[]
[TX  ->  *] bucket=9140 L4 active=wlan0 ch10  BL=[]
[RX  <- A] bucket=9140  peer_BL=[]  my_BL=[]
[01:20:38] HOP bucket=9141 L4 wlan0 -> ch9  (retuning, ~700ms loss)  | BL=[]
[TX  ->  *] bucket=9141 L4 active=wlan0 ch9  BL=[]
[RX  <- A] bucket=9141  peer_BL=[]  my_BL=[]
[01:20:40] HOP bucket=9142 L4 wlan0 -> ch11  (retuning, ~700ms loss)  | BL=[]
[TX  ->  *] bucket=9142 L4 active=wlan0 ch11  BL=[]
[RX  <- A] bucket=9142  peer_BL=[]  my_BL=[]
[01:20:42] HOP bucket=9143 L4 wlan0 -> ch9  (retuning, ~700ms loss)  | BL=[]
[TX  ->  *] bucket=9143 L4 active=wlan0 ch9  BL=[]
[RX  <- A] bucket=9143  peer_BL=[]  my_BL=[]
[01:20:44] HOP bucket=9144 L4 wlan0 -> ch4  (retuning, ~700ms loss)  | BL=[]
[TX  ->  *] bucket=9144 L4 active=wlan0 ch4  BL=[]
[RX  <- A] bucket=9144  peer_BL=[]  my_BL=[]
[01:20:46] HOP bucket=9145 L4 wlan0 -> ch5  (retuning, ~700ms loss)  | BL=[]
[TX  ->  *] bucket=9145 L4 active=wlan0 ch5  BL=[]
[RX  <- A] bucket=9145  peer_BL=[]  my_BL=[]
[01:20:48] HOP bucket=9146 L4 wlan0 -> ch10  (retuning, ~700ms loss)  | BL=[]
[RX  <- A] bucket=9146  peer_BL=[]  my_BL=[]
[TX  ->  *] bucket=9146 L4 active=wlan0 ch10  BL=[]
[01:20:50] HOP bucket=9147 L4 wlan0 -> ch7  (retuning, ~700ms loss)  | BL=[]
[RX  <- A] bucket=9147  peer_BL=[]  my_BL=[]
[TX  ->  *] bucket=9147 L4 active=wlan0 ch7  BL=[]
[01:20:52] HOP bucket=9148 L4 wlan0 -> ch6  (retuning, ~700ms loss)  | BL=[]
[TX  ->  *] bucket=9148 L4 active=wlan0 ch6  BL=[]
[RX  <- A] bucket=9148  peer_BL=[]  my_BL=[]
[01:20:54] HOP bucket=9149 L4 wlan0 -> ch9  (retuning, ~700ms loss)  | BL=[]
[TX  ->  *] bucket=9149 L4 active=wlan0 ch9  BL=[]
[RX  <- A] bucket=9149  peer_BL=[]  my_BL=[]
[01:20:56] HOP bucket=9150 L4 wlan0 -> ch11  (retuning, ~700ms loss)  | BL=[]
[TX  ->  *] bucket=9150 L4 active=wlan0 ch11  BL=[]
[RX  <- A] bucket=9150  peer_BL=[]  my_BL=[]
[01:20:58] HOP bucket=9151 L4 wlan0 -> ch9  (retuning, ~700ms loss)  | BL=[]
[TX  ->  *] bucket=9151 L4 active=wlan0 ch9  BL=[]
[RX  <- A] bucket=9151  peer_BL=[]  my_BL=[]
[01:21:00] HOP bucket=9152 L4 wlan0 -> ch7  (retuning, ~700ms loss)  | BL=[]
[TX  ->  *] bucket=9152 L4 active=wlan0 ch7  BL=[]
[RX  <- A] bucket=9152  peer_BL=[]  my_BL=[]
[01:21:02] HOP bucket=9153 L4 wlan0 -> ch10  (retuning, ~700ms loss)  | BL=[]
[TX  ->  *] bucket=9153 L4 active=wlan0 ch10  BL=[]
[RX  <- A] bucket=9153  peer_BL=[]  my_BL=[]
[01:21:04] HOP bucket=9154 L4 wlan0 -> ch5  (retuning, ~700ms loss)  | BL=[]
[TX  ->  *] bucket=9154 L4 active=wlan0 ch5  BL=[]
[RX  <- A] bucket=9154  peer_BL=[]  my_BL=[]
[01:21:06] HOP bucket=9155 L4 wlan0 -> ch5  (retuning, ~700ms loss)  | BL=[]
[TX  ->  *] bucket=9155 L4 active=wlan0 ch5  BL=[]
[RX  <- A] bucket=9155  peer_BL=[]  my_BL=[]
[01:21:08] HOP bucket=9156 L4 wlan0 -> ch7  (retuning, ~700ms loss)  | BL=[]
[TX  ->  *] bucket=9156 L4 active=wlan0 ch7  BL=[]
[RX  <- A] bucket=9156  peer_BL=[]  my_BL=[]
[01:21:10] HOP bucket=9157 L4 wlan0 -> ch6  (retuning, ~700ms loss)  | BL=[]
[TX  ->  *] bucket=9157 L4 active=wlan0 ch6  BL=[]
[RX  <- A] bucket=9157  peer_BL=[]  my_BL=[]
[01:21:12] HOP bucket=9158 L4 wlan0 -> ch6  (retuning, ~700ms loss)  | BL=[]
[RX  <- A] bucket=9158  peer_BL=[]  my_BL=[]
[TX  ->  *] bucket=9158 L4 active=wlan0 ch6  BL=[]
[01:21:14] HOP bucket=9159 L4 wlan0 -> ch9  (retuning, ~700ms loss)  | BL=[]
[RX  <- A] bucket=9159  peer_BL=[]  my_BL=[]
[TX  ->  *] bucket=9159 L4 active=wlan0 ch9  BL=[]
[01:21:16] HOP bucket=9160 L4 wlan0 -> ch7  (retuning, ~700ms loss)  | BL=[]
[RX  <- A] bucket=9160  peer_BL=[]  my_BL=[]
[TX  ->  *] bucket=9160 L4 active=wlan0 ch7  BL=[]
[01:21:18] HOP bucket=9161 L4 wlan0 -> ch4  (retuning, ~700ms loss)  | BL=[]
[TX  ->  *] bucket=9161 L4 active=wlan0 ch4  BL=[]
[RX  <- A] bucket=9161  peer_BL=[]  my_BL=[]
[01:21:20] HOP bucket=9162 L4 wlan0 -> ch9  (retuning, ~700ms loss)  | BL=[]
[TX  ->  *] bucket=9162 L4 active=wlan0 ch9  BL=[]
[RX  <- A] bucket=9162  peer_BL=[]  my_BL=[]
[01:21:22] HOP bucket=9163 L4 wlan0 -> ch6  (retuning, ~700ms loss)  | BL=[]
[TX  ->  *] bucket=9163 L4 active=wlan0 ch6  BL=[]
[RX  <- A] bucket=9163  peer_BL=[]  my_BL=[]
[01:21:24] HOP bucket=9164 L4 wlan0 -> ch3  (retuning, ~700ms loss)  | BL=[]
[TX  ->  *] bucket=9164 L4 active=wlan0 ch3  BL=[]
[RX  <- A] bucket=9164  peer_BL=[]  my_BL=[]
[01:21:26] HOP bucket=9165 L4 wlan0 -> ch9  (retuning, ~700ms loss)  | BL=[]
[TX  ->  *] bucket=9165 L4 active=wlan0 ch9  BL=[]
[RX  <- A] bucket=9165  peer_BL=[]  my_BL=[]
[01:21:28] HOP bucket=9166 L4 wlan0 -> ch7  (retuning, ~700ms loss)  | BL=[]
[TX  ->  *] bucket=9166 L4 active=wlan0 ch7  BL=[]
[RX  <- A] bucket=9166  peer_BL=[]  my_BL=[]
[01:21:30] HOP bucket=9167 L4 wlan0 -> ch11  (retuning, ~700ms loss)  | BL=[]
[RX  <- A] bucket=9167  peer_BL=[]  my_BL=[]
[TX  ->  *] bucket=9167 L4 active=wlan0 ch11  BL=[]
[01:21:32] HOP bucket=9168 L4 wlan0 -> ch3  (retuning, ~700ms loss)  | BL=[]
[TX  ->  *] bucket=9168 L4 active=wlan0 ch3  BL=[]
[RX  <- A] bucket=9168  peer_BL=[]  my_BL=[]
[01:21:34] HOP bucket=9169 L4 wlan0 -> ch3  (retuning, ~700ms loss)  | BL=[]
[RX  <- A] bucket=9169  peer_BL=[]  my_BL=[]
[TX  ->  *] bucket=9169 L4 active=wlan0 ch3  BL=[]
[01:21:36] HOP bucket=9170 L4 wlan0 -> ch8  (retuning, ~700ms loss)  | BL=[]
[TX  ->  *] bucket=9170 L4 active=wlan0 ch8  BL=[]
[RX  <- A] bucket=9170  peer_BL=[]  my_BL=[]
[01:21:38] HOP bucket=9171 L4 wlan0 -> ch7  (retuning, ~700ms loss)  | BL=[]
[TX  ->  *] bucket=9171 L4 active=wlan0 ch7  BL=[]
[RX  <- A] bucket=9171  peer_BL=[]  my_BL=[]
[01:21:40] HOP bucket=9172 L4 wlan0 -> ch5  (retuning, ~700ms loss)  | BL=[]
[TX  ->  *] bucket=9172 L4 active=wlan0 ch5  BL=[]
[RX  <- A] bucket=9172  peer_BL=[]  my_BL=[]
[01:21:42] HOP bucket=9173 L4 wlan0 -> ch4  (retuning, ~700ms loss)  | BL=[]
[TX  ->  *] bucket=9173 L4 active=wlan0 ch4  BL=[]
[RX  <- A] bucket=9173  peer_BL=[]  my_BL=[]
[01:21:44] HOP bucket=9174 L4 wlan0 -> ch8  (retuning, ~700ms loss)  | BL=[]
[TX  ->  *] bucket=9174 L4 active=wlan0 ch8  BL=[]
[RX  <- A] bucket=9174  peer_BL=[]  my_BL=[]
[01:21:46] HOP bucket=9175 L4 wlan0 -> ch3  (retuning, ~700ms loss)  | BL=[]
[RX  <- A] bucket=9175  peer_BL=[]  my_BL=[]
[TX  ->  *] bucket=9175 L4 active=wlan0 ch3  BL=[]
[01:21:48] HOP bucket=9176 L4 wlan0 -> ch4  (retuning, ~700ms loss)  | BL=[]
[RX  <- A] bucket=9176  peer_BL=[]  my_BL=[]
[TX  ->  *] bucket=9176 L4 active=wlan0 ch4  BL=[]
[01:21:50] HOP bucket=9177 L4 wlan0 -> ch7  (retuning, ~700ms loss)  | BL=[]
[RX  <- A] bucket=9177  peer_BL=[]  my_BL=[]
[TX  ->  *] bucket=9177 L4 active=wlan0 ch7  BL=[]
[01:21:52] HOP bucket=9178 L4 wlan0 -> ch11  (retuning, ~700ms loss)  | BL=[]
[TX  ->  *] bucket=9178 L4 active=wlan0 ch11  BL=[]
[RX  <- A] bucket=9178  peer_BL=[]  my_BL=[]
[01:21:54] HOP bucket=9179 L4 wlan0 -> ch6  (retuning, ~700ms loss)  | BL=[]
[RX  <- A] bucket=9179  peer_BL=[]  my_BL=[]
[TX  ->  *] bucket=9179 L4 active=wlan0 ch6  BL=[]
[01:21:56] HOP bucket=9180 L4 wlan0 -> ch7  (retuning, ~700ms loss)  | BL=[]
[RX  <- A] bucket=9180  peer_BL=[]  my_BL=[]
[TX  ->  *] bucket=9180 L4 active=wlan0 ch7  BL=[]
[01:21:58] HOP bucket=9181 L4 wlan0 -> ch8  (retuning, ~700ms loss)  | BL=[]
[RX  <- A] bucket=9181  peer_BL=[]  my_BL=[]
[TX  ->  *] bucket=9181 L4 active=wlan0 ch8  BL=[]
[01:22:00] HOP bucket=9182 L4 wlan0 -> ch6  (retuning, ~700ms loss)  | BL=[]
[TX  ->  *] bucket=9182 L4 active=wlan0 ch6  BL=[]
[RX  <- A] bucket=9182  peer_BL=[]  my_BL=[]
[01:22:02] HOP bucket=9183 L4 wlan0 -> ch5  (retuning, ~700ms loss)  | BL=[]
[RX  <- A] bucket=9183  peer_BL=[]  my_BL=[]
[TX  ->  *] bucket=9183 L4 active=wlan0 ch5  BL=[]
[01:22:04] HOP bucket=9184 L4 wlan0 -> ch4  (retuning, ~700ms loss)  | BL=[]
[TX  ->  *] bucket=9184 L4 active=wlan0 ch4  BL=[]
[RX  <- A] bucket=9184  peer_BL=[]  my_BL=[]
[01:22:06] HOP bucket=9185 L4 wlan0 -> ch3  (retuning, ~700ms loss)  | BL=[]
[TX  ->  *] bucket=9185 L4 active=wlan0 ch3  BL=[]
[RX  <- A] bucket=9185  peer_BL=[]  my_BL=[]
[01:22:08] HOP bucket=9186 L4 wlan0 -> ch3  (retuning, ~700ms loss)  | BL=[]
[RX  <- A] bucket=9186  peer_BL=[]  my_BL=[]
[TX  ->  *] bucket=9186 L4 active=wlan0 ch3  BL=[]
[01:22:10] HOP bucket=9187 L4 wlan0 -> ch4  (retuning, ~700ms loss)  | BL=[]
[TX  ->  *] bucket=9187 L4 active=wlan0 ch4  BL=[]
[RX  <- A] bucket=9187  peer_BL=[]  my_BL=[]
[01:22:12] HOP bucket=9188 L4 wlan0 -> ch3  (retuning, ~700ms loss)  | BL=[]
[TX  ->  *] bucket=9188 L4 active=wlan0 ch3  BL=[]
[RX  <- A] bucket=9188  peer_BL=[]  my_BL=[]
[01:22:14] HOP bucket=9189 L4 wlan0 -> ch9  (retuning, ~700ms loss)  | BL=[]
[TX  ->  *] bucket=9189 L4 active=wlan0 ch9  BL=[]
[RX  <- A] bucket=9189  peer_BL=[]  my_BL=[]
[01:22:16] HOP bucket=9190 L4 wlan0 -> ch5  (retuning, ~700ms loss)  | BL=[]
[RX  <- A] bucket=9190  peer_BL=[]  my_BL=[]
[TX  ->  *] bucket=9190 L4 active=wlan0 ch5  BL=[]
[01:22:18] HOP bucket=9191 L4 wlan0 -> ch8  (retuning, ~700ms loss)  | BL=[]
[RX  <- A] bucket=9191  peer_BL=[]  my_BL=[]
[TX  ->  *] bucket=9191 L4 active=wlan0 ch8  BL=[]
[01:22:20] HOP bucket=9192 L4 wlan0 -> ch4  (retuning, ~700ms loss)  | BL=[]
[TX  ->  *] bucket=9192 L4 active=wlan0 ch4  BL=[]
[RX  <- A] bucket=9192  peer_BL=[]  my_BL=[]
[01:22:22] HOP bucket=9193 L4 wlan0 -> ch7  (retuning, ~700ms loss)  | BL=[]
[TX  ->  *] bucket=9193 L4 active=wlan0 ch7  BL=[]
[RX  <- A] bucket=9193  peer_BL=[]  my_BL=[]
[01:22:24] HOP bucket=9194 L4 wlan0 -> ch5  (retuning, ~700ms loss)  | BL=[]
[TX  ->  *] bucket=9194 L4 active=wlan0 ch5  BL=[]
[RX  <- A] bucket=9194  peer_BL=[]  my_BL=[]
[01:22:26] HOP bucket=9195 L4 wlan0 -> ch5  (retuning, ~700ms loss)  | BL=[]
[RX  <- A] bucket=9195  peer_BL=[]  my_BL=[]
[TX  ->  *] bucket=9195 L4 active=wlan0 ch5  BL=[]
[01:22:28] HOP bucket=9196 L4 wlan0 -> ch8  (retuning, ~700ms loss)  | BL=[]
[TX  ->  *] bucket=9196 L4 active=wlan0 ch8  BL=[]
[RX  <- A] bucket=9196  peer_BL=[]  my_BL=[]
[01:22:30] HOP bucket=9197 L4 wlan0 -> ch5  (retuning, ~700ms loss)  | BL=[]
[TX  ->  *] bucket=9197 L4 active=wlan0 ch5  BL=[]
[RX  <- A] bucket=9197  peer_BL=[]  my_BL=[]
[01:22:32] HOP bucket=9198 L4 wlan0 -> ch5  (retuning, ~700ms loss)  | BL=[]
[TX  ->  *] bucket=9198 L4 active=wlan0 ch5  BL=[]
[RX  <- A] bucket=9198  peer_BL=[]  my_BL=[]
[01:22:34] HOP bucket=9199 L4 wlan0 -> ch10  (retuning, ~700ms loss)  | BL=[]
[RX  <- A] bucket=9199  peer_BL=[]  my_BL=[]
[TX  ->  *] bucket=9199 L4 active=wlan0 ch10  BL=[]
[01:22:36] HOP bucket=9200 L4 wlan0 -> ch7  (retuning, ~700ms loss)  | BL=[]
[TX  ->  *] bucket=9200 L4 active=wlan0 ch7  BL=[]
[RX  <- A] bucket=9200  peer_BL=[]  my_BL=[]
[01:22:38] HOP bucket=9201 L4 wlan0 -> ch5  (retuning, ~700ms loss)  | BL=[]
[RX  <- A] bucket=9201  peer_BL=[]  my_BL=[]
[TX  ->  *] bucket=9201 L4 active=wlan0 ch5  BL=[]
[01:22:40] HOP bucket=9202 L4 wlan0 -> ch3  (retuning, ~700ms loss)  | BL=[]
[TX  ->  *] bucket=9202 L4 active=wlan0 ch3  BL=[]
[RX  <- A] bucket=9202  peer_BL=[]  my_BL=[]
[01:22:42] HOP bucket=9203 L4 wlan0 -> ch4  (retuning, ~700ms loss)  | BL=[]
[RX  <- A] bucket=9203  peer_BL=[]  my_BL=[]
[TX  ->  *] bucket=9203 L4 active=wlan0 ch4  BL=[]
[01:22:44] HOP bucket=9204 L4 wlan0 -> ch5  (retuning, ~700ms loss)  | BL=[]
[RX  <- A] bucket=9204  peer_BL=[]  my_BL=[]
[TX  ->  *] bucket=9204 L4 active=wlan0 ch5  BL=[]
[01:22:46] HOP bucket=9205 L4 wlan0 -> ch8  (retuning, ~700ms loss)  | BL=[]
[RX  <- A] bucket=9205  peer_BL=[]  my_BL=[]
[TX  ->  *] bucket=9205 L4 active=wlan0 ch8  BL=[]
[01:22:48] HOP bucket=9206 L4 wlan0 -> ch9  (retuning, ~700ms loss)  | BL=[]
[RX  <- A] bucket=9206  peer_BL=[]  my_BL=[]
[TX  ->  *] bucket=9206 L4 active=wlan0 ch9  BL=[]
[01:22:50] HOP bucket=9207 L4 wlan0 -> ch5  (retuning, ~700ms loss)  | BL=[]
[TX  ->  *] bucket=9207 L4 active=wlan0 ch5  BL=[]
[RX  <- A] bucket=9207  peer_BL=[]  my_BL=[]
[01:22:52] HOP bucket=9208 L4 wlan0 -> ch4  (retuning, ~700ms loss)  | BL=[]
[TX  ->  *] bucket=9208 L4 active=wlan0 ch4  BL=[]
[RX  <- A] bucket=9208  peer_BL=[]  my_BL=[]
[01:22:54] HOP bucket=9209 L4 wlan0 -> ch7  (retuning, ~700ms loss)  | BL=[]
[TX  ->  *] bucket=9209 L4 active=wlan0 ch7  BL=[]
[RX  <- A] bucket=9209  peer_BL=[]  my_BL=[]
[01:22:56] HOP bucket=9210 L4 wlan0 -> ch3  (retuning, ~700ms loss)  | BL=[]
[RX  <- A] bucket=9210  peer_BL=[]  my_BL=[]
[TX  ->  *] bucket=9210 L4 active=wlan0 ch3  BL=[]
[01:22:58] HOP bucket=9211 L4 wlan0 -> ch7  (retuning, ~700ms loss)  | BL=[]
[RX  <- A] bucket=9211  peer_BL=[]  my_BL=[]
[TX  ->  *] bucket=9211 L4 active=wlan0 ch7  BL=[]
[01:23:00] HOP bucket=9212 L4 wlan0 -> ch10  (retuning, ~700ms loss)  | BL=[]
[TX  ->  *] bucket=9212 L4 active=wlan0 ch10  BL=[]
[RX  <- A] bucket=9212  peer_BL=[]  my_BL=[]
[01:23:02] HOP bucket=9213 L4 wlan0 -> ch9  (retuning, ~700ms loss)  | BL=[]
[TX  ->  *] bucket=9213 L4 active=wlan0 ch9  BL=[]
[RX  <- A] bucket=9213  peer_BL=[]  my_BL=[]
[01:23:04] HOP bucket=9214 L4 wlan0 -> ch8  (retuning, ~700ms loss)  | BL=[]
[TX  ->  *] bucket=9214 L4 active=wlan0 ch8  BL=[]
[RX  <- A] bucket=9214  peer_BL=[]  my_BL=[]
[01:23:06] HOP bucket=9215 L4 wlan0 -> ch11  (retuning, ~700ms loss)  | BL=[]
[TX  ->  *] bucket=9215 L4 active=wlan0 ch11  BL=[]
[RX  <- A] bucket=9215  peer_BL=[]  my_BL=[]
[01:23:08] HOP bucket=9216 L4 wlan0 -> ch3  (retuning, ~700ms loss)  | BL=[]
[TX  ->  *] bucket=9216 L4 active=wlan0 ch3  BL=[]
[RX  <- A] bucket=9216  peer_BL=[]  my_BL=[]
[01:23:10] HOP bucket=9217 L4 wlan0 -> ch7  (retuning, ~700ms loss)  | BL=[]
[TX  ->  *] bucket=9217 L4 active=wlan0 ch7  BL=[]
[RX  <- A] bucket=9217  peer_BL=[]  my_BL=[]
[01:23:12] HOP bucket=9218 L4 wlan0 -> ch9  (retuning, ~700ms loss)  | BL=[]
[TX  ->  *] bucket=9218 L4 active=wlan0 ch9  BL=[]
[RX  <- A] bucket=9218  peer_BL=[]  my_BL=[]
[01:23:14] HOP bucket=9219 L4 wlan0 -> ch5  (retuning, ~700ms loss)  | BL=[]
[TX  ->  *] bucket=9219 L4 active=wlan0 ch5  BL=[]
[RX  <- A] bucket=9219  peer_BL=[]  my_BL=[]
[01:23:16] HOP bucket=9220 L4 wlan0 -> ch10  (retuning, ~700ms loss)  | BL=[]
[TX  ->  *] bucket=9220 L4 active=wlan0 ch10  BL=[]
[RX  <- A] bucket=9220  peer_BL=[]  my_BL=[]
[01:23:18] HOP bucket=9221 L4 wlan0 -> ch7  (retuning, ~700ms loss)  | BL=[]
[TX  ->  *] bucket=9221 L4 active=wlan0 ch7  BL=[]
[RX  <- A] bucket=9221  peer_BL=[]  my_BL=[]
[01:23:20] HOP bucket=9222 L4 wlan0 -> ch8  (retuning, ~700ms loss)  | BL=[]
[TX  ->  *] bucket=9222 L4 active=wlan0 ch8  BL=[]
[RX  <- A] bucket=9222  peer_BL=[]  my_BL=[]
[01:23:22] HOP bucket=9223 L4 wlan0 -> ch4  (retuning, ~700ms loss)  | BL=[]
[TX  ->  *] bucket=9223 L4 active=wlan0 ch4  BL=[]
[RX  <- A] bucket=9223  peer_BL=[]  my_BL=[]
[01:23:24] HOP bucket=9224 L4 wlan0 -> ch10  (retuning, ~700ms loss)  | BL=[]
[RX  <- A] bucket=9224  peer_BL=[]  my_BL=[]
[TX  ->  *] bucket=9224 L4 active=wlan0 ch10  BL=[]
[01:23:26] HOP bucket=9225 L4 wlan0 -> ch9  (retuning, ~700ms loss)  | BL=[]
[RX  <- A] bucket=9225  peer_BL=[]  my_BL=[]
[TX  ->  *] bucket=9225 L4 active=wlan0 ch9  BL=[]
[01:23:28] HOP bucket=9226 L4 wlan0 -> ch7  (retuning, ~700ms loss)  | BL=[]
[RX  <- A] bucket=9226  peer_BL=[]  my_BL=[]
[TX  ->  *] bucket=9226 L4 active=wlan0 ch7  BL=[]
[01:23:30] HOP bucket=9227 L4 wlan0 -> ch7  (retuning, ~700ms loss)  | BL=[]
[RX  <- A] bucket=9227  peer_BL=[]  my_BL=[]
[TX  ->  *] bucket=9227 L4 active=wlan0 ch7  BL=[]
[01:23:32] HOP bucket=9228 L4 wlan0 -> ch10  (retuning, ~700ms loss)  | BL=[]
[RX  <- A] bucket=9228  peer_BL=[]  my_BL=[]
[TX  ->  *] bucket=9228 L4 active=wlan0 ch10  BL=[]
[01:23:34] HOP bucket=9229 L4 wlan0 -> ch4  (retuning, ~700ms loss)  | BL=[]
[TX  ->  *] bucket=9229 L4 active=wlan0 ch4  BL=[]
[RX  <- A] bucket=9229  peer_BL=[]  my_BL=[]
[01:23:36] HOP bucket=9230 L4 wlan0 -> ch11  (retuning, ~700ms loss)  | BL=[]
[RX  <- A] bucket=9230  peer_BL=[]  my_BL=[]
[TX  ->  *] bucket=9230 L4 active=wlan0 ch11  BL=[]
[01:23:38] HOP bucket=9231 L4 wlan0 -> ch8  (retuning, ~700ms loss)  | BL=[]
[TX  ->  *] bucket=9231 L4 active=wlan0 ch8  BL=[]
[RX  <- A] bucket=9231  peer_BL=[]  my_BL=[]
[01:23:40] HOP bucket=9232 L4 wlan0 -> ch6  (retuning, ~700ms loss)  | BL=[]
[TX  ->  *] bucket=9232 L4 active=wlan0 ch6  BL=[]
[RX  <- A] bucket=9232  peer_BL=[]  my_BL=[]
[01:23:42] HOP bucket=9233 L4 wlan0 -> ch8  (retuning, ~700ms loss)  | BL=[]
[TX  ->  *] bucket=9233 L4 active=wlan0 ch8  BL=[]
[RX  <- A] bucket=9233  peer_BL=[]  my_BL=[]
[01:23:44] HOP bucket=9234 L4 wlan0 -> ch9  (retuning, ~700ms loss)  | BL=[]
[TX  ->  *] bucket=9234 L4 active=wlan0 ch9  BL=[]
[RX  <- A] bucket=9234  peer_BL=[]  my_BL=[]
[01:23:46] HOP bucket=9235 L4 wlan0 -> ch11  (retuning, ~700ms loss)  | BL=[]
[TX  ->  *] bucket=9235 L4 active=wlan0 ch11  BL=[]
[RX  <- A] bucket=9235  peer_BL=[]  my_BL=[]
[01:23:48] HOP bucket=9236 L4 wlan0 -> ch7  (retuning, ~700ms loss)  | BL=[]
[TX  ->  *] bucket=9236 L4 active=wlan0 ch7  BL=[]
[RX  <- A] bucket=9236  peer_BL=[]  my_BL=[]
[01:23:50] HOP bucket=9237 L4 wlan0 -> ch11  (retuning, ~700ms loss)  | BL=[]
[TX  ->  *] bucket=9237 L4 active=wlan0 ch11  BL=[]
[RX  <- A] bucket=9237  peer_BL=[]  my_BL=[]
[01:23:52] HOP bucket=9238 L4 wlan0 -> ch5  (retuning, ~700ms loss)  | BL=[]
[RX  <- A] bucket=9238  peer_BL=[]  my_BL=[]
[TX  ->  *] bucket=9238 L4 active=wlan0 ch5  BL=[]
[01:23:54] HOP bucket=9239 L4 wlan0 -> ch5  (retuning, ~700ms loss)  | BL=[]
[TX  ->  *] bucket=9239 L4 active=wlan0 ch5  BL=[]
[RX  <- A] bucket=9239  peer_BL=[]  my_BL=[]
[01:23:56] HOP bucket=9240 L4 wlan0 -> ch6  (retuning, ~700ms loss)  | BL=[]
[RX  <- A] bucket=9240  peer_BL=[]  my_BL=[]
[TX  ->  *] bucket=9240 L4 active=wlan0 ch6  BL=[]
[01:23:58] HOP bucket=9241 L4 wlan0 -> ch6  (retuning, ~700ms loss)  | BL=[]
[TX  ->  *] bucket=9241 L4 active=wlan0 ch6  BL=[]
[RX  <- A] bucket=9241  peer_BL=[]  my_BL=[]
[01:24:00] HOP bucket=9242 L4 wlan0 -> ch4  (retuning, ~700ms loss)  | BL=[]
[TX  ->  *] bucket=9242 L4 active=wlan0 ch4  BL=[]
[RX  <- A] bucket=9242  peer_BL=[]  my_BL=[]
[01:24:02] HOP bucket=9243 L4 wlan0 -> ch4  (retuning, ~700ms loss)  | BL=[]
[TX  ->  *] bucket=9243 L4 active=wlan0 ch4  BL=[]
[RX  <- A] bucket=9243  peer_BL=[]  my_BL=[]
[01:24:04] HOP bucket=9244 L4 wlan0 -> ch9  (retuning, ~700ms loss)  | BL=[]
[TX  ->  *] bucket=9244 L4 active=wlan0 ch9  BL=[]
[RX  <- A] bucket=9244  peer_BL=[]  my_BL=[]
[01:24:06] HOP bucket=9245 L4 wlan0 -> ch7  (retuning, ~700ms loss)  | BL=[]
[TX  ->  *] bucket=9245 L4 active=wlan0 ch7  BL=[]
[RX  <- A] bucket=9245  peer_BL=[]  my_BL=[]
[01:24:08] HOP bucket=9246 L4 wlan0 -> ch5  (retuning, ~700ms loss)  | BL=[]
[RX  <- A] bucket=9246  peer_BL=[]  my_BL=[]
[TX  ->  *] bucket=9246 L4 active=wlan0 ch5  BL=[]
[01:24:10] HOP bucket=9247 L4 wlan0 -> ch9  (retuning, ~700ms loss)  | BL=[]
[TX  ->  *] bucket=9247 L4 active=wlan0 ch9  BL=[]
[RX  <- A] bucket=9247  peer_BL=[]  my_BL=[]
[01:24:12] HOP bucket=9248 L4 wlan0 -> ch9  (retuning, ~700ms loss)  | BL=[]
[TX  ->  *] bucket=9248 L4 active=wlan0 ch9  BL=[]
[RX  <- A] bucket=9248  peer_BL=[]  my_BL=[]
[01:24:14] HOP bucket=9249 L4 wlan0 -> ch6  (retuning, ~700ms loss)  | BL=[]
[RX  <- A] bucket=9249  peer_BL=[]  my_BL=[]
[TX  ->  *] bucket=9249 L4 active=wlan0 ch6  BL=[]
[01:24:16] HOP bucket=9250 L4 wlan0 -> ch5  (retuning, ~700ms loss)  | BL=[]
[TX  ->  *] bucket=9250 L4 active=wlan0 ch5  BL=[]
[RX  <- A] bucket=9250  peer_BL=[]  my_BL=[]
[01:24:18] HOP bucket=9251 L4 wlan0 -> ch9  (retuning, ~700ms loss)  | BL=[]
[RX  <- A] bucket=9251  peer_BL=[]  my_BL=[]
[TX  ->  *] bucket=9251 L4 active=wlan0 ch9  BL=[]
[01:24:20] HOP bucket=9252 L4 wlan0 -> ch7  (retuning, ~700ms loss)  | BL=[]
[RX  <- A] bucket=9252  peer_BL=[]  my_BL=[]
[TX  ->  *] bucket=9252 L4 active=wlan0 ch7  BL=[]
[01:24:22] HOP bucket=9253 L4 wlan0 -> ch9  (retuning, ~700ms loss)  | BL=[]
[RX  <- A] bucket=9253  peer_BL=[]  my_BL=[]
[TX  ->  *] bucket=9253 L4 active=wlan0 ch9  BL=[]
[01:24:24] HOP bucket=9254 L4 wlan0 -> ch4  (retuning, ~700ms loss)  | BL=[]
[RX  <- A] bucket=9254  peer_BL=[]  my_BL=[]
[TX  ->  *] bucket=9254 L4 active=wlan0 ch4  BL=[]
[01:24:26] HOP bucket=9255 L4 wlan0 -> ch8  (retuning, ~700ms loss)  | BL=[]
[RX  <- A] bucket=9255  peer_BL=[]  my_BL=[]
[TX  ->  *] bucket=9255 L4 active=wlan0 ch8  BL=[]
[01:24:28] HOP bucket=9256 L4 wlan0 -> ch10  (retuning, ~700ms loss)  | BL=[]
[RX  <- A] bucket=9256  peer_BL=[]  my_BL=[]
[TX  ->  *] bucket=9256 L4 active=wlan0 ch10  BL=[]
[01:24:30] HOP bucket=9257 L4 wlan0 -> ch7  (retuning, ~700ms loss)  | BL=[]
[RX  <- A] bucket=9257  peer_BL=[]  my_BL=[]
[TX  ->  *] bucket=9257 L4 active=wlan0 ch7  BL=[]
[01:24:32] HOP bucket=9258 L4 wlan0 -> ch6  (retuning, ~700ms loss)  | BL=[]
[TX  ->  *] bucket=9258 L4 active=wlan0 ch6  BL=[]
[RX  <- A] bucket=9258  peer_BL=[]  my_BL=[]
[01:24:34] HOP bucket=9259 L4 wlan0 -> ch10  (retuning, ~700ms loss)  | BL=[]
[TX  ->  *] bucket=9259 L4 active=wlan0 ch10  BL=[]
[RX  <- A] bucket=9259  peer_BL=[]  my_BL=[]
[01:24:36] HOP bucket=9260 L4 wlan0 -> ch4  (retuning, ~700ms loss)  | BL=[]
[TX  ->  *] bucket=9260 L4 active=wlan0 ch4  BL=[]
[RX  <- A] bucket=9260  peer_BL=[]  my_BL=[]
[01:24:38] HOP bucket=9261 L4 wlan0 -> ch8  (retuning, ~700ms loss)  | BL=[]
[RX  <- A] bucket=9261  peer_BL=[]  my_BL=[]
[TX  ->  *] bucket=9261 L4 active=wlan0 ch8  BL=[]
[01:24:40] HOP bucket=9262 L4 wlan0 -> ch3  (retuning, ~700ms loss)  | BL=[]
[RX  <- A] bucket=9262  peer_BL=[]  my_BL=[]
[TX  ->  *] bucket=9262 L4 active=wlan0 ch3  BL=[]
[01:24:42] HOP bucket=9263 L4 wlan0 -> ch3  (retuning, ~700ms loss)  | BL=[]
[RX  <- A] bucket=9263  peer_BL=[]  my_BL=[]
[TX  ->  *] bucket=9263 L4 active=wlan0 ch3  BL=[]
[01:24:44] HOP bucket=9264 L4 wlan0 -> ch7  (retuning, ~700ms loss)  | BL=[]
[RX  <- A] bucket=9264  peer_BL=[]  my_BL=[]
[TX  ->  *] bucket=9264 L4 active=wlan0 ch7  BL=[]
[01:24:46] HOP bucket=9265 L4 wlan0 -> ch8  (retuning, ~700ms loss)  | BL=[]
[RX  <- A] bucket=9265  peer_BL=[]  my_BL=[]
[TX  ->  *] bucket=9265 L4 active=wlan0 ch8  BL=[]
[01:24:48] HOP bucket=9266 L4 wlan0 -> ch6  (retuning, ~700ms loss)  | BL=[]
[TX  ->  *] bucket=9266 L4 active=wlan0 ch6  BL=[]
[RX  <- A] bucket=9266  peer_BL=[]  my_BL=[]
[01:24:50] HOP bucket=9267 L4 wlan0 -> ch8  (retuning, ~700ms loss)  | BL=[]
[TX  ->  *] bucket=9267 L4 active=wlan0 ch8  BL=[]
[RX  <- A] bucket=9267  peer_BL=[]  my_BL=[]
[01:24:52] HOP bucket=9268 L4 wlan0 -> ch8  (retuning, ~700ms loss)  | BL=[]
[RX  <- A] bucket=9268  peer_BL=[]  my_BL=[]
[TX  ->  *] bucket=9268 L4 active=wlan0 ch8  BL=[]
[01:24:54] HOP bucket=9269 L4 wlan0 -> ch4  (retuning, ~700ms loss)  | BL=[]
[RX  <- A] bucket=9269  peer_BL=[]  my_BL=[]
[TX  ->  *] bucket=9269 L4 active=wlan0 ch4  BL=[]
[01:24:56] HOP bucket=9270 L4 wlan0 -> ch7  (retuning, ~700ms loss)  | BL=[]
[RX  <- A] bucket=9270  peer_BL=[]  my_BL=[]
[TX  ->  *] bucket=9270 L4 active=wlan0 ch7  BL=[]
[01:24:58] HOP bucket=9271 L4 wlan0 -> ch9  (retuning, ~700ms loss)  | BL=[]
[RX  <- A] bucket=9271  peer_BL=[]  my_BL=[]
[TX  ->  *] bucket=9271 L4 active=wlan0 ch9  BL=[]
[01:25:00] HOP bucket=9272 L4 wlan0 -> ch3  (retuning, ~700ms loss)  | BL=[]
[TX  ->  *] bucket=9272 L4 active=wlan0 ch3  BL=[]
[RX  <- A] bucket=9272  peer_BL=[]  my_BL=[]
[01:25:02] HOP bucket=9273 L4 wlan0 -> ch9  (retuning, ~700ms loss)  | BL=[]
[TX  ->  *] bucket=9273 L4 active=wlan0 ch9  BL=[]
[RX  <- A] bucket=9273  peer_BL=[]  my_BL=[]
[01:25:04] HOP bucket=9274 L4 wlan0 -> ch4  (retuning, ~700ms loss)  | BL=[]
[TX  ->  *] bucket=9274 L4 active=wlan0 ch4  BL=[]
[RX  <- A] bucket=9274  peer_BL=[]  my_BL=[]
[01:25:06] HOP bucket=9275 L4 wlan0 -> ch6  (retuning, ~700ms loss)  | BL=[]
[TX  ->  *] bucket=9275 L4 active=wlan0 ch6  BL=[]
[RX  <- A] bucket=9275  peer_BL=[]  my_BL=[]
[01:25:08] HOP bucket=9276 L4 wlan0 -> ch10  (retuning, ~700ms loss)  | BL=[]
[TX  ->  *] bucket=9276 L4 active=wlan0 ch10  BL=[]
[RX  <- A] bucket=9276  peer_BL=[]  my_BL=[]
[01:25:10] HOP bucket=9277 L4 wlan0 -> ch10  (retuning, ~700ms loss)  | BL=[]
[TX  ->  *] bucket=9277 L4 active=wlan0 ch10  BL=[]
[RX  <- A] bucket=9277  peer_BL=[]  my_BL=[]
[01:25:12] HOP bucket=9278 L4 wlan0 -> ch10  (retuning, ~700ms loss)  | BL=[]
[RX  <- A] bucket=9278  peer_BL=[]  my_BL=[]
[TX  ->  *] bucket=9278 L4 active=wlan0 ch10  BL=[]
[01:25:14] HOP bucket=9279 L4 wlan0 -> ch5  (retuning, ~700ms loss)  | BL=[]
[TX  ->  *] bucket=9279 L4 active=wlan0 ch5  BL=[]
[RX  <- A] bucket=9279  peer_BL=[]  my_BL=[]
[01:25:16] HOP bucket=9280 L4 wlan0 -> ch11  (retuning, ~700ms loss)  | BL=[]
[TX  ->  *] bucket=9280 L4 active=wlan0 ch11  BL=[]
[RX  <- A] bucket=9280  peer_BL=[]  my_BL=[]
[01:25:18] HOP bucket=9281 L4 wlan0 -> ch7  (retuning, ~700ms loss)  | BL=[]
[TX  ->  *] bucket=9281 L4 active=wlan0 ch7  BL=[]
[RX  <- A] bucket=9281  peer_BL=[]  my_BL=[]
[01:25:20] HOP bucket=9282 L4 wlan0 -> ch11  (retuning, ~700ms loss)  | BL=[]
[TX  ->  *] bucket=9282 L4 active=wlan0 ch11  BL=[]
[RX  <- A] bucket=9282  peer_BL=[]  my_BL=[]
[01:25:22] HOP bucket=9283 L4 wlan0 -> ch10  (retuning, ~700ms loss)  | BL=[]
[TX  ->  *] bucket=9283 L4 active=wlan0 ch10  BL=[]
[RX  <- A] bucket=9283  peer_BL=[]  my_BL=[]
[01:25:24] HOP bucket=9284 L4 wlan0 -> ch6  (retuning, ~700ms loss)  | BL=[]
[TX  ->  *] bucket=9284 L4 active=wlan0 ch6  BL=[]
[RX  <- A] bucket=9284  peer_BL=[]  my_BL=[]
[01:25:26] HOP bucket=9285 L4 wlan0 -> ch7  (retuning, ~700ms loss)  | BL=[]
[TX  ->  *] bucket=9285 L4 active=wlan0 ch7  BL=[]
[RX  <- A] bucket=9285  peer_BL=[]  my_BL=[]
[01:25:28] HOP bucket=9286 L4 wlan0 -> ch11  (retuning, ~700ms loss)  | BL=[]
[TX  ->  *] bucket=9286 L4 active=wlan0 ch11  BL=[]
[RX  <- A] bucket=9286  peer_BL=[]  my_BL=[]
[01:25:30] HOP bucket=9287 L4 wlan0 -> ch6  (retuning, ~700ms loss)  | BL=[]
[TX  ->  *] bucket=9287 L4 active=wlan0 ch6  BL=[]
[RX  <- A] bucket=9287  peer_BL=[]  my_BL=[]
[01:25:32] HOP bucket=9288 L4 wlan0 -> ch11  (retuning, ~700ms loss)  | BL=[]
[RX  <- A] bucket=9288  peer_BL=[]  my_BL=[]
[TX  ->  *] bucket=9288 L4 active=wlan0 ch11  BL=[]
[01:25:34] HOP bucket=9289 L4 wlan0 -> ch6  (retuning, ~700ms loss)  | BL=[]
[TX  ->  *] bucket=9289 L4 active=wlan0 ch6  BL=[]
[RX  <- A] bucket=9289  peer_BL=[]  my_BL=[]
[01:25:36] HOP bucket=9290 L4 wlan0 -> ch3  (retuning, ~700ms loss)  | BL=[]
[RX  <- A] bucket=9290  peer_BL=[]  my_BL=[]
[TX  ->  *] bucket=9290 L4 active=wlan0 ch3  BL=[]
[01:25:38] HOP bucket=9291 L4 wlan0 -> ch6  (retuning, ~700ms loss)  | BL=[]
[TX  ->  *] bucket=9291 L4 active=wlan0 ch6  BL=[]
[RX  <- A] bucket=9291  peer_BL=[]  my_BL=[]
[01:25:40] HOP bucket=9292 L4 wlan0 -> ch9  (retuning, ~700ms loss)  | BL=[]
[TX  ->  *] bucket=9292 L4 active=wlan0 ch9  BL=[]
[RX  <- A] bucket=9292  peer_BL=[]  my_BL=[]
[01:25:42] HOP bucket=9293 L4 wlan0 -> ch8  (retuning, ~700ms loss)  | BL=[]
[TX  ->  *] bucket=9293 L4 active=wlan0 ch8  BL=[]
[RX  <- A] bucket=9293  peer_BL=[]  my_BL=[]
[01:25:44] HOP bucket=9294 L4 wlan0 -> ch11  (retuning, ~700ms loss)  | BL=[]
[TX  ->  *] bucket=9294 L4 active=wlan0 ch11  BL=[]
[RX  <- A] bucket=9294  peer_BL=[]  my_BL=[]
[01:25:46] HOP bucket=9295 L4 wlan0 -> ch4  (retuning, ~700ms loss)  | BL=[]
[TX  ->  *] bucket=9295 L4 active=wlan0 ch4  BL=[]
[RX  <- A] bucket=9295  peer_BL=[]  my_BL=[]
[01:25:48] HOP bucket=9296 L4 wlan0 -> ch5  (retuning, ~700ms loss)  | BL=[]
[RX  <- A] bucket=9296  peer_BL=[]  my_BL=[]
[TX  ->  *] bucket=9296 L4 active=wlan0 ch5  BL=[]
[01:25:50] HOP bucket=9297 L4 wlan0 -> ch6  (retuning, ~700ms loss)  | BL=[]
[TX  ->  *] bucket=9297 L4 active=wlan0 ch6  BL=[]
[RX  <- A] bucket=9297  peer_BL=[]  my_BL=[]
[01:25:52] HOP bucket=9298 L4 wlan0 -> ch11  (retuning, ~700ms loss)  | BL=[]
[RX  <- A] bucket=9298  peer_BL=[]  my_BL=[]
[TX  ->  *] bucket=9298 L4 active=wlan0 ch11  BL=[]
[01:25:54] HOP bucket=9299 L4 wlan0 -> ch4  (retuning, ~700ms loss)  | BL=[]
[RX  <- A] bucket=9299  peer_BL=[]  my_BL=[]
[TX  ->  *] bucket=9299 L4 active=wlan0 ch4  BL=[]
[01:25:56] HOP bucket=9300 L4 wlan0 -> ch9  (retuning, ~700ms loss)  | BL=[]
[RX  <- A] bucket=9300  peer_BL=[]  my_BL=[]
[TX  ->  *] bucket=9300 L4 active=wlan0 ch9  BL=[]
[01:25:58] HOP bucket=9301 L4 wlan0 -> ch6  (retuning, ~700ms loss)  | BL=[]
[RX  <- A] bucket=9301  peer_BL=[]  my_BL=[]
[TX  ->  *] bucket=9301 L4 active=wlan0 ch6  BL=[]
[01:26:00] HOP bucket=9302 L4 wlan0 -> ch5  (retuning, ~700ms loss)  | BL=[]
[TX  ->  *] bucket=9302 L4 active=wlan0 ch5  BL=[]
[RX  <- A] bucket=9302  peer_BL=[]  my_BL=[]
[01:26:02] HOP bucket=9303 L4 wlan0 -> ch10  (retuning, ~700ms loss)  | BL=[]
[RX  <- A] bucket=9303  peer_BL=[]  my_BL=[]
[TX  ->  *] bucket=9303 L4 active=wlan0 ch10  BL=[]
[01:26:04] HOP bucket=9304 L4 wlan0 -> ch4  (retuning, ~700ms loss)  | BL=[]
[TX  ->  *] bucket=9304 L4 active=wlan0 ch4  BL=[]
[RX  <- A] bucket=9304  peer_BL=[]  my_BL=[]
[01:26:06] HOP bucket=9305 L4 wlan0 -> ch6  (retuning, ~700ms loss)  | BL=[]
[RX  <- A] bucket=9305  peer_BL=[]  my_BL=[]
[TX  ->  *] bucket=9305 L4 active=wlan0 ch6  BL=[]
[01:26:08] HOP bucket=9306 L4 wlan0 -> ch10  (retuning, ~700ms loss)  | BL=[]
[TX  ->  *] bucket=9306 L4 active=wlan0 ch10  BL=[]
[RX  <- A] bucket=9306  peer_BL=[]  my_BL=[]
[01:26:10] HOP bucket=9307 L4 wlan0 -> ch4  (retuning, ~700ms loss)  | BL=[]
[RX  <- A] bucket=9307  peer_BL=[]  my_BL=[]
[TX  ->  *] bucket=9307 L4 active=wlan0 ch4  BL=[]
[01:26:12] HOP bucket=9308 L4 wlan0 -> ch3  (retuning, ~700ms loss)  | BL=[]
[TX  ->  *] bucket=9308 L4 active=wlan0 ch3  BL=[]
[RX  <- A] bucket=9308  peer_BL=[]  my_BL=[]
[01:26:14] HOP bucket=9309 L4 wlan0 -> ch5  (retuning, ~700ms loss)  | BL=[]
[TX  ->  *] bucket=9309 L4 active=wlan0 ch5  BL=[]
[RX  <- A] bucket=9309  peer_BL=[]  my_BL=[]
[01:26:16] HOP bucket=9310 L4 wlan0 -> ch5  (retuning, ~700ms loss)  | BL=[]
[TX  ->  *] bucket=9310 L4 active=wlan0 ch5  BL=[]
[RX  <- A] bucket=9310  peer_BL=[]  my_BL=[]
[01:26:18] HOP bucket=9311 L4 wlan0 -> ch7  (retuning, ~700ms loss)  | BL=[]
[TX  ->  *] bucket=9311 L4 active=wlan0 ch7  BL=[]
[RX  <- A] bucket=9311  peer_BL=[]  my_BL=[]
[01:26:20] HOP bucket=9312 L4 wlan0 -> ch7  (retuning, ~700ms loss)  | BL=[]
[TX  ->  *] bucket=9312 L4 active=wlan0 ch7  BL=[]
[RX  <- A] bucket=9312  peer_BL=[]  my_BL=[]
[01:26:22] HOP bucket=9313 L4 wlan0 -> ch9  (retuning, ~700ms loss)  | BL=[]
[TX  ->  *] bucket=9313 L4 active=wlan0 ch9  BL=[]
[RX  <- A] bucket=9313  peer_BL=[]  my_BL=[]
[01:26:24] HOP bucket=9314 L4 wlan0 -> ch8  (retuning, ~700ms loss)  | BL=[]
[TX  ->  *] bucket=9314 L4 active=wlan0 ch8  BL=[]
[RX  <- A] bucket=9314  peer_BL=[]  my_BL=[]
[01:26:26] HOP bucket=9315 L4 wlan0 -> ch8  (retuning, ~700ms loss)  | BL=[]
[TX  ->  *] bucket=9315 L4 active=wlan0 ch8  BL=[]
[RX  <- A] bucket=9315  peer_BL=[]  my_BL=[]
[01:26:28] HOP bucket=9316 L4 wlan0 -> ch3  (retuning, ~700ms loss)  | BL=[]
[TX  ->  *] bucket=9316 L4 active=wlan0 ch3  BL=[]
[RX  <- A] bucket=9316  peer_BL=[]  my_BL=[]
[01:26:30] HOP bucket=9317 L4 wlan0 -> ch10  (retuning, ~700ms loss)  | BL=[]
[TX  ->  *] bucket=9317 L4 active=wlan0 ch10  BL=[]
[RX  <- A] bucket=9317  peer_BL=[]  my_BL=[]
[01:26:32] HOP bucket=9318 L4 wlan0 -> ch5  (retuning, ~700ms loss)  | BL=[]
[TX  ->  *] bucket=9318 L4 active=wlan0 ch5  BL=[]
[RX  <- A] bucket=9318  peer_BL=[]  my_BL=[]
[01:26:34] HOP bucket=9319 L4 wlan0 -> ch7  (retuning, ~700ms loss)  | BL=[]
[TX  ->  *] bucket=9319 L4 active=wlan0 ch7  BL=[]
[RX  <- A] bucket=9319  peer_BL=[]  my_BL=[]
[01:26:36] HOP bucket=9320 L4 wlan0 -> ch8  (retuning, ~700ms loss)  | BL=[]
[TX  ->  *] bucket=9320 L4 active=wlan0 ch8  BL=[]
[RX  <- A] bucket=9320  peer_BL=[]  my_BL=[]
[01:26:38] HOP bucket=9321 L4 wlan0 -> ch11  (retuning, ~700ms loss)  | BL=[]
[TX  ->  *] bucket=9321 L4 active=wlan0 ch11  BL=[]
[RX  <- A] bucket=9321  peer_BL=[]  my_BL=[]
[01:26:40] HOP bucket=9322 L4 wlan0 -> ch5  (retuning, ~700ms loss)  | BL=[]
[TX  ->  *] bucket=9322 L4 active=wlan0 ch5  BL=[]
[RX  <- A] bucket=9322  peer_BL=[]  my_BL=[]
[01:26:42] HOP bucket=9323 L4 wlan0 -> ch8  (retuning, ~700ms loss)  | BL=[]
[TX  ->  *] bucket=9323 L4 active=wlan0 ch8  BL=[]
[RX  <- A] bucket=9323  peer_BL=[]  my_BL=[]
[01:26:44] HOP bucket=9324 L4 wlan0 -> ch5  (retuning, ~700ms loss)  | BL=[]
[TX  ->  *] bucket=9324 L4 active=wlan0 ch5  BL=[]
[RX  <- A] bucket=9324  peer_BL=[]  my_BL=[]
[01:26:46] HOP bucket=9325 L4 wlan0 -> ch9  (retuning, ~700ms loss)  | BL=[]
[TX  ->  *] bucket=9325 L4 active=wlan0 ch9  BL=[]
[RX  <- A] bucket=9325  peer_BL=[]  my_BL=[]
[01:26:48] HOP bucket=9326 L4 wlan0 -> ch8  (retuning, ~700ms loss)  | BL=[]
[TX  ->  *] bucket=9326 L4 active=wlan0 ch8  BL=[]
[RX  <- A] bucket=9326  peer_BL=[]  my_BL=[]
[01:26:50] HOP bucket=9327 L4 wlan0 -> ch10  (retuning, ~700ms loss)  | BL=[]
[TX  ->  *] bucket=9327 L4 active=wlan0 ch10  BL=[]
[RX  <- A] bucket=9327  peer_BL=[]  my_BL=[]
[01:26:52] HOP bucket=9328 L4 wlan0 -> ch9  (retuning, ~700ms loss)  | BL=[]
[TX  ->  *] bucket=9328 L4 active=wlan0 ch9  BL=[]
[RX  <- A] bucket=9328  peer_BL=[]  my_BL=[]
[01:26:54] HOP bucket=9329 L4 wlan0 -> ch5  (retuning, ~700ms loss)  | BL=[]
[RX  <- A] bucket=9329  peer_BL=[]  my_BL=[]
[TX  ->  *] bucket=9329 L4 active=wlan0 ch5  BL=[]
[01:26:56] HOP bucket=9330 L4 wlan0 -> ch6  (retuning, ~700ms loss)  | BL=[]
[RX  <- A] bucket=9330  peer_BL=[]  my_BL=[]
[TX  ->  *] bucket=9330 L4 active=wlan0 ch6  BL=[]
[01:26:58] HOP bucket=9331 L4 wlan0 -> ch8  (retuning, ~700ms loss)  | BL=[]
[RX  <- A] bucket=9331  peer_BL=[]  my_BL=[]
[TX  ->  *] bucket=9331 L4 active=wlan0 ch8  BL=[]
[01:27:00] HOP bucket=9332 L4 wlan0 -> ch10  (retuning, ~700ms loss)  | BL=[]
[RX  <- A] bucket=9332  peer_BL=[]  my_BL=[]
[TX  ->  *] bucket=9332 L4 active=wlan0 ch10  BL=[]
[01:27:02] HOP bucket=9333 L4 wlan0 -> ch3  (retuning, ~700ms loss)  | BL=[]
[TX  ->  *] bucket=9333 L4 active=wlan0 ch3  BL=[]
[RX  <- A] bucket=9333  peer_BL=[]  my_BL=[]
[01:27:04] HOP bucket=9334 L4 wlan0 -> ch10  (retuning, ~700ms loss)  | BL=[]
[TX  ->  *] bucket=9334 L4 active=wlan0 ch10  BL=[]
[RX  <- A] bucket=9334  peer_BL=[]  my_BL=[]
[01:27:06] HOP bucket=9335 L4 wlan0 -> ch3  (retuning, ~700ms loss)  | BL=[]
[TX  ->  *] bucket=9335 L4 active=wlan0 ch3  BL=[]
[RX  <- A] bucket=9335  peer_BL=[]  my_BL=[]
[01:27:08] HOP bucket=9336 L4 wlan0 -> ch10  (retuning, ~700ms loss)  | BL=[]
[TX  ->  *] bucket=9336 L4 active=wlan0 ch10  BL=[]
[RX  <- A] bucket=9336  peer_BL=[]  my_BL=[]
[01:27:10] HOP bucket=9337 L4 wlan0 -> ch9  (retuning, ~700ms loss)  | BL=[]
[TX  ->  *] bucket=9337 L4 active=wlan0 ch9  BL=[]
[RX  <- A] bucket=9337  peer_BL=[]  my_BL=[]
[01:27:12] HOP bucket=9338 L4 wlan0 -> ch7  (retuning, ~700ms loss)  | BL=[]
[TX  ->  *] bucket=9338 L4 active=wlan0 ch7  BL=[]
[RX  <- A] bucket=9338  peer_BL=[]  my_BL=[]
[01:27:14] HOP bucket=9339 L4 wlan0 -> ch8  (retuning, ~700ms loss)  | BL=[]
[RX  <- A] bucket=9339  peer_BL=[]  my_BL=[]
[TX  ->  *] bucket=9339 L4 active=wlan0 ch8  BL=[]
[01:27:16] HOP bucket=9340 L4 wlan0 -> ch8  (retuning, ~700ms loss)  | BL=[]
[RX  <- A] bucket=9340  peer_BL=[]  my_BL=[]
[TX  ->  *] bucket=9340 L4 active=wlan0 ch8  BL=[]
[01:27:18] HOP bucket=9341 L4 wlan0 -> ch11  (retuning, ~700ms loss)  | BL=[]
[TX  ->  *] bucket=9341 L4 active=wlan0 ch11  BL=[]
[RX  <- A] bucket=9341  peer_BL=[]  my_BL=[]
[01:27:20] HOP bucket=9342 L4 wlan0 -> ch8  (retuning, ~700ms loss)  | BL=[]
[TX  ->  *] bucket=9342 L4 active=wlan0 ch8  BL=[]
[RX  <- A] bucket=9342  peer_BL=[]  my_BL=[]
[01:27:22] HOP bucket=9343 L4 wlan0 -> ch7  (retuning, ~700ms loss)  | BL=[]
[RX  <- A] bucket=9343  peer_BL=[]  my_BL=[]
[TX  ->  *] bucket=9343 L4 active=wlan0 ch7  BL=[]
[01:27:24] HOP bucket=9344 L4 wlan0 -> ch3  (retuning, ~700ms loss)  | BL=[]
[RX  <- A] bucket=9344  peer_BL=[]  my_BL=[]
[TX  ->  *] bucket=9344 L4 active=wlan0 ch3  BL=[]
[01:27:26] HOP bucket=9345 L4 wlan0 -> ch6  (retuning, ~700ms loss)  | BL=[]
[TX  ->  *] bucket=9345 L4 active=wlan0 ch6  BL=[]
[RX  <- A] bucket=9345  peer_BL=[]  my_BL=[]
[01:27:28] HOP bucket=9346 L4 wlan0 -> ch4  (retuning, ~700ms loss)  | BL=[]
[TX  ->  *] bucket=9346 L4 active=wlan0 ch4  BL=[]
[RX  <- A] bucket=9346  peer_BL=[]  my_BL=[]
[01:27:30] HOP bucket=9347 L4 wlan0 -> ch11  (retuning, ~700ms loss)  | BL=[]
[TX  ->  *] bucket=9347 L4 active=wlan0 ch11  BL=[]
[RX  <- A] bucket=9347  peer_BL=[]  my_BL=[]
[01:27:32] HOP bucket=9348 L4 wlan0 -> ch4  (retuning, ~700ms loss)  | BL=[]
[TX  ->  *] bucket=9348 L4 active=wlan0 ch4  BL=[]
[RX  <- A] bucket=9348  peer_BL=[]  my_BL=[]
[01:27:34] HOP bucket=9349 L4 wlan0 -> ch9  (retuning, ~700ms loss)  | BL=[]
[TX  ->  *] bucket=9349 L4 active=wlan0 ch9  BL=[]
[RX  <- A] bucket=9349  peer_BL=[]  my_BL=[]
[01:27:36] HOP bucket=9350 L4 wlan0 -> ch7  (retuning, ~700ms loss)  | BL=[]
[TX  ->  *] bucket=9350 L4 active=wlan0 ch7  BL=[]
[RX  <- A] bucket=9350  peer_BL=[]  my_BL=[]
[01:27:38] HOP bucket=9351 L4 wlan0 -> ch9  (retuning, ~700ms loss)  | BL=[]
[TX  ->  *] bucket=9351 L4 active=wlan0 ch9  BL=[]
[RX  <- A] bucket=9351  peer_BL=[]  my_BL=[]
[01:27:40] HOP bucket=9352 L4 wlan0 -> ch6  (retuning, ~700ms loss)  | BL=[]
[TX  ->  *] bucket=9352 L4 active=wlan0 ch6  BL=[]
[RX  <- A] bucket=9352  peer_BL=[]  my_BL=[]
[01:27:42] HOP bucket=9353 L4 wlan0 -> ch4  (retuning, ~700ms loss)  | BL=[]
[RX  <- A] bucket=9353  peer_BL=[]  my_BL=[]
[TX  ->  *] bucket=9353 L4 active=wlan0 ch4  BL=[]
[01:27:44] HOP bucket=9354 L4 wlan0 -> ch8  (retuning, ~700ms loss)  | BL=[]
[TX  ->  *] bucket=9354 L4 active=wlan0 ch8  BL=[]
[RX  <- A] bucket=9354  peer_BL=[]  my_BL=[]
[01:27:46] HOP bucket=9355 L4 wlan0 -> ch6  (retuning, ~700ms loss)  | BL=[]
[TX  ->  *] bucket=9355 L4 active=wlan0 ch6  BL=[]
[RX  <- A] bucket=9355  peer_BL=[]  my_BL=[]
[01:27:48] HOP bucket=9356 L4 wlan0 -> ch3  (retuning, ~700ms loss)  | BL=[]
[TX  ->  *] bucket=9356 L4 active=wlan0 ch3  BL=[]
[RX  <- A] bucket=9356  peer_BL=[]  my_BL=[]
[01:27:50] HOP bucket=9357 L4 wlan0 -> ch3  (retuning, ~700ms loss)  | BL=[]
[RX  <- A] bucket=9357  peer_BL=[]  my_BL=[]
[TX  ->  *] bucket=9357 L4 active=wlan0 ch3  BL=[]
[01:27:52] HOP bucket=9358 L4 wlan0 -> ch9  (retuning, ~700ms loss)  | BL=[]
[TX  ->  *] bucket=9358 L4 active=wlan0 ch9  BL=[]
[RX  <- A] bucket=9358  peer_BL=[]  my_BL=[]
[01:27:54] HOP bucket=9359 L4 wlan0 -> ch10  (retuning, ~700ms loss)  | BL=[]
[TX  ->  *] bucket=9359 L4 active=wlan0 ch10  BL=[]
[RX  <- A] bucket=9359  peer_BL=[]  my_BL=[]
[01:27:56] HOP bucket=9360 L4 wlan0 -> ch6  (retuning, ~700ms loss)  | BL=[]
[TX  ->  *] bucket=9360 L4 active=wlan0 ch6  BL=[]
[RX  <- A] bucket=9360  peer_BL=[]  my_BL=[]
[01:27:58] HOP bucket=9361 L4 wlan0 -> ch9  (retuning, ~700ms loss)  | BL=[]
[TX  ->  *] bucket=9361 L4 active=wlan0 ch9  BL=[]
[RX  <- A] bucket=9361  peer_BL=[]  my_BL=[]
[01:28:00] HOP bucket=9362 L4 wlan0 -> ch9  (retuning, ~700ms loss)  | BL=[]
[TX  ->  *] bucket=9362 L4 active=wlan0 ch9  BL=[]
[RX  <- A] bucket=9362  peer_BL=[]  my_BL=[]
[01:28:02] HOP bucket=9363 L4 wlan0 -> ch3  (retuning, ~700ms loss)  | BL=[]
[TX  ->  *] bucket=9363 L4 active=wlan0 ch3  BL=[]
[RX  <- A] bucket=9363  peer_BL=[]  my_BL=[]
[01:28:04] HOP bucket=9364 L4 wlan0 -> ch10  (retuning, ~700ms loss)  | BL=[]
[TX  ->  *] bucket=9364 L4 active=wlan0 ch10  BL=[]
[RX  <- A] bucket=9364  peer_BL=[]  my_BL=[]
[01:28:06] HOP bucket=9365 L4 wlan0 -> ch7  (retuning, ~700ms loss)  | BL=[]
[TX  ->  *] bucket=9365 L4 active=wlan0 ch7  BL=[]
[RX  <- A] bucket=9365  peer_BL=[]  my_BL=[]
[01:28:08] HOP bucket=9366 L4 wlan0 -> ch4  (retuning, ~700ms loss)  | BL=[]
[TX  ->  *] bucket=9366 L4 active=wlan0 ch4  BL=[]
[RX  <- A] bucket=9366  peer_BL=[]  my_BL=[]
[01:28:10] HOP bucket=9367 L4 wlan0 -> ch10  (retuning, ~700ms loss)  | BL=[]
[RX  <- A] bucket=9367  peer_BL=[]  my_BL=[]
[TX  ->  *] bucket=9367 L4 active=wlan0 ch10  BL=[]
[01:28:12] HOP bucket=9368 L4 wlan0 -> ch4  (retuning, ~700ms loss)  | BL=[]
[TX  ->  *] bucket=9368 L4 active=wlan0 ch4  BL=[]
[RX  <- A] bucket=9368  peer_BL=[]  my_BL=[]
[01:28:14] HOP bucket=9369 L4 wlan0 -> ch4  (retuning, ~700ms loss)  | BL=[]
[TX  ->  *] bucket=9369 L4 active=wlan0 ch4  BL=[]
[RX  <- A] bucket=9369  peer_BL=[]  my_BL=[]
[01:28:16] HOP bucket=9370 L4 wlan0 -> ch5  (retuning, ~700ms loss)  | BL=[]
[TX  ->  *] bucket=9370 L4 active=wlan0 ch5  BL=[]
[RX  <- A] bucket=9370  peer_BL=[]  my_BL=[]
[01:28:18] HOP bucket=9371 L4 wlan0 -> ch5  (retuning, ~700ms loss)  | BL=[]
[TX  ->  *] bucket=9371 L4 active=wlan0 ch5  BL=[]
[RX  <- A] bucket=9371  peer_BL=[]  my_BL=[]
[01:28:20] HOP bucket=9372 L4 wlan0 -> ch6  (retuning, ~700ms loss)  | BL=[]
[TX  ->  *] bucket=9372 L4 active=wlan0 ch6  BL=[]
[RX  <- A] bucket=9372  peer_BL=[]  my_BL=[]
[01:28:22] HOP bucket=9373 L4 wlan0 -> ch3  (retuning, ~700ms loss)  | BL=[]
[RX  <- A] bucket=9373  peer_BL=[]  my_BL=[]
[TX  ->  *] bucket=9373 L4 active=wlan0 ch3  BL=[]
[01:28:24] HOP bucket=9374 L4 wlan0 -> ch6  (retuning, ~700ms loss)  | BL=[]
[TX  ->  *] bucket=9374 L4 active=wlan0 ch6  BL=[]
[RX  <- A] bucket=9374  peer_BL=[]  my_BL=[]
[01:28:26] HOP bucket=9375 L4 wlan0 -> ch10  (retuning, ~700ms loss)  | BL=[]
[TX  ->  *] bucket=9375 L4 active=wlan0 ch10  BL=[]
[RX  <- A] bucket=9375  peer_BL=[]  my_BL=[]
[01:28:28] HOP bucket=9376 L4 wlan0 -> ch3  (retuning, ~700ms loss)  | BL=[]
[TX  ->  *] bucket=9376 L4 active=wlan0 ch3  BL=[]
[RX  <- A] bucket=9376  peer_BL=[]  my_BL=[]
[01:28:30] HOP bucket=9377 L4 wlan0 -> ch4  (retuning, ~700ms loss)  | BL=[]
[RX  <- A] bucket=9377  peer_BL=[]  my_BL=[]
[TX  ->  *] bucket=9377 L4 active=wlan0 ch4  BL=[]
[01:28:32] HOP bucket=9378 L4 wlan0 -> ch9  (retuning, ~700ms loss)  | BL=[]
[RX  <- A] bucket=9378  peer_BL=[]  my_BL=[]
[TX  ->  *] bucket=9378 L4 active=wlan0 ch9  BL=[]
[01:28:34] HOP bucket=9379 L4 wlan0 -> ch4  (retuning, ~700ms loss)  | BL=[]
[TX  ->  *] bucket=9379 L4 active=wlan0 ch4  BL=[]
[RX  <- A] bucket=9379  peer_BL=[]  my_BL=[]
[01:28:36] HOP bucket=9380 L4 wlan0 -> ch7  (retuning, ~700ms loss)  | BL=[]
[TX  ->  *] bucket=9380 L4 active=wlan0 ch7  BL=[]
[RX  <- A] bucket=9380  peer_BL=[]  my_BL=[]
[01:28:38] HOP bucket=9381 L4 wlan0 -> ch4  (retuning, ~700ms loss)  | BL=[]
[TX  ->  *] bucket=9381 L4 active=wlan0 ch4  BL=[]
[RX  <- A] bucket=9381  peer_BL=[]  my_BL=[]
[01:28:40] HOP bucket=9382 L4 wlan0 -> ch9  (retuning, ~700ms loss)  | BL=[]
[TX  ->  *] bucket=9382 L4 active=wlan0 ch9  BL=[]
[RX  <- A] bucket=9382  peer_BL=[]  my_BL=[]
[01:28:42] HOP bucket=9383 L4 wlan0 -> ch9  (retuning, ~700ms loss)  | BL=[]
[TX  ->  *] bucket=9383 L4 active=wlan0 ch9  BL=[]
[RX  <- A] bucket=9383  peer_BL=[]  my_BL=[]
[01:28:44] HOP bucket=9384 L4 wlan0 -> ch4  (retuning, ~700ms loss)  | BL=[]
[TX  ->  *] bucket=9384 L4 active=wlan0 ch4  BL=[]
[RX  <- A] bucket=9384  peer_BL=[]  my_BL=[]
[01:28:46] HOP bucket=9385 L4 wlan0 -> ch5  (retuning, ~700ms loss)  | BL=[]
[TX  ->  *] bucket=9385 L4 active=wlan0 ch5  BL=[]
[RX  <- A] bucket=9385  peer_BL=[]  my_BL=[]
[01:28:48] HOP bucket=9386 L4 wlan0 -> ch4  (retuning, ~700ms loss)  | BL=[]
[TX  ->  *] bucket=9386 L4 active=wlan0 ch4  BL=[]
[RX  <- A] bucket=9386  peer_BL=[]  my_BL=[]
[01:28:50] HOP bucket=9387 L4 wlan0 -> ch11  (retuning, ~700ms loss)  | BL=[]
[TX  ->  *] bucket=9387 L4 active=wlan0 ch11  BL=[]
[RX  <- A] bucket=9387  peer_BL=[]  my_BL=[]
[01:28:52] HOP bucket=9388 L4 wlan0 -> ch11  (retuning, ~700ms loss)  | BL=[]
[TX  ->  *] bucket=9388 L4 active=wlan0 ch11  BL=[]
[RX  <- A] bucket=9388  peer_BL=[]  my_BL=[]
[01:28:54] HOP bucket=9389 L4 wlan0 -> ch5  (retuning, ~700ms loss)  | BL=[]
[TX  ->  *] bucket=9389 L4 active=wlan0 ch5  BL=[]
[RX  <- A] bucket=9389  peer_BL=[]  my_BL=[]
[01:28:56] HOP bucket=9390 L4 wlan0 -> ch8  (retuning, ~700ms loss)  | BL=[]
[RX  <- A] bucket=9390  peer_BL=[]  my_BL=[]
[TX  ->  *] bucket=9390 L4 active=wlan0 ch8  BL=[]
[01:28:58] HOP bucket=9391 L4 wlan0 -> ch8  (retuning, ~700ms loss)  | BL=[]
[TX  ->  *] bucket=9391 L4 active=wlan0 ch8  BL=[]
[RX  <- A] bucket=9391  peer_BL=[]  my_BL=[]
[01:29:00] HOP bucket=9392 L4 wlan0 -> ch9  (retuning, ~700ms loss)  | BL=[]
[TX  ->  *] bucket=9392 L4 active=wlan0 ch9  BL=[]
[RX  <- A] bucket=9392  peer_BL=[]  my_BL=[]
[01:29:02] HOP bucket=9393 L4 wlan0 -> ch11  (retuning, ~700ms loss)  | BL=[]
[TX  ->  *] bucket=9393 L4 active=wlan0 ch11  BL=[]
[RX  <- A] bucket=9393  peer_BL=[]  my_BL=[]
[01:29:04] HOP bucket=9394 L4 wlan0 -> ch3  (retuning, ~700ms loss)  | BL=[]
[TX  ->  *] bucket=9394 L4 active=wlan0 ch3  BL=[]
[RX  <- A] bucket=9394  peer_BL=[]  my_BL=[]
[01:29:06] HOP bucket=9395 L4 wlan0 -> ch10  (retuning, ~700ms loss)  | BL=[]
[RX  <- A] bucket=9395  peer_BL=[]  my_BL=[]
[TX  ->  *] bucket=9395 L4 active=wlan0 ch10  BL=[]
[01:29:08] HOP bucket=9396 L4 wlan0 -> ch9  (retuning, ~700ms loss)  | BL=[]
[TX  ->  *] bucket=9396 L4 active=wlan0 ch9  BL=[]
[RX  <- A] bucket=9396  peer_BL=[]  my_BL=[]
[01:29:10] HOP bucket=9397 L4 wlan0 -> ch7  (retuning, ~700ms loss)  | BL=[]
[TX  ->  *] bucket=9397 L4 active=wlan0 ch7  BL=[]
[RX  <- A] bucket=9397  peer_BL=[]  my_BL=[]
[01:29:12] HOP bucket=9398 L4 wlan0 -> ch4  (retuning, ~700ms loss)  | BL=[]
[TX  ->  *] bucket=9398 L4 active=wlan0 ch4  BL=[]
[RX  <- A] bucket=9398  peer_BL=[]  my_BL=[]
[01:29:14] HOP bucket=9399 L4 wlan0 -> ch10  (retuning, ~700ms loss)  | BL=[]
[TX  ->  *] bucket=9399 L4 active=wlan0 ch10  BL=[]
[RX  <- A] bucket=9399  peer_BL=[]  my_BL=[]
[01:29:16] HOP bucket=9400 L4 wlan0 -> ch5  (retuning, ~700ms loss)  | BL=[]
[TX  ->  *] bucket=9400 L4 active=wlan0 ch5  BL=[]
[RX  <- A] bucket=9400  peer_BL=[]  my_BL=[]
[01:29:18] HOP bucket=9401 L4 wlan0 -> ch10  (retuning, ~700ms loss)  | BL=[]
[TX  ->  *] bucket=9401 L4 active=wlan0 ch10  BL=[]
[RX  <- A] bucket=9401  peer_BL=[]  my_BL=[]
[01:29:20] HOP bucket=9402 L4 wlan0 -> ch9  (retuning, ~700ms loss)  | BL=[]
[TX  ->  *] bucket=9402 L4 active=wlan0 ch9  BL=[]
[RX  <- A] bucket=9402  peer_BL=[]  my_BL=[]
[01:29:22] HOP bucket=9403 L4 wlan0 -> ch10  (retuning, ~700ms loss)  | BL=[]
[TX  ->  *] bucket=9403 L4 active=wlan0 ch10  BL=[]
[RX  <- A] bucket=9403  peer_BL=[]  my_BL=[]
[01:29:24] HOP bucket=9404 L4 wlan0 -> ch8  (retuning, ~700ms loss)  | BL=[]
[TX  ->  *] bucket=9404 L4 active=wlan0 ch8  BL=[]
[RX  <- A] bucket=9404  peer_BL=[]  my_BL=[]
[01:29:26] HOP bucket=9405 L4 wlan0 -> ch8  (retuning, ~700ms loss)  | BL=[]
[TX  ->  *] bucket=9405 L4 active=wlan0 ch8  BL=[]
[RX  <- A] bucket=9405  peer_BL=[]  my_BL=[]
[01:29:28] HOP bucket=9406 L4 wlan0 -> ch10  (retuning, ~700ms loss)  | BL=[]
[RX  <- A] bucket=9406  peer_BL=[]  my_BL=[]
[TX  ->  *] bucket=9406 L4 active=wlan0 ch10  BL=[]
[01:29:30] HOP bucket=9407 L4 wlan0 -> ch7  (retuning, ~700ms loss)  | BL=[]
[RX  <- A] bucket=9407  peer_BL=[]  my_BL=[]
[TX  ->  *] bucket=9407 L4 active=wlan0 ch7  BL=[]
[01:29:32] HOP bucket=9408 L4 wlan0 -> ch4  (retuning, ~700ms loss)  | BL=[]
[RX  <- A] bucket=9408  peer_BL=[]  my_BL=[]
[TX  ->  *] bucket=9408 L4 active=wlan0 ch4  BL=[]
[01:29:34] HOP bucket=9409 L4 wlan0 -> ch9  (retuning, ~700ms loss)  | BL=[]
[RX  <- A] bucket=9409  peer_BL=[]  my_BL=[]
[TX  ->  *] bucket=9409 L4 active=wlan0 ch9  BL=[]
[01:29:36] HOP bucket=9410 L4 wlan0 -> ch5  (retuning, ~700ms loss)  | BL=[]
[RX  <- A] bucket=9410  peer_BL=[]  my_BL=[]
[TX  ->  *] bucket=9410 L4 active=wlan0 ch5  BL=[]
[01:29:38] HOP bucket=9411 L4 wlan0 -> ch11  (retuning, ~700ms loss)  | BL=[]
[TX  ->  *] bucket=9411 L4 active=wlan0 ch11  BL=[]
[RX  <- A] bucket=9411  peer_BL=[]  my_BL=[]
[01:29:40] HOP bucket=9412 L4 wlan0 -> ch3  (retuning, ~700ms loss)  | BL=[]
[RX  <- A] bucket=9412  peer_BL=[]  my_BL=[]
[TX  ->  *] bucket=9412 L4 active=wlan0 ch3  BL=[]
[01:29:42] HOP bucket=9413 L4 wlan0 -> ch3  (retuning, ~700ms loss)  | BL=[]
[RX  <- A] bucket=9413  peer_BL=[]  my_BL=[]
[TX  ->  *] bucket=9413 L4 active=wlan0 ch3  BL=[]
[01:29:44] HOP bucket=9414 L4 wlan0 -> ch11  (retuning, ~700ms loss)  | BL=[]
[TX  ->  *] bucket=9414 L4 active=wlan0 ch11  BL=[]
[RX  <- A] bucket=9414  peer_BL=[]  my_BL=[]
[01:29:46] HOP bucket=9415 L4 wlan0 -> ch4  (retuning, ~700ms loss)  | BL=[]
[TX  ->  *] bucket=9415 L4 active=wlan0 ch4  BL=[]
[RX  <- A] bucket=9415  peer_BL=[]  my_BL=[]
[01:29:48] HOP bucket=9416 L4 wlan0 -> ch7  (retuning, ~700ms loss)  | BL=[]
[RX  <- A] bucket=9416  peer_BL=[]  my_BL=[]
[TX  ->  *] bucket=9416 L4 active=wlan0 ch7  BL=[]
[01:29:50] HOP bucket=9417 L4 wlan0 -> ch4  (retuning, ~700ms loss)  | BL=[]
[RX  <- A] bucket=9417  peer_BL=[]  my_BL=[]
[TX  ->  *] bucket=9417 L4 active=wlan0 ch4  BL=[]
[01:29:52] HOP bucket=9418 L4 wlan0 -> ch8  (retuning, ~700ms loss)  | BL=[]
[RX  <- A] bucket=9418  peer_BL=[]  my_BL=[]
[TX  ->  *] bucket=9418 L4 active=wlan0 ch8  BL=[]
[01:29:54] HOP bucket=9419 L4 wlan0 -> ch7  (retuning, ~700ms loss)  | BL=[]
[RX  <- A] bucket=9419  peer_BL=[]  my_BL=[]
[TX  ->  *] bucket=9419 L4 active=wlan0 ch7  BL=[]
[01:29:56] HOP bucket=9420 L4 wlan0 -> ch7  (retuning, ~700ms loss)  | BL=[]
[RX  <- A] bucket=9420  peer_BL=[]  my_BL=[]
[TX  ->  *] bucket=9420 L4 active=wlan0 ch7  BL=[]
[01:29:58] HOP bucket=9421 L4 wlan0 -> ch10  (retuning, ~700ms loss)  | BL=[]
[RX  <- A] bucket=9421  peer_BL=[]  my_BL=[]
[TX  ->  *] bucket=9421 L4 active=wlan0 ch10  BL=[]
[01:30:00] HOP bucket=9422 L4 wlan0 -> ch9  (retuning, ~700ms loss)  | BL=[]
[RX  <- A] bucket=9422  peer_BL=[]  my_BL=[]
[TX  ->  *] bucket=9422 L4 active=wlan0 ch9  BL=[]
[01:30:02] HOP bucket=9423 L4 wlan0 -> ch7  (retuning, ~700ms loss)  | BL=[]
[RX  <- A] bucket=9423  peer_BL=[]  my_BL=[]
[TX  ->  *] bucket=9423 L4 active=wlan0 ch7  BL=[]
[01:30:04] HOP bucket=9424 L4 wlan0 -> ch11  (retuning, ~700ms loss)  | BL=[]
[TX  ->  *] bucket=9424 L4 active=wlan0 ch11  BL=[]
[RX  <- A] bucket=9424  peer_BL=[]  my_BL=[]
[01:30:06] HOP bucket=9425 L4 wlan0 -> ch8  (retuning, ~700ms loss)  | BL=[]
[TX  ->  *] bucket=9425 L4 active=wlan0 ch8  BL=[]
[RX  <- A] bucket=9425  peer_BL=[]  my_BL=[]
[01:30:08] HOP bucket=9426 L4 wlan0 -> ch6  (retuning, ~700ms loss)  | BL=[]
[TX  ->  *] bucket=9426 L4 active=wlan0 ch6  BL=[]
[RX  <- A] bucket=9426  peer_BL=[]  my_BL=[]
[01:30:10] HOP bucket=9427 L4 wlan0 -> ch4  (retuning, ~700ms loss)  | BL=[]
[TX  ->  *] bucket=9427 L4 active=wlan0 ch4  BL=[]
[RX  <- A] bucket=9427  peer_BL=[]  my_BL=[]
[01:30:12] HOP bucket=9428 L4 wlan0 -> ch10  (retuning, ~700ms loss)  | BL=[]
[RX  <- A] bucket=9428  peer_BL=[]  my_BL=[]
[TX  ->  *] bucket=9428 L4 active=wlan0 ch10  BL=[]
[01:30:14] HOP bucket=9429 L4 wlan0 -> ch10  (retuning, ~700ms loss)  | BL=[]
[TX  ->  *] bucket=9429 L4 active=wlan0 ch10  BL=[]
[RX  <- A] bucket=9429  peer_BL=[]  my_BL=[]
[01:30:16] HOP bucket=9430 L4 wlan0 -> ch10  (retuning, ~700ms loss)  | BL=[]
[TX  ->  *] bucket=9430 L4 active=wlan0 ch10  BL=[]
[RX  <- A] bucket=9430  peer_BL=[]  my_BL=[]
[01:30:18] HOP bucket=9431 L4 wlan0 -> ch9  (retuning, ~700ms loss)  | BL=[]
[RX  <- A] bucket=9431  peer_BL=[]  my_BL=[]
[TX  ->  *] bucket=9431 L4 active=wlan0 ch9  BL=[]
[01:30:20] HOP bucket=9432 L4 wlan0 -> ch11  (retuning, ~700ms loss)  | BL=[]
[RX  <- A] bucket=9432  peer_BL=[]  my_BL=[]
[TX  ->  *] bucket=9432 L4 active=wlan0 ch11  BL=[]
[01:30:22] HOP bucket=9433 L4 wlan0 -> ch11  (retuning, ~700ms loss)  | BL=[]
[TX  ->  *] bucket=9433 L4 active=wlan0 ch11  BL=[]
[RX  <- A] bucket=9433  peer_BL=[]  my_BL=[]
[01:30:24] HOP bucket=9434 L4 wlan0 -> ch10  (retuning, ~700ms loss)  | BL=[]
[RX  <- A] bucket=9434  peer_BL=[]  my_BL=[]
[TX  ->  *] bucket=9434 L4 active=wlan0 ch10  BL=[]
[01:30:26] HOP bucket=9435 L4 wlan0 -> ch6  (retuning, ~700ms loss)  | BL=[]
[TX  ->  *] bucket=9435 L4 active=wlan0 ch6  BL=[]
[RX  <- A] bucket=9435  peer_BL=[]  my_BL=[]
[01:30:28] HOP bucket=9436 L4 wlan0 -> ch4  (retuning, ~700ms loss)  | BL=[]
[TX  ->  *] bucket=9436 L4 active=wlan0 ch4  BL=[]
[RX  <- A] bucket=9436  peer_BL=[]  my_BL=[]
[01:30:30] HOP bucket=9437 L4 wlan0 -> ch11  (retuning, ~700ms loss)  | BL=[]
[RX  <- A] bucket=9437  peer_BL=[]  my_BL=[]
[TX  ->  *] bucket=9437 L4 active=wlan0 ch11  BL=[]
[01:30:32] HOP bucket=9438 L4 wlan0 -> ch11  (retuning, ~700ms loss)  | BL=[]
[TX  ->  *] bucket=9438 L4 active=wlan0 ch11  BL=[]
[RX  <- A] bucket=9438  peer_BL=[]  my_BL=[]
[01:30:34] HOP bucket=9439 L4 wlan0 -> ch8  (retuning, ~700ms loss)  | BL=[]
[TX  ->  *] bucket=9439 L4 active=wlan0 ch8  BL=[]
[RX  <- A] bucket=9439  peer_BL=[]  my_BL=[]
[01:30:36] HOP bucket=9440 L4 wlan0 -> ch10  (retuning, ~700ms loss)  | BL=[]
[TX  ->  *] bucket=9440 L4 active=wlan0 ch10  BL=[]
[RX  <- A] bucket=9440  peer_BL=[]  my_BL=[]
[01:30:38] HOP bucket=9441 L4 wlan0 -> ch5  (retuning, ~700ms loss)  | BL=[]
[TX  ->  *] bucket=9441 L4 active=wlan0 ch5  BL=[]
[RX  <- A] bucket=9441  peer_BL=[]  my_BL=[]
[01:30:40] HOP bucket=9442 L4 wlan0 -> ch4  (retuning, ~700ms loss)  | BL=[]
[TX  ->  *] bucket=9442 L4 active=wlan0 ch4  BL=[]
[RX  <- A] bucket=9442  peer_BL=[]  my_BL=[]
[01:30:42] HOP bucket=9443 L4 wlan0 -> ch5  (retuning, ~700ms loss)  | BL=[]
[TX  ->  *] bucket=9443 L4 active=wlan0 ch5  BL=[]
[RX  <- A] bucket=9443  peer_BL=[]  my_BL=[]
[01:30:44] HOP bucket=9444 L4 wlan0 -> ch8  (retuning, ~700ms loss)  | BL=[]
[TX  ->  *] bucket=9444 L4 active=wlan0 ch8  BL=[]
[RX  <- A] bucket=9444  peer_BL=[]  my_BL=[]
[01:30:46] HOP bucket=9445 L4 wlan0 -> ch8  (retuning, ~700ms loss)  | BL=[]
[TX  ->  *] bucket=9445 L4 active=wlan0 ch8  BL=[]
[RX  <- A] bucket=9445  peer_BL=[]  my_BL=[]
[01:30:48] HOP bucket=9446 L4 wlan0 -> ch5  (retuning, ~700ms loss)  | BL=[]
[TX  ->  *] bucket=9446 L4 active=wlan0 ch5  BL=[]
[RX  <- A] bucket=9446  peer_BL=[]  my_BL=[]
[01:30:50] HOP bucket=9447 L4 wlan0 -> ch4  (retuning, ~700ms loss)  | BL=[]
[TX  ->  *] bucket=9447 L4 active=wlan0 ch4  BL=[]
[RX  <- A] bucket=9447  peer_BL=[]  my_BL=[]
[01:30:52] HOP bucket=9448 L4 wlan0 -> ch7  (retuning, ~700ms loss)  | BL=[]
[TX  ->  *] bucket=9448 L4 active=wlan0 ch7  BL=[]
[RX  <- A] bucket=9448  peer_BL=[]  my_BL=[]
[01:30:54] HOP bucket=9449 L4 wlan0 -> ch8  (retuning, ~700ms loss)  | BL=[]
[TX  ->  *] bucket=9449 L4 active=wlan0 ch8  BL=[]
[RX  <- A] bucket=9449  peer_BL=[]  my_BL=[]
[01:30:56] HOP bucket=9450 L4 wlan0 -> ch6  (retuning, ~700ms loss)  | BL=[]
[TX  ->  *] bucket=9450 L4 active=wlan0 ch6  BL=[]
[RX  <- A] bucket=9450  peer_BL=[]  my_BL=[]
[01:30:58] HOP bucket=9451 L4 wlan0 -> ch9  (retuning, ~700ms loss)  | BL=[]
[RX  <- A] bucket=9451  peer_BL=[]  my_BL=[]
[TX  ->  *] bucket=9451 L4 active=wlan0 ch9  BL=[]
[01:31:00] HOP bucket=9452 L4 wlan0 -> ch6  (retuning, ~700ms loss)  | BL=[]
[TX  ->  *] bucket=9452 L4 active=wlan0 ch6  BL=[]
[RX  <- A] bucket=9452  peer_BL=[]  my_BL=[]
[01:31:02] HOP bucket=9453 L4 wlan0 -> ch9  (retuning, ~700ms loss)  | BL=[]
[TX  ->  *] bucket=9453 L4 active=wlan0 ch9  BL=[]
[RX  <- A] bucket=9453  peer_BL=[]  my_BL=[]
[01:31:04] HOP bucket=9454 L4 wlan0 -> ch7  (retuning, ~700ms loss)  | BL=[]
[TX  ->  *] bucket=9454 L4 active=wlan0 ch7  BL=[]
[RX  <- A] bucket=9454  peer_BL=[]  my_BL=[]
[01:31:06] HOP bucket=9455 L4 wlan0 -> ch11  (retuning, ~700ms loss)  | BL=[]
[TX  ->  *] bucket=9455 L4 active=wlan0 ch11  BL=[]
[RX  <- A] bucket=9455  peer_BL=[]  my_BL=[]
[01:31:08] HOP bucket=9456 L4 wlan0 -> ch6  (retuning, ~700ms loss)  | BL=[]
[TX  ->  *] bucket=9456 L4 active=wlan0 ch6  BL=[]
[RX  <- A] bucket=9456  peer_BL=[]  my_BL=[]
[01:31:10] HOP bucket=9457 L4 wlan0 -> ch8  (retuning, ~700ms loss)  | BL=[]
[TX  ->  *] bucket=9457 L4 active=wlan0 ch8  BL=[]
[RX  <- A] bucket=9457  peer_BL=[]  my_BL=[]
[01:31:12] HOP bucket=9458 L4 wlan0 -> ch4  (retuning, ~700ms loss)  | BL=[]
[TX  ->  *] bucket=9458 L4 active=wlan0 ch4  BL=[]
[RX  <- A] bucket=9458  peer_BL=[]  my_BL=[]
[01:31:14] HOP bucket=9459 L4 wlan0 -> ch5  (retuning, ~700ms loss)  | BL=[]
[RX  <- A] bucket=9459  peer_BL=[]  my_BL=[]
[TX  ->  *] bucket=9459 L4 active=wlan0 ch5  BL=[]
[01:31:16] HOP bucket=9460 L4 wlan0 -> ch7  (retuning, ~700ms loss)  | BL=[]
[TX  ->  *] bucket=9460 L4 active=wlan0 ch7  BL=[]
[RX  <- A] bucket=9460  peer_BL=[]  my_BL=[]
[01:31:18] HOP bucket=9461 L4 wlan0 -> ch9  (retuning, ~700ms loss)  | BL=[]
[RX  <- A] bucket=9461  peer_BL=[]  my_BL=[]
[TX  ->  *] bucket=9461 L4 active=wlan0 ch9  BL=[]
[01:31:20] HOP bucket=9462 L4 wlan0 -> ch9  (retuning, ~700ms loss)  | BL=[]
[TX  ->  *] bucket=9462 L4 active=wlan0 ch9  BL=[]
[RX  <- A] bucket=9462  peer_BL=[]  my_BL=[]
[01:31:22] HOP bucket=9463 L4 wlan0 -> ch6  (retuning, ~700ms loss)  | BL=[]
[TX  ->  *] bucket=9463 L4 active=wlan0 ch6  BL=[]
[RX  <- A] bucket=9463  peer_BL=[]  my_BL=[]
[01:31:24] HOP bucket=9464 L4 wlan0 -> ch6  (retuning, ~700ms loss)  | BL=[]
[RX  <- A] bucket=9464  peer_BL=[]  my_BL=[]
[TX  ->  *] bucket=9464 L4 active=wlan0 ch6  BL=[]
[01:31:26] HOP bucket=9465 L4 wlan0 -> ch4  (retuning, ~700ms loss)  | BL=[]
[TX  ->  *] bucket=9465 L4 active=wlan0 ch4  BL=[]
[RX  <- A] bucket=9465  peer_BL=[]  my_BL=[]
[01:31:28] HOP bucket=9466 L4 wlan0 -> ch3  (retuning, ~700ms loss)  | BL=[]
[TX  ->  *] bucket=9466 L4 active=wlan0 ch3  BL=[]
[RX  <- A] bucket=9466  peer_BL=[]  my_BL=[]
[01:31:30] HOP bucket=9467 L4 wlan0 -> ch7  (retuning, ~700ms loss)  | BL=[]
[TX  ->  *] bucket=9467 L4 active=wlan0 ch7  BL=[]
[RX  <- A] bucket=9467  peer_BL=[]  my_BL=[]
[01:31:32] HOP bucket=9468 L4 wlan0 -> ch11  (retuning, ~700ms loss)  | BL=[]
[TX  ->  *] bucket=9468 L4 active=wlan0 ch11  BL=[]
[RX  <- A] bucket=9468  peer_BL=[]  my_BL=[]
[01:31:34] HOP bucket=9469 L4 wlan0 -> ch6  (retuning, ~700ms loss)  | BL=[]
[TX  ->  *] bucket=9469 L4 active=wlan0 ch6  BL=[]
[RX  <- A] bucket=9469  peer_BL=[]  my_BL=[]
[01:31:36] HOP bucket=9470 L4 wlan0 -> ch5  (retuning, ~700ms loss)  | BL=[]
[TX  ->  *] bucket=9470 L4 active=wlan0 ch5  BL=[]
[RX  <- A] bucket=9470  peer_BL=[]  my_BL=[]
[01:31:38] HOP bucket=9471 L4 wlan0 -> ch4  (retuning, ~700ms loss)  | BL=[]
[TX  ->  *] bucket=9471 L4 active=wlan0 ch4  BL=[]
[RX  <- A] bucket=9471  peer_BL=[]  my_BL=[]
[01:31:40] HOP bucket=9472 L4 wlan0 -> ch5  (retuning, ~700ms loss)  | BL=[]
[TX  ->  *] bucket=9472 L4 active=wlan0 ch5  BL=[]
[RX  <- A] bucket=9472  peer_BL=[]  my_BL=[]
[01:31:42] HOP bucket=9473 L4 wlan0 -> ch8  (retuning, ~700ms loss)  | BL=[]
[RX  <- A] bucket=9473  peer_BL=[]  my_BL=[]
[TX  ->  *] bucket=9473 L4 active=wlan0 ch8  BL=[]
[01:31:44] HOP bucket=9474 L4 wlan0 -> ch3  (retuning, ~700ms loss)  | BL=[]
[RX  <- A] bucket=9474  peer_BL=[]  my_BL=[]
[TX  ->  *] bucket=9474 L4 active=wlan0 ch3  BL=[]
[01:31:46] HOP bucket=9475 L4 wlan0 -> ch8  (retuning, ~700ms loss)  | BL=[]
[TX  ->  *] bucket=9475 L4 active=wlan0 ch8  BL=[]
[RX  <- A] bucket=9475  peer_BL=[]  my_BL=[]
[01:31:48] HOP bucket=9476 L4 wlan0 -> ch8  (retuning, ~700ms loss)  | BL=[]
[RX  <- A] bucket=9476  peer_BL=[]  my_BL=[]
[TX  ->  *] bucket=9476 L4 active=wlan0 ch8  BL=[]
[01:31:50] HOP bucket=9477 L4 wlan0 -> ch3  (retuning, ~700ms loss)  | BL=[]
[RX  <- A] bucket=9477  peer_BL=[]  my_BL=[]
[TX  ->  *] bucket=9477 L4 active=wlan0 ch3  BL=[]
[01:31:52] HOP bucket=9478 L4 wlan0 -> ch3  (retuning, ~700ms loss)  | BL=[]
[RX  <- A] bucket=9478  peer_BL=[]  my_BL=[]
[TX  ->  *] bucket=9478 L4 active=wlan0 ch3  BL=[]
[01:31:54] HOP bucket=9479 L4 wlan0 -> ch9  (retuning, ~700ms loss)  | BL=[]
[RX  <- A] bucket=9479  peer_BL=[]  my_BL=[]
[TX  ->  *] bucket=9479 L4 active=wlan0 ch9  BL=[]
[01:31:56] HOP bucket=9480 L4 wlan0 -> ch8  (retuning, ~700ms loss)  | BL=[]
[RX  <- A] bucket=9480  peer_BL=[]  my_BL=[]
[TX  ->  *] bucket=9480 L4 active=wlan0 ch8  BL=[]
[01:31:58] HOP bucket=9481 L4 wlan0 -> ch5  (retuning, ~700ms loss)  | BL=[]
[RX  <- A] bucket=9481  peer_BL=[]  my_BL=[]
[TX  ->  *] bucket=9481 L4 active=wlan0 ch5  BL=[]
[01:32:00] HOP bucket=9482 L4 wlan0 -> ch8  (retuning, ~700ms loss)  | BL=[]
[RX  <- A] bucket=9482  peer_BL=[]  my_BL=[]
[TX  ->  *] bucket=9482 L4 active=wlan0 ch8  BL=[]
[01:32:02] HOP bucket=9483 L4 wlan0 -> ch8  (retuning, ~700ms loss)  | BL=[]
[RX  <- A] bucket=9483  peer_BL=[]  my_BL=[]
[TX  ->  *] bucket=9483 L4 active=wlan0 ch8  BL=[]
[01:32:04] HOP bucket=9484 L4 wlan0 -> ch10  (retuning, ~700ms loss)  | BL=[]
[RX  <- A] bucket=9484  peer_BL=[]  my_BL=[]
[TX  ->  *] bucket=9484 L4 active=wlan0 ch10  BL=[]
[01:32:06] HOP bucket=9485 L4 wlan0 -> ch9  (retuning, ~700ms loss)  | BL=[]
[RX  <- A] bucket=9485  peer_BL=[]  my_BL=[]
[TX  ->  *] bucket=9485 L4 active=wlan0 ch9  BL=[]
[01:32:08] HOP bucket=9486 L4 wlan0 -> ch5  (retuning, ~700ms loss)  | BL=[]
[RX  <- A] bucket=9486  peer_BL=[]  my_BL=[]
[TX  ->  *] bucket=9486 L4 active=wlan0 ch5  BL=[]
[01:32:10] HOP bucket=9487 L4 wlan0 -> ch3  (retuning, ~700ms loss)  | BL=[]
[RX  <- A] bucket=9487  peer_BL=[]  my_BL=[]
[TX  ->  *] bucket=9487 L4 active=wlan0 ch3  BL=[]
[01:32:12] HOP bucket=9488 L4 wlan0 -> ch4  (retuning, ~700ms loss)  | BL=[]
[RX  <- A] bucket=9488  peer_BL=[]  my_BL=[]
[TX  ->  *] bucket=9488 L4 active=wlan0 ch4  BL=[]
[01:32:14] HOP bucket=9489 L4 wlan0 -> ch8  (retuning, ~700ms loss)  | BL=[]
[RX  <- A] bucket=9489  peer_BL=[]  my_BL=[]
[TX  ->  *] bucket=9489 L4 active=wlan0 ch8  BL=[]
[01:32:16] HOP bucket=9490 L4 wlan0 -> ch9  (retuning, ~700ms loss)  | BL=[]
[TX  ->  *] bucket=9490 L4 active=wlan0 ch9  BL=[]
[RX  <- A] bucket=9490  peer_BL=[]  my_BL=[]
[01:32:18] HOP bucket=9491 L4 wlan0 -> ch6  (retuning, ~700ms loss)  | BL=[]
[TX  ->  *] bucket=9491 L4 active=wlan0 ch6  BL=[]
[RX  <- A] bucket=9491  peer_BL=[]  my_BL=[]
[01:32:20] HOP bucket=9492 L4 wlan0 -> ch6  (retuning, ~700ms loss)  | BL=[]
[TX  ->  *] bucket=9492 L4 active=wlan0 ch6  BL=[]
[RX  <- A] bucket=9492  peer_BL=[]  my_BL=[]
[01:32:22] HOP bucket=9493 L4 wlan0 -> ch3  (retuning, ~700ms loss)  | BL=[]
[TX  ->  *] bucket=9493 L4 active=wlan0 ch3  BL=[]
[RX  <- A] bucket=9493  peer_BL=[]  my_BL=[]
[01:32:24] HOP bucket=9494 L4 wlan0 -> ch11  (retuning, ~700ms loss)  | BL=[]
[TX  ->  *] bucket=9494 L4 active=wlan0 ch11  BL=[]
[RX  <- A] bucket=9494  peer_BL=[]  my_BL=[]
[01:32:26] HOP bucket=9495 L4 wlan0 -> ch8  (retuning, ~700ms loss)  | BL=[]
[TX  ->  *] bucket=9495 L4 active=wlan0 ch8  BL=[]
[RX  <- A] bucket=9495  peer_BL=[]  my_BL=[]
[01:32:28] HOP bucket=9496 L4 wlan0 -> ch8  (retuning, ~700ms loss)  | BL=[]
[TX  ->  *] bucket=9496 L4 active=wlan0 ch8  BL=[]
[RX  <- A] bucket=9496  peer_BL=[]  my_BL=[]
[01:32:30] HOP bucket=9497 L4 wlan0 -> ch8  (retuning, ~700ms loss)  | BL=[]
[TX  ->  *] bucket=9497 L4 active=wlan0 ch8  BL=[]
[RX  <- A] bucket=9497  peer_BL=[]  my_BL=[]
[01:32:32] HOP bucket=9498 L4 wlan0 -> ch4  (retuning, ~700ms loss)  | BL=[]
[TX  ->  *] bucket=9498 L4 active=wlan0 ch4  BL=[]
[RX  <- A] bucket=9498  peer_BL=[]  my_BL=[]
[01:32:34] HOP bucket=9499 L4 wlan0 -> ch6  (retuning, ~700ms loss)  | BL=[]
[TX  ->  *] bucket=9499 L4 active=wlan0 ch6  BL=[]
[RX  <- A] bucket=9499  peer_BL=[]  my_BL=[]
[01:32:36] HOP bucket=9500 L4 wlan0 -> ch4  (retuning, ~700ms loss)  | BL=[]
[RX  <- A] bucket=9500  peer_BL=[]  my_BL=[]
[TX  ->  *] bucket=9500 L4 active=wlan0 ch4  BL=[]
[01:32:38] HOP bucket=9501 L4 wlan0 -> ch3  (retuning, ~700ms loss)  | BL=[]
[TX  ->  *] bucket=9501 L4 active=wlan0 ch3  BL=[]
[RX  <- A] bucket=9501  peer_BL=[]  my_BL=[]
[01:32:40] HOP bucket=9502 L4 wlan0 -> ch11  (retuning, ~700ms loss)  | BL=[]
[TX  ->  *] bucket=9502 L4 active=wlan0 ch11  BL=[]
[RX  <- A] bucket=9502  peer_BL=[]  my_BL=[]
[01:32:42] HOP bucket=9503 L4 wlan0 -> ch6  (retuning, ~700ms loss)  | BL=[]
[TX  ->  *] bucket=9503 L4 active=wlan0 ch6  BL=[]
[RX  <- A] bucket=9503  peer_BL=[]  my_BL=[]
[01:32:44] HOP bucket=9504 L4 wlan0 -> ch11  (retuning, ~700ms loss)  | BL=[]
[TX  ->  *] bucket=9504 L4 active=wlan0 ch11  BL=[]
[RX  <- A] bucket=9504  peer_BL=[]  my_BL=[]
[01:32:46] HOP bucket=9505 L4 wlan0 -> ch9  (retuning, ~700ms loss)  | BL=[]
[TX  ->  *] bucket=9505 L4 active=wlan0 ch9  BL=[]
[RX  <- A] bucket=9505  peer_BL=[]  my_BL=[]
[01:32:48] HOP bucket=9506 L4 wlan0 -> ch10  (retuning, ~700ms loss)  | BL=[]
[TX  ->  *] bucket=9506 L4 active=wlan0 ch10  BL=[]
[RX  <- A] bucket=9506  peer_BL=[]  my_BL=[]
[01:32:50] HOP bucket=9507 L4 wlan0 -> ch8  (retuning, ~700ms loss)  | BL=[]
[RX  <- A] bucket=9507  peer_BL=[]  my_BL=[]
[TX  ->  *] bucket=9507 L4 active=wlan0 ch8  BL=[]
[01:32:52] HOP bucket=9508 L4 wlan0 -> ch11  (retuning, ~700ms loss)  | BL=[]
[TX  ->  *] bucket=9508 L4 active=wlan0 ch11  BL=[]
[RX  <- A] bucket=9508  peer_BL=[]  my_BL=[]
[01:32:54] HOP bucket=9509 L4 wlan0 -> ch9  (retuning, ~700ms loss)  | BL=[]
[TX  ->  *] bucket=9509 L4 active=wlan0 ch9  BL=[]
[RX  <- A] bucket=9509  peer_BL=[]  my_BL=[]
[01:32:56] HOP bucket=9510 L4 wlan0 -> ch9  (retuning, ~700ms loss)  | BL=[]
[TX  ->  *] bucket=9510 L4 active=wlan0 ch9  BL=[]
[RX  <- A] bucket=9510  peer_BL=[]  my_BL=[]
[01:32:58] HOP bucket=9511 L4 wlan0 -> ch10  (retuning, ~700ms loss)  | BL=[]
[TX  ->  *] bucket=9511 L4 active=wlan0 ch10  BL=[]
[RX  <- A] bucket=9511  peer_BL=[]  my_BL=[]
[01:33:00] HOP bucket=9512 L4 wlan0 -> ch8  (retuning, ~700ms loss)  | BL=[]
[TX  ->  *] bucket=9512 L4 active=wlan0 ch8  BL=[]
[RX  <- A] bucket=9512  peer_BL=[]  my_BL=[]
[01:33:02] HOP bucket=9513 L4 wlan0 -> ch10  (retuning, ~700ms loss)  | BL=[]
[TX  ->  *] bucket=9513 L4 active=wlan0 ch10  BL=[]
[RX  <- A] bucket=9513  peer_BL=[]  my_BL=[]
[01:33:04] HOP bucket=9514 L4 wlan0 -> ch5  (retuning, ~700ms loss)  | BL=[]
[TX  ->  *] bucket=9514 L4 active=wlan0 ch5  BL=[]
[RX  <- A] bucket=9514  peer_BL=[]  my_BL=[]
[01:33:06] HOP bucket=9515 L4 wlan0 -> ch7  (retuning, ~700ms loss)  | BL=[]
[TX  ->  *] bucket=9515 L4 active=wlan0 ch7  BL=[]
[RX  <- A] bucket=9515  peer_BL=[]  my_BL=[]
[01:33:08] HOP bucket=9516 L4 wlan0 -> ch7  (retuning, ~700ms loss)  | BL=[]
[TX  ->  *] bucket=9516 L4 active=wlan0 ch7  BL=[]
[RX  <- A] bucket=9516  peer_BL=[]  my_BL=[]
[01:33:10] HOP bucket=9517 L4 wlan0 -> ch6  (retuning, ~700ms loss)  | BL=[]
[RX  <- A] bucket=9517  peer_BL=[]  my_BL=[]
[TX  ->  *] bucket=9517 L4 active=wlan0 ch6  BL=[]
[01:33:12] HOP bucket=9518 L4 wlan0 -> ch6  (retuning, ~700ms loss)  | BL=[]