============================================================
 ARTCHO NODE — MODE=L5 — NODE_ID=A
============================================================
 Bucket duration : 2.0s
 TEST_EPOCH      : 1772505460.0
 BUCKET_EPOCH    : 1772422660.0
 sim offset      : 82800s  (23.00h)
 Use blacklist   : False
 Detect enabled  : False
 Dual radio      : True
============================================================

[WAIT] sleeping 16.1s until TEST_EPOCH...
[INIT] L5 cold-start (bucket=41400):
       active  wlan0 -> ch6 (2437 MHz)
       bg      wlan1 -> ch7 (2442 MHz)
       confirmed blacklist: []
[INIT] L5 cold-start complete.

[RX  <- B] bucket=41400  peer_BL=[]  my_BL=[]
[TX  ->  *] bucket=41400 L5 active=wlan0 ch6  BL=[]
[03:37:42] HOP bucket=41401 L5 active=wlan1 ch7  | prep wlan0 ch7  | BL=[]
[RX  <- B] bucket=41401  peer_BL=[]  my_BL=[]
[TX  ->  *] bucket=41401 L5 active=wlan1 ch7  BL=[]
[03:37:44] HOP bucket=41402 L5 active=wlan0 ch7  | prep wlan1 ch5  | BL=[]
[TX  ->  *] bucket=41402 L5 active=wlan0 ch7  BL=[]
[03:37:46] HOP bucket=41403 L5 active=wlan1 ch5  | prep wlan0 ch5  | BL=[]
[TX  ->  *] bucket=41403 L5 active=wlan1 ch5  BL=[]
[RX  <- B] bucket=41403  peer_BL=[]  my_BL=[]
[03:37:48] HOP bucket=41404 L5 active=wlan0 ch5  | prep wlan1 ch10  | BL=[]
[TX  ->  *] bucket=41404 L5 active=wlan0 ch5  BL=[]
[RX  <- B] bucket=41404  peer_BL=[]  my_BL=[]
[03:37:50] HOP bucket=41405 L5 active=wlan1 ch10  | prep wlan0 ch10  | BL=[]
[TX  ->  *] bucket=41405 L5 active=wlan1 ch10  BL=[]
[RX  <- B] bucket=41405  peer_BL=[]  my_BL=[]
[03:37:52] HOP bucket=41406 L5 active=wlan0 ch10  | prep wlan1 ch11  | BL=[]
[RX  <- B] bucket=41406  peer_BL=[]  my_BL=[]
[TX  ->  *] bucket=41406 L5 active=wlan0 ch10  BL=[]
[03:37:54] HOP bucket=41407 L5 active=wlan1 ch11  | prep wlan0 ch7  | BL=[]
[RX  <- B] bucket=41407  peer_BL=[]  my_BL=[]
[TX  ->  *] bucket=41407 L5 active=wlan1 ch11  BL=[]
[03:37:56] HOP bucket=41408 L5 active=wlan0 ch7  | prep wlan1 ch7  | BL=[]
[RX  <- B] bucket=41408  peer_BL=[]  my_BL=[]
[TX  ->  *] bucket=41408 L5 active=wlan0 ch7  BL=[]
[03:37:58] HOP bucket=41409 L5 active=wlan1 ch7  | prep wlan0 ch8  | BL=[]
[TX  ->  *] bucket=41409 L5 active=wlan1 ch7  BL=[]
[RX  <- B] bucket=41409  peer_BL=[]  my_BL=[]
[03:38:00] HOP bucket=41410 L5 active=wlan0 ch8  | prep wlan1 ch4  | BL=[]
[TX  ->  *] bucket=41410 L5 active=wlan0 ch8  BL=[]
[RX  <- B] bucket=41410  peer_BL=[]  my_BL=[]
[03:38:02] HOP bucket=41411 L5 active=wlan1 ch4  | prep wlan0 ch9  | BL=[]
[RX  <- B] bucket=41411  peer_BL=[]  my_BL=[]
[TX  ->  *] bucket=41411 L5 active=wlan1 ch4  BL=[]
[03:38:04] HOP bucket=41412 L5 active=wlan0 ch9  | prep wlan1 ch10  | BL=[]
[TX  ->  *] bucket=41412 L5 active=wlan0 ch9  BL=[]
[RX  <- B] bucket=41412  peer_BL=[]  my_BL=[]
[03:38:06] HOP bucket=41413 L5 active=wlan1 ch10  | prep wlan0 ch10  | BL=[]
[RX  <- B] bucket=41413  peer_BL=[]  my_BL=[]
[TX  ->  *] bucket=41413 L5 active=wlan1 ch10  BL=[]
[03:38:08] HOP bucket=41414 L5 active=wlan0 ch10  | prep wlan1 ch9  | BL=[]
[RX  <- B] bucket=41414  peer_BL=[]  my_BL=[]
[TX  ->  *] bucket=41414 L5 active=wlan0 ch10  BL=[]
[03:38:10] HOP bucket=41415 L5 active=wlan1 ch9  | prep wlan0 ch5  | BL=[]
[TX  ->  *] bucket=41415 L5 active=wlan1 ch9  BL=[]
[RX  <- B] bucket=41415  peer_BL=[]  my_BL=[]
[03:38:12] HOP bucket=41416 L5 active=wlan0 ch5  | prep wlan1 ch5  | BL=[]
[RX  <- B] bucket=41416  peer_BL=[]  my_BL=[]
[TX  ->  *] bucket=41416 L5 active=wlan0 ch5  BL=[]
[03:38:14] HOP bucket=41417 L5 active=wlan1 ch5  | prep wlan0 ch4  | BL=[]
[TX  ->  *] bucket=41417 L5 active=wlan1 ch5  BL=[]
[RX  <- B] bucket=41417  peer_BL=[]  my_BL=[]
[03:38:16] HOP bucket=41418 L5 active=wlan0 ch4  | prep wlan1 ch8  | BL=[]
[RX  <- B] bucket=41418  peer_BL=[]  my_BL=[]
[TX  ->  *] bucket=41418 L5 active=wlan0 ch4  BL=[]
[03:38:18] HOP bucket=41419 L5 active=wlan1 ch8  | prep wlan0 ch4  | BL=[]
[RX  <- B] bucket=41419  peer_BL=[]  my_BL=[]
[TX  ->  *] bucket=41419 L5 active=wlan1 ch8  BL=[]
[03:38:20] HOP bucket=41420 L5 active=wlan0 ch4  | prep wlan1 ch11  | BL=[]
[RX  <- B] bucket=41420  peer_BL=[]  my_BL=[]
[TX  ->  *] bucket=41420 L5 active=wlan0 ch4  BL=[]
[03:38:22] HOP bucket=41421 L5 active=wlan1 ch11  | prep wlan0 ch11  | BL=[]
[TX  ->  *] bucket=41421 L5 active=wlan1 ch11  BL=[]
[RX  <- B] bucket=41421  peer_BL=[]  my_BL=[]
[03:38:24] HOP bucket=41422 L5 active=wlan0 ch11  | prep wlan1 ch11  | BL=[]
[TX  ->  *] bucket=41422 L5 active=wlan0 ch11  BL=[]
[RX  <- B] bucket=41422  peer_BL=[]  my_BL=[]
[03:38:26] HOP bucket=41423 L5 active=wlan1 ch11  | prep wlan0 ch3  | BL=[]
[RX  <- B] bucket=41423  peer_BL=[]  my_BL=[]
[TX  ->  *] bucket=41423 L5 active=wlan1 ch11  BL=[]
[03:38:28] HOP bucket=41424 L5 active=wlan0 ch3  | prep wlan1 ch9  | BL=[]
[RX  <- B] bucket=41424  peer_BL=[]  my_BL=[]
[TX  ->  *] bucket=41424 L5 active=wlan0 ch3  BL=[]
[03:38:30] HOP bucket=41425 L5 active=wlan1 ch9  | prep wlan0 ch6  | BL=[]
[TX  ->  *] bucket=41425 L5 active=wlan1 ch9  BL=[]
[RX  <- B] bucket=41425  peer_BL=[]  my_BL=[]
[03:38:32] HOP bucket=41426 L5 active=wlan0 ch6  | prep wlan1 ch9  | BL=[]
[RX  <- B] bucket=41426  peer_BL=[]  my_BL=[]
[TX  ->  *] bucket=41426 L5 active=wlan0 ch6  BL=[]
[03:38:34] HOP bucket=41427 L5 active=wlan1 ch9  | prep wlan0 ch4  | BL=[]
[RX  <- B] bucket=41427  peer_BL=[]  my_BL=[]
[TX  ->  *] bucket=41427 L5 active=wlan1 ch9  BL=[]
[03:38:36] HOP bucket=41428 L5 active=wlan0 ch4  | prep wlan1 ch11  | BL=[]
[RX  <- B] bucket=41428  peer_BL=[]  my_BL=[]
[TX  ->  *] bucket=41428 L5 active=wlan0 ch4  BL=[]
[03:38:38] HOP bucket=41429 L5 active=wlan1 ch11  | prep wlan0 ch4  | BL=[]
[RX  <- B] bucket=41429  peer_BL=[]  my_BL=[]
[TX  ->  *] bucket=41429 L5 active=wlan1 ch11  BL=[]
[03:38:40] HOP bucket=41430 L5 active=wlan0 ch4  | prep wlan1 ch8  | BL=[]
[RX  <- B] bucket=41430  peer_BL=[]  my_BL=[]
[TX  ->  *] bucket=41430 L5 active=wlan0 ch4  BL=[]
[03:38:42] HOP bucket=41431 L5 active=wlan1 ch8  | prep wlan0 ch4  | BL=[]
[TX  ->  *] bucket=41431 L5 active=wlan1 ch8  BL=[]
[RX  <- B] bucket=41431  peer_BL=[]  my_BL=[]
[03:38:44] HOP bucket=41432 L5 active=wlan0 ch4  | prep wlan1 ch7  | BL=[]
[TX  ->  *] bucket=41432 L5 active=wlan0 ch4  BL=[]
[RX  <- B] bucket=41432  peer_BL=[]  my_BL=[]
[03:38:46] HOP bucket=41433 L5 active=wlan1 ch7  | prep wlan0 ch8  | BL=[]
[RX  <- B] bucket=41433  peer_BL=[]  my_BL=[]
[TX  ->  *] bucket=41433 L5 active=wlan1 ch7  BL=[]
[03:38:48] HOP bucket=41434 L5 active=wlan0 ch8  | prep wlan1 ch3  | BL=[]
[TX  ->  *] bucket=41434 L5 active=wlan0 ch8  BL=[]
[RX  <- B] bucket=41434  peer_BL=[]  my_BL=[]
[03:38:50] HOP bucket=41435 L5 active=wlan1 ch3  | prep wlan0 ch9  | BL=[]
[TX  ->  *] bucket=41435 L5 active=wlan1 ch3  BL=[]
[RX  <- B] bucket=41435  peer_BL=[]  my_BL=[]
[03:38:52] HOP bucket=41436 L5 active=wlan0 ch9  | prep wlan1 ch8  | BL=[]
[TX  ->  *] bucket=41436 L5 active=wlan0 ch9  BL=[]
[RX  <- B] bucket=41436  peer_BL=[]  my_BL=[]
[03:38:54] HOP bucket=41437 L5 active=wlan1 ch8  | prep wlan0 ch6  | BL=[]
[TX  ->  *] bucket=41437 L5 active=wlan1 ch8  BL=[]
[RX  <- B] bucket=41437  peer_BL=[]  my_BL=[]
[03:38:56] HOP bucket=41438 L5 active=wlan0 ch6  | prep wlan1 ch3  | BL=[]
[TX  ->  *] bucket=41438 L5 active=wlan0 ch6  BL=[]
[RX  <- B] bucket=41438  peer_BL=[]  my_BL=[]
[03:38:58] HOP bucket=41439 L5 active=wlan1 ch3  | prep wlan0 ch9  | BL=[]
[RX  <- B] bucket=41439  peer_BL=[]  my_BL=[]
[TX  ->  *] bucket=41439 L5 active=wlan1 ch3  BL=[]
[03:39:00] HOP bucket=41440 L5 active=wlan0 ch9  | prep wlan1 ch5  | BL=[]
[TX  ->  *] bucket=41440 L5 active=wlan0 ch9  BL=[]
[RX  <- B] bucket=41440  peer_BL=[]  my_BL=[]
[03:39:02] HOP bucket=41441 L5 active=wlan1 ch5  | prep wlan0 ch5  | BL=[]
[RX  <- B] bucket=41441  peer_BL=[]  my_BL=[]
[TX  ->  *] bucket=41441 L5 active=wlan1 ch5  BL=[]
[03:39:04] HOP bucket=41442 L5 active=wlan0 ch5  | prep wlan1 ch6  | BL=[]
[RX  <- B] bucket=41442  peer_BL=[]  my_BL=[]
[TX  ->  *] bucket=41442 L5 active=wlan0 ch5  BL=[]
[03:39:06] HOP bucket=41443 L5 active=wlan1 ch6  | prep wlan0 ch8  | BL=[]
[TX  ->  *] bucket=41443 L5 active=wlan1 ch6  BL=[]
[RX  <- B] bucket=41443  peer_BL=[]  my_BL=[]
[03:39:08] HOP bucket=41444 L5 active=wlan0 ch8  | prep wlan1 ch11  | BL=[]
[TX  ->  *] bucket=41444 L5 active=wlan0 ch8  BL=[]
[RX  <- B] bucket=41444  peer_BL=[]  my_BL=[]
[03:39:10] HOP bucket=41445 L5 active=wlan1 ch11  | prep wlan0 ch11  | BL=[]
[TX  ->  *] bucket=41445 L5 active=wlan1 ch11  BL=[]
[RX  <- B] bucket=41445  peer_BL=[]  my_BL=[]
[03:39:12] HOP bucket=41446 L5 active=wlan0 ch11  | prep wlan1 ch8  | BL=[]
[TX  ->  *] bucket=41446 L5 active=wlan0 ch11  BL=[]
[RX  <- B] bucket=41446  peer_BL=[]  my_BL=[]
[03:39:14] HOP bucket=41447 L5 active=wlan1 ch8  | prep wlan0 ch10  | BL=[]
[RX  <- B] bucket=41447  peer_BL=[]  my_BL=[]
[TX  ->  *] bucket=41447 L5 active=wlan1 ch8  BL=[]
[03:39:16] HOP bucket=41448 L5 active=wlan0 ch10  | prep wlan1 ch5  | BL=[]
[TX  ->  *] bucket=41448 L5 active=wlan0 ch10  BL=[]
[RX  <- B] bucket=41448  peer_BL=[]  my_BL=[]
[03:39:18] HOP bucket=41449 L5 active=wlan1 ch5  | prep wlan0 ch7  | BL=[]
[RX  <- B] bucket=41449  peer_BL=[]  my_BL=[]
[TX  ->  *] bucket=41449 L5 active=wlan1 ch5  BL=[]
[03:39:20] HOP bucket=41450 L5 active=wlan0 ch7  | prep wlan1 ch10  | BL=[]
[RX  <- B] bucket=41450  peer_BL=[]  my_BL=[]
[TX  ->  *] bucket=41450 L5 active=wlan0 ch7  BL=[]
[03:39:22] HOP bucket=41451 L5 active=wlan1 ch10  | prep wlan0 ch10  | BL=[]
[TX  ->  *] bucket=41451 L5 active=wlan1 ch10  BL=[]
[RX  <- B] bucket=41451  peer_BL=[]  my_BL=[]
[03:39:24] HOP bucket=41452 L5 active=wlan0 ch10  | prep wlan1 ch5  | BL=[]
[RX  <- B] bucket=41452  peer_BL=[]  my_BL=[]
[TX  ->  *] bucket=41452 L5 active=wlan0 ch10  BL=[]
[03:39:26] HOP bucket=41453 L5 active=wlan1 ch5  | prep wlan0 ch3  | BL=[]
[RX  <- B] bucket=41453  peer_BL=[]  my_BL=[]
[TX  ->  *] bucket=41453 L5 active=wlan1 ch5  BL=[]
[03:39:28] HOP bucket=41454 L5 active=wlan0 ch3  | prep wlan1 ch8  | BL=[]
[RX  <- B] bucket=41454  peer_BL=[]  my_BL=[]
[TX  ->  *] bucket=41454 L5 active=wlan0 ch3  BL=[]
[03:39:30] HOP bucket=41455 L5 active=wlan1 ch8  | prep wlan0 ch4  | BL=[]
[RX  <- B] bucket=41455  peer_BL=[]  my_BL=[]
[TX  ->  *] bucket=41455 L5 active=wlan1 ch8  BL=[]
[03:39:32] HOP bucket=41456 L5 active=wlan0 ch4  | prep wlan1 ch3  | BL=[]
[TX  ->  *] bucket=41456 L5 active=wlan0 ch4  BL=[]
[RX  <- B] bucket=41456  peer_BL=[]  my_BL=[]
[03:39:34] HOP bucket=41457 L5 active=wlan1 ch3  | prep wlan0 ch4  | BL=[]
[TX  ->  *] bucket=41457 L5 active=wlan1 ch3  BL=[]
[RX  <- B] bucket=41457  peer_BL=[]  my_BL=[]
[03:39:36] HOP bucket=41458 L5 active=wlan0 ch4  | prep wlan1 ch9  | BL=[]
[TX  ->  *] bucket=41458 L5 active=wlan0 ch4  BL=[]
[RX  <- B] bucket=41458  peer_BL=[]  my_BL=[]
[03:39:38] HOP bucket=41459 L5 active=wlan1 ch9  | prep wlan0 ch8  | BL=[]
[TX  ->  *] bucket=41459 L5 active=wlan1 ch9  BL=[]
[RX  <- B] bucket=41459  peer_BL=[]  my_BL=[]
[03:39:40] HOP bucket=41460 L5 active=wlan0 ch8  | prep wlan1 ch7  | BL=[]
[RX  <- B] bucket=41460  peer_BL=[]  my_BL=[]
[TX  ->  *] bucket=41460 L5 active=wlan0 ch8  BL=[]
[03:39:42] HOP bucket=41461 L5 active=wlan1 ch7  | prep wlan0 ch3  | BL=[]
[RX  <- B] bucket=41461  peer_BL=[]  my_BL=[]
[TX  ->  *] bucket=41461 L5 active=wlan1 ch7  BL=[]
[03:39:44] HOP bucket=41462 L5 active=wlan0 ch3  | prep wlan1 ch5  | BL=[]
[RX  <- B] bucket=41462  peer_BL=[]  my_BL=[]
[TX  ->  *] bucket=41462 L5 active=wlan0 ch3  BL=[]
[03:39:46] HOP bucket=41463 L5 active=wlan1 ch5  | prep wlan0 ch9  | BL=[]
[TX  ->  *] bucket=41463 L5 active=wlan1 ch5  BL=[]
[RX  <- B] bucket=41463  peer_BL=[]  my_BL=[]
[03:39:48] HOP bucket=41464 L5 active=wlan0 ch9  | prep wlan1 ch7  | BL=[]
[TX  ->  *] bucket=41464 L5 active=wlan0 ch9  BL=[]
[RX  <- B] bucket=41464  peer_BL=[]  my_BL=[]
[03:39:50] HOP bucket=41465 L5 active=wlan1 ch7  | prep wlan0 ch4  | BL=[]
[TX  ->  *] bucket=41465 L5 active=wlan1 ch7  BL=[]
[RX  <- B] bucket=41465  peer_BL=[]  my_BL=[]
[03:39:52] HOP bucket=41466 L5 active=wlan0 ch4  | prep wlan1 ch3  | BL=[]
[RX  <- B] bucket=41466  peer_BL=[]  my_BL=[]
[TX  ->  *] bucket=41466 L5 active=wlan0 ch4  BL=[]
[03:39:54] HOP bucket=41467 L5 active=wlan1 ch3  | prep wlan0 ch6  | BL=[]
[RX  <- B] bucket=41467  peer_BL=[]  my_BL=[]
[TX  ->  *] bucket=41467 L5 active=wlan1 ch3  BL=[]
[03:39:56] HOP bucket=41468 L5 active=wlan0 ch6  | prep wlan1 ch3  | BL=[]
[TX  ->  *] bucket=41468 L5 active=wlan0 ch6  BL=[]
[RX  <- B] bucket=41468  peer_BL=[]  my_BL=[]
[03:39:58] HOP bucket=41469 L5 active=wlan1 ch3  | prep wlan0 ch3  | BL=[]
[TX  ->  *] bucket=41469 L5 active=wlan1 ch3  BL=[]
[RX  <- B] bucket=41469  peer_BL=[]  my_BL=[]
[03:40:00] HOP bucket=41470 L5 active=wlan0 ch3  | prep wlan1 ch10  | BL=[]
[RX  <- B] bucket=41470  peer_BL=[]  my_BL=[]
[TX  ->  *] bucket=41470 L5 active=wlan0 ch3  BL=[]
[03:40:02] HOP bucket=41471 L5 active=wlan1 ch10  | prep wlan0 ch9  | BL=[]
[RX  <- B] bucket=41471  peer_BL=[]  my_BL=[]
[TX  ->  *] bucket=41471 L5 active=wlan1 ch10  BL=[]
[03:40:04] HOP bucket=41472 L5 active=wlan0 ch9  | prep wlan1 ch5  | BL=[]
[TX  ->  *] bucket=41472 L5 active=wlan0 ch9  BL=[]
[RX  <- B] bucket=41472  peer_BL=[]  my_BL=[]
[03:40:06] HOP bucket=41473 L5 active=wlan1 ch5  | prep wlan0 ch3  | BL=[]
[TX  ->  *] bucket=41473 L5 active=wlan1 ch5  BL=[]
[RX  <- B] bucket=41473  peer_BL=[]  my_BL=[]
[03:40:08] HOP bucket=41474 L5 active=wlan0 ch3  | prep wlan1 ch5  | BL=[]
[RX  <- B] bucket=41474  peer_BL=[]  my_BL=[]
[TX  ->  *] bucket=41474 L5 active=wlan0 ch3  BL=[]
[03:40:10] HOP bucket=41475 L5 active=wlan1 ch5  | prep wlan0 ch3  | BL=[]
[RX  <- B] bucket=41475  peer_BL=[]  my_BL=[]
[TX  ->  *] bucket=41475 L5 active=wlan1 ch5  BL=[]
[03:40:12] HOP bucket=41476 L5 active=wlan0 ch3  | prep wlan1 ch4  | BL=[]
[RX  <- B] bucket=41476  peer_BL=[]  my_BL=[]
[TX  ->  *] bucket=41476 L5 active=wlan0 ch3  BL=[]
[03:40:14] HOP bucket=41477 L5 active=wlan1 ch4  | prep wlan0 ch11  | BL=[]
[RX  <- B] bucket=41477  peer_BL=[]  my_BL=[]
[TX  ->  *] bucket=41477 L5 active=wlan1 ch4  BL=[]
[03:40:16] HOP bucket=41478 L5 active=wlan0 ch11  | prep wlan1 ch4  | BL=[]
[RX  <- B] bucket=41478  peer_BL=[]  my_BL=[]
[TX  ->  *] bucket=41478 L5 active=wlan0 ch11  BL=[]
[03:40:18] HOP bucket=41479 L5 active=wlan1 ch4  | prep wlan0 ch4  | BL=[]
[RX  <- B] bucket=41479  peer_BL=[]  my_BL=[]
[TX  ->  *] bucket=41479 L5 active=wlan1 ch4  BL=[]
[03:40:20] HOP bucket=41480 L5 active=wlan0 ch4  | prep wlan1 ch11  | BL=[]
[TX  ->  *] bucket=41480 L5 active=wlan0 ch4  BL=[]
[RX  <- B] bucket=41480  peer_BL=[]  my_BL=[]
[03:40:22] HOP bucket=41481 L5 active=wlan1 ch11  | prep wlan0 ch3  | BL=[]
[TX  ->  *] bucket=41481 L5 active=wlan1 ch11  BL=[]
[RX  <- B] bucket=41481  peer_BL=[]  my_BL=[]
[03:40:24] HOP bucket=41482 L5 active=wlan0 ch3  | prep wlan1 ch6  | BL=[]
[RX  <- B] bucket=41482  peer_BL=[]  my_BL=[]
[TX  ->  *] bucket=41482 L5 active=wlan0 ch3  BL=[]
[03:40:26] HOP bucket=41483 L5 active=wlan1 ch6  | prep wlan0 ch3  | BL=[]
[TX  ->  *] bucket=41483 L5 active=wlan1 ch6  BL=[]
[RX  <- B] bucket=41483  peer_BL=[]  my_BL=[]
[03:40:28] HOP bucket=41484 L5 active=wlan0 ch3  | prep wlan1 ch7  | BL=[]
[TX  ->  *] bucket=41484 L5 active=wlan0 ch3  BL=[]
[RX  <- B] bucket=41484  peer_BL=[]  my_BL=[]
[03:40:30] HOP bucket=41485 L5 active=wlan1 ch7  | prep wlan0 ch10  | BL=[]
[RX  <- B] bucket=41485  peer_BL=[]  my_BL=[]
[TX  ->  *] bucket=41485 L5 active=wlan1 ch7  BL=[]
[03:40:32] HOP bucket=41486 L5 active=wlan0 ch10  | prep wlan1 ch10  | BL=[]
[RX  <- B] bucket=41486  peer_BL=[]  my_BL=[]
[TX  ->  *] bucket=41486 L5 active=wlan0 ch10  BL=[]
[03:40:34] HOP bucket=41487 L5 active=wlan1 ch10  | prep wlan0 ch11  | BL=[]
[RX  <- B] bucket=41487  peer_BL=[]  my_BL=[]
[TX  ->  *] bucket=41487 L5 active=wlan1 ch10  BL=[]
[03:40:36] HOP bucket=41488 L5 active=wlan0 ch11  | prep wlan1 ch9  | BL=[]
[TX  ->  *] bucket=41488 L5 active=wlan0 ch11  BL=[]
[RX  <- B] bucket=41488  peer_BL=[]  my_BL=[]
[03:40:38] HOP bucket=41489 L5 active=wlan1 ch9  | prep wlan0 ch3  | BL=[]
[RX  <- B] bucket=41489  peer_BL=[]  my_BL=[]
[TX  ->  *] bucket=41489 L5 active=wlan1 ch9  BL=[]
[03:40:40] HOP bucket=41490 L5 active=wlan0 ch3  | prep wlan1 ch5  | BL=[]
[TX  ->  *] bucket=41490 L5 active=wlan0 ch3  BL=[]
[RX  <- B] bucket=41490  peer_BL=[]  my_BL=[]
[03:40:42] HOP bucket=41491 L5 active=wlan1 ch5  | prep wlan0 ch10  | BL=[]
[TX  ->  *] bucket=41491 L5 active=wlan1 ch5  BL=[]
[RX  <- B] bucket=41491  peer_BL=[]  my_BL=[]
[03:40:44] HOP bucket=41492 L5 active=wlan0 ch10  | prep wlan1 ch6  | BL=[]
[TX  ->  *] bucket=41492 L5 active=wlan0 ch10  BL=[]
[RX  <- B] bucket=41492  peer_BL=[]  my_BL=[]
[03:40:46] HOP bucket=41493 L5 active=wlan1 ch6  | prep wlan0 ch8  | BL=[]
[RX  <- B] bucket=41493  peer_BL=[]  my_BL=[]
[TX  ->  *] bucket=41493 L5 active=wlan1 ch6  BL=[]
[03:40:48] HOP bucket=41494 L5 active=wlan0 ch8  | prep wlan1 ch6  | BL=[]
[TX  ->  *] bucket=41494 L5 active=wlan0 ch8  BL=[]
[RX  <- B] bucket=41494  peer_BL=[]  my_BL=[]
[03:40:50] HOP bucket=41495 L5 active=wlan1 ch6  | prep wlan0 ch3  | BL=[]
[RX  <- B] bucket=41495  peer_BL=[]  my_BL=[]
[TX  ->  *] bucket=41495 L5 active=wlan1 ch6  BL=[]
[03:40:52] HOP bucket=41496 L5 active=wlan0 ch3  | prep wlan1 ch4  | BL=[]
[TX  ->  *] bucket=41496 L5 active=wlan0 ch3  BL=[]
[RX  <- B] bucket=41496  peer_BL=[]  my_BL=[]
[03:40:54] HOP bucket=41497 L5 active=wlan1 ch4  | prep wlan0 ch10  | BL=[]
[RX  <- B] bucket=41497  peer_BL=[]  my_BL=[]
[TX  ->  *] bucket=41497 L5 active=wlan1 ch4  BL=[]
[03:40:56] HOP bucket=41498 L5 active=wlan0 ch10  | prep wlan1 ch3  | BL=[]
[RX  <- B] bucket=41498  peer_BL=[]  my_BL=[]
[TX  ->  *] bucket=41498 L5 active=wlan0 ch10  BL=[]
[03:40:58] HOP bucket=41499 L5 active=wlan1 ch3  | prep wlan0 ch4  | BL=[]
[RX  <- B] bucket=41499  peer_BL=[]  my_BL=[]
[TX  ->  *] bucket=41499 L5 active=wlan1 ch3  BL=[]
[03:41:00] HOP bucket=41500 L5 active=wlan0 ch4  | prep wlan1 ch5  | BL=[]
[RX  <- B] bucket=41500  peer_BL=[]  my_BL=[]
[TX  ->  *] bucket=41500 L5 active=wlan0 ch4  BL=[]
[03:41:02] HOP bucket=41501 L5 active=wlan1 ch5  | prep wlan0 ch5  | BL=[]
[RX  <- B] bucket=41501  peer_BL=[]  my_BL=[]
[TX  ->  *] bucket=41501 L5 active=wlan1 ch5  BL=[]
[03:41:04] HOP bucket=41502 L5 active=wlan0 ch5  | prep wlan1 ch6  | BL=[]
[RX  <- B] bucket=41502  peer_BL=[]  my_BL=[]
[TX  ->  *] bucket=41502 L5 active=wlan0 ch5  BL=[]
[03:41:06] HOP bucket=41503 L5 active=wlan1 ch6  | prep wlan0 ch11  | BL=[]
[TX  ->  *] bucket=41503 L5 active=wlan1 ch6  BL=[]
[RX  <- B] bucket=41503  peer_BL=[]  my_BL=[]
[03:41:08] HOP bucket=41504 L5 active=wlan0 ch11  | prep wlan1 ch9  | BL=[]
[TX  ->  *] bucket=41504 L5 active=wlan0 ch11  BL=[]
[RX  <- B] bucket=41504  peer_BL=[]  my_BL=[]
[03:41:10] HOP bucket=41505 L5 active=wlan1 ch9  | prep wlan0 ch7  | BL=[]
[TX  ->  *] bucket=41505 L5 active=wlan1 ch9  BL=[]
[RX  <- B] bucket=41505  peer_BL=[]  my_BL=[]
[03:41:12] HOP bucket=41506 L5 active=wlan0 ch7  | prep wlan1 ch9  | BL=[]
[RX  <- B] bucket=41506  peer_BL=[]  my_BL=[]
[TX  ->  *] bucket=41506 L5 active=wlan0 ch7  BL=[]
[03:41:14] HOP bucket=41507 L5 active=wlan1 ch9  | prep wlan0 ch4  | BL=[]
[RX  <- B] bucket=41507  peer_BL=[]  my_BL=[]
[TX  ->  *] bucket=41507 L5 active=wlan1 ch9  BL=[]
[03:41:16] HOP bucket=41508 L5 active=wlan0 ch4  | prep wlan1 ch4  | BL=[]
[TX  ->  *] bucket=41508 L5 active=wlan0 ch4  BL=[]
[RX  <- B] bucket=41508  peer_BL=[]  my_BL=[]
[03:41:18] HOP bucket=41509 L5 active=wlan1 ch4  | prep wlan0 ch11  | BL=[]
[TX  ->  *] bucket=41509 L5 active=wlan1 ch4  BL=[]
[RX  <- B] bucket=41509  peer_BL=[]  my_BL=[]
[03:41:20] HOP bucket=41510 L5 active=wlan0 ch11  | prep wlan1 ch8  | BL=[]
[RX  <- B] bucket=41510  peer_BL=[]  my_BL=[]
[TX  ->  *] bucket=41510 L5 active=wlan0 ch11  BL=[]
[03:41:22] HOP bucket=41511 L5 active=wlan1 ch8  | prep wlan0 ch6  | BL=[]
[RX  <- B] bucket=41511  peer_BL=[]  my_BL=[]
[TX  ->  *] bucket=41511 L5 active=wlan1 ch8  BL=[]
[03:41:24] HOP bucket=41512 L5 active=wlan0 ch6  | prep wlan1 ch5  | BL=[]
[RX  <- B] bucket=41512  peer_BL=[]  my_BL=[]
[TX  ->  *] bucket=41512 L5 active=wlan0 ch6  BL=[]
[03:41:26] HOP bucket=41513 L5 active=wlan1 ch5  | prep wlan0 ch11  | BL=[]
[RX  <- B] bucket=41513  peer_BL=[]  my_BL=[]
[TX  ->  *] bucket=41513 L5 active=wlan1 ch5  BL=[]
[03:41:28] HOP bucket=41514 L5 active=wlan0 ch11  | prep wlan1 ch3  | BL=[]
[TX  ->  *] bucket=41514 L5 active=wlan0 ch11  BL=[]
[RX  <- B] bucket=41514  peer_BL=[]  my_BL=[]
[03:41:30] HOP bucket=41515 L5 active=wlan1 ch3  | prep wlan0 ch10  | BL=[]
[TX  ->  *] bucket=41515 L5 active=wlan1 ch3  BL=[]
[RX  <- B] bucket=41515  peer_BL=[]  my_BL=[]
[03:41:32] HOP bucket=41516 L5 active=wlan0 ch10  | prep wlan1 ch10  | BL=[]
[TX  ->  *] bucket=41516 L5 active=wlan0 ch10  BL=[]
[RX  <- B] bucket=41516  peer_BL=[]  my_BL=[]
[03:41:34] HOP bucket=41517 L5 active=wlan1 ch10  | prep wlan0 ch4  | BL=[]
[TX  ->  *] bucket=41517 L5 active=wlan1 ch10  BL=[]
[RX  <- B] bucket=41517  peer_BL=[]  my_BL=[]
[03:41:36] HOP bucket=41518 L5 active=wlan0 ch4  | prep wlan1 ch7  | BL=[]
[RX  <- B] bucket=41518  peer_BL=[]  my_BL=[]
[TX  ->  *] bucket=41518 L5 active=wlan0 ch4  BL=[]
[03:41:38] HOP bucket=41519 L5 active=wlan1 ch7  | prep wlan0 ch4  | BL=[]
[TX  ->  *] bucket=41519 L5 active=wlan1 ch7  BL=[]
[RX  <- B] bucket=41519  peer_BL=[]  my_BL=[]
[03:41:40] HOP bucket=41520 L5 active=wlan0 ch4  | prep wlan1 ch7  | BL=[]
[RX  <- B] bucket=41520  peer_BL=[]  my_BL=[]
[TX  ->  *] bucket=41520 L5 active=wlan0 ch4  BL=[]
[03:41:42] HOP bucket=41521 L5 active=wlan1 ch7  | prep wlan0 ch5  | BL=[]
[TX  ->  *] bucket=41521 L5 active=wlan1 ch7  BL=[]
[RX  <- B] bucket=41521  peer_BL=[]  my_BL=[]
[03:41:44] HOP bucket=41522 L5 active=wlan0 ch5  | prep wlan1 ch6  | BL=[]
[TX  ->  *] bucket=41522 L5 active=wlan0 ch5  BL=[]
[RX  <- B] bucket=41522  peer_BL=[]  my_BL=[]
[03:41:46] HOP bucket=41523 L5 active=wlan1 ch6  | prep wlan0 ch8  | BL=[]
[TX  ->  *] bucket=41523 L5 active=wlan1 ch6  BL=[]
[RX  <- B] bucket=41523  peer_BL=[]  my_BL=[]
[03:41:48] HOP bucket=41524 L5 active=wlan0 ch8  | prep wlan1 ch9  | BL=[]
[RX  <- B] bucket=41524  peer_BL=[]  my_BL=[]
[TX  ->  *] bucket=41524 L5 active=wlan0 ch8  BL=[]
[03:41:50] HOP bucket=41525 L5 active=wlan1 ch9  | prep wlan0 ch11  | BL=[]
[RX  <- B] bucket=41525  peer_BL=[]  my_BL=[]
[TX  ->  *] bucket=41525 L5 active=wlan1 ch9  BL=[]
[03:41:52] HOP bucket=41526 L5 active=wlan0 ch11  | prep wlan1 ch9  | BL=[]
[RX  <- B] bucket=41526  peer_BL=[]  my_BL=[]
[TX  ->  *] bucket=41526 L5 active=wlan0 ch11  BL=[]
[03:41:54] HOP bucket=41527 L5 active=wlan1 ch9  | prep wlan0 ch3  | BL=[]
[TX  ->  *] bucket=41527 L5 active=wlan1 ch9  BL=[]
[RX  <- B] bucket=41527  peer_BL=[]  my_BL=[]
[03:41:56] HOP bucket=41528 L5 active=wlan0 ch3  | prep wlan1 ch10  | BL=[]
[TX  ->  *] bucket=41528 L5 active=wlan0 ch3  BL=[]
[RX  <- B] bucket=41528  peer_BL=[]  my_BL=[]
[03:41:58] HOP bucket=41529 L5 active=wlan1 ch10  | prep wlan0 ch7  | BL=[]
[RX  <- B] bucket=41529  peer_BL=[]  my_BL=[]
[TX  ->  *] bucket=41529 L5 active=wlan1 ch10  BL=[]
[03:42:00] HOP bucket=41530 L5 active=wlan0 ch7  | prep wlan1 ch3  | BL=[]
[TX  ->  *] bucket=41530 L5 active=wlan0 ch7  BL=[]
[RX  <- B] bucket=41530  peer_BL=[]  my_BL=[]
[03:42:02] HOP bucket=41531 L5 active=wlan1 ch3  | prep wlan0 ch10  | BL=[]
[TX  ->  *] bucket=41531 L5 active=wlan1 ch3  BL=[]
[RX  <- B] bucket=41531  peer_BL=[]  my_BL=[]
[03:42:04] HOP bucket=41532 L5 active=wlan0 ch10  | prep wlan1 ch10  | BL=[]
[RX  <- B] bucket=41532  peer_BL=[]  my_BL=[]
[TX  ->  *] bucket=41532 L5 active=wlan0 ch10  BL=[]
[03:42:06] HOP bucket=41533 L5 active=wlan1 ch10  | prep wlan0 ch5  | BL=[]
[TX  ->  *] bucket=41533 L5 active=wlan1 ch10  BL=[]
[RX  <- B] bucket=41533  peer_BL=[]  my_BL=[]
[03:42:08] HOP bucket=41534 L5 active=wlan0 ch5  | prep wlan1 ch5  | BL=[]
[RX  <- B] bucket=41534  peer_BL=[]  my_BL=[]
[TX  ->  *] bucket=41534 L5 active=wlan0 ch5  BL=[]
[03:42:10] HOP bucket=41535 L5 active=wlan1 ch5  | prep wlan0 ch6  | BL=[]
[TX  ->  *] bucket=41535 L5 active=wlan1 ch5  BL=[]
[RX  <- B] bucket=41535  peer_BL=[]  my_BL=[]
[03:42:12] HOP bucket=41536 L5 active=wlan0 ch6  | prep wlan1 ch7  | BL=[]
[TX  ->  *] bucket=41536 L5 active=wlan0 ch6  BL=[]
[RX  <- B] bucket=41536  peer_BL=[]  my_BL=[]
[03:42:14] HOP bucket=41537 L5 active=wlan1 ch7  | prep wlan0 ch11  | BL=[]
[TX  ->  *] bucket=41537 L5 active=wlan1 ch7  BL=[]
[RX  <- B] bucket=41537  peer_BL=[]  my_BL=[]
[03:42:16] HOP bucket=41538 L5 active=wlan0 ch11  | prep wlan1 ch9  | BL=[]
[TX  ->  *] bucket=41538 L5 active=wlan0 ch11  BL=[]
[RX  <- B] bucket=41538  peer_BL=[]  my_BL=[]
[03:42:18] HOP bucket=41539 L5 active=wlan1 ch9  | prep wlan0 ch8  | BL=[]
[TX  ->  *] bucket=41539 L5 active=wlan1 ch9  BL=[]
[RX  <- B] bucket=41539  peer_BL=[]  my_BL=[]
[03:42:20] HOP bucket=41540 L5 active=wlan0 ch8  | prep wlan1 ch11  | BL=[]
[RX  <- B] bucket=41540  peer_BL=[]  my_BL=[]
[TX  ->  *] bucket=41540 L5 active=wlan0 ch8  BL=[]
[03:42:22] HOP bucket=41541 L5 active=wlan1 ch11  | prep wlan0 ch9  | BL=[]
[TX  ->  *] bucket=41541 L5 active=wlan1 ch11  BL=[]
[RX  <- B] bucket=41541  peer_BL=[]  my_BL=[]
[03:42:24] HOP bucket=41542 L5 active=wlan0 ch9  | prep wlan1 ch4  | BL=[]
[TX  ->  *] bucket=41542 L5 active=wlan0 ch9  BL=[]
[RX  <- B] bucket=41542  peer_BL=[]  my_BL=[]
[03:42:26] HOP bucket=41543 L5 active=wlan1 ch4  | prep wlan0 ch9  | BL=[]
[TX  ->  *] bucket=41543 L5 active=wlan1 ch4  BL=[]
[RX  <- B] bucket=41543  peer_BL=[]  my_BL=[]
[03:42:28] HOP bucket=41544 L5 active=wlan0 ch9  | prep wlan1 ch11  | BL=[]
[RX  <- B] bucket=41544  peer_BL=[]  my_BL=[]
[TX  ->  *] bucket=41544 L5 active=wlan0 ch9  BL=[]
[03:42:30] HOP bucket=41545 L5 active=wlan1 ch11  | prep wlan0 ch11  | BL=[]
[RX  <- B] bucket=41545  peer_BL=[]  my_BL=[]
[TX  ->  *] bucket=41545 L5 active=wlan1 ch11  BL=[]
[03:42:32] HOP bucket=41546 L5 active=wlan0 ch11  | prep wlan1 ch5  | BL=[]
[RX  <- B] bucket=41546  peer_BL=[]  my_BL=[]
[TX  ->  *] bucket=41546 L5 active=wlan0 ch11  BL=[]
[03:42:34] HOP bucket=41547 L5 active=wlan1 ch5  | prep wlan0 ch8  | BL=[]
[TX  ->  *] bucket=41547 L5 active=wlan1 ch5  BL=[]
[RX  <- B] bucket=41547  peer_BL=[]  my_BL=[]
[03:42:36] HOP bucket=41548 L5 active=wlan0 ch8  | prep wlan1 ch8  | BL=[]
[RX  <- B] bucket=41548  peer_BL=[]  my_BL=[]
[TX  ->  *] bucket=41548 L5 active=wlan0 ch8  BL=[]
[03:42:38] HOP bucket=41549 L5 active=wlan1 ch8  | prep wlan0 ch7  | BL=[]
[RX  <- B] bucket=41549  peer_BL=[]  my_BL=[]
[TX  ->  *] bucket=41549 L5 active=wlan1 ch8  BL=[]
[03:42:40] HOP bucket=41550 L5 active=wlan0 ch7  | prep wlan1 ch6  | BL=[]
[RX  <- B] bucket=41550  peer_BL=[]  my_BL=[]
[TX  ->  *] bucket=41550 L5 active=wlan0 ch7  BL=[]
[03:42:42] HOP bucket=41551 L5 active=wlan1 ch6  | prep wlan0 ch6  | BL=[]
[RX  <- B] bucket=41551  peer_BL=[]  my_BL=[]
[TX  ->  *] bucket=41551 L5 active=wlan1 ch6  BL=[]
[03:42:44] HOP bucket=41552 L5 active=wlan0 ch6  | prep wlan1 ch3  | BL=[]
[TX  ->  *] bucket=41552 L5 active=wlan0 ch6  BL=[]
[RX  <- B] bucket=41552  peer_BL=[]  my_BL=[]
[03:42:46] HOP bucket=41553 L5 active=wlan1 ch3  | prep wlan0 ch10  | BL=[]
[TX  ->  *] bucket=41553 L5 active=wlan1 ch3  BL=[]
[RX  <- B] bucket=41553  peer_BL=[]  my_BL=[]
[03:42:48] HOP bucket=41554 L5 active=wlan0 ch10  | prep wlan1 ch8  | BL=[]
[TX  ->  *] bucket=41554 L5 active=wlan0 ch10  BL=[]
[RX  <- B] bucket=41554  peer_BL=[]  my_BL=[]
[03:42:50] HOP bucket=41555 L5 active=wlan1 ch8  | prep wlan0 ch4  | BL=[]
[TX  ->  *] bucket=41555 L5 active=wlan1 ch8  BL=[]
[RX  <- B] bucket=41555  peer_BL=[]  my_BL=[]
[03:42:52] HOP bucket=41556 L5 active=wlan0 ch4  | prep wlan1 ch10  | BL=[]
[TX  ->  *] bucket=41556 L5 active=wlan0 ch4  BL=[]
[RX  <- B] bucket=41556  peer_BL=[]  my_BL=[]
[03:42:54] HOP bucket=41557 L5 active=wlan1 ch10  | prep wlan0 ch9  | BL=[]
[TX  ->  *] bucket=41557 L5 active=wlan1 ch10  BL=[]
[RX  <- B] bucket=41557  peer_BL=[]  my_BL=[]
[03:42:56] HOP bucket=41558 L5 active=wlan0 ch9  | prep wlan1 ch7  | BL=[]
[TX  ->  *] bucket=41558 L5 active=wlan0 ch9  BL=[]
[RX  <- B] bucket=41558  peer_BL=[]  my_BL=[]
[03:42:58] HOP bucket=41559 L5 active=wlan1 ch7  | prep wlan0 ch10  | BL=[]
[RX  <- B] bucket=41559  peer_BL=[]  my_BL=[]
[TX  ->  *] bucket=41559 L5 active=wlan1 ch7  BL=[]
[03:43:00] HOP bucket=41560 L5 active=wlan0 ch10  | prep wlan1 ch7  | BL=[]
[RX  <- B] bucket=41560  peer_BL=[]  my_BL=[]
[TX  ->  *] bucket=41560 L5 active=wlan0 ch10  BL=[]
[03:43:02] HOP bucket=41561 L5 active=wlan1 ch7  | prep wlan0 ch7  | BL=[]
[RX  <- B] bucket=41561  peer_BL=[]  my_BL=[]
[TX  ->  *] bucket=41561 L5 active=wlan1 ch7  BL=[]
[03:43:04] HOP bucket=41562 L5 active=wlan0 ch7  | prep wlan1 ch9  | BL=[]
[TX  ->  *] bucket=41562 L5 active=wlan0 ch7  BL=[]
[RX  <- B] bucket=41562  peer_BL=[]  my_BL=[]
[03:43:06] HOP bucket=41563 L5 active=wlan1 ch9  | prep wlan0 ch6  | BL=[]
[RX  <- B] bucket=41563  peer_BL=[]  my_BL=[]
[TX  ->  *] bucket=41563 L5 active=wlan1 ch9  BL=[]
[03:43:08] HOP bucket=41564 L5 active=wlan0 ch6  | prep wlan1 ch9  | BL=[]
[RX  <- B] bucket=41564  peer_BL=[]  my_BL=[]
[TX  ->  *] bucket=41564 L5 active=wlan0 ch6  BL=[]
[03:43:10] HOP bucket=41565 L5 active=wlan1 ch9  | prep wlan0 ch8  | BL=[]
[RX  <- B] bucket=41565  peer_BL=[]  my_BL=[]
[TX  ->  *] bucket=41565 L5 active=wlan1 ch9  BL=[]
[03:43:12] HOP bucket=41566 L5 active=wlan0 ch8  | prep wlan1 ch6  | BL=[]
[TX  ->  *] bucket=41566 L5 active=wlan0 ch8  BL=[]
[RX  <- B] bucket=41566  peer_BL=[]  my_BL=[]
[03:43:14] HOP bucket=41567 L5 active=wlan1 ch6  | prep wlan0 ch4  | BL=[]
[TX  ->  *] bucket=41567 L5 active=wlan1 ch6  BL=[]
[RX  <- B] bucket=41567  peer_BL=[]  my_BL=[]
[03:43:16] HOP bucket=41568 L5 active=wlan0 ch4  | prep wlan1 ch11  | BL=[]
[RX  <- B] bucket=41568  peer_BL=[]  my_BL=[]
[TX  ->  *] bucket=41568 L5 active=wlan0 ch4  BL=[]
[03:43:18] HOP bucket=41569 L5 active=wlan1 ch11  | prep wlan0 ch7  | BL=[]
[RX  <- B] bucket=41569  peer_BL=[]  my_BL=[]
[TX  ->  *] bucket=41569 L5 active=wlan1 ch11  BL=[]
[03:43:20] HOP bucket=41570 L5 active=wlan0 ch7  | prep wlan1 ch4  | BL=[]
[TX  ->  *] bucket=41570 L5 active=wlan0 ch7  BL=[]
[RX  <- B] bucket=41570  peer_BL=[]  my_BL=[]
[03:43:22] HOP bucket=41571 L5 active=wlan1 ch4  | prep wlan0 ch3  | BL=[]
[TX  ->  *] bucket=41571 L5 active=wlan1 ch4  BL=[]
[RX  <- B] bucket=41571  peer_BL=[]  my_BL=[]
[03:43:24] HOP bucket=41572 L5 active=wlan0 ch3  | prep wlan1 ch11  | BL=[]
[RX  <- B] bucket=41572  peer_BL=[]  my_BL=[]
[TX  ->  *] bucket=41572 L5 active=wlan0 ch3  BL=[]
[03:43:26] HOP bucket=41573 L5 active=wlan1 ch11  | prep wlan0 ch4  | BL=[]
[TX  ->  *] bucket=41573 L5 active=wlan1 ch11  BL=[]
[RX  <- B] bucket=41573  peer_BL=[]  my_BL=[]
[03:43:28] HOP bucket=41574 L5 active=wlan0 ch4  | prep wlan1 ch11  | BL=[]
[RX  <- B] bucket=41574  peer_BL=[]  my_BL=[]
[TX  ->  *] bucket=41574 L5 active=wlan0 ch4  BL=[]
[03:43:30] HOP bucket=41575 L5 active=wlan1 ch11  | prep wlan0 ch7  | BL=[]
[RX  <- B] bucket=41575  peer_BL=[]  my_BL=[]
[TX  ->  *] bucket=41575 L5 active=wlan1 ch11  BL=[]
[03:43:32] HOP bucket=41576 L5 active=wlan0 ch7  | prep wlan1 ch7  | BL=[]
[RX  <- B] bucket=41576  peer_BL=[]  my_BL=[]
[TX  ->  *] bucket=41576 L5 active=wlan0 ch7  BL=[]
[03:43:34] HOP bucket=41577 L5 active=wlan1 ch7  | prep wlan0 ch11  | BL=[]
[RX  <- B] bucket=41577  peer_BL=[]  my_BL=[]
[TX  ->  *] bucket=41577 L5 active=wlan1 ch7  BL=[]
[03:43:36] HOP bucket=41578 L5 active=wlan0 ch11  | prep wlan1 ch4  | BL=[]
[RX  <- B] bucket=41578  peer_BL=[]  my_BL=[]
[TX  ->  *] bucket=41578 L5 active=wlan0 ch11  BL=[]
[03:43:38] HOP bucket=41579 L5 active=wlan1 ch4  | prep wlan0 ch6  | BL=[]
[RX  <- B] bucket=41579  peer_BL=[]  my_BL=[]
[TX  ->  *] bucket=41579 L5 active=wlan1 ch4  BL=[]
[03:43:40] HOP bucket=41580 L5 active=wlan0 ch6  | prep wlan1 ch10  | BL=[]
[RX  <- B] bucket=41580  peer_BL=[]  my_BL=[]
[TX  ->  *] bucket=41580 L5 active=wlan0 ch6  BL=[]
[03:43:42] HOP bucket=41581 L5 active=wlan1 ch10  | prep wlan0 ch7  | BL=[]
[TX  ->  *] bucket=41581 L5 active=wlan1 ch10  BL=[]
[RX  <- B] bucket=41581  peer_BL=[]  my_BL=[]
[03:43:44] HOP bucket=41582 L5 active=wlan0 ch7  | prep wlan1 ch4  | BL=[]
[TX  ->  *] bucket=41582 L5 active=wlan0 ch7  BL=[]
[RX  <- B] bucket=41582  peer_BL=[]  my_BL=[]
[03:43:46] HOP bucket=41583 L5 active=wlan1 ch4  | prep wlan0 ch5  | BL=[]
[TX  ->  *] bucket=41583 L5 active=wlan1 ch4  BL=[]
[RX  <- B] bucket=41583  peer_BL=[]  my_BL=[]
[03:43:48] HOP bucket=41584 L5 active=wlan0 ch5  | prep wlan1 ch6  | BL=[]
[RX  <- B] bucket=41584  peer_BL=[]  my_BL=[]
[TX  ->  *] bucket=41584 L5 active=wlan0 ch5  BL=[]
[03:43:50] HOP bucket=41585 L5 active=wlan1 ch6  | prep wlan0 ch10  | BL=[]
[RX  <- B] bucket=41585  peer_BL=[]  my_BL=[]
[TX  ->  *] bucket=41585 L5 active=wlan1 ch6  BL=[]
[03:43:52] HOP bucket=41586 L5 active=wlan0 ch10  | prep wlan1 ch10  | BL=[]
[TX  ->  *] bucket=41586 L5 active=wlan0 ch10  BL=[]
[RX  <- B] bucket=41586  peer_BL=[]  my_BL=[]
[03:43:54] HOP bucket=41587 L5 active=wlan1 ch10  | prep wlan0 ch9  | BL=[]
[TX  ->  *] bucket=41587 L5 active=wlan1 ch10  BL=[]
[RX  <- B] bucket=41587  peer_BL=[]  my_BL=[]
[03:43:56] HOP bucket=41588 L5 active=wlan0 ch9  | prep wlan1 ch9  | BL=[]
[RX  <- B] bucket=41588  peer_BL=[]  my_BL=[]
[TX  ->  *] bucket=41588 L5 active=wlan0 ch9  BL=[]
[03:43:58] HOP bucket=41589 L5 active=wlan1 ch9  | prep wlan0 ch7  | BL=[]
[RX  <- B] bucket=41589  peer_BL=[]  my_BL=[]
[TX  ->  *] bucket=41589 L5 active=wlan1 ch9  BL=[]
[03:44:00] HOP bucket=41590 L5 active=wlan0 ch7  | prep wlan1 ch5  | BL=[]
[RX  <- B] bucket=41590  peer_BL=[]  my_BL=[]
[TX  ->  *] bucket=41590 L5 active=wlan0 ch7  BL=[]
[03:44:02] HOP bucket=41591 L5 active=wlan1 ch5  | prep wlan0 ch5  | BL=[]
[TX  ->  *] bucket=41591 L5 active=wlan1 ch5  BL=[]
[RX  <- B] bucket=41591  peer_BL=[]  my_BL=[]
[03:44:04] HOP bucket=41592 L5 active=wlan0 ch5  | prep wlan1 ch10  | BL=[]
[TX  ->  *] bucket=41592 L5 active=wlan0 ch5  BL=[]
[RX  <- B] bucket=41592  peer_BL=[]  my_BL=[]
[03:44:06] HOP bucket=41593 L5 active=wlan1 ch10  | prep wlan0 ch8  | BL=[]
[TX  ->  *] bucket=41593 L5 active=wlan1 ch10  BL=[]
[RX  <- B] bucket=41593  peer_BL=[]  my_BL=[]
[03:44:08] HOP bucket=41594 L5 active=wlan0 ch8  | prep wlan1 ch10  | BL=[]
[RX  <- B] bucket=41594  peer_BL=[]  my_BL=[]
[TX  ->  *] bucket=41594 L5 active=wlan0 ch8  BL=[]
[03:44:10] HOP bucket=41595 L5 active=wlan1 ch10  | prep wlan0 ch11  | BL=[]
[TX  ->  *] bucket=41595 L5 active=wlan1 ch10  BL=[]
[RX  <- B] bucket=41595  peer_BL=[]  my_BL=[]
[03:44:12] HOP bucket=41596 L5 active=wlan0 ch11  | prep wlan1 ch8  | BL=[]
[TX  ->  *] bucket=41596 L5 active=wlan0 ch11  BL=[]
[RX  <- B] bucket=41596  peer_BL=[]  my_BL=[]
[03:44:14] HOP bucket=41597 L5 active=wlan1 ch8  | prep wlan0 ch4  | BL=[]
[RX  <- B] bucket=41597  peer_BL=[]  my_BL=[]
[TX  ->  *] bucket=41597 L5 active=wlan1 ch8  BL=[]
[03:44:16] HOP bucket=41598 L5 active=wlan0 ch4  | prep wlan1 ch6  | BL=[]
[TX  ->  *] bucket=41598 L5 active=wlan0 ch4  BL=[]
[RX  <- B] bucket=41598  peer_BL=[]  my_BL=[]
[03:44:18] HOP bucket=41599 L5 active=wlan1 ch6  | prep wlan0 ch8  | BL=[]
[RX  <- B] bucket=41599  peer_BL=[]  my_BL=[]
[TX  ->  *] bucket=41599 L5 active=wlan1 ch6  BL=[]
[03:44:20] HOP bucket=41600 L5 active=wlan0 ch8  | prep wlan1 ch10  | BL=[]
[RX  <- B] bucket=41600  peer_BL=[]  my_BL=[]
[TX  ->  *] bucket=41600 L5 active=wlan0 ch8  BL=[]
[03:44:22] HOP bucket=41601 L5 active=wlan1 ch10  | prep wlan0 ch6  | BL=[]
[RX  <- B] bucket=41601  peer_BL=[]  my_BL=[]
[TX  ->  *] bucket=41601 L5 active=wlan1 ch10  BL=[]
[03:44:24] HOP bucket=41602 L5 active=wlan0 ch6  | prep wlan1 ch11  | BL=[]
[TX  ->  *] bucket=41602 L5 active=wlan0 ch6  BL=[]
[RX  <- B] bucket=41602  peer_BL=[]  my_BL=[]
[03:44:26] HOP bucket=41603 L5 active=wlan1 ch11  | prep wlan0 ch10  | BL=[]
[RX  <- B] bucket=41603  peer_BL=[]  my_BL=[]
[TX  ->  *] bucket=41603 L5 active=wlan1 ch11  BL=[]
[03:44:28] HOP bucket=41604 L5 active=wlan0 ch10  | prep wlan1 ch9  | BL=[]
[RX  <- B] bucket=41604  peer_BL=[]  my_BL=[]
[TX  ->  *] bucket=41604 L5 active=wlan0 ch10  BL=[]
[03:44:30] HOP bucket=41605 L5 active=wlan1 ch9  | prep wlan0 ch3  | BL=[]
[RX  <- B] bucket=41605  peer_BL=[]  my_BL=[]
[TX  ->  *] bucket=41605 L5 active=wlan1 ch9  BL=[]
[03:44:32] HOP bucket=41606 L5 active=wlan0 ch3  | prep wlan1 ch6  | BL=[]
[RX  <- B] bucket=41606  peer_BL=[]  my_BL=[]
[TX  ->  *] bucket=41606 L5 active=wlan0 ch3  BL=[]
[03:44:34] HOP bucket=41607 L5 active=wlan1 ch6  | prep wlan0 ch4  | BL=[]
[TX  ->  *] bucket=41607 L5 active=wlan1 ch6  BL=[]
[RX  <- B] bucket=41607  peer_BL=[]  my_BL=[]
[03:44:36] HOP bucket=41608 L5 active=wlan0 ch4  | prep wlan1 ch4  | BL=[]
[TX  ->  *] bucket=41608 L5 active=wlan0 ch4  BL=[]
[RX  <- B] bucket=41608  peer_BL=[]  my_BL=[]
[03:44:38] HOP bucket=41609 L5 active=wlan1 ch4  | prep wlan0 ch8  | BL=[]
[RX  <- B] bucket=41609  peer_BL=[]  my_BL=[]
[TX  ->  *] bucket=41609 L5 active=wlan1 ch4  BL=[]
[03:44:40] HOP bucket=41610 L5 active=wlan0 ch8  | prep wlan1 ch9  | BL=[]
[RX  <- B] bucket=41610  peer_BL=[]  my_BL=[]
[TX  ->  *] bucket=41610 L5 active=wlan0 ch8  BL=[]
[03:44:42] HOP bucket=41611 L5 active=wlan1 ch9  | prep wlan0 ch3  | BL=[]
[TX  ->  *] bucket=41611 L5 active=wlan1 ch9  BL=[]
[RX  <- B] bucket=41611  peer_BL=[]  my_BL=[]
[03:44:44] HOP bucket=41612 L5 active=wlan0 ch3  | prep wlan1 ch11  | BL=[]
[TX  ->  *] bucket=41612 L5 active=wlan0 ch3  BL=[]
[RX  <- B] bucket=41612  peer_BL=[]  my_BL=[]
[03:44:46] HOP bucket=41613 L5 active=wlan1 ch11  | prep wlan0 ch3  | BL=[]
[RX  <- B] bucket=41613  peer_BL=[]  my_BL=[]
[TX  ->  *] bucket=41613 L5 active=wlan1 ch11  BL=[]
[03:44:48] HOP bucket=41614 L5 active=wlan0 ch3  | prep wlan1 ch11  | BL=[]
[RX  <- B] bucket=41614  peer_BL=[]  my_BL=[]
[TX  ->  *] bucket=41614 L5 active=wlan0 ch3  BL=[]
[03:44:50] HOP bucket=41615 L5 active=wlan1 ch11  | prep wlan0 ch9  | BL=[]
[RX  <- B] bucket=41615  peer_BL=[]  my_BL=[]
[TX  ->  *] bucket=41615 L5 active=wlan1 ch11  BL=[]
[03:44:52] HOP bucket=41616 L5 active=wlan0 ch9  | prep wlan1 ch3  | BL=[]
[RX  <- B] bucket=41616  peer_BL=[]  my_BL=[]
[TX  ->  *] bucket=41616 L5 active=wlan0 ch9  BL=[]
[03:44:54] HOP bucket=41617 L5 active=wlan1 ch3  | prep wlan0 ch6  | BL=[]
[TX  ->  *] bucket=41617 L5 active=wlan1 ch3  BL=[]
[RX  <- B] bucket=41617  peer_BL=[]  my_BL=[]
[03:44:56] HOP bucket=41618 L5 active=wlan0 ch6  | prep wlan1 ch7  | BL=[]
[TX  ->  *] bucket=41618 L5 active=wlan0 ch6  BL=[]
[RX  <- B] bucket=41618  peer_BL=[]  my_BL=[]
[03:44:58] HOP bucket=41619 L5 active=wlan1 ch7  | prep wlan0 ch3  | BL=[]
[TX  ->  *] bucket=41619 L5 active=wlan1 ch7  BL=[]
[RX  <- B] bucket=41619  peer_BL=[]  my_BL=[]
[03:45:00] HOP bucket=41620 L5 active=wlan0 ch3  | prep wlan1 ch8  | BL=[]
[TX  ->  *] bucket=41620 L5 active=wlan0 ch3  BL=[]
[RX  <- B] bucket=41620  peer_BL=[]  my_BL=[]
[03:45:02] HOP bucket=41621 L5 active=wlan1 ch8  | prep wlan0 ch10  | BL=[]
[TX  ->  *] bucket=41621 L5 active=wlan1 ch8  BL=[]
[RX  <- B] bucket=41621  peer_BL=[]  my_BL=[]
[03:45:04] HOP bucket=41622 L5 active=wlan0 ch10  | prep wlan1 ch3  | BL=[]
[RX  <- B] bucket=41622  peer_BL=[]  my_BL=[]
[TX  ->  *] bucket=41622 L5 active=wlan0 ch10  BL=[]
[03:45:06] HOP bucket=41623 L5 active=wlan1 ch3  | prep wlan0 ch11  | BL=[]
[TX  ->  *] bucket=41623 L5 active=wlan1 ch3  BL=[]
[RX  <- B] bucket=41623  peer_BL=[]  my_BL=[]
[03:45:08] HOP bucket=41624 L5 active=wlan0 ch11  | prep wlan1 ch6  | BL=[]
[TX  ->  *] bucket=41624 L5 active=wlan0 ch11  BL=[]
[RX  <- B] bucket=41624  peer_BL=[]  my_BL=[]
[03:45:10] HOP bucket=41625 L5 active=wlan1 ch6  | prep wlan0 ch3  | BL=[]
[TX  ->  *] bucket=41625 L5 active=wlan1 ch6  BL=[]
[RX  <- B] bucket=41625  peer_BL=[]  my_BL=[]
[03:45:12] HOP bucket=41626 L5 active=wlan0 ch3  | prep wlan1 ch3  | BL=[]
[TX  ->  *] bucket=41626 L5 active=wlan0 ch3  BL=[]
[RX  <- B] bucket=41626  peer_BL=[]  my_BL=[]
[03:45:14] HOP bucket=41627 L5 active=wlan1 ch3  | prep wlan0 ch11  | BL=[]
[TX  ->  *] bucket=41627 L5 active=wlan1 ch3  BL=[]
[RX  <- B] bucket=41627  peer_BL=[]  my_BL=[]
[03:45:16] HOP bucket=41628 L5 active=wlan0 ch11  | prep wlan1 ch10  | BL=[]
[RX  <- B] bucket=41628  peer_BL=[]  my_BL=[]
[TX  ->  *] bucket=41628 L5 active=wlan0 ch11  BL=[]
[03:45:18] HOP bucket=41629 L5 active=wlan1 ch10  | prep wlan0 ch11  | BL=[]
[TX  ->  *] bucket=41629 L5 active=wlan1 ch10  BL=[]
[RX  <- B] bucket=41629  peer_BL=[]  my_BL=[]
[03:45:20] HOP bucket=41630 L5 active=wlan0 ch11  | prep wlan1 ch11  | BL=[]
[RX  <- B] bucket=41630  peer_BL=[]  my_BL=[]
[TX  ->  *] bucket=41630 L5 active=wlan0 ch11  BL=[]
[03:45:22] HOP bucket=41631 L5 active=wlan1 ch11  | prep wlan0 ch11  | BL=[]
[RX  <- B] bucket=41631  peer_BL=[]  my_BL=[]
[TX  ->  *] bucket=41631 L5 active=wlan1 ch11  BL=[]
[03:45:24] HOP bucket=41632 L5 active=wlan0 ch11  | prep wlan1 ch3  | BL=[]
[TX  ->  *] bucket=41632 L5 active=wlan0 ch11  BL=[]
[RX  <- B] bucket=41632  peer_BL=[]  my_BL=[]
[03:45:26] HOP bucket=41633 L5 active=wlan1 ch3  | prep wlan0 ch7  | BL=[]
[TX  ->  *] bucket=41633 L5 active=wlan1 ch3  BL=[]
[RX  <- B] bucket=41633  peer_BL=[]  my_BL=[]
[03:45:28] HOP bucket=41634 L5 active=wlan0 ch7  | prep wlan1 ch4  | BL=[]
[TX  ->  *] bucket=41634 L5 active=wlan0 ch7  BL=[]
[RX  <- B] bucket=41634  peer_BL=[]  my_BL=[]
[03:45:30] HOP bucket=41635 L5 active=wlan1 ch4  | prep wlan0 ch11  | BL=[]
[TX  ->  *] bucket=41635 L5 active=wlan1 ch4  BL=[]
[RX  <- B] bucket=41635  peer_BL=[]  my_BL=[]
[03:45:32] HOP bucket=41636 L5 active=wlan0 ch11  | prep wlan1 ch10  | BL=[]
[TX  ->  *] bucket=41636 L5 active=wlan0 ch11  BL=[]
[RX  <- B] bucket=41636  peer_BL=[]  my_BL=[]
[03:45:34] HOP bucket=41637 L5 active=wlan1 ch10  | prep wlan0 ch6  | BL=[]
[RX  <- B] bucket=41637  peer_BL=[]  my_BL=[]
[TX  ->  *] bucket=41637 L5 active=wlan1 ch10  BL=[]
[03:45:36] HOP bucket=41638 L5 active=wlan0 ch6  | prep wlan1 ch10  | BL=[]
[RX  <- B] bucket=41638  peer_BL=[]  my_BL=[]
[TX  ->  *] bucket=41638 L5 active=wlan0 ch6  BL=[]
[03:45:38] HOP bucket=41639 L5 active=wlan1 ch10  | prep wlan0 ch7  | BL=[]
[TX  ->  *] bucket=41639 L5 active=wlan1 ch10  BL=[]
[RX  <- B] bucket=41639  peer_BL=[]  my_BL=[]
[03:45:40] HOP bucket=41640 L5 active=wlan0 ch7  | prep wlan1 ch8  | BL=[]
[RX  <- B] bucket=41640  peer_BL=[]  my_BL=[]
[TX  ->  *] bucket=41640 L5 active=wlan0 ch7  BL=[]
[03:45:42] HOP bucket=41641 L5 active=wlan1 ch8  | prep wlan0 ch3  | BL=[]
[TX  ->  *] bucket=41641 L5 active=wlan1 ch8  BL=[]
[RX  <- B] bucket=41641  peer_BL=[]  my_BL=[]
[03:45:44] HOP bucket=41642 L5 active=wlan0 ch3  | prep wlan1 ch9  | BL=[]
[TX  ->  *] bucket=41642 L5 active=wlan0 ch3  BL=[]
[RX  <- B] bucket=41642  peer_BL=[]  my_BL=[]
[03:45:46] HOP bucket=41643 L5 active=wlan1 ch9  | prep wlan0 ch8  | BL=[]
[TX  ->  *] bucket=41643 L5 active=wlan1 ch9  BL=[]
[RX  <- B] bucket=41643  peer_BL=[]  my_BL=[]
[03:45:48] HOP bucket=41644 L5 active=wlan0 ch8  | prep wlan1 ch4  | BL=[]
[RX  <- B] bucket=41644  peer_BL=[]  my_BL=[]
[TX  ->  *] bucket=41644 L5 active=wlan0 ch8  BL=[]
[03:45:50] HOP bucket=41645 L5 active=wlan1 ch4  | prep wlan0 ch8  | BL=[]
[TX  ->  *] bucket=41645 L5 active=wlan1 ch4  BL=[]
[RX  <- B] bucket=41645  peer_BL=[]  my_BL=[]
[03:45:52] HOP bucket=41646 L5 active=wlan0 ch8  | prep wlan1 ch6  | BL=[]
[RX  <- B] bucket=41646  peer_BL=[]  my_BL=[]
[TX  ->  *] bucket=41646 L5 active=wlan0 ch8  BL=[]
[03:45:54] HOP bucket=41647 L5 active=wlan1 ch6  | prep wlan0 ch7  | BL=[]
[RX  <- B] bucket=41647  peer_BL=[]  my_BL=[]
[TX  ->  *] bucket=41647 L5 active=wlan1 ch6  BL=[]
[03:45:56] HOP bucket=41648 L5 active=wlan0 ch7  | prep wlan1 ch10  | BL=[]
[TX  ->  *] bucket=41648 L5 active=wlan0 ch7  BL=[]
[RX  <- B] bucket=41648  peer_BL=[]  my_BL=[]
[03:45:58] HOP bucket=41649 L5 active=wlan1 ch10  | prep wlan0 ch11  | BL=[]
[RX  <- B] bucket=41649  peer_BL=[]  my_BL=[]
[TX  ->  *] bucket=41649 L5 active=wlan1 ch10  BL=[]
[03:46:00] HOP bucket=41650 L5 active=wlan0 ch11  | prep wlan1 ch8  | BL=[]
[RX  <- B] bucket=41650  peer_BL=[]  my_BL=[]
[TX  ->  *] bucket=41650 L5 active=wlan0 ch11  BL=[]
[03:46:02] HOP bucket=41651 L5 active=wlan1 ch8  | prep wlan0 ch8  | BL=[]
[RX  <- B] bucket=41651  peer_BL=[]  my_BL=[]
[TX  ->  *] bucket=41651 L5 active=wlan1 ch8  BL=[]
[03:46:04] HOP bucket=41652 L5 active=wlan0 ch8  | prep wlan1 ch8  | BL=[]
[RX  <- B] bucket=41652  peer_BL=[]  my_BL=[]
[TX  ->  *] bucket=41652 L5 active=wlan0 ch8  BL=[]
[03:46:06] HOP bucket=41653 L5 active=wlan1 ch8  | prep wlan0 ch7  | BL=[]
[RX  <- B] bucket=41653  peer_BL=[]  my_BL=[]
[TX  ->  *] bucket=41653 L5 active=wlan1 ch8  BL=[]
[03:46:08] HOP bucket=41654 L5 active=wlan0 ch7  | prep wlan1 ch7  | BL=[]
[RX  <- B] bucket=41654  peer_BL=[]  my_BL=[]
[TX  ->  *] bucket=41654 L5 active=wlan0 ch7  BL=[]
[03:46:10] HOP bucket=41655 L5 active=wlan1 ch7  | prep wlan0 ch5  | BL=[]
[RX  <- B] bucket=41655  peer_BL=[]  my_BL=[]
[TX  ->  *] bucket=41655 L5 active=wlan1 ch7  BL=[]
[03:46:12] HOP bucket=41656 L5 active=wlan0 ch5  | prep wlan1 ch8  | BL=[]
[RX  <- B] bucket=41656  peer_BL=[]  my_BL=[]
[TX  ->  *] bucket=41656 L5 active=wlan0 ch5  BL=[]
[03:46:14] HOP bucket=41657 L5 active=wlan1 ch8  | prep wlan0 ch6  | BL=[]
[TX  ->  *] bucket=41657 L5 active=wlan1 ch8  BL=[]
[RX  <- B] bucket=41657  peer_BL=[]  my_BL=[]
[03:46:16] HOP bucket=41658 L5 active=wlan0 ch6  | prep wlan1 ch4  | BL=[]
[RX  <- B] bucket=41658  peer_BL=[]  my_BL=[]
[TX  ->  *] bucket=41658 L5 active=wlan0 ch6  BL=[]
[03:46:18] HOP bucket=41659 L5 active=wlan1 ch4  | prep wlan0 ch6  | BL=[]
[RX  <- B] bucket=41659  peer_BL=[]  my_BL=[]
[TX  ->  *] bucket=41659 L5 active=wlan1 ch4  BL=[]
[03:46:20] HOP bucket=41660 L5 active=wlan0 ch6  | prep wlan1 ch6  | BL=[]
[RX  <- B] bucket=41660  peer_BL=[]  my_BL=[]
[TX  ->  *] bucket=41660 L5 active=wlan0 ch6  BL=[]
[03:46:22] HOP bucket=41661 L5 active=wlan1 ch6  | prep wlan0 ch7  | BL=[]
[TX  ->  *] bucket=41661 L5 active=wlan1 ch6  BL=[]
[RX  <- B] bucket=41661  peer_BL=[]  my_BL=[]
[03:46:24] HOP bucket=41662 L5 active=wlan0 ch7  | prep wlan1 ch3  | BL=[]
[RX  <- B] bucket=41662  peer_BL=[]  my_BL=[]
[TX  ->  *] bucket=41662 L5 active=wlan0 ch7  BL=[]
[03:46:26] HOP bucket=41663 L5 active=wlan1 ch3  | prep wlan0 ch3  | BL=[]
[TX  ->  *] bucket=41663 L5 active=wlan1 ch3  BL=[]
[RX  <- B] bucket=41663  peer_BL=[]  my_BL=[]
[03:46:28] HOP bucket=41664 L5 active=wlan0 ch3  | prep wlan1 ch7  | BL=[]
[RX  <- B] bucket=41664  peer_BL=[]  my_BL=[]
[TX  ->  *] bucket=41664 L5 active=wlan0 ch3  BL=[]
[03:46:30] HOP bucket=41665 L5 active=wlan1 ch7  | prep wlan0 ch10  | BL=[]
[RX  <- B] bucket=41665  peer_BL=[]  my_BL=[]
[TX  ->  *] bucket=41665 L5 active=wlan1 ch7  BL=[]
[03:46:32] HOP bucket=41666 L5 active=wlan0 ch10  | prep wlan1 ch11  | BL=[]
[RX  <- B] bucket=41666  peer_BL=[]  my_BL=[]
[TX  ->  *] bucket=41666 L5 active=wlan0 ch10  BL=[]
[03:46:34] HOP bucket=41667 L5 active=wlan1 ch11  | prep wlan0 ch8  | BL=[]
[RX  <- B] bucket=41667  peer_BL=[]  my_BL=[]
[TX  ->  *] bucket=41667 L5 active=wlan1 ch11  BL=[]
[03:46:36] HOP bucket=41668 L5 active=wlan0 ch8  | prep wlan1 ch4  | BL=[]
[RX  <- B] bucket=41668  peer_BL=[]  my_BL=[]
[TX  ->  *] bucket=41668 L5 active=wlan0 ch8  BL=[]
[03:46:38] HOP bucket=41669 L5 active=wlan1 ch4  | prep wlan0 ch7  | BL=[]
[RX  <- B] bucket=41669  peer_BL=[]  my_BL=[]
[TX  ->  *] bucket=41669 L5 active=wlan1 ch4  BL=[]
[03:46:40] HOP bucket=41670 L5 active=wlan0 ch7  | prep wlan1 ch6  | BL=[]
[RX  <- B] bucket=41670  peer_BL=[]  my_BL=[]
[TX  ->  *] bucket=41670 L5 active=wlan0 ch7  BL=[]
[03:46:42] HOP bucket=41671 L5 active=wlan1 ch6  | prep wlan0 ch10  | BL=[]
[RX  <- B] bucket=41671  peer_BL=[]  my_BL=[]
[TX  ->  *] bucket=41671 L5 active=wlan1 ch6  BL=[]
[03:46:44] HOP bucket=41672 L5 active=wlan0 ch10  | prep wlan1 ch7  | BL=[]
[RX  <- B] bucket=41672  peer_BL=[]  my_BL=[]
[TX  ->  *] bucket=41672 L5 active=wlan0 ch10  BL=[]
[03:46:46] HOP bucket=41673 L5 active=wlan1 ch7  | prep wlan0 ch6  | BL=[]
[RX  <- B] bucket=41673  peer_BL=[]  my_BL=[]
[TX  ->  *] bucket=41673 L5 active=wlan1 ch7  BL=[]
[03:46:48] HOP bucket=41674 L5 active=wlan0 ch6  | prep wlan1 ch5  | BL=[]
[RX  <- B] bucket=41674  peer_BL=[]  my_BL=[]
[TX  ->  *] bucket=41674 L5 active=wlan0 ch6  BL=[]
[03:46:50] HOP bucket=41675 L5 active=wlan1 ch5  | prep wlan0 ch7  | BL=[]
[RX  <- B] bucket=41675  peer_BL=[]  my_BL=[]
[TX  ->  *] bucket=41675 L5 active=wlan1 ch5  BL=[]
[03:46:52] HOP bucket=41676 L5 active=wlan0 ch7  | prep wlan1 ch8  | BL=[]
[RX  <- B] bucket=41676  peer_BL=[]  my_BL=[]
[TX  ->  *] bucket=41676 L5 active=wlan0 ch7  BL=[]
[03:46:54] HOP bucket=41677 L5 active=wlan1 ch8  | prep wlan0 ch9  | BL=[]
[RX  <- B] bucket=41677  peer_BL=[]  my_BL=[]
[TX  ->  *] bucket=41677 L5 active=wlan1 ch8  BL=[]
[03:46:56] HOP bucket=41678 L5 active=wlan0 ch9  | prep wlan1 ch6  | BL=[]
[RX  <- B] bucket=41678  peer_BL=[]  my_BL=[]
[TX  ->  *] bucket=41678 L5 active=wlan0 ch9  BL=[]
[03:46:58] HOP bucket=41679 L5 active=wlan1 ch6  | prep wlan0 ch5  | BL=[]
[RX  <- B] bucket=41679  peer_BL=[]  my_BL=[]
[TX  ->  *] bucket=41679 L5 active=wlan1 ch6  BL=[]
[03:47:00] HOP bucket=41680 L5 active=wlan0 ch5  | prep wlan1 ch3  | BL=[]
[RX  <- B] bucket=41680  peer_BL=[]  my_BL=[]
[TX  ->  *] bucket=41680 L5 active=wlan0 ch5  BL=[]
[03:47:02] HOP bucket=41681 L5 active=wlan1 ch3  | prep wlan0 ch6  | BL=[]
[RX  <- B] bucket=41681  peer_BL=[]  my_BL=[]
[TX  ->  *] bucket=41681 L5 active=wlan1 ch3  BL=[]
[03:47:04] HOP bucket=41682 L5 active=wlan0 ch6  | prep wlan1 ch11  | BL=[]
[RX  <- B] bucket=41682  peer_BL=[]  my_BL=[]
[TX  ->  *] bucket=41682 L5 active=wlan0 ch6  BL=[]
[03:47:06] HOP bucket=41683 L5 active=wlan1 ch11  | prep wlan0 ch11  | BL=[]
[RX  <- B] bucket=41683  peer_BL=[]  my_BL=[]
[TX  ->  *] bucket=41683 L5 active=wlan1 ch11  BL=[]
[03:47:08] HOP bucket=41684 L5 active=wlan0 ch11  | prep wlan1 ch9  | BL=[]
[RX  <- B] bucket=41684  peer_BL=[]  my_BL=[]
[TX  ->  *] bucket=41684 L5 active=wlan0 ch11  BL=[]
[03:47:10] HOP bucket=41685 L5 active=wlan1 ch9  | prep wlan0 ch6  | BL=[]
[TX  ->  *] bucket=41685 L5 active=wlan1 ch9  BL=[]
[RX  <- B] bucket=41685  peer_BL=[]  my_BL=[]
[03:47:12] HOP bucket=41686 L5 active=wlan0 ch6  | prep wlan1 ch7  | BL=[]
[RX  <- B] bucket=41686  peer_BL=[]  my_BL=[]
[TX  ->  *] bucket=41686 L5 active=wlan0 ch6  BL=[]
[03:47:14] HOP bucket=41687 L5 active=wlan1 ch7  | prep wlan0 ch3  | BL=[]
[TX  ->  *] bucket=41687 L5 active=wlan1 ch7  BL=[]
[RX  <- B] bucket=41687  peer_BL=[]  my_BL=[]
[03:47:16] HOP bucket=41688 L5 active=wlan0 ch3  | prep wlan1 ch6  | BL=[]
[RX  <- B] bucket=41688  peer_BL=[]  my_BL=[]
[TX  ->  *] bucket=41688 L5 active=wlan0 ch3  BL=[]
[03:47:18] HOP bucket=41689 L5 active=wlan1 ch6  | prep wlan0 ch8  | BL=[]
[TX  ->  *] bucket=41689 L5 active=wlan1 ch6  BL=[]
[RX  <- B] bucket=41689  peer_BL=[]  my_BL=[]
[03:47:20] HOP bucket=41690 L5 active=wlan0 ch8  | prep wlan1 ch9  | BL=[]
[RX  <- B] bucket=41690  peer_BL=[]  my_BL=[]
[TX  ->  *] bucket=41690 L5 active=wlan0 ch8  BL=[]
[03:47:22] HOP bucket=41691 L5 active=wlan1 ch9  | prep wlan0 ch11  | BL=[]
[RX  <- B] bucket=41691  peer_BL=[]  my_BL=[]
[TX  ->  *] bucket=41691 L5 active=wlan1 ch9  BL=[]
[03:47:24] HOP bucket=41692 L5 active=wlan0 ch11  | prep wlan1 ch11  | BL=[]
[TX  ->  *] bucket=41692 L5 active=wlan0 ch11  BL=[]
[RX  <- B] bucket=41692  peer_BL=[]  my_BL=[]
[03:47:26] HOP bucket=41693 L5 active=wlan1 ch11  | prep wlan0 ch10  | BL=[]
[TX  ->  *] bucket=41693 L5 active=wlan1 ch11  BL=[]
[RX  <- B] bucket=41693  peer_BL=[]  my_BL=[]
[03:47:28] HOP bucket=41694 L5 active=wlan0 ch10  | prep wlan1 ch6  | BL=[]
[TX  ->  *] bucket=41694 L5 active=wlan0 ch10  BL=[]
[RX  <- B] bucket=41694  peer_BL=[]  my_BL=[]
[03:47:30] HOP bucket=41695 L5 active=wlan1 ch6  | prep wlan0 ch8  | BL=[]
[RX  <- B] bucket=41695  peer_BL=[]  my_BL=[]
[TX  ->  *] bucket=41695 L5 active=wlan1 ch6  BL=[]
[03:47:32] HOP bucket=41696 L5 active=wlan0 ch8  | prep wlan1 ch7  | BL=[]
[RX  <- B] bucket=41696  peer_BL=[]  my_BL=[]
[TX  ->  *] bucket=41696 L5 active=wlan0 ch8  BL=[]
[03:47:34] HOP bucket=41697 L5 active=wlan1 ch7  | prep wlan0 ch8  | BL=[]
[RX  <- B] bucket=41697  peer_BL=[]  my_BL=[]
[TX  ->  *] bucket=41697 L5 active=wlan1 ch7  BL=[]
[03:47:36] HOP bucket=41698 L5 active=wlan0 ch8  | prep wlan1 ch8  | BL=[]
[RX  <- B] bucket=41698  peer_BL=[]  my_BL=[]
[TX  ->  *] bucket=41698 L5 active=wlan0 ch8  BL=[]
[03:47:38] HOP bucket=41699 L5 active=wlan1 ch8  | prep wlan0 ch6  | BL=[]
[RX  <- B] bucket=41699  peer_BL=[]  my_BL=[]
[TX  ->  *] bucket=41699 L5 active=wlan1 ch8  BL=[]
[03:47:40] HOP bucket=41700 L5 active=wlan0 ch6  | prep wlan1 ch6  | BL=[]
[RX  <- B] bucket=41700  peer_BL=[]  my_BL=[]
[TX  ->  *] bucket=41700 L5 active=wlan0 ch6  BL=[]
[03:47:42] HOP bucket=41701 L5 active=wlan1 ch6  | prep wlan0 ch7  | BL=[]
[TX  ->  *] bucket=41701 L5 active=wlan1 ch6  BL=[]
[RX  <- B] bucket=41701  peer_BL=[]  my_BL=[]
[03:47:44] HOP bucket=41702 L5 active=wlan0 ch7  | prep wlan1 ch10  | BL=[]
[RX  <- B] bucket=41702  peer_BL=[]  my_BL=[]
[TX  ->  *] bucket=41702 L5 active=wlan0 ch7  BL=[]
[03:47:46] HOP bucket=41703 L5 active=wlan1 ch10  | prep wlan0 ch4  | BL=[]
[RX  <- B] bucket=41703  peer_BL=[]  my_BL=[]
[TX  ->  *] bucket=41703 L5 active=wlan1 ch10  BL=[]
[03:47:48] HOP bucket=41704 L5 active=wlan0 ch4  | prep wlan1 ch8  | BL=[]
[TX  ->  *] bucket=41704 L5 active=wlan0 ch4  BL=[]
[RX  <- B] bucket=41704  peer_BL=[]  my_BL=[]
[03:47:50] HOP bucket=41705 L5 active=wlan1 ch8  | prep wlan0 ch7  | BL=[]
[TX  ->  *] bucket=41705 L5 active=wlan1 ch8  BL=[]
[RX  <- B] bucket=41705  peer_BL=[]  my_BL=[]
[03:47:52] HOP bucket=41706 L5 active=wlan0 ch7  | prep wlan1 ch8  | BL=[]
[TX  ->  *] bucket=41706 L5 active=wlan0 ch7  BL=[]
[RX  <- B] bucket=41706  peer_BL=[]  my_BL=[]
[03:47:54] HOP bucket=41707 L5 active=wlan1 ch8  | prep wlan0 ch8  | BL=[]
[TX  ->  *] bucket=41707 L5 active=wlan1 ch8  BL=[]
[RX  <- B] bucket=41707  peer_BL=[]  my_BL=[]
[03:47:56] HOP bucket=41708 L5 active=wlan0 ch8  | prep wlan1 ch4  | BL=[]
[TX  ->  *] bucket=41708 L5 active=wlan0 ch8  BL=[]
[RX  <- B] bucket=41708  peer_BL=[]  my_BL=[]
[03:47:58] HOP bucket=41709 L5 active=wlan1 ch4  | prep wlan0 ch10  | BL=[]
[TX  ->  *] bucket=41709 L5 active=wlan1 ch4  BL=[]
[RX  <- B] bucket=41709  peer_BL=[]  my_BL=[]
[03:48:00] HOP bucket=41710 L5 active=wlan0 ch10  | prep wlan1 ch7  | BL=[]
[TX  ->  *] bucket=41710 L5 active=wlan0 ch10  BL=[]
[RX  <- B] bucket=41710  peer_BL=[]  my_BL=[]
[03:48:02] HOP bucket=41711 L5 active=wlan1 ch7  | prep wlan0 ch6  | BL=[]
[RX  <- B] bucket=41711  peer_BL=[]  my_BL=[]
[TX  ->  *] bucket=41711 L5 active=wlan1 ch7  BL=[]
[03:48:04] HOP bucket=41712 L5 active=wlan0 ch6  | prep wlan1 ch7  | BL=[]
[TX  ->  *] bucket=41712 L5 active=wlan0 ch6  BL=[]
[RX  <- B] bucket=41712  peer_BL=[]  my_BL=[]
[03:48:06] HOP bucket=41713 L5 active=wlan1 ch7  | prep wlan0 ch5  | BL=[]
[TX  ->  *] bucket=41713 L5 active=wlan1 ch7  BL=[]
[RX  <- B] bucket=41713  peer_BL=[]  my_BL=[]
[03:48:08] HOP bucket=41714 L5 active=wlan0 ch5  | prep wlan1 ch6  | BL=[]
[TX  ->  *] bucket=41714 L5 active=wlan0 ch5  BL=[]
[RX  <- B] bucket=41714  peer_BL=[]  my_BL=[]
[03:48:10] HOP bucket=41715 L5 active=wlan1 ch6  | prep wlan0 ch7  | BL=[]
[TX  ->  *] bucket=41715 L5 active=wlan1 ch6  BL=[]
[RX  <- B] bucket=41715  peer_BL=[]  my_BL=[]
[03:48:12] HOP bucket=41716 L5 active=wlan0 ch7  | prep wlan1 ch4  | BL=[]
[TX  ->  *] bucket=41716 L5 active=wlan0 ch7  BL=[]
[RX  <- B] bucket=41716  peer_BL=[]  my_BL=[]
[03:48:14] HOP bucket=41717 L5 active=wlan1 ch4  | prep wlan0 ch9  | BL=[]
[TX  ->  *] bucket=41717 L5 active=wlan1 ch4  BL=[]
[RX  <- B] bucket=41717  peer_BL=[]  my_BL=[]
[03:48:16] HOP bucket=41718 L5 active=wlan0 ch9  | prep wlan1 ch8  | BL=[]
[TX  ->  *] bucket=41718 L5 active=wlan0 ch9  BL=[]
[RX  <- B] bucket=41718  peer_BL=[]  my_BL=[]
[03:48:18] HOP bucket=41719 L5 active=wlan1 ch8  | prep wlan0 ch4  | BL=[]
[TX  ->  *] bucket=41719 L5 active=wlan1 ch8  BL=[]
[RX  <- B] bucket=41719  peer_BL=[]  my_BL=[]
[03:48:20] HOP bucket=41720 L5 active=wlan0 ch4  | prep wlan1 ch4  | BL=[]
[RX  <- B] bucket=41720  peer_BL=[]  my_BL=[]
[TX  ->  *] bucket=41720 L5 active=wlan0 ch4  BL=[]
[03:48:22] HOP bucket=41721 L5 active=wlan1 ch4  | prep wlan0 ch8  | BL=[]
[RX  <- B] bucket=41721  peer_BL=[]  my_BL=[]
[TX  ->  *] bucket=41721 L5 active=wlan1 ch4  BL=[]
[03:48:24] HOP bucket=41722 L5 active=wlan0 ch8  | prep wlan1 ch10  | BL=[]
[TX  ->  *] bucket=41722 L5 active=wlan0 ch8  BL=[]
[RX  <- B] bucket=41722  peer_BL=[]  my_BL=[]
[03:48:26] HOP bucket=41723 L5 active=wlan1 ch10  | prep wlan0 ch6  | BL=[]
[TX  ->  *] bucket=41723 L5 active=wlan1 ch10  BL=[]
[RX  <- B] bucket=41723  peer_BL=[]  my_BL=[]
[03:48:28] HOP bucket=41724 L5 active=wlan0 ch6  | prep wlan1 ch3  | BL=[]
[TX  ->  *] bucket=41724 L5 active=wlan0 ch6  BL=[]
[RX  <- B] bucket=41724  peer_BL=[]  my_BL=[]
[03:48:30] HOP bucket=41725 L5 active=wlan1 ch3  | prep wlan0 ch7  | BL=[]
[TX  ->  *] bucket=41725 L5 active=wlan1 ch3  BL=[]
[RX  <- B] bucket=41725  peer_BL=[]  my_BL=[]
[03:48:32] HOP bucket=41726 L5 active=wlan0 ch7  | prep wlan1 ch5  | BL=[]
[TX  ->  *] bucket=41726 L5 active=wlan0 ch7  BL=[]
[RX  <- B] bucket=41726  peer_BL=[]  my_BL=[]
[03:48:34] HOP bucket=41727 L5 active=wlan1 ch5  | prep wlan0 ch11  | BL=[]
[RX  <- B] bucket=41727  peer_BL=[]  my_BL=[]
[TX  ->  *] bucket=41727 L5 active=wlan1 ch5  BL=[]
[03:48:36] HOP bucket=41728 L5 active=wlan0 ch11  | prep wlan1 ch5  | BL=[]
[RX  <- B] bucket=41728  peer_BL=[]  my_BL=[]
[TX  ->  *] bucket=41728 L5 active=wlan0 ch11  BL=[]
[03:48:38] HOP bucket=41729 L5 active=wlan1 ch5  | prep wlan0 ch4  | BL=[]
[TX  ->  *] bucket=41729 L5 active=wlan1 ch5  BL=[]
[RX  <- B] bucket=41729  peer_BL=[]  my_BL=[]
[03:48:40] HOP bucket=41730 L5 active=wlan0 ch4  | prep wlan1 ch11  | BL=[]
[RX  <- B] bucket=41730  peer_BL=[]  my_BL=[]
[TX  ->  *] bucket=41730 L5 active=wlan0 ch4  BL=[]
[03:48:42] HOP bucket=41731 L5 active=wlan1 ch11  | prep wlan0 ch9  | BL=[]
[TX  ->  *] bucket=41731 L5 active=wlan1 ch11  BL=[]
[RX  <- B] bucket=41731  peer_BL=[]  my_BL=[]
[03:48:44] HOP bucket=41732 L5 active=wlan0 ch9  | prep wlan1 ch6  | BL=[]
[RX  <- B] bucket=41732  peer_BL=[]  my_BL=[]
[TX  ->  *] bucket=41732 L5 active=wlan0 ch9  BL=[]
[03:48:46] HOP bucket=41733 L5 active=wlan1 ch6  | prep wlan0 ch5  | BL=[]
[TX  ->  *] bucket=41733 L5 active=wlan1 ch6  BL=[]
[RX  <- B] bucket=41733  peer_BL=[]  my_BL=[]
[03:48:48] HOP bucket=41734 L5 active=wlan0 ch5  | prep wlan1 ch10  | BL=[]
[TX  ->  *] bucket=41734 L5 active=wlan0 ch5  BL=[]
[RX  <- B] bucket=41734  peer_BL=[]  my_BL=[]
[03:48:50] HOP bucket=41735 L5 active=wlan1 ch10  | prep wlan0 ch4  | BL=[]
[RX  <- B] bucket=41735  peer_BL=[]  my_BL=[]
[TX  ->  *] bucket=41735 L5 active=wlan1 ch10  BL=[]
[03:48:52] HOP bucket=41736 L5 active=wlan0 ch4  | prep wlan1 ch6  | BL=[]
[RX  <- B] bucket=41736  peer_BL=[]  my_BL=[]
[TX  ->  *] bucket=41736 L5 active=wlan0 ch4  BL=[]
[03:48:54] HOP bucket=41737 L5 active=wlan1 ch6  | prep wlan0 ch10  | BL=[]
[RX  <- B] bucket=41737  peer_BL=[]  my_BL=[]
[TX  ->  *] bucket=41737 L5 active=wlan1 ch6  BL=[]
[03:48:56] HOP bucket=41738 L5 active=wlan0 ch10  | prep wlan1 ch5  | BL=[]
[TX  ->  *] bucket=41738 L5 active=wlan0 ch10  BL=[]
[RX  <- B] bucket=41738  peer_BL=[]  my_BL=[]
[03:48:58] HOP bucket=41739 L5 active=wlan1 ch5  | prep wlan0 ch5  | BL=[]
[TX  ->  *] bucket=41739 L5 active=wlan1 ch5  BL=[]
[RX  <- B] bucket=41739  peer_BL=[]  my_BL=[]
[03:49:00] HOP bucket=41740 L5 active=wlan0 ch5  | prep wlan1 ch5  | BL=[]
[RX  <- B] bucket=41740  peer_BL=[]  my_BL=[]
[TX  ->  *] bucket=41740 L5 active=wlan0 ch5  BL=[]
[03:49:02] HOP bucket=41741 L5 active=wlan1 ch5  | prep wlan0 ch8  | BL=[]
[RX  <- B] bucket=41741  peer_BL=[]  my_BL=[]
[TX  ->  *] bucket=41741 L5 active=wlan1 ch5  BL=[]
[03:49:04] HOP bucket=41742 L5 active=wlan0 ch8  | prep wlan1 ch11  | BL=[]
[TX  ->  *] bucket=41742 L5 active=wlan0 ch8  BL=[]
[RX  <- B] bucket=41742  peer_BL=[]  my_BL=[]
[03:49:06] HOP bucket=41743 L5 active=wlan1 ch11  | prep wlan0 ch3  | BL=[]
[RX  <- B] bucket=41743  peer_BL=[]  my_BL=[]
[TX  ->  *] bucket=41743 L5 active=wlan1 ch11  BL=[]
[03:49:08] HOP bucket=41744 L5 active=wlan0 ch3  | prep wlan1 ch10  | BL=[]
[RX  <- B] bucket=41744  peer_BL=[]  my_BL=[]
[TX  ->  *] bucket=41744 L5 active=wlan0 ch3  BL=[]
[03:49:10] HOP bucket=41745 L5 active=wlan1 ch10  | prep wlan0 ch6  | BL=[]
[RX  <- B] bucket=41745  peer_BL=[]  my_BL=[]
[TX  ->  *] bucket=41745 L5 active=wlan1 ch10  BL=[]
[03:49:12] HOP bucket=41746 L5 active=wlan0 ch6  | prep wlan1 ch6  | BL=[]
[RX  <- B] bucket=41746  peer_BL=[]  my_BL=[]
[TX  ->  *] bucket=41746 L5 active=wlan0 ch6  BL=[]
[03:49:14] HOP bucket=41747 L5 active=wlan1 ch6  | prep wlan0 ch11  | BL=[]
[TX  ->  *] bucket=41747 L5 active=wlan1 ch6  BL=[]
[RX  <- B] bucket=41747  peer_BL=[]  my_BL=[]
[03:49:16] HOP bucket=41748 L5 active=wlan0 ch11  | prep wlan1 ch8  | BL=[]
[RX  <- B] bucket=41748  peer_BL=[]  my_BL=[]
[TX  ->  *] bucket=41748 L5 active=wlan0 ch11  BL=[]
[03:49:18] HOP bucket=41749 L5 active=wlan1 ch8  | prep wlan0 ch7  | BL=[]
[RX  <- B] bucket=41749  peer_BL=[]  my_BL=[]
[TX  ->  *] bucket=41749 L5 active=wlan1 ch8  BL=[]
[03:49:20] HOP bucket=41750 L5 active=wlan0 ch7  | prep wlan1 ch3  | BL=[]
[RX  <- B] bucket=41750  peer_BL=[]  my_BL=[]
[TX  ->  *] bucket=41750 L5 active=wlan0 ch7  BL=[]
[03:49:22] HOP bucket=41751 L5 active=wlan1 ch3  | prep wlan0 ch6  | BL=[]
[TX  ->  *] bucket=41751 L5 active=wlan1 ch3  BL=[]
[RX  <- B] bucket=41751  peer_BL=[]  my_BL=[]
[03:49:24] HOP bucket=41752 L5 active=wlan0 ch6  | prep wlan1 ch5  | BL=[]
[RX  <- B] bucket=41752  peer_BL=[]  my_BL=[]
[TX  ->  *] bucket=41752 L5 active=wlan0 ch6  BL=[]
[03:49:26] HOP bucket=41753 L5 active=wlan1 ch5  | prep wlan0 ch7  | BL=[]
[TX  ->  *] bucket=41753 L5 active=wlan1 ch5  BL=[]
[RX  <- B] bucket=41753  peer_BL=[]  my_BL=[]
[03:49:28] HOP bucket=41754 L5 active=wlan0 ch7  | prep wlan1 ch5  | BL=[]
[TX  ->  *] bucket=41754 L5 active=wlan0 ch7  BL=[]
[RX  <- B] bucket=41754  peer_BL=[]  my_BL=[]
[03:49:30] HOP bucket=41755 L5 active=wlan1 ch5  | prep wlan0 ch5  | BL=[]
[TX  ->  *] bucket=41755 L5 active=wlan1 ch5  BL=[]
[RX  <- B] bucket=41755  peer_BL=[]  my_BL=[]
[03:49:32] HOP bucket=41756 L5 active=wlan0 ch5  | prep wlan1 ch9  | BL=[]
[RX  <- B] bucket=41756  peer_BL=[]  my_BL=[]
[TX  ->  *] bucket=41756 L5 active=wlan0 ch5  BL=[]
[03:49:34] HOP bucket=41757 L5 active=wlan1 ch9  | prep wlan0 ch11  | BL=[]
[RX  <- B] bucket=41757  peer_BL=[]  my_BL=[]
[TX  ->  *] bucket=41757 L5 active=wlan1 ch9  BL=[]
[03:49:36] HOP bucket=41758 L5 active=wlan0 ch11  | prep wlan1 ch8  | BL=[]
[TX  ->  *] bucket=41758 L5 active=wlan0 ch11  BL=[]
[RX  <- B] bucket=41758  peer_BL=[]  my_BL=[]
[03:49:38] HOP bucket=41759 L5 active=wlan1 ch8  | prep wlan0 ch8  | BL=[]
[RX  <- B] bucket=41759  peer_BL=[]  my_BL=[]
[TX  ->  *] bucket=41759 L5 active=wlan1 ch8  BL=[]
[03:49:40] HOP bucket=41760 L5 active=wlan0 ch8  | prep wlan1 ch5  | BL=[]
[RX  <- B] bucket=41760  peer_BL=[]  my_BL=[]
[TX  ->  *] bucket=41760 L5 active=wlan0 ch8  BL=[]
[03:49:42] HOP bucket=41761 L5 active=wlan1 ch5  | prep wlan0 ch9  | BL=[]
[RX  <- B] bucket=41761  peer_BL=[]  my_BL=[]
[TX  ->  *] bucket=41761 L5 active=wlan1 ch5  BL=[]
[03:49:44] HOP bucket=41762 L5 active=wlan0 ch9  | prep wlan1 ch10  | BL=[]
[RX  <- B] bucket=41762  peer_BL=[]  my_BL=[]
[TX  ->  *] bucket=41762 L5 active=wlan0 ch9  BL=[]
[03:49:46] HOP bucket=41763 L5 active=wlan1 ch10  | prep wlan0 ch7  | BL=[]
[TX  ->  *] bucket=41763 L5 active=wlan1 ch10  BL=[]
[RX  <- B] bucket=41763  peer_BL=[]  my_BL=[]
[03:49:48] HOP bucket=41764 L5 active=wlan0 ch7  | prep wlan1 ch5  | BL=[]
[RX  <- B] bucket=41764  peer_BL=[]  my_BL=[]
[TX  ->  *] bucket=41764 L5 active=wlan0 ch7  BL=[]
[03:49:50] HOP bucket=41765 L5 active=wlan1 ch5  | prep wlan0 ch7  | BL=[]
[TX  ->  *] bucket=41765 L5 active=wlan1 ch5  BL=[]
[RX  <- B] bucket=41765  peer_BL=[]  my_BL=[]
[03:49:52] HOP bucket=41766 L5 active=wlan0 ch7  | prep wlan1 ch9  | BL=[]
[RX  <- B] bucket=41766  peer_BL=[]  my_BL=[]
[TX  ->  *] bucket=41766 L5 active=wlan0 ch7  BL=[]
[03:49:54] HOP bucket=41767 L5 active=wlan1 ch9  | prep wlan0 ch5  | BL=[]
[TX  ->  *] bucket=41767 L5 active=wlan1 ch9  BL=[]
[RX  <- B] bucket=41767  peer_BL=[]  my_BL=[]
[03:49:56] HOP bucket=41768 L5 active=wlan0 ch5  | prep wlan1 ch10  | BL=[]
[RX  <- B] bucket=41768  peer_BL=[]  my_BL=[]
[TX  ->  *] bucket=41768 L5 active=wlan0 ch5  BL=[]
[03:49:58] HOP bucket=41769 L5 active=wlan1 ch10  | prep wlan0 ch8  | BL=[]
[TX  ->  *] bucket=41769 L5 active=wlan1 ch10  BL=[]
[RX  <- B] bucket=41769  peer_BL=[]  my_BL=[]
[03:50:00] HOP bucket=41770 L5 active=wlan0 ch8  | prep wlan1 ch9  | BL=[]
[TX  ->  *] bucket=41770 L5 active=wlan0 ch8  BL=[]
[RX  <- B] bucket=41770  peer_BL=[]  my_BL=[]
[03:50:02] HOP bucket=41771 L5 active=wlan1 ch9  | prep wlan0 ch5  | BL=[]
[TX  ->  *] bucket=41771 L5 active=wlan1 ch9  BL=[]
[RX  <- B] bucket=41771  peer_BL=[]  my_BL=[]
[03:50:04] HOP bucket=41772 L5 active=wlan0 ch5  | prep wlan1 ch3  | BL=[]
[RX  <- B] bucket=41772  peer_BL=[]  my_BL=[]
[TX  ->  *] bucket=41772 L5 active=wlan0 ch5  BL=[]
[03:50:06] HOP bucket=41773 L5 active=wlan1 ch3  | prep wlan0 ch9  | BL=[]
[RX  <- B] bucket=41773  peer_BL=[]  my_BL=[]
[TX  ->  *] bucket=41773 L5 active=wlan1 ch3  BL=[]
[03:50:08] HOP bucket=41774 L5 active=wlan0 ch9  | prep wlan1 ch7  | BL=[]
[TX  ->  *] bucket=41774 L5 active=wlan0 ch9  BL=[]
[RX  <- B] bucket=41774  peer_BL=[]  my_BL=[]
[03:50:10] HOP bucket=41775 L5 active=wlan1 ch7  | prep wlan0 ch6  | BL=[]
[TX  ->  *] bucket=41775 L5 active=wlan1 ch7  BL=[]
[RX  <- B] bucket=41775  peer_BL=[]  my_BL=[]
[03:50:12] HOP bucket=41776 L5 active=wlan0 ch6  | prep wlan1 ch8  | BL=[]
[TX  ->  *] bucket=41776 L5 active=wlan0 ch6  BL=[]
[RX  <- B] bucket=41776  peer_BL=[]  my_BL=[]
[03:50:14] HOP bucket=41777 L5 active=wlan1 ch8  | prep wlan0 ch3  | BL=[]
[RX  <- B] bucket=41777  peer_BL=[]  my_BL=[]
[TX  ->  *] bucket=41777 L5 active=wlan1 ch8  BL=[]
[03:50:16] HOP bucket=41778 L5 active=wlan0 ch3  | prep wlan1 ch9  | BL=[]
[RX  <- B] bucket=41778  peer_BL=[]  my_BL=[]
[TX  ->  *] bucket=41778 L5 active=wlan0 ch3  BL=[]
[03:50:18] HOP bucket=41779 L5 active=wlan1 ch9  | prep wlan0 ch9  | BL=[]
[RX  <- B] bucket=41779  peer_BL=[]  my_BL=[]
[TX  ->  *] bucket=41779 L5 active=wlan1 ch9  BL=[]
[03:50:20] HOP bucket=41780 L5 active=wlan0 ch9  | prep wlan1 ch7  | BL=[]
[TX  ->  *] bucket=41780 L5 active=wlan0 ch9  BL=[]
[RX  <- B] bucket=41780  peer_BL=[]  my_BL=[]
[03:50:22] HOP bucket=41781 L5 active=wlan1 ch7  | prep wlan0 ch3  | BL=[]
[TX  ->  *] bucket=41781 L5 active=wlan1 ch7  BL=[]
[RX  <- B] bucket=41781  peer_BL=[]  my_BL=[]
[03:50:24] HOP bucket=41782 L5 active=wlan0 ch3  | prep wlan1 ch9  | BL=[]
[RX  <- B] bucket=41782  peer_BL=[]  my_BL=[]
[TX  ->  *] bucket=41782 L5 active=wlan0 ch3  BL=[]
[03:50:26] HOP bucket=41783 L5 active=wlan1 ch9  | prep wlan0 ch4  | BL=[]
[RX  <- B] bucket=41783  peer_BL=[]  my_BL=[]
[TX  ->  *] bucket=41783 L5 active=wlan1 ch9  BL=[]
[03:50:28] HOP bucket=41784 L5 active=wlan0 ch4  | prep wlan1 ch11  | BL=[]
[TX  ->  *] bucket=41784 L5 active=wlan0 ch4  BL=[]
[RX  <- B] bucket=41784  peer_BL=[]  my_BL=[]
[03:50:30] HOP bucket=41785 L5 active=wlan1 ch11  | prep wlan0 ch11  | BL=[]
[RX  <- B] bucket=41785  peer_BL=[]  my_BL=[]
[TX  ->  *] bucket=41785 L5 active=wlan1 ch11  BL=[]
[03:50:32] HOP bucket=41786 L5 active=wlan0 ch11  | prep wlan1 ch3  | BL=[]
[RX  <- B] bucket=41786  peer_BL=[]  my_BL=[]
[TX  ->  *] bucket=41786 L5 active=wlan0 ch11  BL=[]
[03:50:34] HOP bucket=41787 L5 active=wlan1 ch3  | prep wlan0 ch6  | BL=[]
[RX  <- B] bucket=41787  peer_BL=[]  my_BL=[]
[TX  ->  *] bucket=41787 L5 active=wlan1 ch3  BL=[]
[03:50:36] HOP bucket=41788 L5 active=wlan0 ch6  | prep wlan1 ch11  | BL=[]
[TX  ->  *] bucket=41788 L5 active=wlan0 ch6  BL=[]
[RX  <- B] bucket=41788  peer_BL=[]  my_BL=[]
[03:50:38] HOP bucket=41789 L5 active=wlan1 ch11  | prep wlan0 ch11  | BL=[]
[RX  <- B] bucket=41789  peer_BL=[]  my_BL=[]
[TX  ->  *] bucket=41789 L5 active=wlan1 ch11  BL=[]
[03:50:40] HOP bucket=41790 L5 active=wlan0 ch11  | prep wlan1 ch9  | BL=[]
[TX  ->  *] bucket=41790 L5 active=wlan0 ch11  BL=[]
[RX  <- B] bucket=41790  peer_BL=[]  my_BL=[]
[03:50:42] HOP bucket=41791 L5 active=wlan1 ch9  | prep wlan0 ch9  | BL=[]
[TX  ->  *] bucket=41791 L5 active=wlan1 ch9  BL=[]
[RX  <- B] bucket=41791  peer_BL=[]  my_BL=[]
[03:50:44] HOP bucket=41792 L5 active=wlan0 ch9  | prep wlan1 ch9  | BL=[]
[RX  <- B] bucket=41792  peer_BL=[]  my_BL=[]
[TX  ->  *] bucket=41792 L5 active=wlan0 ch9  BL=[]
[03:50:46] HOP bucket=41793 L5 active=wlan1 ch9  | prep wlan0 ch11  | BL=[]
[RX  <- B] bucket=41793  peer_BL=[]  my_BL=[]
[TX  ->  *] bucket=41793 L5 active=wlan1 ch9  BL=[]
[03:50:48] HOP bucket=41794 L5 active=wlan0 ch11  | prep wlan1 ch5  | BL=[]
[TX  ->  *] bucket=41794 L5 active=wlan0 ch11  BL=[]
[RX  <- B] bucket=41794  peer_BL=[]  my_BL=[]
[03:50:50] HOP bucket=41795 L5 active=wlan1 ch5  | prep wlan0 ch4  | BL=[]
[RX  <- B] bucket=41795  peer_BL=[]  my_BL=[]
[TX  ->  *] bucket=41795 L5 active=wlan1 ch5  BL=[]
[03:50:52] HOP bucket=41796 L5 active=wlan0 ch4  | prep wlan1 ch11  | BL=[]
[RX  <- B] bucket=41796  peer_BL=[]  my_BL=[]
[TX  ->  *] bucket=41796 L5 active=wlan0 ch4  BL=[]
[03:50:54] HOP bucket=41797 L5 active=wlan1 ch11  | prep wlan0 ch3  | BL=[]
[RX  <- B] bucket=41797  peer_BL=[]  my_BL=[]
[TX  ->  *] bucket=41797 L5 active=wlan1 ch11  BL=[]
[03:50:56] HOP bucket=41798 L5 active=wlan0 ch3  | prep wlan1 ch7  | BL=[]
[TX  ->  *] bucket=41798 L5 active=wlan0 ch3  BL=[]
[RX  <- B] bucket=41798  peer_BL=[]  my_BL=[]
[03:50:58] HOP bucket=41799 L5 active=wlan1 ch7  | prep wlan0 ch5  | BL=[]
[RX  <- B] bucket=41799  peer_BL=[]  my_BL=[]
[TX  ->  *] bucket=41799 L5 active=wlan1 ch7  BL=[]
[03:51:00] HOP bucket=41800 L5 active=wlan0 ch5  | prep wlan1 ch7  | BL=[]
[RX  <- B] bucket=41800  peer_BL=[]  my_BL=[]
[TX  ->  *] bucket=41800 L5 active=wlan0 ch5  BL=[]
[03:51:02] HOP bucket=41801 L5 active=wlan1 ch7  | prep wlan0 ch9  | BL=[]
[RX  <- B] bucket=41801  peer_BL=[]  my_BL=[]
[TX  ->  *] bucket=41801 L5 active=wlan1 ch7  BL=[]
[03:51:04] HOP bucket=41802 L5 active=wlan0 ch9  | prep wlan1 ch9  | BL=[]
[TX  ->  *] bucket=41802 L5 active=wlan0 ch9  BL=[]
[RX  <- B] bucket=41802  peer_BL=[]  my_BL=[]
[03:51:06] HOP bucket=41803 L5 active=wlan1 ch9  | prep wlan0 ch8  | BL=[]
[RX  <- B] bucket=41803  peer_BL=[]  my_BL=[]
[TX  ->  *] bucket=41803 L5 active=wlan1 ch9  BL=[]
[03:51:08] HOP bucket=41804 L5 active=wlan0 ch8  | prep wlan1 ch9  | BL=[]
[TX  ->  *] bucket=41804 L5 active=wlan0 ch8  BL=[]
[RX  <- B] bucket=41804  peer_BL=[]  my_BL=[]
[03:51:10] HOP bucket=41805 L5 active=wlan1 ch9  | prep wlan0 ch6  | BL=[]
[RX  <- B] bucket=41805  peer_BL=[]  my_BL=[]
[TX  ->  *] bucket=41805 L5 active=wlan1 ch9  BL=[]
[03:51:12] HOP bucket=41806 L5 active=wlan0 ch6  | prep wlan1 ch3  | BL=[]
[TX  ->  *] bucket=41806 L5 active=wlan0 ch6  BL=[]
[RX  <- B] bucket=41806  peer_BL=[]  my_BL=[]
[03:51:14] HOP bucket=41807 L5 active=wlan1 ch3  | prep wlan0 ch9  | BL=[]
[RX  <- B] bucket=41807  peer_BL=[]  my_BL=[]
[TX  ->  *] bucket=41807 L5 active=wlan1 ch3  BL=[]
[03:51:16] HOP bucket=41808 L5 active=wlan0 ch9  | prep wlan1 ch9  | BL=[]
[RX  <- B] bucket=41808  peer_BL=[]  my_BL=[]
[TX  ->  *] bucket=41808 L5 active=wlan0 ch9  BL=[]
[03:51:18] HOP bucket=41809 L5 active=wlan1 ch9  | prep wlan0 ch11  | BL=[]
[RX  <- B] bucket=41809  peer_BL=[]  my_BL=[]
[TX  ->  *] bucket=41809 L5 active=wlan1 ch9  BL=[]
[03:51:20] HOP bucket=41810 L5 active=wlan0 ch11  | prep wlan1 ch3  | BL=[]
[RX  <- B] bucket=41810  peer_BL=[]  my_BL=[]
[TX  ->  *] bucket=41810 L5 active=wlan0 ch11  BL=[]
[03:51:22] HOP bucket=41811 L5 active=wlan1 ch3  | prep wlan0 ch9  | BL=[]
[RX  <- B] bucket=41811  peer_BL=[]  my_BL=[]
[TX  ->  *] bucket=41811 L5 active=wlan1 ch3  BL=[]
[03:51:24] HOP bucket=41812 L5 active=wlan0 ch9  | prep wlan1 ch10  | BL=[]
[TX  ->  *] bucket=41812 L5 active=wlan0 ch9  BL=[]
[RX  <- B] bucket=41812  peer_BL=[]  my_BL=[]
[03:51:26] HOP bucket=41813 L5 active=wlan1 ch10  | prep wlan0 ch8  | BL=[]
[TX  ->  *] bucket=41813 L5 active=wlan1 ch10  BL=[]
[RX  <- B] bucket=41813  peer_BL=[]  my_BL=[]
[03:51:28] HOP bucket=41814 L5 active=wlan0 ch8  | prep wlan1 ch10  | BL=[]
[TX  ->  *] bucket=41814 L5 active=wlan0 ch8  BL=[]
[RX  <- B] bucket=41814  peer_BL=[]  my_BL=[]
[03:51:30] HOP bucket=41815 L5 active=wlan1 ch10  | prep wlan0 ch3  | BL=[]
[TX  ->  *] bucket=41815 L5 active=wlan1 ch10  BL=[]
[RX  <- B] bucket=41815  peer_BL=[]  my_BL=[]
[03:51:32] HOP bucket=41816 L5 active=wlan0 ch3  | prep wlan1 ch9  | BL=[]
[RX  <- B] bucket=41816  peer_BL=[]  my_BL=[]
[TX  ->  *] bucket=41816 L5 active=wlan0 ch3  BL=[]
[03:51:34] HOP bucket=41817 L5 active=wlan1 ch9  | prep wlan0 ch4  | BL=[]
[RX  <- B] bucket=41817  peer_BL=[]  my_BL=[]
[TX  ->  *] bucket=41817 L5 active=wlan1 ch9  BL=[]
[03:51:36] HOP bucket=41818 L5 active=wlan0 ch4  | prep wlan1 ch4  | BL=[]
[TX  ->  *] bucket=41818 L5 active=wlan0 ch4  BL=[]
[RX  <- B] bucket=41818  peer_BL=[]  my_BL=[]
[03:51:38] HOP bucket=41819 L5 active=wlan1 ch4  | prep wlan0 ch4  | BL=[]
[TX  ->  *] bucket=41819 L5 active=wlan1 ch4  BL=[]
[RX  <- B] bucket=41819  peer_BL=[]  my_BL=[]
[03:51:40] HOP bucket=41820 L5 active=wlan0 ch4  | prep wlan1 ch9  | BL=[]
[TX  ->  *] bucket=41820 L5 active=wlan0 ch4  BL=[]
[RX  <- B] bucket=41820  peer_BL=[]  my_BL=[]
[03:51:42] HOP bucket=41821 L5 active=wlan1 ch9  | prep wlan0 ch10  | BL=[]
[TX  ->  *] bucket=41821 L5 active=wlan1 ch9  BL=[]
[RX  <- B] bucket=41821  peer_BL=[]  my_BL=[]
[03:51:44] HOP bucket=41822 L5 active=wlan0 ch10  | prep wlan1 ch4  | BL=[]
[TX  ->  *] bucket=41822 L5 active=wlan0 ch10  BL=[]
[RX  <- B] bucket=41822  peer_BL=[]  my_BL=[]
[03:51:46] HOP bucket=41823 L5 active=wlan1 ch4  | prep wlan0 ch8  | BL=[]
[RX  <- B] bucket=41823  peer_BL=[]  my_BL=[]
[TX  ->  *] bucket=41823 L5 active=wlan1 ch4  BL=[]
[03:51:48] HOP bucket=41824 L5 active=wlan0 ch8  | prep wlan1 ch3  | BL=[]
[RX  <- B] bucket=41824  peer_BL=[]  my_BL=[]
[TX  ->  *] bucket=41824 L5 active=wlan0 ch8  BL=[]
[03:51:50] HOP bucket=41825 L5 active=wlan1 ch3  | prep wlan0 ch11  | BL=[]
[TX  ->  *] bucket=41825 L5 active=wlan1 ch3  BL=[]
[RX  <- B] bucket=41825  peer_BL=[]  my_BL=[]
[03:51:52] HOP bucket=41826 L5 active=wlan0 ch11  | prep wlan1 ch4  | BL=[]
[TX  ->  *] bucket=41826 L5 active=wlan0 ch11  BL=[]
[RX  <- B] bucket=41826  peer_BL=[]  my_BL=[]
[03:51:54] HOP bucket=41827 L5 active=wlan1 ch4  | prep wlan0 ch6  | BL=[]
[TX  ->  *] bucket=41827 L5 active=wlan1 ch4  BL=[]
[RX  <- B] bucket=41827  peer_BL=[]  my_BL=[]
[03:51:56] HOP bucket=41828 L5 active=wlan0 ch6  | prep wlan1 ch10  | BL=[]
[RX  <- B] bucket=41828  peer_BL=[]  my_BL=[]
[TX  ->  *] bucket=41828 L5 active=wlan0 ch6  BL=[]
[03:51:58] HOP bucket=41829 L5 active=wlan1 ch10  | prep wlan0 ch5  | BL=[]
[RX  <- B] bucket=41829  peer_BL=[]  my_BL=[]
[TX  ->  *] bucket=41829 L5 active=wlan1 ch10  BL=[]
[03:52:00] HOP bucket=41830 L5 active=wlan0 ch5  | prep wlan1 ch9  | BL=[]
[RX  <- B] bucket=41830  peer_BL=[]  my_BL=[]
[TX  ->  *] bucket=41830 L5 active=wlan0 ch5  BL=[]
[03:52:02] HOP bucket=41831 L5 active=wlan1 ch9  | prep wlan0 ch7  | BL=[]
[TX  ->  *] bucket=41831 L5 active=wlan1 ch9  BL=[]
[RX  <- B] bucket=41831  peer_BL=[]  my_BL=[]
[03:52:04] HOP bucket=41832 L5 active=wlan0 ch7  | prep wlan1 ch10  | BL=[]
[TX  ->  *] bucket=41832 L5 active=wlan0 ch7  BL=[]
[RX  <- B] bucket=41832  peer_BL=[]  my_BL=[]
[03:52:06] HOP bucket=41833 L5 active=wlan1 ch10  | prep wlan0 ch4  | BL=[]
[RX  <- B] bucket=41833  peer_BL=[]  my_BL=[]
[TX  ->  *] bucket=41833 L5 active=wlan1 ch10  BL=[]
[03:52:08] HOP bucket=41834 L5 active=wlan0 ch4  | prep wlan1 ch9  | BL=[]
[TX  ->  *] bucket=41834 L5 active=wlan0 ch4  BL=[]
[RX  <- B] bucket=41834  peer_BL=[]  my_BL=[]
[03:52:10] HOP bucket=41835 L5 active=wlan1 ch9  | prep wlan0 ch6  | BL=[]
[RX  <- B] bucket=41835  peer_BL=[]  my_BL=[]
[TX  ->  *] bucket=41835 L5 active=wlan1 ch9  BL=[]
[03:52:12] HOP bucket=41836 L5 active=wlan0 ch6  | prep wlan1 ch3  | BL=[]
[RX  <- B] bucket=41836  peer_BL=[]  my_BL=[]
[TX  ->  *] bucket=41836 L5 active=wlan0 ch6  BL=[]
[03:52:14] HOP bucket=41837 L5 active=wlan1 ch3  | prep wlan0 ch7  | BL=[]
[TX  ->  *] bucket=41837 L5 active=wlan1 ch3  BL=[]
[RX  <- B] bucket=41837  peer_BL=[]  my_BL=[]
[03:52:16] HOP bucket=41838 L5 active=wlan0 ch7  | prep wlan1 ch9  | BL=[]
[TX  ->  *] bucket=41838 L5 active=wlan0 ch7  BL=[]
[RX  <- B] bucket=41838  peer_BL=[]  my_BL=[]
[03:52:18] HOP bucket=41839 L5 active=wlan1 ch9  | prep wlan0 ch7  | BL=[]
[RX  <- B] bucket=41839  peer_BL=[]  my_BL=[]
[TX  ->  *] bucket=41839 L5 active=wlan1 ch9  BL=[]
[03:52:20] HOP bucket=41840 L5 active=wlan0 ch7  | prep wlan1 ch7  | BL=[]
[TX  ->  *] bucket=41840 L5 active=wlan0 ch7  BL=[]
[RX  <- B] bucket=41840  peer_BL=[]  my_BL=[]
[03:52:22] HOP bucket=41841 L5 active=wlan1 ch7  | prep wlan0 ch5  | BL=[]
[TX  ->  *] bucket=41841 L5 active=wlan1 ch7  BL=[]
[RX  <- B] bucket=41841  peer_BL=[]  my_BL=[]
[03:52:24] HOP bucket=41842 L5 active=wlan0 ch5  | prep wlan1 ch4  | BL=[]
[RX  <- B] bucket=41842  peer_BL=[]  my_BL=[]
[TX  ->  *] bucket=41842 L5 active=wlan0 ch5  BL=[]
[03:52:26] HOP bucket=41843 L5 active=wlan1 ch4  | prep wlan0 ch9  | BL=[]
[RX  <- B] bucket=41843  peer_BL=[]  my_BL=[]
[TX  ->  *] bucket=41843 L5 active=wlan1 ch4  BL=[]
[03:52:28] HOP bucket=41844 L5 active=wlan0 ch9  | prep wlan1 ch11  | BL=[]
[RX  <- B] bucket=41844  peer_BL=[]  my_BL=[]
[TX  ->  *] bucket=41844 L5 active=wlan0 ch9  BL=[]
[03:52:30] HOP bucket=41845 L5 active=wlan1 ch11  | prep wlan0 ch4  | BL=[]
[RX  <- B] bucket=41845  peer_BL=[]  my_BL=[]
[TX  ->  *] bucket=41845 L5 active=wlan1 ch11  BL=[]
[03:52:32] HOP bucket=41846 L5 active=wlan0 ch4  | prep wlan1 ch8  | BL=[]
[RX  <- B] bucket=41846  peer_BL=[]  my_BL=[]
[TX  ->  *] bucket=41846 L5 active=wlan0 ch4  BL=[]
[03:52:34] HOP bucket=41847 L5 active=wlan1 ch8  | prep wlan0 ch10  | BL=[]
[RX  <- B] bucket=41847  peer_BL=[]  my_BL=[]
[TX  ->  *] bucket=41847 L5 active=wlan1 ch8  BL=[]
[03:52:36] HOP bucket=41848 L5 active=wlan0 ch10  | prep wlan1 ch6  | BL=[]
[TX  ->  *] bucket=41848 L5 active=wlan0 ch10  BL=[]
[RX  <- B] bucket=41848  peer_BL=[]  my_BL=[]
[03:52:38] HOP bucket=41849 L5 active=wlan1 ch6  | prep wlan0 ch8  | BL=[]
[TX  ->  *] bucket=41849 L5 active=wlan1 ch6  BL=[]
[RX  <- B] bucket=41849  peer_BL=[]  my_BL=[]
[03:52:40] HOP bucket=41850 L5 active=wlan0 ch8  | prep wlan1 ch9  | BL=[]
[TX  ->  *] bucket=41850 L5 active=wlan0 ch8  BL=[]
[RX  <- B] bucket=41850  peer_BL=[]  my_BL=[]
[03:52:42] HOP bucket=41851 L5 active=wlan1 ch9  | prep wlan0 ch6  | BL=[]
[TX  ->  *] bucket=41851 L5 active=wlan1 ch9  BL=[]
[RX  <- B] bucket=41851  peer_BL=[]  my_BL=[]
[03:52:44] HOP bucket=41852 L5 active=wlan0 ch6  | prep wlan1 ch5  | BL=[]
[TX  ->  *] bucket=41852 L5 active=wlan0 ch6  BL=[]
[RX  <- B] bucket=41852  peer_BL=[]  my_BL=[]
[03:52:46] HOP bucket=41853 L5 active=wlan1 ch5  | prep wlan0 ch3  | BL=[]
[TX  ->  *] bucket=41853 L5 active=wlan1 ch5  BL=[]
[RX  <- B] bucket=41853  peer_BL=[]  my_BL=[]
[03:52:48] HOP bucket=41854 L5 active=wlan0 ch3  | prep wlan1 ch9  | BL=[]
[TX  ->  *] bucket=41854 L5 active=wlan0 ch3  BL=[]
[RX  <- B] bucket=41854  peer_BL=[]  my_BL=[]
[03:52:50] HOP bucket=41855 L5 active=wlan1 ch9  | prep wlan0 ch11  | BL=[]
[TX  ->  *] bucket=41855 L5 active=wlan1 ch9  BL=[]
[RX  <- B] bucket=41855  peer_BL=[]  my_BL=[]
[03:52:52] HOP bucket=41856 L5 active=wlan0 ch11  | prep wlan1 ch4  | BL=[]
[RX  <- B] bucket=41856  peer_BL=[]  my_BL=[]
[TX  ->  *] bucket=41856 L5 active=wlan0 ch11  BL=[]
[03:52:54] HOP bucket=41857 L5 active=wlan1 ch4  | prep wlan0 ch4  | BL=[]
[RX  <- B] bucket=41857  peer_BL=[]  my_BL=[]
[TX  ->  *] bucket=41857 L5 active=wlan1 ch4  BL=[]
[03:52:56] HOP bucket=41858 L5 active=wlan0 ch4  | prep wlan1 ch11  | BL=[]
[RX  <- B] bucket=41858  peer_BL=[]  my_BL=[]
[TX  ->  *] bucket=41858 L5 active=wlan0 ch4  BL=[]
[03:52:58] HOP bucket=41859 L5 active=wlan1 ch11  | prep wlan0 ch5  | BL=[]
[TX  ->  *] bucket=41859 L5 active=wlan1 ch11  BL=[]
[RX  <- B] bucket=41859  peer_BL=[]  my_BL=[]
[03:53:00] HOP bucket=41860 L5 active=wlan0 ch5  | prep wlan1 ch11  | BL=[]
[RX  <- B] bucket=41860  peer_BL=[]  my_BL=[]
[TX  ->  *] bucket=41860 L5 active=wlan0 ch5  BL=[]
[03:53:02] HOP bucket=41861 L5 active=wlan1 ch11  | prep wlan0 ch11  | BL=[]
[RX  <- B] bucket=41861  peer_BL=[]  my_BL=[]
[TX  ->  *] bucket=41861 L5 active=wlan1 ch11  BL=[]
[03:53:04] HOP bucket=41862 L5 active=wlan0 ch11  | prep wlan1 ch8  | BL=[]
[RX  <- B] bucket=41862  peer_BL=[]  my_BL=[]
[TX  ->  *] bucket=41862 L5 active=wlan0 ch11  BL=[]
[03:53:06] HOP bucket=41863 L5 active=wlan1 ch8  | prep wlan0 ch10  | BL=[]
[TX  ->  *] bucket=41863 L5 active=wlan1 ch8  BL=[]
[RX  <- B] bucket=41863  peer_BL=[]  my_BL=[]
[03:53:08] HOP bucket=41864 L5 active=wlan0 ch10  | prep wlan1 ch6  | BL=[]
[TX  ->  *] bucket=41864 L5 active=wlan0 ch10  BL=[]
[RX  <- B] bucket=41864  peer_BL=[]  my_BL=[]
[03:53:10] HOP bucket=41865 L5 active=wlan1 ch6  | prep wlan0 ch7  | BL=[]
[RX  <- B] bucket=41865  peer_BL=[]  my_BL=[]
[TX  ->  *] bucket=41865 L5 active=wlan1 ch6  BL=[]
[03:53:12] HOP bucket=41866 L5 active=wlan0 ch7  | prep wlan1 ch7  | BL=[]
[TX  ->  *] bucket=41866 L5 active=wlan0 ch7  BL=[]
[RX  <- B] bucket=41866  peer_BL=[]  my_BL=[]
[03:53:14] HOP bucket=41867 L5 active=wlan1 ch7  | prep wlan0 ch8  | BL=[]
[TX  ->  *] bucket=41867 L5 active=wlan1 ch7  BL=[]
[RX  <- B] bucket=41867  peer_BL=[]  my_BL=[]
[03:53:16] HOP bucket=41868 L5 active=wlan0 ch8  | prep wlan1 ch7  | BL=[]
[RX  <- B] bucket=41868  peer_BL=[]  my_BL=[]
[TX  ->  *] bucket=41868 L5 active=wlan0 ch8  BL=[]
[03:53:18] HOP bucket=41869 L5 active=wlan1 ch7  | prep wlan0 ch11  | BL=[]
[TX  ->  *] bucket=41869 L5 active=wlan1 ch7  BL=[]
[RX  <- B] bucket=41869  peer_BL=[]  my_BL=[]
[03:53:20] HOP bucket=41870 L5 active=wlan0 ch11  | prep wlan1 ch8  | BL=[]
[RX  <- B] bucket=41870  peer_BL=[]  my_BL=[]
[TX  ->  *] bucket=41870 L5 active=wlan0 ch11  BL=[]
[03:53:22] HOP bucket=41871 L5 active=wlan1 ch8  | prep wlan0 ch5  | BL=[]
[RX  <- B] bucket=41871  peer_BL=[]  my_BL=[]
[TX  ->  *] bucket=41871 L5 active=wlan1 ch8  BL=[]
[03:53:24] HOP bucket=41872 L5 active=wlan0 ch5  | prep wlan1 ch5  | BL=[]
[TX  ->  *] bucket=41872 L5 active=wlan0 ch5  BL=[]
[RX  <- B] bucket=41872  peer_BL=[]  my_BL=[]
[03:53:26] HOP bucket=41873 L5 active=wlan1 ch5  | prep wlan0 ch4  | BL=[]
[TX  ->  *] bucket=41873 L5 active=wlan1 ch5  BL=[]
[RX  <- B] bucket=41873  peer_BL=[]  my_BL=[]
[03:53:28] HOP bucket=41874 L5 active=wlan0 ch4  | prep wlan1 ch6  | BL=[]
[RX  <- B] bucket=41874  peer_BL=[]  my_BL=[]
[TX  ->  *] bucket=41874 L5 active=wlan0 ch4  BL=[]
[03:53:30] HOP bucket=41875 L5 active=wlan1 ch6  | prep wlan0 ch5  | BL=[]
[TX  ->  *] bucket=41875 L5 active=wlan1 ch6  BL=[]
[RX  <- B] bucket=41875  peer_BL=[]  my_BL=[]
[03:53:32] HOP bucket=41876 L5 active=wlan0 ch5  | prep wlan1 ch11  | BL=[]
[TX  ->  *] bucket=41876 L5 active=wlan0 ch5  BL=[]
[RX  <- B] bucket=41876  peer_BL=[]  my_BL=[]
[03:53:34] HOP bucket=41877 L5 active=wlan1 ch11  | prep wlan0 ch5  | BL=[]
[TX  ->  *] bucket=41877 L5 active=wlan1 ch11  BL=[]
[RX  <- B] bucket=41877  peer_BL=[]  my_BL=[]
[03:53:36] HOP bucket=41878 L5 active=wlan0 ch5  | prep wlan1 ch9  | BL=[]
[TX  ->  *] bucket=41878 L5 active=wlan0 ch5  BL=[]
[RX  <- B] bucket=41878  peer_BL=[]  my_BL=[]
[03:53:38] HOP bucket=41879 L5 active=wlan1 ch9  | prep wlan0 ch7  | BL=[]
[RX  <- B] bucket=41879  peer_BL=[]  my_BL=[]
[TX  ->  *] bucket=41879 L5 active=wlan1 ch9  BL=[]
[03:53:40] HOP bucket=41880 L5 active=wlan0 ch7  | prep wlan1 ch11  | BL=[]
[RX  <- B] bucket=41880  peer_BL=[]  my_BL=[]
[TX  ->  *] bucket=41880 L5 active=wlan0 ch7  BL=[]
[03:53:42] HOP bucket=41881 L5 active=wlan1 ch11  | prep wlan0 ch11  | BL=[]
[RX  <- B] bucket=41881  peer_BL=[]  my_BL=[]
[TX  ->  *] bucket=41881 L5 active=wlan1 ch11  BL=[]
[03:53:44] HOP bucket=41882 L5 active=wlan0 ch11  | prep wlan1 ch6  | BL=[]
[TX  ->  *] bucket=41882 L5 active=wlan0 ch11  BL=[]
[RX  <- B] bucket=41882  peer_BL=[]  my_BL=[]
[03:53:46] HOP bucket=41883 L5 active=wlan1 ch6  | prep wlan0 ch4  | BL=[]
[TX  ->  *] bucket=41883 L5 active=wlan1 ch6  BL=[]
[RX  <- B] bucket=41883  peer_BL=[]  my_BL=[]
[03:53:48] HOP bucket=41884 L5 active=wlan0 ch4  | prep wlan1 ch9  | BL=[]
[RX  <- B] bucket=41884  peer_BL=[]  my_BL=[]
[TX  ->  *] bucket=41884 L5 active=wlan0 ch4  BL=[]
[03:53:50] HOP bucket=41885 L5 active=wlan1 ch9  | prep wlan0 ch11  | BL=[]
[RX  <- B] bucket=41885  peer_BL=[]  my_BL=[]
[TX  ->  *] bucket=41885 L5 active=wlan1 ch9  BL=[]
[03:53:52] HOP bucket=41886 L5 active=wlan0 ch11  | prep wlan1 ch3  | BL=[]
[RX  <- B] bucket=41886  peer_BL=[]  my_BL=[]
[TX  ->  *] bucket=41886 L5 active=wlan0 ch11  BL=[]
[03:53:54] HOP bucket=41887 L5 active=wlan1 ch3  | prep wlan0 ch7  | BL=[]
[RX  <- B] bucket=41887  peer_BL=[]  my_BL=[]
[TX  ->  *] bucket=41887 L5 active=wlan1 ch3  BL=[]
[03:53:56] HOP bucket=41888 L5 active=wlan0 ch7  | prep wlan1 ch3  | BL=[]
[TX  ->  *] bucket=41888 L5 active=wlan0 ch7  BL=[]
[RX  <- B] bucket=41888  peer_BL=[]  my_BL=[]
[03:53:58] HOP bucket=41889 L5 active=wlan1 ch3  | prep wlan0 ch10  | BL=[]
[RX  <- B] bucket=41889  peer_BL=[]  my_BL=[]
[TX  ->  *] bucket=41889 L5 active=wlan1 ch3  BL=[]
[03:54:00] HOP bucket=41890 L5 active=wlan0 ch10  | prep wlan1 ch7  | BL=[]
[RX  <- B] bucket=41890  peer_BL=[]  my_BL=[]
[TX  ->  *] bucket=41890 L5 active=wlan0 ch10  BL=[]
[03:54:02] HOP bucket=41891 L5 active=wlan1 ch7  | prep wlan0 ch3  | BL=[]
[RX  <- B] bucket=41891  peer_BL=[]  my_BL=[]
[TX  ->  *] bucket=41891 L5 active=wlan1 ch7  BL=[]
[03:54:04] HOP bucket=41892 L5 active=wlan0 ch3  | prep wlan1 ch11  | BL=[]
[RX  <- B] bucket=41892  peer_BL=[]  my_BL=[]
[TX  ->  *] bucket=41892 L5 active=wlan0 ch3  BL=[]
[03:54:06] HOP bucket=41893 L5 active=wlan1 ch11  | prep wlan0 ch10  | BL=[]
[TX  ->  *] bucket=41893 L5 active=wlan1 ch11  BL=[]
[RX  <- B] bucket=41893  peer_BL=[]  my_BL=[]
[03:54:08] HOP bucket=41894 L5 active=wlan0 ch10  | prep wlan1 ch5  | BL=[]
[TX  ->  *] bucket=41894 L5 active=wlan0 ch10  BL=[]
[RX  <- B] bucket=41894  peer_BL=[]  my_BL=[]
[03:54:10] HOP bucket=41895 L5 active=wlan1 ch5  | prep wlan0 ch8  | BL=[]
[TX  ->  *] bucket=41895 L5 active=wlan1 ch5  BL=[]
[RX  <- B] bucket=41895  peer_BL=[]  my_BL=[]
[03:54:12] HOP bucket=41896 L5 active=wlan0 ch8  | prep wlan1 ch3  | BL=[]
[TX  ->  *] bucket=41896 L5 active=wlan0 ch8  BL=[]
[RX  <- B] bucket=41896  peer_BL=[]  my_BL=[]
[03:54:14] HOP bucket=41897 L5 active=wlan1 ch3  | prep wlan0 ch4  | BL=[]
[TX  ->  *] bucket=41897 L5 active=wlan1 ch3  BL=[]
[RX  <- B] bucket=41897  peer_BL=[]  my_BL=[]
[03:54:16] HOP bucket=41898 L5 active=wlan0 ch4  | prep wlan1 ch9  | BL=[]
[TX  ->  *] bucket=41898 L5 active=wlan0 ch4  BL=[]
[RX  <- B] bucket=41898  peer_BL=[]  my_BL=[]
[03:54:18] HOP bucket=41899 L5 active=wlan1 ch9  | prep wlan0 ch10  | BL=[]
[TX  ->  *] bucket=41899 L5 active=wlan1 ch9  BL=[]
[RX  <- B] bucket=41899  peer_BL=[]  my_BL=[]
[03:54:20] HOP bucket=41900 L5 active=wlan0 ch10  | prep wlan1 ch4  | BL=[]
[RX  <- B] bucket=41900  peer_BL=[]  my_BL=[]
[TX  ->  *] bucket=41900 L5 active=wlan0 ch10  BL=[]
[03:54:22] HOP bucket=41901 L5 active=wlan1 ch4  | prep wlan0 ch7  | BL=[]
[TX  ->  *] bucket=41901 L5 active=wlan1 ch4  BL=[]
[RX  <- B] bucket=41901  peer_BL=[]  my_BL=[]
[03:54:24] HOP bucket=41902 L5 active=wlan0 ch7  | prep wlan1 ch7  | BL=[]
[TX  ->  *] bucket=41902 L5 active=wlan0 ch7  BL=[]
[RX  <- B] bucket=41902  peer_BL=[]  my_BL=[]
[03:54:26] HOP bucket=41903 L5 active=wlan1 ch7  | prep wlan0 ch4  | BL=[]
[TX  ->  *] bucket=41903 L5 active=wlan1 ch7  BL=[]
[RX  <- B] bucket=41903  peer_BL=[]  my_BL=[]
[03:54:28] HOP bucket=41904 L5 active=wlan0 ch4  | prep wlan1 ch4  | BL=[]
[TX  ->  *] bucket=41904 L5 active=wlan0 ch4  BL=[]
[RX  <- B] bucket=41904  peer_BL=[]  my_BL=[]
[03:54:30] HOP bucket=41905 L5 active=wlan1 ch4  | prep wlan0 ch7  | BL=[]
[RX  <- B] bucket=41905  peer_BL=[]  my_BL=[]
[TX  ->  *] bucket=41905 L5 active=wlan1 ch4  BL=[]
[03:54:32] HOP bucket=41906 L5 active=wlan0 ch7  | prep wlan1 ch6  | BL=[]
[TX  ->  *] bucket=41906 L5 active=wlan0 ch7  BL=[]
[RX  <- B] bucket=41906  peer_BL=[]  my_BL=[]
[03:54:34] HOP bucket=41907 L5 active=wlan1 ch6  | prep wlan0 ch10  | BL=[]
[TX  ->  *] bucket=41907 L5 active=wlan1 ch6  BL=[]
[RX  <- B] bucket=41907  peer_BL=[]  my_BL=[]
[03:54:36] HOP bucket=41908 L5 active=wlan0 ch10  | prep wlan1 ch9  | BL=[]
[TX  ->  *] bucket=41908 L5 active=wlan0 ch10  BL=[]
[RX  <- B] bucket=41908  peer_BL=[]  my_BL=[]
[03:54:38] HOP bucket=41909 L5 active=wlan1 ch9  | prep wlan0 ch3  | BL=[]
[RX  <- B] bucket=41909  peer_BL=[]  my_BL=[]
[TX  ->  *] bucket=41909 L5 active=wlan1 ch9  BL=[]
[03:54:40] HOP bucket=41910 L5 active=wlan0 ch3  | prep wlan1 ch7  | BL=[]
[RX  <- B] bucket=41910  peer_BL=[]  my_BL=[]
[TX  ->  *] bucket=41910 L5 active=wlan0 ch3  BL=[]
[03:54:42] HOP bucket=41911 L5 active=wlan1 ch7  | prep wlan0 ch11  | BL=[]
[RX  <- B] bucket=41911  peer_BL=[]  my_BL=[]
[TX  ->  *] bucket=41911 L5 active=wlan1 ch7  BL=[]
[03:54:44] HOP bucket=41912 L5 active=wlan0 ch11  | prep wlan1 ch10  | BL=[]
[TX  ->  *] bucket=41912 L5 active=wlan0 ch11  BL=[]
[RX  <- B] bucket=41912  peer_BL=[]  my_BL=[]
[03:54:46] HOP bucket=41913 L5 active=wlan1 ch10  | prep wlan0 ch11  | BL=[]
[TX  ->  *] bucket=41913 L5 active=wlan1 ch10  BL=[]
[RX  <- B] bucket=41913  peer_BL=[]  my_BL=[]
[03:54:48] HOP bucket=41914 L5 active=wlan0 ch11  | prep wlan1 ch6  | BL=[]
[TX  ->  *] bucket=41914 L5 active=wlan0 ch11  BL=[]
[RX  <- B] bucket=41914  peer_BL=[]  my_BL=[]
[03:54:50] HOP bucket=41915 L5 active=wlan1 ch6  | prep wlan0 ch3  | BL=[]
[TX  ->  *] bucket=41915 L5 active=wlan1 ch6  BL=[]
[RX  <- B] bucket=41915  peer_BL=[]  my_BL=[]
[03:54:52] HOP bucket=41916 L5 active=wlan0 ch3  | prep wlan1 ch4  | BL=[]
[TX  ->  *] bucket=41916 L5 active=wlan0 ch3  BL=[]
[RX  <- B] bucket=41916  peer_BL=[]  my_BL=[]
[03:54:54] HOP bucket=41917 L5 active=wlan1 ch4  | prep wlan0 ch9  | BL=[]
[RX  <- B] bucket=41917  peer_BL=[]  my_BL=[][TX  ->  *] bucket=41917 L5 active=wlan1 ch4  BL=[]

[03:54:56] HOP bucket=41918 L5 active=wlan0 ch9  | prep wlan1 ch7  | BL=[]
[TX  ->  *] bucket=41918 L5 active=wlan0 ch9  BL=[]
[RX  <- B] bucket=41918  peer_BL=[]  my_BL=[]
[03:54:58] HOP bucket=41919 L5 active=wlan1 ch7  | prep wlan0 ch3  | BL=[]
[TX  ->  *] bucket=41919 L5 active=wlan1 ch7  BL=[]
[RX  <- B] bucket=41919  peer_BL=[]  my_BL=[]
[03:55:00] HOP bucket=41920 L5 active=wlan0 ch3  | prep wlan1 ch9  | BL=[]
[RX  <- B] bucket=41920  peer_BL=[]  my_BL=[]
[TX  ->  *] bucket=41920 L5 active=wlan0 ch3  BL=[]
[03:55:02] HOP bucket=41921 L5 active=wlan1 ch9  | prep wlan0 ch5  | BL=[]
[TX  ->  *] bucket=41921 L5 active=wlan1 ch9  BL=[]
[RX  <- B] bucket=41921  peer_BL=[]  my_BL=[]
[03:55:04] HOP bucket=41922 L5 active=wlan0 ch5  | prep wlan1 ch7  | BL=[]
[TX  ->  *] bucket=41922 L5 active=wlan0 ch5  BL=[]
[RX  <- B] bucket=41922  peer_BL=[]  my_BL=[]
[03:55:06] HOP bucket=41923 L5 active=wlan1 ch7  | prep wlan0 ch7  | BL=[]
[TX  ->  *] bucket=41923 L5 active=wlan1 ch7  BL=[]
[RX  <- B] bucket=41923  peer_BL=[]  my_BL=[]
[03:55:08] HOP bucket=41924 L5 active=wlan0 ch7  | prep wlan1 ch8  | BL=[]
[TX  ->  *] bucket=41924 L5 active=wlan0 ch7  BL=[]
[RX  <- B] bucket=41924  peer_BL=[]  my_BL=[]
[03:55:10] HOP bucket=41925 L5 active=wlan1 ch8  | prep wlan0 ch6  | BL=[]
[TX  ->  *] bucket=41925 L5 active=wlan1 ch8  BL=[]
[RX  <- B] bucket=41925  peer_BL=[]  my_BL=[]
[03:55:12] HOP bucket=41926 L5 active=wlan0 ch6  | prep wlan1 ch5  | BL=[]
[RX  <- B] bucket=41926  peer_BL=[]  my_BL=[]
[TX  ->  *] bucket=41926 L5 active=wlan0 ch6  BL=[]
[03:55:14] HOP bucket=41927 L5 active=wlan1 ch5  | prep wlan0 ch11  | BL=[]
[RX  <- B] bucket=41927  peer_BL=[]  my_BL=[]
[TX  ->  *] bucket=41927 L5 active=wlan1 ch5  BL=[]
[03:55:16] HOP bucket=41928 L5 active=wlan0 ch11  | prep wlan1 ch9  | BL=[]
[TX  ->  *] bucket=41928 L5 active=wlan0 ch11  BL=[]
[RX  <- B] bucket=41928  peer_BL=[]  my_BL=[]
[03:55:18] HOP bucket=41929 L5 active=wlan1 ch9  | prep wlan0 ch7  | BL=[]
[TX  ->  *] bucket=41929 L5 active=wlan1 ch9  BL=[]
[RX  <- B] bucket=41929  peer_BL=[]  my_BL=[]
[03:55:20] HOP bucket=41930 L5 active=wlan0 ch7  | prep wlan1 ch3  | BL=[]
[TX  ->  *] bucket=41930 L5 active=wlan0 ch7  BL=[]
[RX  <- B] bucket=41930  peer_BL=[]  my_BL=[]
[03:55:22] HOP bucket=41931 L5 active=wlan1 ch3  | prep wlan0 ch8  | BL=[]
[RX  <- B] bucket=41931  peer_BL=[]  my_BL=[]
[TX  ->  *] bucket=41931 L5 active=wlan1 ch3  BL=[]
[03:55:24] HOP bucket=41932 L5 active=wlan0 ch8  | prep wlan1 ch7  | BL=[]
[TX  ->  *] bucket=41932 L5 active=wlan0 ch8  BL=[]
[RX  <- B] bucket=41932  peer_BL=[]  my_BL=[]
[03:55:26] HOP bucket=41933 L5 active=wlan1 ch7  | prep wlan0 ch11  | BL=[]
[RX  <- B] bucket=41933  peer_BL=[]  my_BL=[]
[TX  ->  *] bucket=41933 L5 active=wlan1 ch7  BL=[]
[03:55:28] HOP bucket=41934 L5 active=wlan0 ch11  | prep wlan1 ch9  | BL=[]
[RX  <- B] bucket=41934  peer_BL=[]  my_BL=[]
[TX  ->  *] bucket=41934 L5 active=wlan0 ch11  BL=[]
[03:55:30] HOP bucket=41935 L5 active=wlan1 ch9  | prep wlan0 ch11  | BL=[]
[TX  ->  *] bucket=41935 L5 active=wlan1 ch9  BL=[]
[RX  <- B] bucket=41935  peer_BL=[]  my_BL=[]
[03:55:32] HOP bucket=41936 L5 active=wlan0 ch11  | prep wlan1 ch3  | BL=[]
[TX  ->  *] bucket=41936 L5 active=wlan0 ch11  BL=[]
[RX  <- B] bucket=41936  peer_BL=[]  my_BL=[]
[03:55:34] HOP bucket=41937 L5 active=wlan1 ch3  | prep wlan0 ch10  | BL=[]
[TX  ->  *] bucket=41937 L5 active=wlan1 ch3  BL=[]
[RX  <- B] bucket=41937  peer_BL=[]  my_BL=[]
[03:55:36] HOP bucket=41938 L5 active=wlan0 ch10  | prep wlan1 ch3  | BL=[]
[RX  <- B] bucket=41938  peer_BL=[]  my_BL=[]
[TX  ->  *] bucket=41938 L5 active=wlan0 ch10  BL=[]
[03:55:38] HOP bucket=41939 L5 active=wlan1 ch3  | prep wlan0 ch4  | BL=[]
[TX  ->  *] bucket=41939 L5 active=wlan1 ch3  BL=[]
[RX  <- B] bucket=41939  peer_BL=[]  my_BL=[]
[03:55:40] HOP bucket=41940 L5 active=wlan0 ch4  | prep wlan1 ch4  | BL=[]
[TX  ->  *] bucket=41940 L5 active=wlan0 ch4  BL=[]
[RX  <- B] bucket=41940  peer_BL=[]  my_BL=[]
[03:55:42] HOP bucket=41941 L5 active=wlan1 ch4  | prep wlan0 ch5  | BL=[]
[TX  ->  *] bucket=41941 L5 active=wlan1 ch4  BL=[]
[RX  <- B] bucket=41941  peer_BL=[]  my_BL=[]
[03:55:44] HOP bucket=41942 L5 active=wlan0 ch5  | prep wlan1 ch7  | BL=[]
[TX  ->  *] bucket=41942 L5 active=wlan0 ch5  BL=[]
[RX  <- B] bucket=41942  peer_BL=[]  my_BL=[]
[03:55:46] HOP bucket=41943 L5 active=wlan1 ch7  | prep wlan0 ch11  | BL=[]
[TX  ->  *] bucket=41943 L5 active=wlan1 ch7  BL=[]
[RX  <- B] bucket=41943  peer_BL=[]  my_BL=[]
[03:55:48] HOP bucket=41944 L5 active=wlan0 ch11  | prep wlan1 ch9  | BL=[]
[TX  ->  *] bucket=41944 L5 active=wlan0 ch11  BL=[]
[RX  <- B] bucket=41944  peer_BL=[]  my_BL=[]
[03:55:50] HOP bucket=41945 L5 active=wlan1 ch9  | prep wlan0 ch6  | BL=[]
[RX  <- B] bucket=41945  peer_BL=[]  my_BL=[]
[TX  ->  *] bucket=41945 L5 active=wlan1 ch9  BL=[]
[03:55:52] HOP bucket=41946 L5 active=wlan0 ch6  | prep wlan1 ch7  | BL=[]
[RX  <- B] bucket=41946  peer_BL=[]  my_BL=[]
[TX  ->  *] bucket=41946 L5 active=wlan0 ch6  BL=[]
[03:55:54] HOP bucket=41947 L5 active=wlan1 ch7  | prep wlan0 ch6  | BL=[]
[RX  <- B] bucket=41947  peer_BL=[]  my_BL=[]
[TX  ->  *] bucket=41947 L5 active=wlan1 ch7  BL=[]
[03:55:56] HOP bucket=41948 L5 active=wlan0 ch6  | prep wlan1 ch5  | BL=[]
[TX  ->  *] bucket=41948 L5 active=wlan0 ch6  BL=[]
[RX  <- B] bucket=41948  peer_BL=[]  my_BL=[]
[03:55:58] HOP bucket=41949 L5 active=wlan1 ch5  | prep wlan0 ch9  | BL=[]
[TX  ->  *] bucket=41949 L5 active=wlan1 ch5  BL=[]
[RX  <- B] bucket=41949  peer_BL=[]  my_BL=[]
[03:56:00] HOP bucket=41950 L5 active=wlan0 ch9  | prep wlan1 ch11  | BL=[]
[RX  <- B] bucket=41950  peer_BL=[]  my_BL=[]
[TX  ->  *] bucket=41950 L5 active=wlan0 ch9  BL=[]
[03:56:02] HOP bucket=41951 L5 active=wlan1 ch11  | prep wlan0 ch11  | BL=[]
[TX  ->  *] bucket=41951 L5 active=wlan1 ch11  BL=[]
[RX  <- B] bucket=41951  peer_BL=[]  my_BL=[]
[03:56:04] HOP bucket=41952 L5 active=wlan0 ch11  | prep wlan1 ch3  | BL=[]
[RX  <- B] bucket=41952  peer_BL=[]  my_BL=[]
[TX  ->  *] bucket=41952 L5 active=wlan0 ch11  BL=[]
[03:56:06] HOP bucket=41953 L5 active=wlan1 ch3  | prep wlan0 ch3  | BL=[]
[TX  ->  *] bucket=41953 L5 active=wlan1 ch3  BL=[]
[RX  <- B] bucket=41953  peer_BL=[]  my_BL=[]
[03:56:08] HOP bucket=41954 L5 active=wlan0 ch3  | prep wlan1 ch8  | BL=[]
[TX  ->  *] bucket=41954 L5 active=wlan0 ch3  BL=[]
[RX  <- B] bucket=41954  peer_BL=[]  my_BL=[]
[03:56:10] HOP bucket=41955 L5 active=wlan1 ch8  | prep wlan0 ch3  | BL=[]
[TX  ->  *] bucket=41955 L5 active=wlan1 ch8  BL=[]
[RX  <- B] bucket=41955  peer_BL=[]  my_BL=[]
[03:56:12] HOP bucket=41956 L5 active=wlan0 ch3  | prep wlan1 ch8  | BL=[]
[TX  ->  *] bucket=41956 L5 active=wlan0 ch3  BL=[]
[RX  <- B] bucket=41956  peer_BL=[]  my_BL=[]
[03:56:14] HOP bucket=41957 L5 active=wlan1 ch8  | prep wlan0 ch3  | BL=[]
[RX  <- B] bucket=41957  peer_BL=[]  my_BL=[]
[TX  ->  *] bucket=41957 L5 active=wlan1 ch8  BL=[]
[03:56:16] HOP bucket=41958 L5 active=wlan0 ch3  | prep wlan1 ch3  | BL=[]
[RX  <- B] bucket=41958  peer_BL=[]  my_BL=[]
[TX  ->  *] bucket=41958 L5 active=wlan0 ch3  BL=[]
[03:56:18] HOP bucket=41959 L5 active=wlan1 ch3  | prep wlan0 ch4  | BL=[]
[TX  ->  *] bucket=41959 L5 active=wlan1 ch3  BL=[]
[RX  <- B] bucket=41959  peer_BL=[]  my_BL=[]
[03:56:20] HOP bucket=41960 L5 active=wlan0 ch4  | prep wlan1 ch8  | BL=[]
[RX  <- B] bucket=41960  peer_BL=[]  my_BL=[]
[TX  ->  *] bucket=41960 L5 active=wlan0 ch4  BL=[]
[03:56:22] HOP bucket=41961 L5 active=wlan1 ch8  | prep wlan0 ch10  | BL=[]
[RX  <- B] bucket=41961  peer_BL=[]  my_BL=[]
[TX  ->  *] bucket=41961 L5 active=wlan1 ch8  BL=[]
[03:56:24] HOP bucket=41962 L5 active=wlan0 ch10  | prep wlan1 ch8  | BL=[]
[RX  <- B] bucket=41962  peer_BL=[]  my_BL=[]
[TX  ->  *] bucket=41962 L5 active=wlan0 ch10  BL=[]
[03:56:26] HOP bucket=41963 L5 active=wlan1 ch8  | prep wlan0 ch5  | BL=[]
[RX  <- B] bucket=41963  peer_BL=[]  my_BL=[]
[TX  ->  *] bucket=41963 L5 active=wlan1 ch8  BL=[]
[03:56:28] HOP bucket=41964 L5 active=wlan0 ch5  | prep wlan1 ch7  | BL=[]
[RX  <- B] bucket=41964  peer_BL=[]  my_BL=[]
[TX  ->  *] bucket=41964 L5 active=wlan0 ch5  BL=[]