============================================================
 ARTCHO NODE — MODE=L5 — NODE_ID=A
============================================================
 Bucket duration : 2.0s
 TEST_EPOCH      : 1772504190.0
 BUCKET_EPOCH    : 1772442990.0
 sim offset      : 61200s  (17.00h)
 Use blacklist   : False
 Detect enabled  : False
 Dual radio      : True
============================================================

[WAIT] sleeping 16.1s until TEST_EPOCH...
[INIT] L5 cold-start (bucket=30600):
       active  wlan0 -> ch5 (2432 MHz)
       bg      wlan1 -> ch6 (2437 MHz)
       confirmed blacklist: []
[INIT] L5 cold-start complete.

[RX  <- B] bucket=30600  peer_BL=[]  my_BL=[]
[TX  ->  *] bucket=30600 L5 active=wlan0 ch5  BL=[]
[03:16:32] HOP bucket=30601 L5 active=wlan1 ch6  | prep wlan0 ch5  | BL=[]
[TX  ->  *] bucket=30601 L5 active=wlan1 ch6  BL=[]
[RX  <- B] bucket=30601  peer_BL=[]  my_BL=[]
[03:16:34] HOP bucket=30602 L5 active=wlan0 ch5  | prep wlan1 ch9  | BL=[]
[TX  ->  *] bucket=30602 L5 active=wlan0 ch5  BL=[]
[RX  <- B] bucket=30602  peer_BL=[]  my_BL=[]
[03:16:36] HOP bucket=30603 L5 active=wlan1 ch9  | prep wlan0 ch9  | BL=[]
[TX  ->  *] bucket=30603 L5 active=wlan1 ch9  BL=[]
[RX  <- B] bucket=30603  peer_BL=[]  my_BL=[]
[03:16:38] HOP bucket=30604 L5 active=wlan0 ch9  | prep wlan1 ch11  | BL=[]
[TX  ->  *] bucket=30604 L5 active=wlan0 ch9  BL=[]
[03:16:40] HOP bucket=30605 L5 active=wlan1 ch11  | prep wlan0 ch9  | BL=[]
[TX  ->  *] bucket=30605 L5 active=wlan1 ch11  BL=[]
[RX  <- B] bucket=30605  peer_BL=[]  my_BL=[]
[03:16:42] HOP bucket=30606 L5 active=wlan0 ch9  | prep wlan1 ch10  | BL=[]
[TX  ->  *] bucket=30606 L5 active=wlan0 ch9  BL=[]
[RX  <- B] bucket=30606  peer_BL=[]  my_BL=[]
[03:16:44] HOP bucket=30607 L5 active=wlan1 ch10  | prep wlan0 ch10  | BL=[]
[RX  <- B] bucket=30607  peer_BL=[]  my_BL=[]
[TX  ->  *] bucket=30607 L5 active=wlan1 ch10  BL=[]
[03:16:46] HOP bucket=30608 L5 active=wlan0 ch10  | prep wlan1 ch6  | BL=[]
[TX  ->  *] bucket=30608 L5 active=wlan0 ch10  BL=[]
[RX  <- B] bucket=30608  peer_BL=[]  my_BL=[]
[03:16:48] HOP bucket=30609 L5 active=wlan1 ch6  | prep wlan0 ch6  | BL=[]
[TX  ->  *] bucket=30609 L5 active=wlan1 ch6  BL=[]
[RX  <- B] bucket=30609  peer_BL=[]  my_BL=[]
[03:16:50] HOP bucket=30610 L5 active=wlan0 ch6  | prep wlan1 ch7  | BL=[]
[RX  <- B] bucket=30610  peer_BL=[]  my_BL=[]
[TX  ->  *] bucket=30610 L5 active=wlan0 ch6  BL=[]
[03:16:52] HOP bucket=30611 L5 active=wlan1 ch7  | prep wlan0 ch7  | BL=[]
[TX  ->  *] bucket=30611 L5 active=wlan1 ch7  BL=[]
[RX  <- B] bucket=30611  peer_BL=[]  my_BL=[]
[03:16:54] HOP bucket=30612 L5 active=wlan0 ch7  | prep wlan1 ch7  | BL=[]
[RX  <- B] bucket=30612  peer_BL=[]  my_BL=[]
[TX  ->  *] bucket=30612 L5 active=wlan0 ch7  BL=[]
[03:16:56] HOP bucket=30613 L5 active=wlan1 ch7  | prep wlan0 ch3  | BL=[]
[TX  ->  *] bucket=30613 L5 active=wlan1 ch7  BL=[]
[RX  <- B] bucket=30613  peer_BL=[]  my_BL=[]
[03:16:58] HOP bucket=30614 L5 active=wlan0 ch3  | prep wlan1 ch3  | BL=[]
[RX  <- B] bucket=30614  peer_BL=[]  my_BL=[]
[TX  ->  *] bucket=30614 L5 active=wlan0 ch3  BL=[]
[03:17:00] HOP bucket=30615 L5 active=wlan1 ch3  | prep wlan0 ch8  | BL=[]
[TX  ->  *] bucket=30615 L5 active=wlan1 ch3  BL=[]
[RX  <- B] bucket=30615  peer_BL=[]  my_BL=[]
[03:17:02] HOP bucket=30616 L5 active=wlan0 ch8  | prep wlan1 ch6  | BL=[]
[RX  <- B] bucket=30616  peer_BL=[]  my_BL=[]
[TX  ->  *] bucket=30616 L5 active=wlan0 ch8  BL=[]
[03:17:04] HOP bucket=30617 L5 active=wlan1 ch6  | prep wlan0 ch6  | BL=[]
[TX  ->  *] bucket=30617 L5 active=wlan1 ch6  BL=[]
[RX  <- B] bucket=30617  peer_BL=[]  my_BL=[]
[03:17:06] HOP bucket=30618 L5 active=wlan0 ch6  | prep wlan1 ch3  | BL=[]
[TX  ->  *] bucket=30618 L5 active=wlan0 ch6  BL=[]
[RX  <- B] bucket=30618  peer_BL=[]  my_BL=[]
[03:17:08] HOP bucket=30619 L5 active=wlan1 ch3  | prep wlan0 ch3  | BL=[]
[TX  ->  *] bucket=30619 L5 active=wlan1 ch3  BL=[]
[RX  <- B] bucket=30619  peer_BL=[]  my_BL=[]
[03:17:10] HOP bucket=30620 L5 active=wlan0 ch3  | prep wlan1 ch4  | BL=[]
[TX  ->  *] bucket=30620 L5 active=wlan0 ch3  BL=[]
[03:17:12] HOP bucket=30621 L5 active=wlan1 ch4  | prep wlan0 ch9  | BL=[]
[TX  ->  *] bucket=30621 L5 active=wlan1 ch4  BL=[]
[RX  <- B] bucket=30621  peer_BL=[]  my_BL=[]
[03:17:14] HOP bucket=30622 L5 active=wlan0 ch9  | prep wlan1 ch3  | BL=[]
[RX  <- B] bucket=30622  peer_BL=[]  my_BL=[]
[TX  ->  *] bucket=30622 L5 active=wlan0 ch9  BL=[]
[03:17:16] HOP bucket=30623 L5 active=wlan1 ch3  | prep wlan0 ch5  | BL=[]
[RX  <- B] bucket=30623  peer_BL=[]  my_BL=[]
[TX  ->  *] bucket=30623 L5 active=wlan1 ch3  BL=[]
[03:17:18] HOP bucket=30624 L5 active=wlan0 ch5  | prep wlan1 ch5  | BL=[]
[RX  <- B] bucket=30624  peer_BL=[]  my_BL=[]
[TX  ->  *] bucket=30624 L5 active=wlan0 ch5  BL=[]
[03:17:20] HOP bucket=30625 L5 active=wlan1 ch5  | prep wlan0 ch4  | BL=[]
[TX  ->  *] bucket=30625 L5 active=wlan1 ch5  BL=[]
[RX  <- B] bucket=30625  peer_BL=[]  my_BL=[]
[03:17:22] HOP bucket=30626 L5 active=wlan0 ch4  | prep wlan1 ch9  | BL=[]
[TX  ->  *] bucket=30626 L5 active=wlan0 ch4  BL=[]
[RX  <- B] bucket=30626  peer_BL=[]  my_BL=[]
[03:17:24] HOP bucket=30627 L5 active=wlan1 ch9  | prep wlan0 ch8  | BL=[]
[TX  ->  *] bucket=30627 L5 active=wlan1 ch9  BL=[]
[RX  <- B] bucket=30627  peer_BL=[]  my_BL=[]
[03:17:26] HOP bucket=30628 L5 active=wlan0 ch8  | prep wlan1 ch11  | BL=[]
[RX  <- B] bucket=30628  peer_BL=[]  my_BL=[]
[TX  ->  *] bucket=30628 L5 active=wlan0 ch8  BL=[]
[03:17:28] HOP bucket=30629 L5 active=wlan1 ch11  | prep wlan0 ch6  | BL=[]
[TX  ->  *] bucket=30629 L5 active=wlan1 ch11  BL=[]
[RX  <- B] bucket=30629  peer_BL=[]  my_BL=[]
[03:17:30] HOP bucket=30630 L5 active=wlan0 ch6  | prep wlan1 ch5  | BL=[]
[TX  ->  *] bucket=30630 L5 active=wlan0 ch6  BL=[]
[RX  <- B] bucket=30630  peer_BL=[]  my_BL=[]
[03:17:32] HOP bucket=30631 L5 active=wlan1 ch5  | prep wlan0 ch8  | BL=[]
[TX  ->  *] bucket=30631 L5 active=wlan1 ch5  BL=[]
[RX  <- B] bucket=30631  peer_BL=[]  my_BL=[]
[03:17:34] HOP bucket=30632 L5 active=wlan0 ch8  | prep wlan1 ch9  | BL=[]
[RX  <- B] bucket=30632  peer_BL=[]  my_BL=[]
[TX  ->  *] bucket=30632 L5 active=wlan0 ch8  BL=[]
[03:17:36] HOP bucket=30633 L5 active=wlan1 ch9  | prep wlan0 ch8  | BL=[]
[TX  ->  *] bucket=30633 L5 active=wlan1 ch9  BL=[]
[RX  <- B] bucket=30633  peer_BL=[]  my_BL=[]
[03:17:38] HOP bucket=30634 L5 active=wlan0 ch8  | prep wlan1 ch6  | BL=[]
[TX  ->  *] bucket=30634 L5 active=wlan0 ch8  BL=[]
[RX  <- B] bucket=30634  peer_BL=[]  my_BL=[]
[03:17:40] HOP bucket=30635 L5 active=wlan1 ch6  | prep wlan0 ch7  | BL=[]
[TX  ->  *] bucket=30635 L5 active=wlan1 ch6  BL=[]
[RX  <- B] bucket=30635  peer_BL=[]  my_BL=[]
[03:17:42] HOP bucket=30636 L5 active=wlan0 ch7  | prep wlan1 ch7  | BL=[]
[TX  ->  *] bucket=30636 L5 active=wlan0 ch7  BL=[]
[RX  <- B] bucket=30636  peer_BL=[]  my_BL=[]
[03:17:44] HOP bucket=30637 L5 active=wlan1 ch7  | prep wlan0 ch3  | BL=[]
[TX  ->  *] bucket=30637 L5 active=wlan1 ch7  BL=[]
[RX  <- B] bucket=30637  peer_BL=[]  my_BL=[]
[03:17:46] HOP bucket=30638 L5 active=wlan0 ch3  | prep wlan1 ch8  | BL=[]
[TX  ->  *] bucket=30638 L5 active=wlan0 ch3  BL=[]
[RX  <- B] bucket=30638  peer_BL=[]  my_BL=[]
[03:17:48] HOP bucket=30639 L5 active=wlan1 ch8  | prep wlan0 ch9  | BL=[]
[TX  ->  *] bucket=30639 L5 active=wlan1 ch8  BL=[]
[RX  <- B] bucket=30639  peer_BL=[]  my_BL=[]
[03:17:50] HOP bucket=30640 L5 active=wlan0 ch9  | prep wlan1 ch5  | BL=[]
[TX  ->  *] bucket=30640 L5 active=wlan0 ch9  BL=[]
[RX  <- B] bucket=30640  peer_BL=[]  my_BL=[]
[03:17:52] HOP bucket=30641 L5 active=wlan1 ch5  | prep wlan0 ch3  | BL=[]
[TX  ->  *] bucket=30641 L5 active=wlan1 ch5  BL=[]
[RX  <- B] bucket=30641  peer_BL=[]  my_BL=[]
[03:17:54] HOP bucket=30642 L5 active=wlan0 ch3  | prep wlan1 ch3  | BL=[]
[RX  <- B] bucket=30642  peer_BL=[]  my_BL=[]
[TX  ->  *] bucket=30642 L5 active=wlan0 ch3  BL=[]
[03:17:56] HOP bucket=30643 L5 active=wlan1 ch3  | prep wlan0 ch6  | BL=[]
[TX  ->  *] bucket=30643 L5 active=wlan1 ch3  BL=[]
[RX  <- B] bucket=30643  peer_BL=[]  my_BL=[]
[03:17:58] HOP bucket=30644 L5 active=wlan0 ch6  | prep wlan1 ch9  | BL=[]
[TX  ->  *] bucket=30644 L5 active=wlan0 ch6  BL=[]
[RX  <- B] bucket=30644  peer_BL=[]  my_BL=[]
[03:18:00] HOP bucket=30645 L5 active=wlan1 ch9  | prep wlan0 ch11  | BL=[]
[TX  ->  *] bucket=30645 L5 active=wlan1 ch9  BL=[]
[RX  <- B] bucket=30645  peer_BL=[]  my_BL=[]
[03:18:02] HOP bucket=30646 L5 active=wlan0 ch11  | prep wlan1 ch5  | BL=[]
[TX  ->  *] bucket=30646 L5 active=wlan0 ch11  BL=[]
[RX  <- B] bucket=30646  peer_BL=[]  my_BL=[]
[03:18:04] HOP bucket=30647 L5 active=wlan1 ch5  | prep wlan0 ch7  | BL=[]
[TX  ->  *] bucket=30647 L5 active=wlan1 ch5  BL=[]
[RX  <- B] bucket=30647  peer_BL=[]  my_BL=[]
[03:18:06] HOP bucket=30648 L5 active=wlan0 ch7  | prep wlan1 ch7  | BL=[]
[TX  ->  *] bucket=30648 L5 active=wlan0 ch7  BL=[]
[RX  <- B] bucket=30648  peer_BL=[]  my_BL=[]
[03:18:08] HOP bucket=30649 L5 active=wlan1 ch7  | prep wlan0 ch4  | BL=[]
[TX  ->  *] bucket=30649 L5 active=wlan1 ch7  BL=[]
[RX  <- B] bucket=30649  peer_BL=[]  my_BL=[]
[03:18:10] HOP bucket=30650 L5 active=wlan0 ch4  | prep wlan1 ch7  | BL=[]
[TX  ->  *] bucket=30650 L5 active=wlan0 ch4  BL=[]
[RX  <- B] bucket=30650  peer_BL=[]  my_BL=[]
[03:18:12] HOP bucket=30651 L5 active=wlan1 ch7  | prep wlan0 ch9  | BL=[]
[RX  <- B] bucket=30651  peer_BL=[]  my_BL=[]
[TX  ->  *] bucket=30651 L5 active=wlan1 ch7  BL=[]
[03:18:14] HOP bucket=30652 L5 active=wlan0 ch9  | prep wlan1 ch8  | BL=[]
[TX  ->  *] bucket=30652 L5 active=wlan0 ch9  BL=[]
[RX  <- B] bucket=30652  peer_BL=[]  my_BL=[]
[03:18:16] HOP bucket=30653 L5 active=wlan1 ch8  | prep wlan0 ch5  | BL=[]
[TX  ->  *] bucket=30653 L5 active=wlan1 ch8  BL=[]
[RX  <- B] bucket=30653  peer_BL=[]  my_BL=[]
[03:18:18] HOP bucket=30654 L5 active=wlan0 ch5  | prep wlan1 ch7  | BL=[]
[RX  <- B] bucket=30654  peer_BL=[]  my_BL=[]
[TX  ->  *] bucket=30654 L5 active=wlan0 ch5  BL=[]
[03:18:20] HOP bucket=30655 L5 active=wlan1 ch7  | prep wlan0 ch5  | BL=[]
[TX  ->  *] bucket=30655 L5 active=wlan1 ch7  BL=[]
[RX  <- B] bucket=30655  peer_BL=[]  my_BL=[]
[03:18:22] HOP bucket=30656 L5 active=wlan0 ch5  | prep wlan1 ch7  | BL=[]
[TX  ->  *] bucket=30656 L5 active=wlan0 ch5  BL=[]
[RX  <- B] bucket=30656  peer_BL=[]  my_BL=[]
[03:18:24] HOP bucket=30657 L5 active=wlan1 ch7  | prep wlan0 ch3  | BL=[]
[TX  ->  *] bucket=30657 L5 active=wlan1 ch7  BL=[]
[RX  <- B] bucket=30657  peer_BL=[]  my_BL=[]
[03:18:26] HOP bucket=30658 L5 active=wlan0 ch3  | prep wlan1 ch10  | BL=[]
[TX  ->  *] bucket=30658 L5 active=wlan0 ch3  BL=[]
[RX  <- B] bucket=30658  peer_BL=[]  my_BL=[]
[03:18:28] HOP bucket=30659 L5 active=wlan1 ch10  | prep wlan0 ch10  | BL=[]
[RX  <- B] bucket=30659  peer_BL=[]  my_BL=[]
[TX  ->  *] bucket=30659 L5 active=wlan1 ch10  BL=[]
[03:18:30] HOP bucket=30660 L5 active=wlan0 ch10  | prep wlan1 ch11  | BL=[]
[TX  ->  *] bucket=30660 L5 active=wlan0 ch10  BL=[]
[RX  <- B] bucket=30660  peer_BL=[]  my_BL=[]
[03:18:32] HOP bucket=30661 L5 active=wlan1 ch11  | prep wlan0 ch11  | BL=[]
[TX  ->  *] bucket=30661 L5 active=wlan1 ch11  BL=[]
[RX  <- B] bucket=30661  peer_BL=[]  my_BL=[]
[03:18:34] HOP bucket=30662 L5 active=wlan0 ch11  | prep wlan1 ch11  | BL=[]
[TX  ->  *] bucket=30662 L5 active=wlan0 ch11  BL=[]
[RX  <- B] bucket=30662  peer_BL=[]  my_BL=[]
[03:18:36] HOP bucket=30663 L5 active=wlan1 ch11  | prep wlan0 ch5  | BL=[]
[TX  ->  *] bucket=30663 L5 active=wlan1 ch11  BL=[]
[RX  <- B] bucket=30663  peer_BL=[]  my_BL=[]
[03:18:38] HOP bucket=30664 L5 active=wlan0 ch5  | prep wlan1 ch5  | BL=[]
[RX  <- B] bucket=30664  peer_BL=[]  my_BL=[]
[TX  ->  *] bucket=30664 L5 active=wlan0 ch5  BL=[]
[03:18:40] HOP bucket=30665 L5 active=wlan1 ch5  | prep wlan0 ch5  | BL=[]
[RX  <- B] bucket=30665  peer_BL=[]  my_BL=[]
[TX  ->  *] bucket=30665 L5 active=wlan1 ch5  BL=[]
[03:18:42] HOP bucket=30666 L5 active=wlan0 ch5  | prep wlan1 ch3  | BL=[]
[RX  <- B] bucket=30666  peer_BL=[]  my_BL=[]
[TX  ->  *] bucket=30666 L5 active=wlan0 ch5  BL=[]
[03:18:44] HOP bucket=30667 L5 active=wlan1 ch3  | prep wlan0 ch6  | BL=[]
[RX  <- B] bucket=30667  peer_BL=[]  my_BL=[]
[TX  ->  *] bucket=30667 L5 active=wlan1 ch3  BL=[]
[03:18:46] HOP bucket=30668 L5 active=wlan0 ch6  | prep wlan1 ch5  | BL=[]
[TX  ->  *] bucket=30668 L5 active=wlan0 ch6  BL=[]
[RX  <- B] bucket=30668  peer_BL=[]  my_BL=[]
[03:18:48] HOP bucket=30669 L5 active=wlan1 ch5  | prep wlan0 ch5  | BL=[]
[TX  ->  *] bucket=30669 L5 active=wlan1 ch5  BL=[]
[RX  <- B] bucket=30669  peer_BL=[]  my_BL=[]
[03:18:50] HOP bucket=30670 L5 active=wlan0 ch5  | prep wlan1 ch11  | BL=[]
[RX  <- B] bucket=30670  peer_BL=[]  my_BL=[]
[TX  ->  *] bucket=30670 L5 active=wlan0 ch5  BL=[]
[03:18:52] HOP bucket=30671 L5 active=wlan1 ch11  | prep wlan0 ch3  | BL=[]
[TX  ->  *] bucket=30671 L5 active=wlan1 ch11  BL=[]
[RX  <- B] bucket=30671  peer_BL=[]  my_BL=[]
[03:18:54] HOP bucket=30672 L5 active=wlan0 ch3  | prep wlan1 ch6  | BL=[]
[TX  ->  *] bucket=30672 L5 active=wlan0 ch3  BL=[]
[RX  <- B] bucket=30672  peer_BL=[]  my_BL=[]
[03:18:56] HOP bucket=30673 L5 active=wlan1 ch6  | prep wlan0 ch6  | BL=[]
[RX  <- B] bucket=30673  peer_BL=[]  my_BL=[]
[TX  ->  *] bucket=30673 L5 active=wlan1 ch6  BL=[]
[03:18:58] HOP bucket=30674 L5 active=wlan0 ch6  | prep wlan1 ch5  | BL=[]
[RX  <- B] bucket=30674  peer_BL=[]  my_BL=[]
[TX  ->  *] bucket=30674 L5 active=wlan0 ch6  BL=[]
[03:19:00] HOP bucket=30675 L5 active=wlan1 ch5  | prep wlan0 ch4  | BL=[]
[TX  ->  *] bucket=30675 L5 active=wlan1 ch5  BL=[]
[RX  <- B] bucket=30675  peer_BL=[]  my_BL=[]
[03:19:02] HOP bucket=30676 L5 active=wlan0 ch4  | prep wlan1 ch11  | BL=[]
[TX  ->  *] bucket=30676 L5 active=wlan0 ch4  BL=[]
[RX  <- B] bucket=30676  peer_BL=[]  my_BL=[]
[03:19:04] HOP bucket=30677 L5 active=wlan1 ch11  | prep wlan0 ch11  | BL=[]
[RX  <- B] bucket=30677  peer_BL=[]  my_BL=[]
[TX  ->  *] bucket=30677 L5 active=wlan1 ch11  BL=[]
[03:19:06] HOP bucket=30678 L5 active=wlan0 ch11  | prep wlan1 ch3  | BL=[]
[TX  ->  *] bucket=30678 L5 active=wlan0 ch11  BL=[]
[RX  <- B] bucket=30678  peer_BL=[]  my_BL=[]
[03:19:08] HOP bucket=30679 L5 active=wlan1 ch3  | prep wlan0 ch7  | BL=[]
[TX  ->  *] bucket=30679 L5 active=wlan1 ch3  BL=[]
[RX  <- B] bucket=30679  peer_BL=[]  my_BL=[]
[03:19:10] HOP bucket=30680 L5 active=wlan0 ch7  | prep wlan1 ch6  | BL=[]
[TX  ->  *] bucket=30680 L5 active=wlan0 ch7  BL=[]
[RX  <- B] bucket=30680  peer_BL=[]  my_BL=[]
[03:19:12] HOP bucket=30681 L5 active=wlan1 ch6  | prep wlan0 ch3  | BL=[]
[TX  ->  *] bucket=30681 L5 active=wlan1 ch6  BL=[]
[RX  <- B] bucket=30681  peer_BL=[]  my_BL=[]
[03:19:14] HOP bucket=30682 L5 active=wlan0 ch3  | prep wlan1 ch10  | BL=[]
[RX  <- B] bucket=30682  peer_BL=[]  my_BL=[]
[TX  ->  *] bucket=30682 L5 active=wlan0 ch3  BL=[]
[03:19:16] HOP bucket=30683 L5 active=wlan1 ch10  | prep wlan0 ch10  | BL=[]
[RX  <- B] bucket=30683  peer_BL=[]  my_BL=[]
[TX  ->  *] bucket=30683 L5 active=wlan1 ch10  BL=[]
[03:19:18] HOP bucket=30684 L5 active=wlan0 ch10  | prep wlan1 ch8  | BL=[]
[RX  <- B] bucket=30684  peer_BL=[]  my_BL=[]
[TX  ->  *] bucket=30684 L5 active=wlan0 ch10  BL=[]
[03:19:20] HOP bucket=30685 L5 active=wlan1 ch8  | prep wlan0 ch5  | BL=[]
[TX  ->  *] bucket=30685 L5 active=wlan1 ch8  BL=[]
[RX  <- B] bucket=30685  peer_BL=[]  my_BL=[]
[03:19:22] HOP bucket=30686 L5 active=wlan0 ch5  | prep wlan1 ch9  | BL=[]
[TX  ->  *] bucket=30686 L5 active=wlan0 ch5  BL=[]
[RX  <- B] bucket=30686  peer_BL=[]  my_BL=[]
[03:19:24] HOP bucket=30687 L5 active=wlan1 ch9  | prep wlan0 ch11  | BL=[]
[TX  ->  *] bucket=30687 L5 active=wlan1 ch9  BL=[]
[RX  <- B] bucket=30687  peer_BL=[]  my_BL=[]
[03:19:26] HOP bucket=30688 L5 active=wlan0 ch11  | prep wlan1 ch10  | BL=[]
[TX  ->  *] bucket=30688 L5 active=wlan0 ch11  BL=[]
[RX  <- B] bucket=30688  peer_BL=[]  my_BL=[]
[03:19:28] HOP bucket=30689 L5 active=wlan1 ch10  | prep wlan0 ch3  | BL=[]
[TX  ->  *] bucket=30689 L5 active=wlan1 ch10  BL=[]
[RX  <- B] bucket=30689  peer_BL=[]  my_BL=[]
[03:19:30] HOP bucket=30690 L5 active=wlan0 ch3  | prep wlan1 ch11  | BL=[]
[TX  ->  *] bucket=30690 L5 active=wlan0 ch3  BL=[]
[RX  <- B] bucket=30690  peer_BL=[]  my_BL=[]
[03:19:32] HOP bucket=30691 L5 active=wlan1 ch11  | prep wlan0 ch6  | BL=[]
[TX  ->  *] bucket=30691 L5 active=wlan1 ch11  BL=[]
[RX  <- B] bucket=30691  peer_BL=[]  my_BL=[]
[03:19:34] HOP bucket=30692 L5 active=wlan0 ch6  | prep wlan1 ch7  | BL=[]
[TX  ->  *] bucket=30692 L5 active=wlan0 ch6  BL=[]
[RX  <- B] bucket=30692  peer_BL=[]  my_BL=[]
[03:19:36] HOP bucket=30693 L5 active=wlan1 ch7  | prep wlan0 ch5  | BL=[]
[RX  <- B] bucket=30693  peer_BL=[]  my_BL=[]
[TX  ->  *] bucket=30693 L5 active=wlan1 ch7  BL=[]
[03:19:38] HOP bucket=30694 L5 active=wlan0 ch5  | prep wlan1 ch10  | BL=[]
[TX  ->  *] bucket=30694 L5 active=wlan0 ch5  BL=[]
[RX  <- B] bucket=30694  peer_BL=[]  my_BL=[]
[03:19:40] HOP bucket=30695 L5 active=wlan1 ch10  | prep wlan0 ch6  | BL=[]
[TX  ->  *] bucket=30695 L5 active=wlan1 ch10  BL=[]
[RX  <- B] bucket=30695  peer_BL=[]  my_BL=[]
[03:19:42] HOP bucket=30696 L5 active=wlan0 ch6  | prep wlan1 ch7  | BL=[]
[TX  ->  *] bucket=30696 L5 active=wlan0 ch6  BL=[]
[RX  <- B] bucket=30696  peer_BL=[]  my_BL=[]
[03:19:44] HOP bucket=30697 L5 active=wlan1 ch7  | prep wlan0 ch9  | BL=[]
[TX  ->  *] bucket=30697 L5 active=wlan1 ch7  BL=[]
[RX  <- B] bucket=30697  peer_BL=[]  my_BL=[]
[03:19:46] HOP bucket=30698 L5 active=wlan0 ch9  | prep wlan1 ch4  | BL=[]
[RX  <- B] bucket=30698  peer_BL=[]  my_BL=[]
[TX  ->  *] bucket=30698 L5 active=wlan0 ch9  BL=[]
[03:19:48] HOP bucket=30699 L5 active=wlan1 ch4  | prep wlan0 ch11  | BL=[]
[RX  <- B] bucket=30699  peer_BL=[]  my_BL=[]
[TX  ->  *] bucket=30699 L5 active=wlan1 ch4  BL=[]
[03:19:50] HOP bucket=30700 L5 active=wlan0 ch11  | prep wlan1 ch3  | BL=[]
[TX  ->  *] bucket=30700 L5 active=wlan0 ch11  BL=[]
[RX  <- B] bucket=30700  peer_BL=[]  my_BL=[]
[03:19:52] HOP bucket=30701 L5 active=wlan1 ch3  | prep wlan0 ch8  | BL=[]
[TX  ->  *] bucket=30701 L5 active=wlan1 ch3  BL=[]
[RX  <- B] bucket=30701  peer_BL=[]  my_BL=[]
[03:19:54] HOP bucket=30702 L5 active=wlan0 ch8  | prep wlan1 ch8  | BL=[]
[RX  <- B] bucket=30702  peer_BL=[]  my_BL=[]
[TX  ->  *] bucket=30702 L5 active=wlan0 ch8  BL=[]
[03:19:56] HOP bucket=30703 L5 active=wlan1 ch8  | prep wlan0 ch11  | BL=[]
[RX  <- B] bucket=30703  peer_BL=[]  my_BL=[]
[TX  ->  *] bucket=30703 L5 active=wlan1 ch8  BL=[]
[03:19:58] HOP bucket=30704 L5 active=wlan0 ch11  | prep wlan1 ch8  | BL=[]
[TX  ->  *] bucket=30704 L5 active=wlan0 ch11  BL=[]
[RX  <- B] bucket=30704  peer_BL=[]  my_BL=[]
[03:20:00] HOP bucket=30705 L5 active=wlan1 ch8  | prep wlan0 ch10  | BL=[]
[TX  ->  *] bucket=30705 L5 active=wlan1 ch8  BL=[]
[RX  <- B] bucket=30705  peer_BL=[]  my_BL=[]
[03:20:02] HOP bucket=30706 L5 active=wlan0 ch10  | prep wlan1 ch6  | BL=[]
[TX  ->  *] bucket=30706 L5 active=wlan0 ch10  BL=[]
[RX  <- B] bucket=30706  peer_BL=[]  my_BL=[]
[03:20:04] HOP bucket=30707 L5 active=wlan1 ch6  | prep wlan0 ch9  | BL=[]
[RX  <- B] bucket=30707  peer_BL=[]  my_BL=[]
[TX  ->  *] bucket=30707 L5 active=wlan1 ch6  BL=[]
[03:20:06] HOP bucket=30708 L5 active=wlan0 ch9  | prep wlan1 ch9  | BL=[]
[TX  ->  *] bucket=30708 L5 active=wlan0 ch9  BL=[]
[RX  <- B] bucket=30708  peer_BL=[]  my_BL=[]
[03:20:08] HOP bucket=30709 L5 active=wlan1 ch9  | prep wlan0 ch3  | BL=[]
[RX  <- B] bucket=30709  peer_BL=[]  my_BL=[]
[TX  ->  *] bucket=30709 L5 active=wlan1 ch9  BL=[]
[03:20:10] HOP bucket=30710 L5 active=wlan0 ch3  | prep wlan1 ch5  | BL=[]
[TX  ->  *] bucket=30710 L5 active=wlan0 ch3  BL=[]
[RX  <- B] bucket=30710  peer_BL=[]  my_BL=[]
[03:20:12] HOP bucket=30711 L5 active=wlan1 ch5  | prep wlan0 ch5  | BL=[]
[RX  <- B] bucket=30711  peer_BL=[]  my_BL=[]
[TX  ->  *] bucket=30711 L5 active=wlan1 ch5  BL=[]
[03:20:14] HOP bucket=30712 L5 active=wlan0 ch5  | prep wlan1 ch4  | BL=[]
[RX  <- B] bucket=30712  peer_BL=[]  my_BL=[]
[TX  ->  *] bucket=30712 L5 active=wlan0 ch5  BL=[]
[03:20:16] HOP bucket=30713 L5 active=wlan1 ch4  | prep wlan0 ch6  | BL=[]
[RX  <- B] bucket=30713  peer_BL=[]  my_BL=[]
[TX  ->  *] bucket=30713 L5 active=wlan1 ch4  BL=[]
[03:20:18] HOP bucket=30714 L5 active=wlan0 ch6  | prep wlan1 ch5  | BL=[]
[RX  <- B] bucket=30714  peer_BL=[]  my_BL=[]
[TX  ->  *] bucket=30714 L5 active=wlan0 ch6  BL=[]
[03:20:20] HOP bucket=30715 L5 active=wlan1 ch5  | prep wlan0 ch5  | BL=[]
[RX  <- B] bucket=30715  peer_BL=[]  my_BL=[]
[TX  ->  *] bucket=30715 L5 active=wlan1 ch5  BL=[]
[03:20:22] HOP bucket=30716 L5 active=wlan0 ch5  | prep wlan1 ch3  | BL=[]
[RX  <- B] bucket=30716  peer_BL=[]  my_BL=[]
[TX  ->  *] bucket=30716 L5 active=wlan0 ch5  BL=[]
[03:20:24] HOP bucket=30717 L5 active=wlan1 ch3  | prep wlan0 ch4  | BL=[]
[RX  <- B] bucket=30717  peer_BL=[]  my_BL=[]
[TX  ->  *] bucket=30717 L5 active=wlan1 ch3  BL=[]
[03:20:26] HOP bucket=30718 L5 active=wlan0 ch4  | prep wlan1 ch6  | BL=[]
[RX  <- B] bucket=30718  peer_BL=[]  my_BL=[]
[TX  ->  *] bucket=30718 L5 active=wlan0 ch4  BL=[]
[03:20:28] HOP bucket=30719 L5 active=wlan1 ch6  | prep wlan0 ch10  | BL=[]
[TX  ->  *] bucket=30719 L5 active=wlan1 ch6  BL=[]
[RX  <- B] bucket=30719  peer_BL=[]  my_BL=[]
[03:20:30] HOP bucket=30720 L5 active=wlan0 ch10  | prep wlan1 ch10  | BL=[]
[TX  ->  *] bucket=30720 L5 active=wlan0 ch10  BL=[]
[RX  <- B] bucket=30720  peer_BL=[]  my_BL=[]
[03:20:32] HOP bucket=30721 L5 active=wlan1 ch10  | prep wlan0 ch6  | BL=[]
[RX  <- B] bucket=30721  peer_BL=[]  my_BL=[]
[TX  ->  *] bucket=30721 L5 active=wlan1 ch10  BL=[]
[03:20:34] HOP bucket=30722 L5 active=wlan0 ch6  | prep wlan1 ch3  | BL=[]
[RX  <- B] bucket=30722  peer_BL=[]  my_BL=[]
[TX  ->  *] bucket=30722 L5 active=wlan0 ch6  BL=[]
[03:20:36] HOP bucket=30723 L5 active=wlan1 ch3  | prep wlan0 ch10  | BL=[]
[TX  ->  *] bucket=30723 L5 active=wlan1 ch3  BL=[]
[RX  <- B] bucket=30723  peer_BL=[]  my_BL=[]
[03:20:38] HOP bucket=30724 L5 active=wlan0 ch10  | prep wlan1 ch6  | BL=[]
[TX  ->  *] bucket=30724 L5 active=wlan0 ch10  BL=[]
[RX  <- B] bucket=30724  peer_BL=[]  my_BL=[]
[03:20:40] HOP bucket=30725 L5 active=wlan1 ch6  | prep wlan0 ch7  | BL=[]
[TX  ->  *] bucket=30725 L5 active=wlan1 ch6  BL=[]
[RX  <- B] bucket=30725  peer_BL=[]  my_BL=[]
[03:20:42] HOP bucket=30726 L5 active=wlan0 ch7  | prep wlan1 ch9  | BL=[]
[RX  <- B] bucket=30726  peer_BL=[]  my_BL=[]
[TX  ->  *] bucket=30726 L5 active=wlan0 ch7  BL=[]
[03:20:44] HOP bucket=30727 L5 active=wlan1 ch9  | prep wlan0 ch3  | BL=[]
[TX  ->  *] bucket=30727 L5 active=wlan1 ch9  BL=[]
[RX  <- B] bucket=30727  peer_BL=[]  my_BL=[]
[03:20:46] HOP bucket=30728 L5 active=wlan0 ch3  | prep wlan1 ch4  | BL=[]
[TX  ->  *] bucket=30728 L5 active=wlan0 ch3  BL=[]
[RX  <- B] bucket=30728  peer_BL=[]  my_BL=[]
[03:20:48] HOP bucket=30729 L5 active=wlan1 ch4  | prep wlan0 ch11  | BL=[]
[TX  ->  *] bucket=30729 L5 active=wlan1 ch4  BL=[]
[RX  <- B] bucket=30729  peer_BL=[]  my_BL=[]
[03:20:50] HOP bucket=30730 L5 active=wlan0 ch11  | prep wlan1 ch8  | BL=[]
[TX  ->  *] bucket=30730 L5 active=wlan0 ch11  BL=[]
[RX  <- B] bucket=30730  peer_BL=[]  my_BL=[]
[03:20:52] HOP bucket=30731 L5 active=wlan1 ch8  | prep wlan0 ch4  | BL=[]
[TX  ->  *] bucket=30731 L5 active=wlan1 ch8  BL=[]
[RX  <- B] bucket=30731  peer_BL=[]  my_BL=[]
[03:20:54] HOP bucket=30732 L5 active=wlan0 ch4  | prep wlan1 ch3  | BL=[]
[TX  ->  *] bucket=30732 L5 active=wlan0 ch4  BL=[]
[RX  <- B] bucket=30732  peer_BL=[]  my_BL=[]
[03:20:56] HOP bucket=30733 L5 active=wlan1 ch3  | prep wlan0 ch11  | BL=[]
[TX  ->  *] bucket=30733 L5 active=wlan1 ch3  BL=[]
[RX  <- B] bucket=30733  peer_BL=[]  my_BL=[]
[03:20:58] HOP bucket=30734 L5 active=wlan0 ch11  | prep wlan1 ch10  | BL=[]
[RX  <- B] bucket=30734  peer_BL=[]  my_BL=[]
[TX  ->  *] bucket=30734 L5 active=wlan0 ch11  BL=[]
[03:21:00] HOP bucket=30735 L5 active=wlan1 ch10  | prep wlan0 ch5  | BL=[]
[TX  ->  *] bucket=30735 L5 active=wlan1 ch10  BL=[]
[RX  <- B] bucket=30735  peer_BL=[]  my_BL=[]
[03:21:02] HOP bucket=30736 L5 active=wlan0 ch5  | prep wlan1 ch10  | BL=[]
[TX  ->  *] bucket=30736 L5 active=wlan0 ch5  BL=[]
[RX  <- B] bucket=30736  peer_BL=[]  my_BL=[]
[03:21:04] HOP bucket=30737 L5 active=wlan1 ch10  | prep wlan0 ch7  | BL=[]
[TX  ->  *] bucket=30737 L5 active=wlan1 ch10  BL=[]
[RX  <- B] bucket=30737  peer_BL=[]  my_BL=[]
[03:21:06] HOP bucket=30738 L5 active=wlan0 ch7  | prep wlan1 ch7  | BL=[]
[TX  ->  *] bucket=30738 L5 active=wlan0 ch7  BL=[]
[RX  <- B] bucket=30738  peer_BL=[]  my_BL=[]
[03:21:08] HOP bucket=30739 L5 active=wlan1 ch7  | prep wlan0 ch5  | BL=[]
[TX  ->  *] bucket=30739 L5 active=wlan1 ch7  BL=[]
[RX  <- B] bucket=30739  peer_BL=[]  my_BL=[]
[03:21:10] HOP bucket=30740 L5 active=wlan0 ch5  | prep wlan1 ch4  | BL=[]
[TX  ->  *] bucket=30740 L5 active=wlan0 ch5  BL=[]
[RX  <- B] bucket=30740  peer_BL=[]  my_BL=[]
[03:21:12] HOP bucket=30741 L5 active=wlan1 ch4  | prep wlan0 ch4  | BL=[]
[RX  <- B] bucket=30741  peer_BL=[]  my_BL=[]
[TX  ->  *] bucket=30741 L5 active=wlan1 ch4  BL=[]
[03:21:14] HOP bucket=30742 L5 active=wlan0 ch4  | prep wlan1 ch6  | BL=[]
[RX  <- B] bucket=30742  peer_BL=[]  my_BL=[]
[TX  ->  *] bucket=30742 L5 active=wlan0 ch4  BL=[]
[03:21:16] HOP bucket=30743 L5 active=wlan1 ch6  | prep wlan0 ch8  | BL=[]
[TX  ->  *] bucket=30743 L5 active=wlan1 ch6  BL=[]
[RX  <- B] bucket=30743  peer_BL=[]  my_BL=[]
[03:21:18] HOP bucket=30744 L5 active=wlan0 ch8  | prep wlan1 ch7  | BL=[]
[TX  ->  *] bucket=30744 L5 active=wlan0 ch8  BL=[]
[RX  <- B] bucket=30744  peer_BL=[]  my_BL=[]
[03:21:20] HOP bucket=30745 L5 active=wlan1 ch7  | prep wlan0 ch9  | BL=[]
[RX  <- B] bucket=30745  peer_BL=[]  my_BL=[]
[TX  ->  *] bucket=30745 L5 active=wlan1 ch7  BL=[]
[03:21:22] HOP bucket=30746 L5 active=wlan0 ch9  | prep wlan1 ch7  | BL=[]
[TX  ->  *] bucket=30746 L5 active=wlan0 ch9  BL=[]
[RX  <- B] bucket=30746  peer_BL=[]  my_BL=[]
[03:21:24] HOP bucket=30747 L5 active=wlan1 ch7  | prep wlan0 ch3  | BL=[]
[TX  ->  *] bucket=30747 L5 active=wlan1 ch7  BL=[]
[RX  <- B] bucket=30747  peer_BL=[]  my_BL=[]
[03:21:26] HOP bucket=30748 L5 active=wlan0 ch3  | prep wlan1 ch11  | BL=[]
[RX  <- B] bucket=30748  peer_BL=[]  my_BL=[]
[TX  ->  *] bucket=30748 L5 active=wlan0 ch3  BL=[]
[03:21:28] HOP bucket=30749 L5 active=wlan1 ch11  | prep wlan0 ch8  | BL=[]
[RX  <- B] bucket=30749  peer_BL=[]  my_BL=[]
[TX  ->  *] bucket=30749 L5 active=wlan1 ch11  BL=[]
[03:21:30] HOP bucket=30750 L5 active=wlan0 ch8  | prep wlan1 ch3  | BL=[]
[TX  ->  *] bucket=30750 L5 active=wlan0 ch8  BL=[]
[RX  <- B] bucket=30750  peer_BL=[]  my_BL=[]
[03:21:32] HOP bucket=30751 L5 active=wlan1 ch3  | prep wlan0 ch10  | BL=[]
[TX  ->  *] bucket=30751 L5 active=wlan1 ch3  BL=[]
[RX  <- B] bucket=30751  peer_BL=[]  my_BL=[]
[03:21:34] HOP bucket=30752 L5 active=wlan0 ch10  | prep wlan1 ch5  | BL=[]
[RX  <- B] bucket=30752  peer_BL=[]  my_BL=[]
[TX  ->  *] bucket=30752 L5 active=wlan0 ch10  BL=[]
[03:21:36] HOP bucket=30753 L5 active=wlan1 ch5  | prep wlan0 ch5  | BL=[]
[TX  ->  *] bucket=30753 L5 active=wlan1 ch5  BL=[]
[RX  <- B] bucket=30753  peer_BL=[]  my_BL=[]
[03:21:38] HOP bucket=30754 L5 active=wlan0 ch5  | prep wlan1 ch10  | BL=[]
[TX  ->  *] bucket=30754 L5 active=wlan0 ch5  BL=[]
[RX  <- B] bucket=30754  peer_BL=[]  my_BL=[]
[03:21:40] HOP bucket=30755 L5 active=wlan1 ch10  | prep wlan0 ch3  | BL=[]
[RX  <- B] bucket=30755  peer_BL=[]  my_BL=[]
[TX  ->  *] bucket=30755 L5 active=wlan1 ch10  BL=[]
[03:21:42] HOP bucket=30756 L5 active=wlan0 ch3  | prep wlan1 ch3  | BL=[]
[RX  <- B] bucket=30756  peer_BL=[]  my_BL=[]
[TX  ->  *] bucket=30756 L5 active=wlan0 ch3  BL=[]
[03:21:44] HOP bucket=30757 L5 active=wlan1 ch3  | prep wlan0 ch7  | BL=[]
[RX  <- B] bucket=30757  peer_BL=[]  my_BL=[]
[TX  ->  *] bucket=30757 L5 active=wlan1 ch3  BL=[]
[03:21:46] HOP bucket=30758 L5 active=wlan0 ch7  | prep wlan1 ch3  | BL=[]
[TX  ->  *] bucket=30758 L5 active=wlan0 ch7  BL=[]
[RX  <- B] bucket=30758  peer_BL=[]  my_BL=[]
[03:21:48] HOP bucket=30759 L5 active=wlan1 ch3  | prep wlan0 ch9  | BL=[]
[TX  ->  *] bucket=30759 L5 active=wlan1 ch3  BL=[]
[RX  <- B] bucket=30759  peer_BL=[]  my_BL=[]
[03:21:50] HOP bucket=30760 L5 active=wlan0 ch9  | prep wlan1 ch11  | BL=[]
[TX  ->  *] bucket=30760 L5 active=wlan0 ch9  BL=[]
[RX  <- B] bucket=30760  peer_BL=[]  my_BL=[]
[03:21:52] HOP bucket=30761 L5 active=wlan1 ch11  | prep wlan0 ch6  | BL=[]
[RX  <- B] bucket=30761  peer_BL=[]  my_BL=[]
[TX  ->  *] bucket=30761 L5 active=wlan1 ch11  BL=[]
[03:21:54] HOP bucket=30762 L5 active=wlan0 ch6  | prep wlan1 ch3  | BL=[]
[TX  ->  *] bucket=30762 L5 active=wlan0 ch6  BL=[]
[RX  <- B] bucket=30762  peer_BL=[]  my_BL=[]
[03:21:56] HOP bucket=30763 L5 active=wlan1 ch3  | prep wlan0 ch10  | BL=[]
[TX  ->  *] bucket=30763 L5 active=wlan1 ch3  BL=[]
[RX  <- B] bucket=30763  peer_BL=[]  my_BL=[]
[03:21:58] HOP bucket=30764 L5 active=wlan0 ch10  | prep wlan1 ch4  | BL=[]
[TX  ->  *] bucket=30764 L5 active=wlan0 ch10  BL=[]
[RX  <- B] bucket=30764  peer_BL=[]  my_BL=[]
[03:22:00] HOP bucket=30765 L5 active=wlan1 ch4  | prep wlan0 ch11  | BL=[]
[TX  ->  *] bucket=30765 L5 active=wlan1 ch4  BL=[]
[RX  <- B] bucket=30765  peer_BL=[]  my_BL=[]
[03:22:02] HOP bucket=30766 L5 active=wlan0 ch11  | prep wlan1 ch10  | BL=[]
[TX  ->  *] bucket=30766 L5 active=wlan0 ch11  BL=[]
[RX  <- B] bucket=30766  peer_BL=[]  my_BL=[]
[03:22:04] HOP bucket=30767 L5 active=wlan1 ch10  | prep wlan0 ch9  | BL=[]
[TX  ->  *] bucket=30767 L5 active=wlan1 ch10  BL=[]
[RX  <- B] bucket=30767  peer_BL=[]  my_BL=[]
[03:22:06] HOP bucket=30768 L5 active=wlan0 ch9  | prep wlan1 ch5  | BL=[]
[RX  <- B] bucket=30768  peer_BL=[]  my_BL=[]
[TX  ->  *] bucket=30768 L5 active=wlan0 ch9  BL=[]
[03:22:08] HOP bucket=30769 L5 active=wlan1 ch5  | prep wlan0 ch7  | BL=[]
[TX  ->  *] bucket=30769 L5 active=wlan1 ch5  BL=[]
[RX  <- B] bucket=30769  peer_BL=[]  my_BL=[]
[03:22:10] HOP bucket=30770 L5 active=wlan0 ch7  | prep wlan1 ch9  | BL=[]
[TX  ->  *] bucket=30770 L5 active=wlan0 ch7  BL=[]
[RX  <- B] bucket=30770  peer_BL=[]  my_BL=[]
[03:22:12] HOP bucket=30771 L5 active=wlan1 ch9  | prep wlan0 ch6  | BL=[]
[RX  <- B] bucket=30771  peer_BL=[]  my_BL=[]
[TX  ->  *] bucket=30771 L5 active=wlan1 ch9  BL=[]
[03:22:14] HOP bucket=30772 L5 active=wlan0 ch6  | prep wlan1 ch10  | BL=[]
[RX  <- B] bucket=30772  peer_BL=[]  my_BL=[]
[TX  ->  *] bucket=30772 L5 active=wlan0 ch6  BL=[]
[03:22:16] HOP bucket=30773 L5 active=wlan1 ch10  | prep wlan0 ch6  | BL=[]
[RX  <- B] bucket=30773  peer_BL=[]  my_BL=[]
[TX  ->  *] bucket=30773 L5 active=wlan1 ch10  BL=[]
[03:22:18] HOP bucket=30774 L5 active=wlan0 ch6  | prep wlan1 ch6  | BL=[]
[TX  ->  *] bucket=30774 L5 active=wlan0 ch6  BL=[]
[RX  <- B] bucket=30774  peer_BL=[]  my_BL=[]
[03:22:20] HOP bucket=30775 L5 active=wlan1 ch6  | prep wlan0 ch3  | BL=[]
[TX  ->  *] bucket=30775 L5 active=wlan1 ch6  BL=[]
[RX  <- B] bucket=30775  peer_BL=[]  my_BL=[]
[03:22:22] HOP bucket=30776 L5 active=wlan0 ch3  | prep wlan1 ch7  | BL=[]
[TX  ->  *] bucket=30776 L5 active=wlan0 ch3  BL=[]
[RX  <- B] bucket=30776  peer_BL=[]  my_BL=[]
[03:22:24] HOP bucket=30777 L5 active=wlan1 ch7  | prep wlan0 ch11  | BL=[]
[TX  ->  *] bucket=30777 L5 active=wlan1 ch7  BL=[]
[RX  <- B] bucket=30777  peer_BL=[]  my_BL=[]
[03:22:26] HOP bucket=30778 L5 active=wlan0 ch11  | prep wlan1 ch8  | BL=[]
[RX  <- B] bucket=30778  peer_BL=[]  my_BL=[]
[TX  ->  *] bucket=30778 L5 active=wlan0 ch11  BL=[]
[03:22:28] HOP bucket=30779 L5 active=wlan1 ch8  | prep wlan0 ch9  | BL=[]
[TX  ->  *] bucket=30779 L5 active=wlan1 ch8  BL=[]
[RX  <- B] bucket=30779  peer_BL=[]  my_BL=[]
[03:22:30] HOP bucket=30780 L5 active=wlan0 ch9  | prep wlan1 ch3  | BL=[]
[TX  ->  *] bucket=30780 L5 active=wlan0 ch9  BL=[]
[RX  <- B] bucket=30780  peer_BL=[]  my_BL=[]
[03:22:32] HOP bucket=30781 L5 active=wlan1 ch3  | prep wlan0 ch6  | BL=[]
[RX  <- B] bucket=30781  peer_BL=[]  my_BL=[]
[TX  ->  *] bucket=30781 L5 active=wlan1 ch3  BL=[]
[03:22:34] HOP bucket=30782 L5 active=wlan0 ch6  | prep wlan1 ch9  | BL=[]
[RX  <- B] bucket=30782  peer_BL=[]  my_BL=[]
[TX  ->  *] bucket=30782 L5 active=wlan0 ch6  BL=[]
[03:22:36] HOP bucket=30783 L5 active=wlan1 ch9  | prep wlan0 ch8  | BL=[]
[TX  ->  *] bucket=30783 L5 active=wlan1 ch9  BL=[]
[RX  <- B] bucket=30783  peer_BL=[]  my_BL=[]
[03:22:38] HOP bucket=30784 L5 active=wlan0 ch8  | prep wlan1 ch4  | BL=[]
[RX  <- B] bucket=30784  peer_BL=[]  my_BL=[]
[TX  ->  *] bucket=30784 L5 active=wlan0 ch8  BL=[]
[03:22:40] HOP bucket=30785 L5 active=wlan1 ch4  | prep wlan0 ch4  | BL=[]
[RX  <- B] bucket=30785  peer_BL=[]  my_BL=[]
[TX  ->  *] bucket=30785 L5 active=wlan1 ch4  BL=[]
[03:22:42] HOP bucket=30786 L5 active=wlan0 ch4  | prep wlan1 ch10  | BL=[]
[TX  ->  *] bucket=30786 L5 active=wlan0 ch4  BL=[]
[RX  <- B] bucket=30786  peer_BL=[]  my_BL=[]
[03:22:44] HOP bucket=30787 L5 active=wlan1 ch10  | prep wlan0 ch4  | BL=[]
[TX  ->  *] bucket=30787 L5 active=wlan1 ch10  BL=[]
[RX  <- B] bucket=30787  peer_BL=[]  my_BL=[]
[03:22:46] HOP bucket=30788 L5 active=wlan0 ch4  | prep wlan1 ch11  | BL=[]
[TX  ->  *] bucket=30788 L5 active=wlan0 ch4  BL=[]
[RX  <- B] bucket=30788  peer_BL=[]  my_BL=[]
[03:22:48] HOP bucket=30789 L5 active=wlan1 ch11  | prep wlan0 ch4  | BL=[]
[RX  <- B] bucket=30789  peer_BL=[]  my_BL=[]
[TX  ->  *] bucket=30789 L5 active=wlan1 ch11  BL=[]
[03:22:50] HOP bucket=30790 L5 active=wlan0 ch4  | prep wlan1 ch3  | BL=[]
[TX  ->  *] bucket=30790 L5 active=wlan0 ch4  BL=[]
[RX  <- B] bucket=30790  peer_BL=[]  my_BL=[]
[03:22:52] HOP bucket=30791 L5 active=wlan1 ch3  | prep wlan0 ch8  | BL=[]
[RX  <- B] bucket=30791  peer_BL=[]  my_BL=[]
[TX  ->  *] bucket=30791 L5 active=wlan1 ch3  BL=[]
[03:22:54] HOP bucket=30792 L5 active=wlan0 ch8  | prep wlan1 ch5  | BL=[]
[RX  <- B] bucket=30792  peer_BL=[]  my_BL=[]
[TX  ->  *] bucket=30792 L5 active=wlan0 ch8  BL=[]
[03:22:56] HOP bucket=30793 L5 active=wlan1 ch5  | prep wlan0 ch11  | BL=[]
[TX  ->  *] bucket=30793 L5 active=wlan1 ch5  BL=[]
[RX  <- B] bucket=30793  peer_BL=[]  my_BL=[]
[03:22:58] HOP bucket=30794 L5 active=wlan0 ch11  | prep wlan1 ch4  | BL=[]
[TX  ->  *] bucket=30794 L5 active=wlan0 ch11  BL=[]
[RX  <- B] bucket=30794  peer_BL=[]  my_BL=[]
[03:23:00] HOP bucket=30795 L5 active=wlan1 ch4  | prep wlan0 ch10  | BL=[]
[RX  <- B] bucket=30795  peer_BL=[]  my_BL=[]
[TX  ->  *] bucket=30795 L5 active=wlan1 ch4  BL=[]
[03:23:02] HOP bucket=30796 L5 active=wlan0 ch10  | prep wlan1 ch3  | BL=[]
[TX  ->  *] bucket=30796 L5 active=wlan0 ch10  BL=[]
[RX  <- B] bucket=30796  peer_BL=[]  my_BL=[]
[03:23:04] HOP bucket=30797 L5 active=wlan1 ch3  | prep wlan0 ch4  | BL=[]
[TX  ->  *] bucket=30797 L5 active=wlan1 ch3  BL=[]
[RX  <- B] bucket=30797  peer_BL=[]  my_BL=[]
[03:23:06] HOP bucket=30798 L5 active=wlan0 ch4  | prep wlan1 ch4  | BL=[]
[RX  <- B] bucket=30798  peer_BL=[]  my_BL=[]
[TX  ->  *] bucket=30798 L5 active=wlan0 ch4  BL=[]
[03:23:08] HOP bucket=30799 L5 active=wlan1 ch4  | prep wlan0 ch10  | BL=[]
[RX  <- B] bucket=30799  peer_BL=[]  my_BL=[]
[TX  ->  *] bucket=30799 L5 active=wlan1 ch4  BL=[]
[03:23:10] HOP bucket=30800 L5 active=wlan0 ch10  | prep wlan1 ch5  | BL=[]
[RX  <- B] bucket=30800  peer_BL=[]  my_BL=[]
[TX  ->  *] bucket=30800 L5 active=wlan0 ch10  BL=[]
[03:23:12] HOP bucket=30801 L5 active=wlan1 ch5  | prep wlan0 ch6  | BL=[]
[RX  <- B] bucket=30801  peer_BL=[]  my_BL=[]
[TX  ->  *] bucket=30801 L5 active=wlan1 ch5  BL=[]
[03:23:14] HOP bucket=30802 L5 active=wlan0 ch6  | prep wlan1 ch4  | BL=[]
[TX  ->  *] bucket=30802 L5 active=wlan0 ch6  BL=[]
[RX  <- B] bucket=30802  peer_BL=[]  my_BL=[]
[03:23:16] HOP bucket=30803 L5 active=wlan1 ch4  | prep wlan0 ch5  | BL=[]
[TX  ->  *] bucket=30803 L5 active=wlan1 ch4  BL=[]
[RX  <- B] bucket=30803  peer_BL=[]  my_BL=[]
[03:23:18] HOP bucket=30804 L5 active=wlan0 ch5  | prep wlan1 ch6  | BL=[]
[TX  ->  *] bucket=30804 L5 active=wlan0 ch5  BL=[]
[RX  <- B] bucket=30804  peer_BL=[]  my_BL=[]
[03:23:20] HOP bucket=30805 L5 active=wlan1 ch6  | prep wlan0 ch4  | BL=[]
[TX  ->  *] bucket=30805 L5 active=wlan1 ch6  BL=[]
[RX  <- B] bucket=30805  peer_BL=[]  my_BL=[]
[03:23:22] HOP bucket=30806 L5 active=wlan0 ch4  | prep wlan1 ch10  | BL=[]
[TX  ->  *] bucket=30806 L5 active=wlan0 ch4  BL=[]
[RX  <- B] bucket=30806  peer_BL=[]  my_BL=[]
[03:23:24] HOP bucket=30807 L5 active=wlan1 ch10  | prep wlan0 ch10  | BL=[]
[TX  ->  *] bucket=30807 L5 active=wlan1 ch10  BL=[]
[RX  <- B] bucket=30807  peer_BL=[]  my_BL=[]
[03:23:26] HOP bucket=30808 L5 active=wlan0 ch10  | prep wlan1 ch9  | BL=[]
[TX  ->  *] bucket=30808 L5 active=wlan0 ch10  BL=[]
[RX  <- B] bucket=30808  peer_BL=[]  my_BL=[]
[03:23:28] HOP bucket=30809 L5 active=wlan1 ch9  | prep wlan0 ch3  | BL=[]
[TX  ->  *] bucket=30809 L5 active=wlan1 ch9  BL=[]
[RX  <- B] bucket=30809  peer_BL=[]  my_BL=[]
[03:23:30] HOP bucket=30810 L5 active=wlan0 ch3  | prep wlan1 ch3  | BL=[]
[RX  <- B] bucket=30810  peer_BL=[]  my_BL=[]
[TX  ->  *] bucket=30810 L5 active=wlan0 ch3  BL=[]
[03:23:32] HOP bucket=30811 L5 active=wlan1 ch3  | prep wlan0 ch11  | BL=[]
[TX  ->  *] bucket=30811 L5 active=wlan1 ch3  BL=[]
[RX  <- B] bucket=30811  peer_BL=[]  my_BL=[]
[03:23:34] HOP bucket=30812 L5 active=wlan0 ch11  | prep wlan1 ch8  | BL=[]
[TX  ->  *] bucket=30812 L5 active=wlan0 ch11  BL=[]
[RX  <- B] bucket=30812  peer_BL=[]  my_BL=[]
[03:23:36] HOP bucket=30813 L5 active=wlan1 ch8  | prep wlan0 ch7  | BL=[]
[TX  ->  *] bucket=30813 L5 active=wlan1 ch8  BL=[]
[RX  <- B] bucket=30813  peer_BL=[]  my_BL=[]
[03:23:38] HOP bucket=30814 L5 active=wlan0 ch7  | prep wlan1 ch9  | BL=[]
[RX  <- B] bucket=30814  peer_BL=[]  my_BL=[]
[TX  ->  *] bucket=30814 L5 active=wlan0 ch7  BL=[]
[03:23:40] HOP bucket=30815 L5 active=wlan1 ch9  | prep wlan0 ch9  | BL=[]
[RX  <- B] bucket=30815  peer_BL=[]  my_BL=[]
[TX  ->  *] bucket=30815 L5 active=wlan1 ch9  BL=[]
[03:23:42] HOP bucket=30816 L5 active=wlan0 ch9  | prep wlan1 ch10  | BL=[]
[RX  <- B] bucket=30816  peer_BL=[]  my_BL=[]
[TX  ->  *] bucket=30816 L5 active=wlan0 ch9  BL=[]
[03:23:44] HOP bucket=30817 L5 active=wlan1 ch10  | prep wlan0 ch4  | BL=[]
[RX  <- B] bucket=30817  peer_BL=[]  my_BL=[]
[TX  ->  *] bucket=30817 L5 active=wlan1 ch10  BL=[]
[03:23:46] HOP bucket=30818 L5 active=wlan0 ch4  | prep wlan1 ch4  | BL=[]
[TX  ->  *] bucket=30818 L5 active=wlan0 ch4  BL=[]
[RX  <- B] bucket=30818  peer_BL=[]  my_BL=[]
[03:23:48] HOP bucket=30819 L5 active=wlan1 ch4  | prep wlan0 ch3  | BL=[]
[TX  ->  *] bucket=30819 L5 active=wlan1 ch4  BL=[]
[RX  <- B] bucket=30819  peer_BL=[]  my_BL=[]
[03:23:50] HOP bucket=30820 L5 active=wlan0 ch3  | prep wlan1 ch5  | BL=[]
[RX  <- B] bucket=30820  peer_BL=[]  my_BL=[]
[TX  ->  *] bucket=30820 L5 active=wlan0 ch3  BL=[]
[03:23:52] HOP bucket=30821 L5 active=wlan1 ch5  | prep wlan0 ch6  | BL=[]
[RX  <- B] bucket=30821  peer_BL=[]  my_BL=[]
[TX  ->  *] bucket=30821 L5 active=wlan1 ch5  BL=[]
[03:23:54] HOP bucket=30822 L5 active=wlan0 ch6  | prep wlan1 ch8  | BL=[]
[TX  ->  *] bucket=30822 L5 active=wlan0 ch6  BL=[]
[RX  <- B] bucket=30822  peer_BL=[]  my_BL=[]
[03:23:56] HOP bucket=30823 L5 active=wlan1 ch8  | prep wlan0 ch8  | BL=[]
[TX  ->  *] bucket=30823 L5 active=wlan1 ch8  BL=[]
[RX  <- B] bucket=30823  peer_BL=[]  my_BL=[]
[03:23:58] HOP bucket=30824 L5 active=wlan0 ch8  | prep wlan1 ch11  | BL=[]
[TX  ->  *] bucket=30824 L5 active=wlan0 ch8  BL=[]
[RX  <- B] bucket=30824  peer_BL=[]  my_BL=[]
[03:24:00] HOP bucket=30825 L5 active=wlan1 ch11  | prep wlan0 ch9  | BL=[]
[TX  ->  *] bucket=30825 L5 active=wlan1 ch11  BL=[]
[RX  <- B] bucket=30825  peer_BL=[]  my_BL=[]
[03:24:02] HOP bucket=30826 L5 active=wlan0 ch9  | prep wlan1 ch7  | BL=[]
[RX  <- B] bucket=30826  peer_BL=[]  my_BL=[]
[TX  ->  *] bucket=30826 L5 active=wlan0 ch9  BL=[]
[03:24:04] HOP bucket=30827 L5 active=wlan1 ch7  | prep wlan0 ch10  | BL=[]
[TX  ->  *] bucket=30827 L5 active=wlan1 ch7  BL=[]
[RX  <- B] bucket=30827  peer_BL=[]  my_BL=[]
[03:24:06] HOP bucket=30828 L5 active=wlan0 ch10  | prep wlan1 ch10  | BL=[]
[RX  <- B] bucket=30828  peer_BL=[]  my_BL=[]
[TX  ->  *] bucket=30828 L5 active=wlan0 ch10  BL=[]
[03:24:08] HOP bucket=30829 L5 active=wlan1 ch10  | prep wlan0 ch7  | BL=[]
[RX  <- B] bucket=30829  peer_BL=[]  my_BL=[]
[TX  ->  *] bucket=30829 L5 active=wlan1 ch10  BL=[]
[03:24:10] HOP bucket=30830 L5 active=wlan0 ch7  | prep wlan1 ch5  | BL=[]
[TX  ->  *] bucket=30830 L5 active=wlan0 ch7  BL=[]
[RX  <- B] bucket=30830  peer_BL=[]  my_BL=[]
[03:24:12] HOP bucket=30831 L5 active=wlan1 ch5  | prep wlan0 ch11  | BL=[]
[RX  <- B] bucket=30831  peer_BL=[]  my_BL=[]
[TX  ->  *] bucket=30831 L5 active=wlan1 ch5  BL=[]
[03:24:14] HOP bucket=30832 L5 active=wlan0 ch11  | prep wlan1 ch7  | BL=[]
[TX  ->  *] bucket=30832 L5 active=wlan0 ch11  BL=[]
[RX  <- B] bucket=30832  peer_BL=[]  my_BL=[]
[03:24:16] HOP bucket=30833 L5 active=wlan1 ch7  | prep wlan0 ch11  | BL=[]
[TX  ->  *] bucket=30833 L5 active=wlan1 ch7  BL=[]
[RX  <- B] bucket=30833  peer_BL=[]  my_BL=[]
[03:24:18] HOP bucket=30834 L5 active=wlan0 ch11  | prep wlan1 ch6  | BL=[]
[RX  <- B] bucket=30834  peer_BL=[]  my_BL=[]
[TX  ->  *] bucket=30834 L5 active=wlan0 ch11  BL=[]
[03:24:20] HOP bucket=30835 L5 active=wlan1 ch6  | prep wlan0 ch10  | BL=[]
[RX  <- B] bucket=30835  peer_BL=[]  my_BL=[]
[TX  ->  *] bucket=30835 L5 active=wlan1 ch6  BL=[]
[03:24:22] HOP bucket=30836 L5 active=wlan0 ch10  | prep wlan1 ch10  | BL=[]
[RX  <- B] bucket=30836  peer_BL=[]  my_BL=[]
[TX  ->  *] bucket=30836 L5 active=wlan0 ch10  BL=[]
[03:24:24] HOP bucket=30837 L5 active=wlan1 ch10  | prep wlan0 ch8  | BL=[]
[RX  <- B] bucket=30837  peer_BL=[]  my_BL=[]
[TX  ->  *] bucket=30837 L5 active=wlan1 ch10  BL=[]
[03:24:26] HOP bucket=30838 L5 active=wlan0 ch8  | prep wlan1 ch7  | BL=[]
[TX  ->  *] bucket=30838 L5 active=wlan0 ch8  BL=[]
[RX  <- B] bucket=30838  peer_BL=[]  my_BL=[]
[03:24:28] HOP bucket=30839 L5 active=wlan1 ch7  | prep wlan0 ch3  | BL=[]
[RX  <- B] bucket=30839  peer_BL=[]  my_BL=[]
[TX  ->  *] bucket=30839 L5 active=wlan1 ch7  BL=[]
[03:24:30] HOP bucket=30840 L5 active=wlan0 ch3  | prep wlan1 ch5  | BL=[]
[TX  ->  *] bucket=30840 L5 active=wlan0 ch3  BL=[]
[RX  <- B] bucket=30840  peer_BL=[]  my_BL=[]
[03:24:32] HOP bucket=30841 L5 active=wlan1 ch5  | prep wlan0 ch3  | BL=[]
[RX  <- B] bucket=30841  peer_BL=[]  my_BL=[]
[TX  ->  *] bucket=30841 L5 active=wlan1 ch5  BL=[]
[03:24:34] HOP bucket=30842 L5 active=wlan0 ch3  | prep wlan1 ch10  | BL=[]
[TX  ->  *] bucket=30842 L5 active=wlan0 ch3  BL=[]
[RX  <- B] bucket=30842  peer_BL=[]  my_BL=[]
[03:24:36] HOP bucket=30843 L5 active=wlan1 ch10  | prep wlan0 ch11  | BL=[]
[TX  ->  *] bucket=30843 L5 active=wlan1 ch10  BL=[]
[RX  <- B] bucket=30843  peer_BL=[]  my_BL=[]
[03:24:38] HOP bucket=30844 L5 active=wlan0 ch11  | prep wlan1 ch8  | BL=[]
[TX  ->  *] bucket=30844 L5 active=wlan0 ch11  BL=[]
[RX  <- B] bucket=30844  peer_BL=[]  my_BL=[]
[03:24:40] HOP bucket=30845 L5 active=wlan1 ch8  | prep wlan0 ch4  | BL=[]
[TX  ->  *] bucket=30845 L5 active=wlan1 ch8  BL=[]
[RX  <- B] bucket=30845  peer_BL=[]  my_BL=[]
[03:24:42] HOP bucket=30846 L5 active=wlan0 ch4  | prep wlan1 ch9  | BL=[]
[RX  <- B] bucket=30846  peer_BL=[]  my_BL=[]
[TX  ->  *] bucket=30846 L5 active=wlan0 ch4  BL=[]
[03:24:44] HOP bucket=30847 L5 active=wlan1 ch9  | prep wlan0 ch8  | BL=[]
[TX  ->  *] bucket=30847 L5 active=wlan1 ch9  BL=[]
[RX  <- B] bucket=30847  peer_BL=[]  my_BL=[]
[03:24:46] HOP bucket=30848 L5 active=wlan0 ch8  | prep wlan1 ch10  | BL=[]
[TX  ->  *] bucket=30848 L5 active=wlan0 ch8  BL=[]
[RX  <- B] bucket=30848  peer_BL=[]  my_BL=[]
[03:24:48] HOP bucket=30849 L5 active=wlan1 ch10  | prep wlan0 ch11  | BL=[]
[TX  ->  *] bucket=30849 L5 active=wlan1 ch10  BL=[]
[RX  <- B] bucket=30849  peer_BL=[]  my_BL=[]
[03:24:50] HOP bucket=30850 L5 active=wlan0 ch11  | prep wlan1 ch9  | BL=[]
[RX  <- B] bucket=30850  peer_BL=[]  my_BL=[]
[TX  ->  *] bucket=30850 L5 active=wlan0 ch11  BL=[]
[03:24:52] HOP bucket=30851 L5 active=wlan1 ch9  | prep wlan0 ch11  | BL=[]
[RX  <- B] bucket=30851  peer_BL=[]  my_BL=[]
[TX  ->  *] bucket=30851 L5 active=wlan1 ch9  BL=[]
[03:24:54] HOP bucket=30852 L5 active=wlan0 ch11  | prep wlan1 ch7  | BL=[]
[TX  ->  *] bucket=30852 L5 active=wlan0 ch11  BL=[]
[RX  <- B] bucket=30852  peer_BL=[]  my_BL=[]
[03:24:56] HOP bucket=30853 L5 active=wlan1 ch7  | prep wlan0 ch11  | BL=[]
[RX  <- B] bucket=30853  peer_BL=[]  my_BL=[]
[TX  ->  *] bucket=30853 L5 active=wlan1 ch7  BL=[]
[03:24:58] HOP bucket=30854 L5 active=wlan0 ch11  | prep wlan1 ch5  | BL=[]
[TX  ->  *] bucket=30854 L5 active=wlan0 ch11  BL=[]
[RX  <- B] bucket=30854  peer_BL=[]  my_BL=[]
[03:25:00] HOP bucket=30855 L5 active=wlan1 ch5  | prep wlan0 ch10  | BL=[]
[RX  <- B] bucket=30855  peer_BL=[]  my_BL=[]
[TX  ->  *] bucket=30855 L5 active=wlan1 ch5  BL=[]
[03:25:02] HOP bucket=30856 L5 active=wlan0 ch10  | prep wlan1 ch7  | BL=[]
[RX  <- B] bucket=30856  peer_BL=[]  my_BL=[]
[TX  ->  *] bucket=30856 L5 active=wlan0 ch10  BL=[]
[03:25:04] HOP bucket=30857 L5 active=wlan1 ch7  | prep wlan0 ch4  | BL=[]
[TX  ->  *] bucket=30857 L5 active=wlan1 ch7  BL=[]
[RX  <- B] bucket=30857  peer_BL=[]  my_BL=[]
[03:25:06] HOP bucket=30858 L5 active=wlan0 ch4  | prep wlan1 ch5  | BL=[]
[TX  ->  *] bucket=30858 L5 active=wlan0 ch4  BL=[]
[RX  <- B] bucket=30858  peer_BL=[]  my_BL=[]
[03:25:08] HOP bucket=30859 L5 active=wlan1 ch5  | prep wlan0 ch3  | BL=[]
[RX  <- B] bucket=30859  peer_BL=[]  my_BL=[]
[TX  ->  *] bucket=30859 L5 active=wlan1 ch5  BL=[]
[03:25:10] HOP bucket=30860 L5 active=wlan0 ch3  | prep wlan1 ch7  | BL=[]
[TX  ->  *] bucket=30860 L5 active=wlan0 ch3  BL=[]
[RX  <- B] bucket=30860  peer_BL=[]  my_BL=[]
[03:25:12] HOP bucket=30861 L5 active=wlan1 ch7  | prep wlan0 ch5  | BL=[]
[TX  ->  *] bucket=30861 L5 active=wlan1 ch7  BL=[]
[RX  <- B] bucket=30861  peer_BL=[]  my_BL=[]
[03:25:14] HOP bucket=30862 L5 active=wlan0 ch5  | prep wlan1 ch10  | BL=[]
[TX  ->  *] bucket=30862 L5 active=wlan0 ch5  BL=[]
[RX  <- B] bucket=30862  peer_BL=[]  my_BL=[]
[03:25:16] HOP bucket=30863 L5 active=wlan1 ch10  | prep wlan0 ch8  | BL=[]
[TX  ->  *] bucket=30863 L5 active=wlan1 ch10  BL=[]
[RX  <- B] bucket=30863  peer_BL=[]  my_BL=[]
[03:25:18] HOP bucket=30864 L5 active=wlan0 ch8  | prep wlan1 ch3  | BL=[]
[TX  ->  *] bucket=30864 L5 active=wlan0 ch8  BL=[]
[RX  <- B] bucket=30864  peer_BL=[]  my_BL=[]
[03:25:20] HOP bucket=30865 L5 active=wlan1 ch3  | prep wlan0 ch10  | BL=[]
[RX  <- B] bucket=30865  peer_BL=[]  my_BL=[]
[TX  ->  *] bucket=30865 L5 active=wlan1 ch3  BL=[]
[03:25:22] HOP bucket=30866 L5 active=wlan0 ch10  | prep wlan1 ch8  | BL=[]
[RX  <- B] bucket=30866  peer_BL=[]  my_BL=[]
[TX  ->  *] bucket=30866 L5 active=wlan0 ch10  BL=[]
[03:25:24] HOP bucket=30867 L5 active=wlan1 ch8  | prep wlan0 ch5  | BL=[]
[RX  <- B] bucket=30867  peer_BL=[]  my_BL=[]
[TX  ->  *] bucket=30867 L5 active=wlan1 ch8  BL=[]
[03:25:26] HOP bucket=30868 L5 active=wlan0 ch5  | prep wlan1 ch10  | BL=[]
[RX  <- B] bucket=30868  peer_BL=[]  my_BL=[]
[TX  ->  *] bucket=30868 L5 active=wlan0 ch5  BL=[]
[03:25:28] HOP bucket=30869 L5 active=wlan1 ch10  | prep wlan0 ch11  | BL=[]
[RX  <- B] bucket=30869  peer_BL=[]  my_BL=[]
[TX  ->  *] bucket=30869 L5 active=wlan1 ch10  BL=[]
[03:25:30] HOP bucket=30870 L5 active=wlan0 ch11  | prep wlan1 ch5  | BL=[]
[RX  <- B] bucket=30870  peer_BL=[]  my_BL=[]
[TX  ->  *] bucket=30870 L5 active=wlan0 ch11  BL=[]
[03:25:32] HOP bucket=30871 L5 active=wlan1 ch5  | prep wlan0 ch3  | BL=[]
[RX  <- B] bucket=30871  peer_BL=[]  my_BL=[]
[TX  ->  *] bucket=30871 L5 active=wlan1 ch5  BL=[]
[03:25:34] HOP bucket=30872 L5 active=wlan0 ch3  | prep wlan1 ch5  | BL=[]
[RX  <- B] bucket=30872  peer_BL=[]  my_BL=[]
[TX  ->  *] bucket=30872 L5 active=wlan0 ch3  BL=[]
[03:25:36] HOP bucket=30873 L5 active=wlan1 ch5  | prep wlan0 ch9  | BL=[]
[RX  <- B] bucket=30873  peer_BL=[]  my_BL=[]
[TX  ->  *] bucket=30873 L5 active=wlan1 ch5  BL=[]
[03:25:38] HOP bucket=30874 L5 active=wlan0 ch9  | prep wlan1 ch6  | BL=[]
[TX  ->  *] bucket=30874 L5 active=wlan0 ch9  BL=[]
[RX  <- B] bucket=30874  peer_BL=[]  my_BL=[]
[03:25:40] HOP bucket=30875 L5 active=wlan1 ch6  | prep wlan0 ch9  | BL=[]
[TX  ->  *] bucket=30875 L5 active=wlan1 ch6  BL=[]
[RX  <- B] bucket=30875  peer_BL=[]  my_BL=[]
[03:25:42] HOP bucket=30876 L5 active=wlan0 ch9  | prep wlan1 ch4  | BL=[]
[RX  <- B] bucket=30876  peer_BL=[]  my_BL=[]
[TX  ->  *] bucket=30876 L5 active=wlan0 ch9  BL=[]
[03:25:44] HOP bucket=30877 L5 active=wlan1 ch4  | prep wlan0 ch10  | BL=[]
[TX  ->  *] bucket=30877 L5 active=wlan1 ch4  BL=[]
[RX  <- B] bucket=30877  peer_BL=[]  my_BL=[]
[03:25:46] HOP bucket=30878 L5 active=wlan0 ch10  | prep wlan1 ch4  | BL=[]
[TX  ->  *] bucket=30878 L5 active=wlan0 ch10  BL=[]
[RX  <- B] bucket=30878  peer_BL=[]  my_BL=[]
[03:25:48] HOP bucket=30879 L5 active=wlan1 ch4  | prep wlan0 ch4  | BL=[]
[RX  <- B] bucket=30879  peer_BL=[]  my_BL=[]
[TX  ->  *] bucket=30879 L5 active=wlan1 ch4  BL=[]
[03:25:50] HOP bucket=30880 L5 active=wlan0 ch4  | prep wlan1 ch5  | BL=[]
[TX  ->  *] bucket=30880 L5 active=wlan0 ch4  BL=[]
[RX  <- B] bucket=30880  peer_BL=[]  my_BL=[]
[03:25:52] HOP bucket=30881 L5 active=wlan1 ch5  | prep wlan0 ch3  | BL=[]
[RX  <- B] bucket=30881  peer_BL=[]  my_BL=[]
[TX  ->  *] bucket=30881 L5 active=wlan1 ch5  BL=[]
[03:25:54] HOP bucket=30882 L5 active=wlan0 ch3  | prep wlan1 ch3  | BL=[]
[RX  <- B] bucket=30882  peer_BL=[]  my_BL=[]
[TX  ->  *] bucket=30882 L5 active=wlan0 ch3  BL=[]
[03:25:56] HOP bucket=30883 L5 active=wlan1 ch3  | prep wlan0 ch4  | BL=[]
[TX  ->  *] bucket=30883 L5 active=wlan1 ch3  BL=[]
[RX  <- B] bucket=30883  peer_BL=[]  my_BL=[]
[03:25:58] HOP bucket=30884 L5 active=wlan0 ch4  | prep wlan1 ch6  | BL=[]
[TX  ->  *] bucket=30884 L5 active=wlan0 ch4  BL=[]
[RX  <- B] bucket=30884  peer_BL=[]  my_BL=[]
[03:26:00] HOP bucket=30885 L5 active=wlan1 ch6  | prep wlan0 ch4  | BL=[]
[RX  <- B] bucket=30885  peer_BL=[]  my_BL=[]
[TX  ->  *] bucket=30885 L5 active=wlan1 ch6  BL=[]
[03:26:02] HOP bucket=30886 L5 active=wlan0 ch4  | prep wlan1 ch11  | BL=[]
[TX  ->  *] bucket=30886 L5 active=wlan0 ch4  BL=[]
[RX  <- B] bucket=30886  peer_BL=[]  my_BL=[]
[03:26:04] HOP bucket=30887 L5 active=wlan1 ch11  | prep wlan0 ch5  | BL=[]
[RX  <- B] bucket=30887  peer_BL=[]  my_BL=[]
[TX  ->  *] bucket=30887 L5 active=wlan1 ch11  BL=[]
[03:26:06] HOP bucket=30888 L5 active=wlan0 ch5  | prep wlan1 ch3  | BL=[]
[TX  ->  *] bucket=30888 L5 active=wlan0 ch5  BL=[]
[RX  <- B] bucket=30888  peer_BL=[]  my_BL=[]
[03:26:08] HOP bucket=30889 L5 active=wlan1 ch3  | prep wlan0 ch10  | BL=[]
[RX  <- B] bucket=30889  peer_BL=[]  my_BL=[]
[TX  ->  *] bucket=30889 L5 active=wlan1 ch3  BL=[]
[03:26:10] HOP bucket=30890 L5 active=wlan0 ch10  | prep wlan1 ch6  | BL=[]
[TX  ->  *] bucket=30890 L5 active=wlan0 ch10  BL=[]
[RX  <- B] bucket=30890  peer_BL=[]  my_BL=[]
[03:26:12] HOP bucket=30891 L5 active=wlan1 ch6  | prep wlan0 ch3  | BL=[]
[TX  ->  *] bucket=30891 L5 active=wlan1 ch6  BL=[]
[RX  <- B] bucket=30891  peer_BL=[]  my_BL=[]
[03:26:14] HOP bucket=30892 L5 active=wlan0 ch3  | prep wlan1 ch3  | BL=[]
[RX  <- B] bucket=30892  peer_BL=[]  my_BL=[]
[TX  ->  *] bucket=30892 L5 active=wlan0 ch3  BL=[]
[03:26:16] HOP bucket=30893 L5 active=wlan1 ch3  | prep wlan0 ch9  | BL=[]
[RX  <- B] bucket=30893  peer_BL=[]  my_BL=[]
[TX  ->  *] bucket=30893 L5 active=wlan1 ch3  BL=[]
[03:26:18] HOP bucket=30894 L5 active=wlan0 ch9  | prep wlan1 ch7  | BL=[]
[RX  <- B] bucket=30894  peer_BL=[]  my_BL=[]
[TX  ->  *] bucket=30894 L5 active=wlan0 ch9  BL=[]
[03:26:20] HOP bucket=30895 L5 active=wlan1 ch7  | prep wlan0 ch4  | BL=[]
[TX  ->  *] bucket=30895 L5 active=wlan1 ch7  BL=[]
[RX  <- B] bucket=30895  peer_BL=[]  my_BL=[]
[03:26:22] HOP bucket=30896 L5 active=wlan0 ch4  | prep wlan1 ch9  | BL=[]
[TX  ->  *] bucket=30896 L5 active=wlan0 ch4  BL=[]
[RX  <- B] bucket=30896  peer_BL=[]  my_BL=[]
[03:26:24] HOP bucket=30897 L5 active=wlan1 ch9  | prep wlan0 ch5  | BL=[]
[TX  ->  *] bucket=30897 L5 active=wlan1 ch9  BL=[]
[RX  <- B] bucket=30897  peer_BL=[]  my_BL=[]
[03:26:26] HOP bucket=30898 L5 active=wlan0 ch5  | prep wlan1 ch11  | BL=[]
[RX  <- B] bucket=30898  peer_BL=[]  my_BL=[]
[TX  ->  *] bucket=30898 L5 active=wlan0 ch5  BL=[]
[03:26:28] HOP bucket=30899 L5 active=wlan1 ch11  | prep wlan0 ch9  | BL=[]
[RX  <- B] bucket=30899  peer_BL=[]  my_BL=[]
[TX  ->  *] bucket=30899 L5 active=wlan1 ch11  BL=[]
[03:26:30] HOP bucket=30900 L5 active=wlan0 ch9  | prep wlan1 ch7  | BL=[]
[RX  <- B] bucket=30900  peer_BL=[]  my_BL=[]
[TX  ->  *] bucket=30900 L5 active=wlan0 ch9  BL=[]
[03:26:32] HOP bucket=30901 L5 active=wlan1 ch7  | prep wlan0 ch7  | BL=[]
[RX  <- B] bucket=30901  peer_BL=[]  my_BL=[]
[TX  ->  *] bucket=30901 L5 active=wlan1 ch7  BL=[]
[03:26:34] HOP bucket=30902 L5 active=wlan0 ch7  | prep wlan1 ch9  | BL=[]
[RX  <- B] bucket=30902  peer_BL=[]  my_BL=[]
[TX  ->  *] bucket=30902 L5 active=wlan0 ch7  BL=[]
[03:26:36] HOP bucket=30903 L5 active=wlan1 ch9  | prep wlan0 ch3  | BL=[]
[RX  <- B] bucket=30903  peer_BL=[]  my_BL=[]
[TX  ->  *] bucket=30903 L5 active=wlan1 ch9  BL=[]
[03:26:38] HOP bucket=30904 L5 active=wlan0 ch3  | prep wlan1 ch6  | BL=[]
[TX  ->  *] bucket=30904 L5 active=wlan0 ch3  BL=[]
[RX  <- B] bucket=30904  peer_BL=[]  my_BL=[]
[03:26:40] HOP bucket=30905 L5 active=wlan1 ch6  | prep wlan0 ch9  | BL=[]
[TX  ->  *] bucket=30905 L5 active=wlan1 ch6  BL=[]
[RX  <- B] bucket=30905  peer_BL=[]  my_BL=[]
[03:26:42] HOP bucket=30906 L5 active=wlan0 ch9  | prep wlan1 ch3  | BL=[]
[RX  <- B] bucket=30906  peer_BL=[]  my_BL=[]
[TX  ->  *] bucket=30906 L5 active=wlan0 ch9  BL=[]
[03:26:44] HOP bucket=30907 L5 active=wlan1 ch3  | prep wlan0 ch11  | BL=[]
[TX  ->  *] bucket=30907 L5 active=wlan1 ch3  BL=[]
[RX  <- B] bucket=30907  peer_BL=[]  my_BL=[]
[03:26:46] HOP bucket=30908 L5 active=wlan0 ch11  | prep wlan1 ch8  | BL=[]
[RX  <- B] bucket=30908  peer_BL=[]  my_BL=[]
[TX  ->  *] bucket=30908 L5 active=wlan0 ch11  BL=[]
[03:26:48] HOP bucket=30909 L5 active=wlan1 ch8  | prep wlan0 ch7  | BL=[]
[RX  <- B] bucket=30909  peer_BL=[]  my_BL=[]
[TX  ->  *] bucket=30909 L5 active=wlan1 ch8  BL=[]
[03:26:50] HOP bucket=30910 L5 active=wlan0 ch7  | prep wlan1 ch7  | BL=[]
[RX  <- B] bucket=30910  peer_BL=[]  my_BL=[]
[TX  ->  *] bucket=30910 L5 active=wlan0 ch7  BL=[]
[03:26:52] HOP bucket=30911 L5 active=wlan1 ch7  | prep wlan0 ch9  | BL=[]
[RX  <- B] bucket=30911  peer_BL=[]  my_BL=[]
[TX  ->  *] bucket=30911 L5 active=wlan1 ch7  BL=[]
[03:26:54] HOP bucket=30912 L5 active=wlan0 ch9  | prep wlan1 ch6  | BL=[]
[TX  ->  *] bucket=30912 L5 active=wlan0 ch9  BL=[]
[RX  <- B] bucket=30912  peer_BL=[]  my_BL=[]
[03:26:56] HOP bucket=30913 L5 active=wlan1 ch6  | prep wlan0 ch6  | BL=[]
[TX  ->  *] bucket=30913 L5 active=wlan1 ch6  BL=[]
[RX  <- B] bucket=30913  peer_BL=[]  my_BL=[]
[03:26:58] HOP bucket=30914 L5 active=wlan0 ch6  | prep wlan1 ch10  | BL=[]
[RX  <- B] bucket=30914  peer_BL=[]  my_BL=[]
[TX  ->  *] bucket=30914 L5 active=wlan0 ch6  BL=[]
[03:27:00] HOP bucket=30915 L5 active=wlan1 ch10  | prep wlan0 ch9  | BL=[]
[RX  <- B] bucket=30915  peer_BL=[]  my_BL=[]
[TX  ->  *] bucket=30915 L5 active=wlan1 ch10  BL=[]
[03:27:02] HOP bucket=30916 L5 active=wlan0 ch9  | prep wlan1 ch10  | BL=[]
[RX  <- B] bucket=30916  peer_BL=[]  my_BL=[]
[TX  ->  *] bucket=30916 L5 active=wlan0 ch9  BL=[]
[03:27:04] HOP bucket=30917 L5 active=wlan1 ch10  | prep wlan0 ch10  | BL=[]
[RX  <- B] bucket=30917  peer_BL=[]  my_BL=[]
[TX  ->  *] bucket=30917 L5 active=wlan1 ch10  BL=[]
[03:27:06] HOP bucket=30918 L5 active=wlan0 ch10  | prep wlan1 ch10  | BL=[]
[RX  <- B] bucket=30918  peer_BL=[]  my_BL=[]
[TX  ->  *] bucket=30918 L5 active=wlan0 ch10  BL=[]
[03:27:08] HOP bucket=30919 L5 active=wlan1 ch10  | prep wlan0 ch4  | BL=[]
[TX  ->  *] bucket=30919 L5 active=wlan1 ch10  BL=[]
[RX  <- B] bucket=30919  peer_BL=[]  my_BL=[]
[03:27:10] HOP bucket=30920 L5 active=wlan0 ch4  | prep wlan1 ch3  | BL=[]
[RX  <- B] bucket=30920  peer_BL=[]  my_BL=[]
[TX  ->  *] bucket=30920 L5 active=wlan0 ch4  BL=[]
[03:27:12] HOP bucket=30921 L5 active=wlan1 ch3  | prep wlan0 ch6  | BL=[]
[RX  <- B] bucket=30921  peer_BL=[]  my_BL=[]
[TX  ->  *] bucket=30921 L5 active=wlan1 ch3  BL=[]
[03:27:14] HOP bucket=30922 L5 active=wlan0 ch6  | prep wlan1 ch7  | BL=[]
[TX  ->  *] bucket=30922 L5 active=wlan0 ch6  BL=[]
[RX  <- B] bucket=30922  peer_BL=[]  my_BL=[]
[03:27:16] HOP bucket=30923 L5 active=wlan1 ch7  | prep wlan0 ch4  | BL=[]
[TX  ->  *] bucket=30923 L5 active=wlan1 ch7  BL=[]
[RX  <- B] bucket=30923  peer_BL=[]  my_BL=[]
[03:27:18] HOP bucket=30924 L5 active=wlan0 ch4  | prep wlan1 ch11  | BL=[]
[RX  <- B] bucket=30924  peer_BL=[]  my_BL=[]
[TX  ->  *] bucket=30924 L5 active=wlan0 ch4  BL=[]
[03:27:20] HOP bucket=30925 L5 active=wlan1 ch11  | prep wlan0 ch5  | BL=[]
[RX  <- B] bucket=30925  peer_BL=[]  my_BL=[]
[TX  ->  *] bucket=30925 L5 active=wlan1 ch11  BL=[]
[03:27:22] HOP bucket=30926 L5 active=wlan0 ch5  | prep wlan1 ch5  | BL=[]
[RX  <- B] bucket=30926  peer_BL=[]  my_BL=[]
[TX  ->  *] bucket=30926 L5 active=wlan0 ch5  BL=[]
[03:27:24] HOP bucket=30927 L5 active=wlan1 ch5  | prep wlan0 ch7  | BL=[]
[RX  <- B] bucket=30927  peer_BL=[]  my_BL=[]
[TX  ->  *] bucket=30927 L5 active=wlan1 ch5  BL=[]
[03:27:26] HOP bucket=30928 L5 active=wlan0 ch7  | prep wlan1 ch9  | BL=[]
[RX  <- B] bucket=30928  peer_BL=[]  my_BL=[]
[TX  ->  *] bucket=30928 L5 active=wlan0 ch7  BL=[]
[03:27:28] HOP bucket=30929 L5 active=wlan1 ch9  | prep wlan0 ch9  | BL=[]
[RX  <- B] bucket=30929  peer_BL=[]  my_BL=[]
[TX  ->  *] bucket=30929 L5 active=wlan1 ch9  BL=[]
[03:27:30] HOP bucket=30930 L5 active=wlan0 ch9  | prep wlan1 ch5  | BL=[]
[TX  ->  *] bucket=30930 L5 active=wlan0 ch9  BL=[]
[RX  <- B] bucket=30930  peer_BL=[]  my_BL=[]
[03:27:32] HOP bucket=30931 L5 active=wlan1 ch5  | prep wlan0 ch5  | BL=[]
[TX  ->  *] bucket=30931 L5 active=wlan1 ch5  BL=[]
[RX  <- B] bucket=30931  peer_BL=[]  my_BL=[]
[03:27:34] HOP bucket=30932 L5 active=wlan0 ch5  | prep wlan1 ch5  | BL=[]
[RX  <- B] bucket=30932  peer_BL=[]  my_BL=[]
[TX  ->  *] bucket=30932 L5 active=wlan0 ch5  BL=[]
[03:27:36] HOP bucket=30933 L5 active=wlan1 ch5  | prep wlan0 ch11  | BL=[]
[TX  ->  *] bucket=30933 L5 active=wlan1 ch5  BL=[]
[RX  <- B] bucket=30933  peer_BL=[]  my_BL=[]
[03:27:38] HOP bucket=30934 L5 active=wlan0 ch11  | prep wlan1 ch7  | BL=[]
[TX  ->  *] bucket=30934 L5 active=wlan0 ch11  BL=[]
[RX  <- B] bucket=30934  peer_BL=[]  my_BL=[]
[03:27:40] HOP bucket=30935 L5 active=wlan1 ch7  | prep wlan0 ch3  | BL=[]
[RX  <- B] bucket=30935  peer_BL=[]  my_BL=[]
[TX  ->  *] bucket=30935 L5 active=wlan1 ch7  BL=[]
[03:27:42] HOP bucket=30936 L5 active=wlan0 ch3  | prep wlan1 ch8  | BL=[]
[RX  <- B] bucket=30936  peer_BL=[]  my_BL=[]
[TX  ->  *] bucket=30936 L5 active=wlan0 ch3  BL=[]
[03:27:44] HOP bucket=30937 L5 active=wlan1 ch8  | prep wlan0 ch9  | BL=[]
[TX  ->  *] bucket=30937 L5 active=wlan1 ch8  BL=[]
[RX  <- B] bucket=30937  peer_BL=[]  my_BL=[]
[03:27:46] HOP bucket=30938 L5 active=wlan0 ch9  | prep wlan1 ch10  | BL=[]
[TX  ->  *] bucket=30938 L5 active=wlan0 ch9  BL=[]
[RX  <- B] bucket=30938  peer_BL=[]  my_BL=[]
[03:27:48] HOP bucket=30939 L5 active=wlan1 ch10  | prep wlan0 ch5  | BL=[]
[TX  ->  *] bucket=30939 L5 active=wlan1 ch10  BL=[]
[RX  <- B] bucket=30939  peer_BL=[]  my_BL=[]
[03:27:50] HOP bucket=30940 L5 active=wlan0 ch5  | prep wlan1 ch11  | BL=[]
[RX  <- B] bucket=30940  peer_BL=[]  my_BL=[]
[TX  ->  *] bucket=30940 L5 active=wlan0 ch5  BL=[]
[03:27:52] HOP bucket=30941 L5 active=wlan1 ch11  | prep wlan0 ch3  | BL=[]
[TX  ->  *] bucket=30941 L5 active=wlan1 ch11  BL=[]
[RX  <- B] bucket=30941  peer_BL=[]  my_BL=[]
[03:27:54] HOP bucket=30942 L5 active=wlan0 ch3  | prep wlan1 ch9  | BL=[]
[TX  ->  *] bucket=30942 L5 active=wlan0 ch3  BL=[]
[RX  <- B] bucket=30942  peer_BL=[]  my_BL=[]
[03:27:56] HOP bucket=30943 L5 active=wlan1 ch9  | prep wlan0 ch3  | BL=[]
[TX  ->  *] bucket=30943 L5 active=wlan1 ch9  BL=[]
[RX  <- B] bucket=30943  peer_BL=[]  my_BL=[]
[03:27:58] HOP bucket=30944 L5 active=wlan0 ch3  | prep wlan1 ch8  | BL=[]
[TX  ->  *] bucket=30944 L5 active=wlan0 ch3  BL=[]
[RX  <- B] bucket=30944  peer_BL=[]  my_BL=[]
[03:28:00] HOP bucket=30945 L5 active=wlan1 ch8  | prep wlan0 ch9  | BL=[]
[TX  ->  *] bucket=30945 L5 active=wlan1 ch8  BL=[]
[RX  <- B] bucket=30945  peer_BL=[]  my_BL=[]
[03:28:02] HOP bucket=30946 L5 active=wlan0 ch9  | prep wlan1 ch5  | BL=[]
[RX  <- B] bucket=30946  peer_BL=[]  my_BL=[]
[TX  ->  *] bucket=30946 L5 active=wlan0 ch9  BL=[]
[03:28:04] HOP bucket=30947 L5 active=wlan1 ch5  | prep wlan0 ch5  | BL=[]
[RX  <- B] bucket=30947  peer_BL=[]  my_BL=[]
[TX  ->  *] bucket=30947 L5 active=wlan1 ch5  BL=[]
[03:28:06] HOP bucket=30948 L5 active=wlan0 ch5  | prep wlan1 ch3  | BL=[]
[RX  <- B] bucket=30948  peer_BL=[]  my_BL=[]
[TX  ->  *] bucket=30948 L5 active=wlan0 ch5  BL=[]
[03:28:08] HOP bucket=30949 L5 active=wlan1 ch3  | prep wlan0 ch4  | BL=[]
[TX  ->  *] bucket=30949 L5 active=wlan1 ch3  BL=[]
[RX  <- B] bucket=30949  peer_BL=[]  my_BL=[]
[03:28:10] HOP bucket=30950 L5 active=wlan0 ch4  | prep wlan1 ch6  | BL=[]
[RX  <- B] bucket=30950  peer_BL=[]  my_BL=[]
[TX  ->  *] bucket=30950 L5 active=wlan0 ch4  BL=[]
[03:28:12] HOP bucket=30951 L5 active=wlan1 ch6  | prep wlan0 ch7  | BL=[]
[TX  ->  *] bucket=30951 L5 active=wlan1 ch6  BL=[]
[RX  <- B] bucket=30951  peer_BL=[]  my_BL=[]
[03:28:14] HOP bucket=30952 L5 active=wlan0 ch7  | prep wlan1 ch9  | BL=[]
[TX  ->  *] bucket=30952 L5 active=wlan0 ch7  BL=[]
[RX  <- B] bucket=30952  peer_BL=[]  my_BL=[]
[03:28:16] HOP bucket=30953 L5 active=wlan1 ch9  | prep wlan0 ch11  | BL=[]
[TX  ->  *] bucket=30953 L5 active=wlan1 ch9  BL=[]
[RX  <- B] bucket=30953  peer_BL=[]  my_BL=[]
[03:28:18] HOP bucket=30954 L5 active=wlan0 ch11  | prep wlan1 ch7  | BL=[]
[TX  ->  *] bucket=30954 L5 active=wlan0 ch11  BL=[]
[RX  <- B] bucket=30954  peer_BL=[]  my_BL=[]
[03:28:20] HOP bucket=30955 L5 active=wlan1 ch7  | prep wlan0 ch6  | BL=[]
[TX  ->  *] bucket=30955 L5 active=wlan1 ch7  BL=[]
[RX  <- B] bucket=30955  peer_BL=[]  my_BL=[]
[03:28:22] HOP bucket=30956 L5 active=wlan0 ch6  | prep wlan1 ch10  | BL=[]
[TX  ->  *] bucket=30956 L5 active=wlan0 ch6  BL=[]
[RX  <- B] bucket=30956  peer_BL=[]  my_BL=[]
[03:28:24] HOP bucket=30957 L5 active=wlan1 ch10  | prep wlan0 ch10  | BL=[]
[RX  <- B] bucket=30957  peer_BL=[]  my_BL=[]
[TX  ->  *] bucket=30957 L5 active=wlan1 ch10  BL=[]
[03:28:26] HOP bucket=30958 L5 active=wlan0 ch10  | prep wlan1 ch4  | BL=[]
[RX  <- B] bucket=30958  peer_BL=[]  my_BL=[]
[TX  ->  *] bucket=30958 L5 active=wlan0 ch10  BL=[]
[03:28:28] HOP bucket=30959 L5 active=wlan1 ch4  | prep wlan0 ch4  | BL=[]
[TX  ->  *] bucket=30959 L5 active=wlan1 ch4  BL=[]
[RX  <- B] bucket=30959  peer_BL=[]  my_BL=[]
[03:28:30] HOP bucket=30960 L5 active=wlan0 ch4  | prep wlan1 ch11  | BL=[]
[TX  ->  *] bucket=30960 L5 active=wlan0 ch4  BL=[]
[RX  <- B] bucket=30960  peer_BL=[]  my_BL=[]
[03:28:32] HOP bucket=30961 L5 active=wlan1 ch11  | prep wlan0 ch11  | BL=[]
[TX  ->  *] bucket=30961 L5 active=wlan1 ch11  BL=[]
[RX  <- B] bucket=30961  peer_BL=[]  my_BL=[]
[03:28:34] HOP bucket=30962 L5 active=wlan0 ch11  | prep wlan1 ch8  | BL=[]
[RX  <- B] bucket=30962  peer_BL=[]  my_BL=[]
[TX  ->  *] bucket=30962 L5 active=wlan0 ch11  BL=[]
[03:28:36] HOP bucket=30963 L5 active=wlan1 ch8  | prep wlan0 ch7  | BL=[]
[RX  <- B] bucket=30963  peer_BL=[]  my_BL=[]
[TX  ->  *] bucket=30963 L5 active=wlan1 ch8  BL=[]
[03:28:38] HOP bucket=30964 L5 active=wlan0 ch7  | prep wlan1 ch10  | BL=[]
[RX  <- B] bucket=30964  peer_BL=[]  my_BL=[]
[TX  ->  *] bucket=30964 L5 active=wlan0 ch7  BL=[]
[03:28:40] HOP bucket=30965 L5 active=wlan1 ch10  | prep wlan0 ch10  | BL=[]
[RX  <- B] bucket=30965  peer_BL=[]  my_BL=[]
[TX  ->  *] bucket=30965 L5 active=wlan1 ch10  BL=[]
[03:28:42] HOP bucket=30966 L5 active=wlan0 ch10  | prep wlan1 ch3  | BL=[]
[TX  ->  *] bucket=30966 L5 active=wlan0 ch10  BL=[]
[RX  <- B] bucket=30966  peer_BL=[]  my_BL=[]
[03:28:44] HOP bucket=30967 L5 active=wlan1 ch3  | prep wlan0 ch3  | BL=[]
[TX  ->  *] bucket=30967 L5 active=wlan1 ch3  BL=[]
[RX  <- B] bucket=30967  peer_BL=[]  my_BL=[]
[03:28:46] HOP bucket=30968 L5 active=wlan0 ch3  | prep wlan1 ch11  | BL=[]
[RX  <- B] bucket=30968  peer_BL=[]  my_BL=[]
[TX  ->  *] bucket=30968 L5 active=wlan0 ch3  BL=[]
[03:28:48] HOP bucket=30969 L5 active=wlan1 ch11  | prep wlan0 ch10  | BL=[]
[TX  ->  *] bucket=30969 L5 active=wlan1 ch11  BL=[]
[RX  <- B] bucket=30969  peer_BL=[]  my_BL=[]
[03:28:50] HOP bucket=30970 L5 active=wlan0 ch10  | prep wlan1 ch3  | BL=[]
[RX  <- B] bucket=30970  peer_BL=[]  my_BL=[]
[TX  ->  *] bucket=30970 L5 active=wlan0 ch10  BL=[]
[03:28:52] HOP bucket=30971 L5 active=wlan1 ch3  | prep wlan0 ch5  | BL=[]
[RX  <- B] bucket=30971  peer_BL=[]  my_BL=[]
[TX  ->  *] bucket=30971 L5 active=wlan1 ch3  BL=[]
[03:28:54] HOP bucket=30972 L5 active=wlan0 ch5  | prep wlan1 ch7  | BL=[]
[TX  ->  *] bucket=30972 L5 active=wlan0 ch5  BL=[]
[RX  <- B] bucket=30972  peer_BL=[]  my_BL=[]
[03:28:56] HOP bucket=30973 L5 active=wlan1 ch7  | prep wlan0 ch4  | BL=[]
[RX  <- B] bucket=30973  peer_BL=[]  my_BL=[]
[TX  ->  *] bucket=30973 L5 active=wlan1 ch7  BL=[]
[03:28:58] HOP bucket=30974 L5 active=wlan0 ch4  | prep wlan1 ch4  | BL=[]
[RX  <- B] bucket=30974  peer_BL=[]  my_BL=[]
[TX  ->  *] bucket=30974 L5 active=wlan0 ch4  BL=[]
[03:29:00] HOP bucket=30975 L5 active=wlan1 ch4  | prep wlan0 ch10  | BL=[]
[RX  <- B] bucket=30975  peer_BL=[]  my_BL=[]
[TX  ->  *] bucket=30975 L5 active=wlan1 ch4  BL=[]
[03:29:02] HOP bucket=30976 L5 active=wlan0 ch10  | prep wlan1 ch3  | BL=[]
[TX  ->  *] bucket=30976 L5 active=wlan0 ch10  BL=[]
[RX  <- B] bucket=30976  peer_BL=[]  my_BL=[]
[03:29:04] HOP bucket=30977 L5 active=wlan1 ch3  | prep wlan0 ch7  | BL=[]
[TX  ->  *] bucket=30977 L5 active=wlan1 ch3  BL=[]
[RX  <- B] bucket=30977  peer_BL=[]  my_BL=[]
[03:29:06] HOP bucket=30978 L5 active=wlan0 ch7  | prep wlan1 ch3  | BL=[]
[TX  ->  *] bucket=30978 L5 active=wlan0 ch7  BL=[]
[RX  <- B] bucket=30978  peer_BL=[]  my_BL=[]
[03:29:08] HOP bucket=30979 L5 active=wlan1 ch3  | prep wlan0 ch3  | BL=[]
[TX  ->  *] bucket=30979 L5 active=wlan1 ch3  BL=[]
[RX  <- B] bucket=30979  peer_BL=[]  my_BL=[]
[03:29:10] HOP bucket=30980 L5 active=wlan0 ch3  | prep wlan1 ch6  | BL=[]
[TX  ->  *] bucket=30980 L5 active=wlan0 ch3  BL=[]
[RX  <- B] bucket=30980  peer_BL=[]  my_BL=[]
[03:29:12] HOP bucket=30981 L5 active=wlan1 ch6  | prep wlan0 ch6  | BL=[]
[TX  ->  *] bucket=30981 L5 active=wlan1 ch6  BL=[]
[RX  <- B] bucket=30981  peer_BL=[]  my_BL=[]
[03:29:14] HOP bucket=30982 L5 active=wlan0 ch6  | prep wlan1 ch3  | BL=[]
[TX  ->  *] bucket=30982 L5 active=wlan0 ch6  BL=[]
[RX  <- B] bucket=30982  peer_BL=[]  my_BL=[]
[03:29:16] HOP bucket=30983 L5 active=wlan1 ch3  | prep wlan0 ch10  | BL=[]
[RX  <- B] bucket=30983  peer_BL=[]  my_BL=[]
[TX  ->  *] bucket=30983 L5 active=wlan1 ch3  BL=[]
[03:29:18] HOP bucket=30984 L5 active=wlan0 ch10  | prep wlan1 ch3  | BL=[]
[RX  <- B] bucket=30984  peer_BL=[]  my_BL=[]
[TX  ->  *] bucket=30984 L5 active=wlan0 ch10  BL=[]
[03:29:20] HOP bucket=30985 L5 active=wlan1 ch3  | prep wlan0 ch4  | BL=[]
[TX  ->  *] bucket=30985 L5 active=wlan1 ch3  BL=[]
[RX  <- B] bucket=30985  peer_BL=[]  my_BL=[]
[03:29:22] HOP bucket=30986 L5 active=wlan0 ch4  | prep wlan1 ch5  | BL=[]
[RX  <- B] bucket=30986  peer_BL=[]  my_BL=[]
[TX  ->  *] bucket=30986 L5 active=wlan0 ch4  BL=[]
[03:29:24] HOP bucket=30987 L5 active=wlan1 ch5  | prep wlan0 ch9  | BL=[]
[RX  <- B] bucket=30987  peer_BL=[]  my_BL=[]
[TX  ->  *] bucket=30987 L5 active=wlan1 ch5  BL=[]
[03:29:26] HOP bucket=30988 L5 active=wlan0 ch9  | prep wlan1 ch3  | BL=[]
[RX  <- B] bucket=30988  peer_BL=[]  my_BL=[]
[TX  ->  *] bucket=30988 L5 active=wlan0 ch9  BL=[]
[03:29:28] HOP bucket=30989 L5 active=wlan1 ch3  | prep wlan0 ch3  | BL=[]
[RX  <- B] bucket=30989  peer_BL=[]  my_BL=[]
[TX  ->  *] bucket=30989 L5 active=wlan1 ch3  BL=[]
[03:29:30] HOP bucket=30990 L5 active=wlan0 ch3  | prep wlan1 ch10  | BL=[]
[RX  <- B] bucket=30990  peer_BL=[]  my_BL=[]
[TX  ->  *] bucket=30990 L5 active=wlan0 ch3  BL=[]
[03:29:32] HOP bucket=30991 L5 active=wlan1 ch10  | prep wlan0 ch7  | BL=[]
[RX  <- B] bucket=30991  peer_BL=[]  my_BL=[]
[TX  ->  *] bucket=30991 L5 active=wlan1 ch10  BL=[]
[03:29:34] HOP bucket=30992 L5 active=wlan0 ch7  | prep wlan1 ch3  | BL=[]
[RX  <- B] bucket=30992  peer_BL=[]  my_BL=[]
[TX  ->  *] bucket=30992 L5 active=wlan0 ch7  BL=[]
[03:29:36] HOP bucket=30993 L5 active=wlan1 ch3  | prep wlan0 ch10  | BL=[]
[RX  <- B] bucket=30993  peer_BL=[]  my_BL=[]
[TX  ->  *] bucket=30993 L5 active=wlan1 ch3  BL=[]
[03:29:38] HOP bucket=30994 L5 active=wlan0 ch10  | prep wlan1 ch5  | BL=[]
[RX  <- B] bucket=30994  peer_BL=[]  my_BL=[]
[TX  ->  *] bucket=30994 L5 active=wlan0 ch10  BL=[]
[03:29:40] HOP bucket=30995 L5 active=wlan1 ch5  | prep wlan0 ch9  | BL=[]
[TX  ->  *] bucket=30995 L5 active=wlan1 ch5  BL=[]
[RX  <- B] bucket=30995  peer_BL=[]  my_BL=[]
[03:29:42] HOP bucket=30996 L5 active=wlan0 ch9  | prep wlan1 ch11  | BL=[]
[TX  ->  *] bucket=30996 L5 active=wlan0 ch9  BL=[]
[RX  <- B] bucket=30996  peer_BL=[]  my_BL=[]
[03:29:44] HOP bucket=30997 L5 active=wlan1 ch11  | prep wlan0 ch10  | BL=[]
[RX  <- B] bucket=30997  peer_BL=[]  my_BL=[]
[TX  ->  *] bucket=30997 L5 active=wlan1 ch11  BL=[]
[03:29:46] HOP bucket=30998 L5 active=wlan0 ch10  | prep wlan1 ch10  | BL=[]
[RX  <- B] bucket=30998  peer_BL=[]  my_BL=[]
[TX  ->  *] bucket=30998 L5 active=wlan0 ch10  BL=[]
[03:29:48] HOP bucket=30999 L5 active=wlan1 ch10  | prep wlan0 ch11  | BL=[]
[RX  <- B] bucket=30999  peer_BL=[]  my_BL=[]
[TX  ->  *] bucket=30999 L5 active=wlan1 ch10  BL=[]
[03:29:50] HOP bucket=31000 L5 active=wlan0 ch11  | prep wlan1 ch4  | BL=[]
[RX  <- B] bucket=31000  peer_BL=[]  my_BL=[]
[TX  ->  *] bucket=31000 L5 active=wlan0 ch11  BL=[]
[03:29:52] HOP bucket=31001 L5 active=wlan1 ch4  | prep wlan0 ch11  | BL=[]
[TX  ->  *] bucket=31001 L5 active=wlan1 ch4  BL=[]
[RX  <- B] bucket=31001  peer_BL=[]  my_BL=[]
[03:29:54] HOP bucket=31002 L5 active=wlan0 ch11  | prep wlan1 ch9  | BL=[]
[TX  ->  *] bucket=31002 L5 active=wlan0 ch11  BL=[]
[RX  <- B] bucket=31002  peer_BL=[]  my_BL=[]
[03:29:56] HOP bucket=31003 L5 active=wlan1 ch9  | prep wlan0 ch5  | BL=[]
[RX  <- B] bucket=31003  peer_BL=[]  my_BL=[]
[TX  ->  *] bucket=31003 L5 active=wlan1 ch9  BL=[]
[03:29:58] HOP bucket=31004 L5 active=wlan0 ch5  | prep wlan1 ch5  | BL=[]
[TX  ->  *] bucket=31004 L5 active=wlan0 ch5  BL=[]
[RX  <- B] bucket=31004  peer_BL=[]  my_BL=[]
[03:30:00] HOP bucket=31005 L5 active=wlan1 ch5  | prep wlan0 ch10  | BL=[]
[TX  ->  *] bucket=31005 L5 active=wlan1 ch5  BL=[]
[RX  <- B] bucket=31005  peer_BL=[]  my_BL=[]
[03:30:02] HOP bucket=31006 L5 active=wlan0 ch10  | prep wlan1 ch7  | BL=[]
[RX  <- B] bucket=31006  peer_BL=[]  my_BL=[]
[TX  ->  *] bucket=31006 L5 active=wlan0 ch10  BL=[]
[03:30:04] HOP bucket=31007 L5 active=wlan1 ch7  | prep wlan0 ch9  | BL=[]
[TX  ->  *] bucket=31007 L5 active=wlan1 ch7  BL=[]
[RX  <- B] bucket=31007  peer_BL=[]  my_BL=[]
[03:30:06] HOP bucket=31008 L5 active=wlan0 ch9  | prep wlan1 ch10  | BL=[]
[RX  <- B] bucket=31008  peer_BL=[]  my_BL=[]
[TX  ->  *] bucket=31008 L5 active=wlan0 ch9  BL=[]
[03:30:08] HOP bucket=31009 L5 active=wlan1 ch10  | prep wlan0 ch5  | BL=[]
[TX  ->  *] bucket=31009 L5 active=wlan1 ch10  BL=[]
[RX  <- B] bucket=31009  peer_BL=[]  my_BL=[]
[03:30:10] HOP bucket=31010 L5 active=wlan0 ch5  | prep wlan1 ch10  | BL=[]
[TX  ->  *] bucket=31010 L5 active=wlan0 ch5  BL=[]
[RX  <- B] bucket=31010  peer_BL=[]  my_BL=[]
[03:30:12] HOP bucket=31011 L5 active=wlan1 ch10  | prep wlan0 ch5  | BL=[]
[TX  ->  *] bucket=31011 L5 active=wlan1 ch10  BL=[]
[RX  <- B] bucket=31011  peer_BL=[]  my_BL=[]
[03:30:14] HOP bucket=31012 L5 active=wlan0 ch5  | prep wlan1 ch7  | BL=[]
[RX  <- B] bucket=31012  peer_BL=[]  my_BL=[]
[TX  ->  *] bucket=31012 L5 active=wlan0 ch5  BL=[]
[03:30:16] HOP bucket=31013 L5 active=wlan1 ch7  | prep wlan0 ch3  | BL=[]
[TX  ->  *] bucket=31013 L5 active=wlan1 ch7  BL=[]
[RX  <- B] bucket=31013  peer_BL=[]  my_BL=[]
[03:30:18] HOP bucket=31014 L5 active=wlan0 ch3  | prep wlan1 ch10  | BL=[]
[TX  ->  *] bucket=31014 L5 active=wlan0 ch3  BL=[]
[RX  <- B] bucket=31014  peer_BL=[]  my_BL=[]
[03:30:20] HOP bucket=31015 L5 active=wlan1 ch10  | prep wlan0 ch11  | BL=[]
[TX  ->  *] bucket=31015 L5 active=wlan1 ch10  BL=[]
[RX  <- B] bucket=31015  peer_BL=[]  my_BL=[]
[03:30:22] HOP bucket=31016 L5 active=wlan0 ch11  | prep wlan1 ch6  | BL=[]
[RX  <- B] bucket=31016  peer_BL=[]  my_BL=[]
[TX  ->  *] bucket=31016 L5 active=wlan0 ch11  BL=[]
[03:30:24] HOP bucket=31017 L5 active=wlan1 ch6  | prep wlan0 ch8  | BL=[]
[RX  <- B] bucket=31017  peer_BL=[]  my_BL=[]
[TX  ->  *] bucket=31017 L5 active=wlan1 ch6  BL=[]
[03:30:26] HOP bucket=31018 L5 active=wlan0 ch8  | prep wlan1 ch8  | BL=[]
[TX  ->  *] bucket=31018 L5 active=wlan0 ch8  BL=[]
[RX  <- B] bucket=31018  peer_BL=[]  my_BL=[]
[03:30:28] HOP bucket=31019 L5 active=wlan1 ch8  | prep wlan0 ch8  | BL=[]
[RX  <- B] bucket=31019  peer_BL=[]  my_BL=[]
[TX  ->  *] bucket=31019 L5 active=wlan1 ch8  BL=[]
[03:30:30] HOP bucket=31020 L5 active=wlan0 ch8  | prep wlan1 ch4  | BL=[]
[TX  ->  *] bucket=31020 L5 active=wlan0 ch8  BL=[]
[RX  <- B] bucket=31020  peer_BL=[]  my_BL=[]
[03:30:32] HOP bucket=31021 L5 active=wlan1 ch4  | prep wlan0 ch3  | BL=[]
[TX  ->  *] bucket=31021 L5 active=wlan1 ch4  BL=[]
[RX  <- B] bucket=31021  peer_BL=[]  my_BL=[]
[03:30:34] HOP bucket=31022 L5 active=wlan0 ch3  | prep wlan1 ch5  | BL=[]
[TX  ->  *] bucket=31022 L5 active=wlan0 ch3  BL=[]
[RX  <- B] bucket=31022  peer_BL=[]  my_BL=[]
[03:30:36] HOP bucket=31023 L5 active=wlan1 ch5  | prep wlan0 ch8  | BL=[]
[TX  ->  *] bucket=31023 L5 active=wlan1 ch5  BL=[]
[RX  <- B] bucket=31023  peer_BL=[]  my_BL=[]
[03:30:38] HOP bucket=31024 L5 active=wlan0 ch8  | prep wlan1 ch11  | BL=[]
[TX  ->  *] bucket=31024 L5 active=wlan0 ch8  BL=[]
[RX  <- B] bucket=31024  peer_BL=[]  my_BL=[]
[03:30:40] HOP bucket=31025 L5 active=wlan1 ch11  | prep wlan0 ch3  | BL=[]
[TX  ->  *] bucket=31025 L5 active=wlan1 ch11  BL=[]
[RX  <- B] bucket=31025  peer_BL=[]  my_BL=[]
[03:30:42] HOP bucket=31026 L5 active=wlan0 ch3  | prep wlan1 ch6  | BL=[]
[TX  ->  *] bucket=31026 L5 active=wlan0 ch3  BL=[]
[RX  <- B] bucket=31026  peer_BL=[]  my_BL=[]
[03:30:44] HOP bucket=31027 L5 active=wlan1 ch6  | prep wlan0 ch3  | BL=[]
[TX  ->  *] bucket=31027 L5 active=wlan1 ch6  BL=[]
[RX  <- B] bucket=31027  peer_BL=[]  my_BL=[]
[03:30:46] HOP bucket=31028 L5 active=wlan0 ch3  | prep wlan1 ch5  | BL=[]
[TX  ->  *] bucket=31028 L5 active=wlan0 ch3  BL=[]
[RX  <- B] bucket=31028  peer_BL=[]  my_BL=[]
[03:30:48] HOP bucket=31029 L5 active=wlan1 ch5  | prep wlan0 ch6  | BL=[]
[TX  ->  *] bucket=31029 L5 active=wlan1 ch5  BL=[]
[RX  <- B] bucket=31029  peer_BL=[]  my_BL=[]
[03:30:50] HOP bucket=31030 L5 active=wlan0 ch6  | prep wlan1 ch8  | BL=[]
[TX  ->  *] bucket=31030 L5 active=wlan0 ch6  BL=[]
[RX  <- B] bucket=31030  peer_BL=[]  my_BL=[]
[03:30:52] HOP bucket=31031 L5 active=wlan1 ch8  | prep wlan0 ch4  | BL=[]
[RX  <- B] bucket=31031  peer_BL=[]  my_BL=[]
[TX  ->  *] bucket=31031 L5 active=wlan1 ch8  BL=[]
[03:30:54] HOP bucket=31032 L5 active=wlan0 ch4  | prep wlan1 ch9  | BL=[]
[RX  <- B] bucket=31032  peer_BL=[]  my_BL=[]
[TX  ->  *] bucket=31032 L5 active=wlan0 ch4  BL=[]
[03:30:56] HOP bucket=31033 L5 active=wlan1 ch9  | prep wlan0 ch10  | BL=[]
[TX  ->  *] bucket=31033 L5 active=wlan1 ch9  BL=[]
[RX  <- B] bucket=31033  peer_BL=[]  my_BL=[]
[03:30:58] HOP bucket=31034 L5 active=wlan0 ch10  | prep wlan1 ch3  | BL=[]
[TX  ->  *] bucket=31034 L5 active=wlan0 ch10  BL=[]
[RX  <- B] bucket=31034  peer_BL=[]  my_BL=[]
[03:31:00] HOP bucket=31035 L5 active=wlan1 ch3  | prep wlan0 ch3  | BL=[]
[TX  ->  *] bucket=31035 L5 active=wlan1 ch3  BL=[]
[RX  <- B] bucket=31035  peer_BL=[]  my_BL=[]
[03:31:02] HOP bucket=31036 L5 active=wlan0 ch3  | prep wlan1 ch5  | BL=[]
[TX  ->  *] bucket=31036 L5 active=wlan0 ch3  BL=[]
[RX  <- B] bucket=31036  peer_BL=[]  my_BL=[]
[03:31:04] HOP bucket=31037 L5 active=wlan1 ch5  | prep wlan0 ch4  | BL=[]
[TX  ->  *] bucket=31037 L5 active=wlan1 ch5  BL=[]
[RX  <- B] bucket=31037  peer_BL=[]  my_BL=[]
[03:31:06] HOP bucket=31038 L5 active=wlan0 ch4  | prep wlan1 ch4  | BL=[]
[TX  ->  *] bucket=31038 L5 active=wlan0 ch4  BL=[]
[RX  <- B] bucket=31038  peer_BL=[]  my_BL=[]
[03:31:08] HOP bucket=31039 L5 active=wlan1 ch4  | prep wlan0 ch6  | BL=[]
[TX  ->  *] bucket=31039 L5 active=wlan1 ch4  BL=[]
[RX  <- B] bucket=31039  peer_BL=[]  my_BL=[]
[03:31:10] HOP bucket=31040 L5 active=wlan0 ch6  | prep wlan1 ch9  | BL=[]
[RX  <- B] bucket=31040  peer_BL=[]  my_BL=[]
[TX  ->  *] bucket=31040 L5 active=wlan0 ch6  BL=[]
[03:31:12] HOP bucket=31041 L5 active=wlan1 ch9  | prep wlan0 ch6  | BL=[]
[TX  ->  *] bucket=31041 L5 active=wlan1 ch9  BL=[]
[RX  <- B] bucket=31041  peer_BL=[]  my_BL=[]
[03:31:14] HOP bucket=31042 L5 active=wlan0 ch6  | prep wlan1 ch10  | BL=[]
[TX  ->  *] bucket=31042 L5 active=wlan0 ch6  BL=[]
[RX  <- B] bucket=31042  peer_BL=[]  my_BL=[]
[03:31:16] HOP bucket=31043 L5 active=wlan1 ch10  | prep wlan0 ch5  | BL=[]
[RX  <- B] bucket=31043  peer_BL=[]  my_BL=[]
[TX  ->  *] bucket=31043 L5 active=wlan1 ch10  BL=[]
[03:31:18] HOP bucket=31044 L5 active=wlan0 ch5  | prep wlan1 ch7  | BL=[]
[TX  ->  *] bucket=31044 L5 active=wlan0 ch5  BL=[]
[RX  <- B] bucket=31044  peer_BL=[]  my_BL=[]
[03:31:20] HOP bucket=31045 L5 active=wlan1 ch7  | prep wlan0 ch10  | BL=[]
[TX  ->  *] bucket=31045 L5 active=wlan1 ch7  BL=[]
[RX  <- B] bucket=31045  peer_BL=[]  my_BL=[]
[03:31:22] HOP bucket=31046 L5 active=wlan0 ch10  | prep wlan1 ch6  | BL=[]
[TX  ->  *] bucket=31046 L5 active=wlan0 ch10  BL=[]
[RX  <- B] bucket=31046  peer_BL=[]  my_BL=[]
[03:31:24] HOP bucket=31047 L5 active=wlan1 ch6  | prep wlan0 ch4  | BL=[]
[TX  ->  *] bucket=31047 L5 active=wlan1 ch6  BL=[]
[RX  <- B] bucket=31047  peer_BL=[]  my_BL=[]
[03:31:26] HOP bucket=31048 L5 active=wlan0 ch4  | prep wlan1 ch3  | BL=[]
[TX  ->  *] bucket=31048 L5 active=wlan0 ch4  BL=[]
[RX  <- B] bucket=31048  peer_BL=[]  my_BL=[]
[03:31:28] HOP bucket=31049 L5 active=wlan1 ch3  | prep wlan0 ch7  | BL=[]
[TX  ->  *] bucket=31049 L5 active=wlan1 ch3  BL=[]
[RX  <- B] bucket=31049  peer_BL=[]  my_BL=[]
[03:31:30] HOP bucket=31050 L5 active=wlan0 ch7  | prep wlan1 ch7  | BL=[]
[TX  ->  *] bucket=31050 L5 active=wlan0 ch7  BL=[]
[RX  <- B] bucket=31050  peer_BL=[]  my_BL=[]
[03:31:32] HOP bucket=31051 L5 active=wlan1 ch7  | prep wlan0 ch6  | BL=[]
[RX  <- B] bucket=31051  peer_BL=[]  my_BL=[]
[TX  ->  *] bucket=31051 L5 active=wlan1 ch7  BL=[]
[03:31:34] HOP bucket=31052 L5 active=wlan0 ch6  | prep wlan1 ch11  | BL=[]
[RX  <- B] bucket=31052  peer_BL=[]  my_BL=[]
[TX  ->  *] bucket=31052 L5 active=wlan0 ch6  BL=[]
[03:31:36] HOP bucket=31053 L5 active=wlan1 ch11  | prep wlan0 ch11  | BL=[]
[TX  ->  *] bucket=31053 L5 active=wlan1 ch11  BL=[]
[RX  <- B] bucket=31053  peer_BL=[]  my_BL=[]
[03:31:38] HOP bucket=31054 L5 active=wlan0 ch11  | prep wlan1 ch7  | BL=[]
[TX  ->  *] bucket=31054 L5 active=wlan0 ch11  BL=[]
[RX  <- B] bucket=31054  peer_BL=[]  my_BL=[]
[03:31:40] HOP bucket=31055 L5 active=wlan1 ch7  | prep wlan0 ch3  | BL=[]
[RX  <- B] bucket=31055  peer_BL=[]  my_BL=[]
[TX  ->  *] bucket=31055 L5 active=wlan1 ch7  BL=[]
[03:31:42] HOP bucket=31056 L5 active=wlan0 ch3  | prep wlan1 ch8  | BL=[]
[RX  <- B] bucket=31056  peer_BL=[]  my_BL=[]
[TX  ->  *] bucket=31056 L5 active=wlan0 ch3  BL=[]
[03:31:44] HOP bucket=31057 L5 active=wlan1 ch8  | prep wlan0 ch6  | BL=[]
[RX  <- B] bucket=31057  peer_BL=[]  my_BL=[]
[TX  ->  *] bucket=31057 L5 active=wlan1 ch8  BL=[]
[03:31:46] HOP bucket=31058 L5 active=wlan0 ch6  | prep wlan1 ch4  | BL=[]
[TX  ->  *] bucket=31058 L5 active=wlan0 ch6  BL=[]
[RX  <- B] bucket=31058  peer_BL=[]  my_BL=[]
[03:31:48] HOP bucket=31059 L5 active=wlan1 ch4  | prep wlan0 ch10  | BL=[]
[RX  <- B] bucket=31059  peer_BL=[]  my_BL=[]
[TX  ->  *] bucket=31059 L5 active=wlan1 ch4  BL=[]
[03:31:50] HOP bucket=31060 L5 active=wlan0 ch10  | prep wlan1 ch5  | BL=[]
[TX  ->  *] bucket=31060 L5 active=wlan0 ch10  BL=[]
[RX  <- B] bucket=31060  peer_BL=[]  my_BL=[]
[03:31:52] HOP bucket=31061 L5 active=wlan1 ch5  | prep wlan0 ch9  | BL=[]
[TX  ->  *] bucket=31061 L5 active=wlan1 ch5  BL=[]
[RX  <- B] bucket=31061  peer_BL=[]  my_BL=[]
[03:31:54] HOP bucket=31062 L5 active=wlan0 ch9  | prep wlan1 ch9  | BL=[]
[RX  <- B] bucket=31062  peer_BL=[]  my_BL=[]
[TX  ->  *] bucket=31062 L5 active=wlan0 ch9  BL=[]
[03:31:56] HOP bucket=31063 L5 active=wlan1 ch9  | prep wlan0 ch4  | BL=[]
[RX  <- B] bucket=31063  peer_BL=[]  my_BL=[]
[TX  ->  *] bucket=31063 L5 active=wlan1 ch9  BL=[]
[03:31:58] HOP bucket=31064 L5 active=wlan0 ch4  | prep wlan1 ch9  | BL=[]
[TX  ->  *] bucket=31064 L5 active=wlan0 ch4  BL=[]
[RX  <- B] bucket=31064  peer_BL=[]  my_BL=[]
[03:32:00] HOP bucket=31065 L5 active=wlan1 ch9  | prep wlan0 ch3  | BL=[]
[RX  <- B] bucket=31065  peer_BL=[]  my_BL=[]
[TX  ->  *] bucket=31065 L5 active=wlan1 ch9  BL=[]
[03:32:02] HOP bucket=31066 L5 active=wlan0 ch3  | prep wlan1 ch6  | BL=[]
[TX  ->  *] bucket=31066 L5 active=wlan0 ch3  BL=[]
[RX  <- B] bucket=31066  peer_BL=[]  my_BL=[]
[03:32:04] HOP bucket=31067 L5 active=wlan1 ch6  | prep wlan0 ch6  | BL=[]
[RX  <- B] bucket=31067  peer_BL=[]  my_BL=[]
[TX  ->  *] bucket=31067 L5 active=wlan1 ch6  BL=[]
[03:32:06] HOP bucket=31068 L5 active=wlan0 ch6  | prep wlan1 ch4  | BL=[]
[TX  ->  *] bucket=31068 L5 active=wlan0 ch6  BL=[]
[RX  <- B] bucket=31068  peer_BL=[]  my_BL=[]
[03:32:08] HOP bucket=31069 L5 active=wlan1 ch4  | prep wlan0 ch3  | BL=[]
[TX  ->  *] bucket=31069 L5 active=wlan1 ch4  BL=[]
[RX  <- B] bucket=31069  peer_BL=[]  my_BL=[]
[03:32:10] HOP bucket=31070 L5 active=wlan0 ch3  | prep wlan1 ch4  | BL=[]
[RX  <- B] bucket=31070  peer_BL=[]  my_BL=[]
[TX  ->  *] bucket=31070 L5 active=wlan0 ch3  BL=[]
[03:32:12] HOP bucket=31071 L5 active=wlan1 ch4  | prep wlan0 ch8  | BL=[]
[RX  <- B] bucket=31071  peer_BL=[]  my_BL=[]
[TX  ->  *] bucket=31071 L5 active=wlan1 ch4  BL=[]
[03:32:14] HOP bucket=31072 L5 active=wlan0 ch8  | prep wlan1 ch4  | BL=[]
[RX  <- B] bucket=31072  peer_BL=[]  my_BL=[]
[TX  ->  *] bucket=31072 L5 active=wlan0 ch8  BL=[]
[03:32:16] HOP bucket=31073 L5 active=wlan1 ch4  | prep wlan0 ch7  | BL=[]
[RX  <- B] bucket=31073  peer_BL=[]  my_BL=[]
[TX  ->  *] bucket=31073 L5 active=wlan1 ch4  BL=[]
[03:32:18] HOP bucket=31074 L5 active=wlan0 ch7  | prep wlan1 ch3  | BL=[]
[RX  <- B] bucket=31074  peer_BL=[]  my_BL=[]
[TX  ->  *] bucket=31074 L5 active=wlan0 ch7  BL=[]
[03:32:20] HOP bucket=31075 L5 active=wlan1 ch3  | prep wlan0 ch8  | BL=[]
[TX  ->  *] bucket=31075 L5 active=wlan1 ch3  BL=[]
[RX  <- B] bucket=31075  peer_BL=[]  my_BL=[]
[03:32:22] HOP bucket=31076 L5 active=wlan0 ch8  | prep wlan1 ch8  | BL=[]
[RX  <- B] bucket=31076  peer_BL=[]  my_BL=[]
[TX  ->  *] bucket=31076 L5 active=wlan0 ch8  BL=[]
[03:32:24] HOP bucket=31077 L5 active=wlan1 ch8  | prep wlan0 ch10  | BL=[]
[RX  <- B] bucket=31077  peer_BL=[]  my_BL=[]
[TX  ->  *] bucket=31077 L5 active=wlan1 ch8  BL=[]
[03:32:26] HOP bucket=31078 L5 active=wlan0 ch10  | prep wlan1 ch8  | BL=[]
[TX  ->  *] bucket=31078 L5 active=wlan0 ch10  BL=[]
[RX  <- B] bucket=31078  peer_BL=[]  my_BL=[]
[03:32:28] HOP bucket=31079 L5 active=wlan1 ch8  | prep wlan0 ch11  | BL=[]
[RX  <- B] bucket=31079  peer_BL=[]  my_BL=[]
[TX  ->  *] bucket=31079 L5 active=wlan1 ch8  BL=[]
[03:32:30] HOP bucket=31080 L5 active=wlan0 ch11  | prep wlan1 ch11  | BL=[]
[RX  <- B] bucket=31080  peer_BL=[]  my_BL=[]
[TX  ->  *] bucket=31080 L5 active=wlan0 ch11  BL=[]
[03:32:32] HOP bucket=31081 L5 active=wlan1 ch11  | prep wlan0 ch4  | BL=[]
[RX  <- B] bucket=31081  peer_BL=[]  my_BL=[]
[TX  ->  *] bucket=31081 L5 active=wlan1 ch11  BL=[]
[03:32:34] HOP bucket=31082 L5 active=wlan0 ch4  | prep wlan1 ch6  | BL=[]
[RX  <- B] bucket=31082  peer_BL=[]  my_BL=[]
[TX  ->  *] bucket=31082 L5 active=wlan0 ch4  BL=[]
[03:32:36] HOP bucket=31083 L5 active=wlan1 ch6  | prep wlan0 ch10  | BL=[]
[RX  <- B] bucket=31083  peer_BL=[]  my_BL=[]
[TX  ->  *] bucket=31083 L5 active=wlan1 ch6  BL=[]
[03:32:38] HOP bucket=31084 L5 active=wlan0 ch10  | prep wlan1 ch7  | BL=[]
[TX  ->  *] bucket=31084 L5 active=wlan0 ch10  BL=[]
[RX  <- B] bucket=31084  peer_BL=[]  my_BL=[]
[03:32:40] HOP bucket=31085 L5 active=wlan1 ch7  | prep wlan0 ch11  | BL=[]
[RX  <- B] bucket=31085  peer_BL=[]  my_BL=[]
[TX  ->  *] bucket=31085 L5 active=wlan1 ch7  BL=[]
[03:32:42] HOP bucket=31086 L5 active=wlan0 ch11  | prep wlan1 ch3  | BL=[]
[RX  <- B] bucket=31086  peer_BL=[]  my_BL=[]
[TX  ->  *] bucket=31086 L5 active=wlan0 ch11  BL=[]
[03:32:44] HOP bucket=31087 L5 active=wlan1 ch3  | prep wlan0 ch5  | BL=[]
[TX  ->  *] bucket=31087 L5 active=wlan1 ch3  BL=[]
[RX  <- B] bucket=31087  peer_BL=[]  my_BL=[]
[03:32:46] HOP bucket=31088 L5 active=wlan0 ch5  | prep wlan1 ch10  | BL=[]
[RX  <- B] bucket=31088  peer_BL=[]  my_BL=[]
[TX  ->  *] bucket=31088 L5 active=wlan0 ch5  BL=[]
[03:32:48] HOP bucket=31089 L5 active=wlan1 ch10  | prep wlan0 ch4  | BL=[]
[RX  <- B] bucket=31089  peer_BL=[]  my_BL=[]
[TX  ->  *] bucket=31089 L5 active=wlan1 ch10  BL=[]
[03:32:50] HOP bucket=31090 L5 active=wlan0 ch4  | prep wlan1 ch3  | BL=[]
[TX  ->  *] bucket=31090 L5 active=wlan0 ch4  BL=[]
[RX  <- B] bucket=31090  peer_BL=[]  my_BL=[]
[03:32:52] HOP bucket=31091 L5 active=wlan1 ch3  | prep wlan0 ch11  | BL=[]
[TX  ->  *] bucket=31091 L5 active=wlan1 ch3  BL=[]
[RX  <- B] bucket=31091  peer_BL=[]  my_BL=[]
[03:32:54] HOP bucket=31092 L5 active=wlan0 ch11  | prep wlan1 ch10  | BL=[]
[TX  ->  *] bucket=31092 L5 active=wlan0 ch11  BL=[]
[RX  <- B] bucket=31092  peer_BL=[]  my_BL=[]
[03:32:56] HOP bucket=31093 L5 active=wlan1 ch10  | prep wlan0 ch4  | BL=[]
[RX  <- B] bucket=31093  peer_BL=[]  my_BL=[]
[TX  ->  *] bucket=31093 L5 active=wlan1 ch10  BL=[]
[03:32:58] HOP bucket=31094 L5 active=wlan0 ch4  | prep wlan1 ch9  | BL=[]
[RX  <- B] bucket=31094  peer_BL=[]  my_BL=[]
[TX  ->  *] bucket=31094 L5 active=wlan0 ch4  BL=[]
[03:33:00] HOP bucket=31095 L5 active=wlan1 ch9  | prep wlan0 ch7  | BL=[]
[RX  <- B] bucket=31095  peer_BL=[]  my_BL=[]
[TX  ->  *] bucket=31095 L5 active=wlan1 ch9  BL=[]
[03:33:02] HOP bucket=31096 L5 active=wlan0 ch7  | prep wlan1 ch5  | BL=[]
[TX  ->  *] bucket=31096 L5 active=wlan0 ch7  BL=[]
[RX  <- B] bucket=31096  peer_BL=[]  my_BL=[]
[03:33:04] HOP bucket=31097 L5 active=wlan1 ch5  | prep wlan0 ch3  | BL=[]
[RX  <- B] bucket=31097  peer_BL=[]  my_BL=[]
[TX  ->  *] bucket=31097 L5 active=wlan1 ch5  BL=[]
[03:33:06] HOP bucket=31098 L5 active=wlan0 ch3  | prep wlan1 ch5  | BL=[]
[RX  <- B] bucket=31098  peer_BL=[]  my_BL=[]
[TX  ->  *] bucket=31098 L5 active=wlan0 ch3  BL=[]
[03:33:08] HOP bucket=31099 L5 active=wlan1 ch5  | prep wlan0 ch7  | BL=[]
[TX  ->  *] bucket=31099 L5 active=wlan1 ch5  BL=[]
[RX  <- B] bucket=31099  peer_BL=[]  my_BL=[]
[03:33:10] HOP bucket=31100 L5 active=wlan0 ch7  | prep wlan1 ch9  | BL=[]
[TX  ->  *] bucket=31100 L5 active=wlan0 ch7  BL=[]
[RX  <- B] bucket=31100  peer_BL=[]  my_BL=[]
[03:33:12] HOP bucket=31101 L5 active=wlan1 ch9  | prep wlan0 ch10  | BL=[]
[TX  ->  *] bucket=31101 L5 active=wlan1 ch9  BL=[]
[RX  <- B] bucket=31101  peer_BL=[]  my_BL=[]
[03:33:14] HOP bucket=31102 L5 active=wlan0 ch10  | prep wlan1 ch7  | BL=[]
[TX  ->  *] bucket=31102 L5 active=wlan0 ch10  BL=[]
[RX  <- B] bucket=31102  peer_BL=[]  my_BL=[]
[03:33:16] HOP bucket=31103 L5 active=wlan1 ch7  | prep wlan0 ch9  | BL=[]
[TX  ->  *] bucket=31103 L5 active=wlan1 ch7  BL=[]
[RX  <- B] bucket=31103  peer_BL=[]  my_BL=[]
[03:33:18] HOP bucket=31104 L5 active=wlan0 ch9  | prep wlan1 ch5  | BL=[]
[RX  <- B] bucket=31104  peer_BL=[]  my_BL=[]
[TX  ->  *] bucket=31104 L5 active=wlan0 ch9  BL=[]
[03:33:20] HOP bucket=31105 L5 active=wlan1 ch5  | prep wlan0 ch3  | BL=[]
[RX  <- B] bucket=31105  peer_BL=[]  my_BL=[]
[TX  ->  *] bucket=31105 L5 active=wlan1 ch5  BL=[]
[03:33:22] HOP bucket=31106 L5 active=wlan0 ch3  | prep wlan1 ch5  | BL=[]
[RX  <- B] bucket=31106  peer_BL=[]  my_BL=[]
[TX  ->  *] bucket=31106 L5 active=wlan0 ch3  BL=[]
[03:33:24] HOP bucket=31107 L5 active=wlan1 ch5  | prep wlan0 ch3  | BL=[]
[RX  <- B] bucket=31107  peer_BL=[]  my_BL=[]
[TX  ->  *] bucket=31107 L5 active=wlan1 ch5  BL=[]
[03:33:26] HOP bucket=31108 L5 active=wlan0 ch3  | prep wlan1 ch9  | BL=[]
[RX  <- B] bucket=31108  peer_BL=[]  my_BL=[]
[TX  ->  *] bucket=31108 L5 active=wlan0 ch3  BL=[]
[03:33:28] HOP bucket=31109 L5 active=wlan1 ch9  | prep wlan0 ch6  | BL=[]
[TX  ->  *] bucket=31109 L5 active=wlan1 ch9  BL=[]
[RX  <- B] bucket=31109  peer_BL=[]  my_BL=[]
[03:33:30] HOP bucket=31110 L5 active=wlan0 ch6  | prep wlan1 ch11  | BL=[]
[TX  ->  *] bucket=31110 L5 active=wlan0 ch6  BL=[]
[RX  <- B] bucket=31110  peer_BL=[]  my_BL=[]
[03:33:32] HOP bucket=31111 L5 active=wlan1 ch11  | prep wlan0 ch8  | BL=[]
[TX  ->  *] bucket=31111 L5 active=wlan1 ch11  BL=[]
[RX  <- B] bucket=31111  peer_BL=[]  my_BL=[]
[03:33:34] HOP bucket=31112 L5 active=wlan0 ch8  | prep wlan1 ch10  | BL=[]
[RX  <- B] bucket=31112  peer_BL=[]  my_BL=[]
[TX  ->  *] bucket=31112 L5 active=wlan0 ch8  BL=[]
[03:33:36] HOP bucket=31113 L5 active=wlan1 ch10  | prep wlan0 ch6  | BL=[]
[TX  ->  *] bucket=31113 L5 active=wlan1 ch10  BL=[]
[RX  <- B] bucket=31113  peer_BL=[]  my_BL=[]
[03:33:38] HOP bucket=31114 L5 active=wlan0 ch6  | prep wlan1 ch4  | BL=[]
[TX  ->  *] bucket=31114 L5 active=wlan0 ch6  BL=[]
[RX  <- B] bucket=31114  peer_BL=[]  my_BL=[]
[03:33:40] HOP bucket=31115 L5 active=wlan1 ch4  | prep wlan0 ch9  | BL=[]
[TX  ->  *] bucket=31115 L5 active=wlan1 ch4  BL=[]
[RX  <- B] bucket=31115  peer_BL=[]  my_BL=[]
[03:33:42] HOP bucket=31116 L5 active=wlan0 ch9  | prep wlan1 ch10  | BL=[]
[TX  ->  *] bucket=31116 L5 active=wlan0 ch9  BL=[]
[RX  <- B] bucket=31116  peer_BL=[]  my_BL=[]
[03:33:44] HOP bucket=31117 L5 active=wlan1 ch10  | prep wlan0 ch8  | BL=[]
[TX  ->  *] bucket=31117 L5 active=wlan1 ch10  BL=[]
[RX  <- B] bucket=31117  peer_BL=[]  my_BL=[]
[03:33:46] HOP bucket=31118 L5 active=wlan0 ch8  | prep wlan1 ch7  | BL=[]
[TX  ->  *] bucket=31118 L5 active=wlan0 ch8  BL=[]
[RX  <- B] bucket=31118  peer_BL=[]  my_BL=[]
[03:33:48] HOP bucket=31119 L5 active=wlan1 ch7  | prep wlan0 ch7  | BL=[]
[TX  ->  *] bucket=31119 L5 active=wlan1 ch7  BL=[]
[RX  <- B] bucket=31119  peer_BL=[]  my_BL=[]
[03:33:50] HOP bucket=31120 L5 active=wlan0 ch7  | prep wlan1 ch11  | BL=[]
[RX  <- B] bucket=31120  peer_BL=[]  my_BL=[]
[TX  ->  *] bucket=31120 L5 active=wlan0 ch7  BL=[]
[03:33:52] HOP bucket=31121 L5 active=wlan1 ch11  | prep wlan0 ch6  | BL=[]
[TX  ->  *] bucket=31121 L5 active=wlan1 ch11  BL=[]
[RX  <- B] bucket=31121  peer_BL=[]  my_BL=[]
[03:33:54] HOP bucket=31122 L5 active=wlan0 ch6  | prep wlan1 ch6  | BL=[]
[TX  ->  *] bucket=31122 L5 active=wlan0 ch6  BL=[]
[RX  <- B] bucket=31122  peer_BL=[]  my_BL=[]
[03:33:56] HOP bucket=31123 L5 active=wlan1 ch6  | prep wlan0 ch7  | BL=[]
[RX  <- B] bucket=31123  peer_BL=[]  my_BL=[]
[TX  ->  *] bucket=31123 L5 active=wlan1 ch6  BL=[]
[03:33:58] HOP bucket=31124 L5 active=wlan0 ch7  | prep wlan1 ch10  | BL=[]
[TX  ->  *] bucket=31124 L5 active=wlan0 ch7  BL=[]
[RX  <- B] bucket=31124  peer_BL=[]  my_BL=[]
[03:34:00] HOP bucket=31125 L5 active=wlan1 ch10  | prep wlan0 ch7  | BL=[]
[RX  <- B] bucket=31125  peer_BL=[]  my_BL=[]
[TX  ->  *] bucket=31125 L5 active=wlan1 ch10  BL=[]
[03:34:02] HOP bucket=31126 L5 active=wlan0 ch7  | prep wlan1 ch4  | BL=[]
[TX  ->  *] bucket=31126 L5 active=wlan0 ch7  BL=[]
[RX  <- B] bucket=31126  peer_BL=[]  my_BL=[]
[03:34:04] HOP bucket=31127 L5 active=wlan1 ch4  | prep wlan0 ch3  | BL=[]
[TX  ->  *] bucket=31127 L5 active=wlan1 ch4  BL=[]
[RX  <- B] bucket=31127  peer_BL=[]  my_BL=[]
[03:34:06] HOP bucket=31128 L5 active=wlan0 ch3  | prep wlan1 ch7  | BL=[]
[RX  <- B] bucket=31128  peer_BL=[]  my_BL=[]
[TX  ->  *] bucket=31128 L5 active=wlan0 ch3  BL=[]
[03:34:08] HOP bucket=31129 L5 active=wlan1 ch7  | prep wlan0 ch4  | BL=[]
[TX  ->  *] bucket=31129 L5 active=wlan1 ch7  BL=[]
[RX  <- B] bucket=31129  peer_BL=[]  my_BL=[]
[03:34:10] HOP bucket=31130 L5 active=wlan0 ch4  | prep wlan1 ch10  | BL=[]
[RX  <- B] bucket=31130  peer_BL=[]  my_BL=[]
[TX  ->  *] bucket=31130 L5 active=wlan0 ch4  BL=[]
[03:34:12] HOP bucket=31131 L5 active=wlan1 ch10  | prep wlan0 ch7  | BL=[]
[RX  <- B] bucket=31131  peer_BL=[]  my_BL=[]
[TX  ->  *] bucket=31131 L5 active=wlan1 ch10  BL=[]
[03:34:14] HOP bucket=31132 L5 active=wlan0 ch7  | prep wlan1 ch3  | BL=[]
[TX  ->  *] bucket=31132 L5 active=wlan0 ch7  BL=[]
[RX  <- B] bucket=31132  peer_BL=[]  my_BL=[]
[03:34:16] HOP bucket=31133 L5 active=wlan1 ch3  | prep wlan0 ch7  | BL=[]
[TX  ->  *] bucket=31133 L5 active=wlan1 ch3  BL=[]
[RX  <- B] bucket=31133  peer_BL=[]  my_BL=[]
[03:34:18] HOP bucket=31134 L5 active=wlan0 ch7  | prep wlan1 ch7  | BL=[]
[RX  <- B] bucket=31134  peer_BL=[]  my_BL=[]
[TX  ->  *] bucket=31134 L5 active=wlan0 ch7  BL=[]
[03:34:20] HOP bucket=31135 L5 active=wlan1 ch7  | prep wlan0 ch7  | BL=[]
[RX  <- B] bucket=31135  peer_BL=[]  my_BL=[]
[TX  ->  *] bucket=31135 L5 active=wlan1 ch7  BL=[]
[03:34:22] HOP bucket=31136 L5 active=wlan0 ch7  | prep wlan1 ch10  | BL=[]
[TX  ->  *] bucket=31136 L5 active=wlan0 ch7  BL=[]
[RX  <- B] bucket=31136  peer_BL=[]  my_BL=[]
[03:34:24] HOP bucket=31137 L5 active=wlan1 ch10  | prep wlan0 ch10  | BL=[]
[TX  ->  *] bucket=31137 L5 active=wlan1 ch10  BL=[]
[RX  <- B] bucket=31137  peer_BL=[]  my_BL=[]
[03:34:26] HOP bucket=31138 L5 active=wlan0 ch10  | prep wlan1 ch6  | BL=[]
[TX  ->  *] bucket=31138 L5 active=wlan0 ch10  BL=[]
[RX  <- B] bucket=31138  peer_BL=[]  my_BL=[]
[03:34:28] HOP bucket=31139 L5 active=wlan1 ch6  | prep wlan0 ch3  | BL=[]
[TX  ->  *] bucket=31139 L5 active=wlan1 ch6  BL=[]
[RX  <- B] bucket=31139  peer_BL=[]  my_BL=[]
[03:34:30] HOP bucket=31140 L5 active=wlan0 ch3  | prep wlan1 ch5  | BL=[]
[TX  ->  *] bucket=31140 L5 active=wlan0 ch3  BL=[]
[RX  <- B] bucket=31140  peer_BL=[]  my_BL=[]
[03:34:32] HOP bucket=31141 L5 active=wlan1 ch5  | prep wlan0 ch4  | BL=[]
[TX  ->  *] bucket=31141 L5 active=wlan1 ch5  BL=[]
[RX  <- B] bucket=31141  peer_BL=[]  my_BL=[]
[03:34:34] HOP bucket=31142 L5 active=wlan0 ch4  | prep wlan1 ch5  | BL=[]
[TX  ->  *] bucket=31142 L5 active=wlan0 ch4  BL=[]
[RX  <- B] bucket=31142  peer_BL=[]  my_BL=[]
[03:34:36] HOP bucket=31143 L5 active=wlan1 ch5  | prep wlan0 ch5  | BL=[]
[RX  <- B] bucket=31143  peer_BL=[]  my_BL=[]
[TX  ->  *] bucket=31143 L5 active=wlan1 ch5  BL=[]
[03:34:38] HOP bucket=31144 L5 active=wlan0 ch5  | prep wlan1 ch10  | BL=[]
[RX  <- B] bucket=31144  peer_BL=[]  my_BL=[]
[TX  ->  *] bucket=31144 L5 active=wlan0 ch5  BL=[]
[03:34:40] HOP bucket=31145 L5 active=wlan1 ch10  | prep wlan0 ch6  | BL=[]
[RX  <- B] bucket=31145  peer_BL=[]  my_BL=[]
[TX  ->  *] bucket=31145 L5 active=wlan1 ch10  BL=[]
[03:34:42] HOP bucket=31146 L5 active=wlan0 ch6  | prep wlan1 ch8  | BL=[]
[TX  ->  *] bucket=31146 L5 active=wlan0 ch6  BL=[]
[RX  <- B] bucket=31146  peer_BL=[]  my_BL=[]
[03:34:44] HOP bucket=31147 L5 active=wlan1 ch8  | prep wlan0 ch10  | BL=[]
[TX  ->  *] bucket=31147 L5 active=wlan1 ch8  BL=[]
[RX  <- B] bucket=31147  peer_BL=[]  my_BL=[]
[03:34:46] HOP bucket=31148 L5 active=wlan0 ch10  | prep wlan1 ch4  | BL=[]
[RX  <- B] bucket=31148  peer_BL=[]  my_BL=[]
[TX  ->  *] bucket=31148 L5 active=wlan0 ch10  BL=[]
[03:34:48] HOP bucket=31149 L5 active=wlan1 ch4  | prep wlan0 ch8  | BL=[]
[RX  <- B] bucket=31149  peer_BL=[]  my_BL=[]
[TX  ->  *] bucket=31149 L5 active=wlan1 ch4  BL=[]
[03:34:50] HOP bucket=31150 L5 active=wlan0 ch8  | prep wlan1 ch5  | BL=[]
[TX  ->  *] bucket=31150 L5 active=wlan0 ch8  BL=[]
[RX  <- B] bucket=31150  peer_BL=[]  my_BL=[]
[03:34:52] HOP bucket=31151 L5 active=wlan1 ch5  | prep wlan0 ch10  | BL=[]
[TX  ->  *] bucket=31151 L5 active=wlan1 ch5  BL=[]
[RX  <- B] bucket=31151  peer_BL=[]  my_BL=[]
[03:34:54] HOP bucket=31152 L5 active=wlan0 ch10  | prep wlan1 ch6  | BL=[]
[TX  ->  *] bucket=31152 L5 active=wlan0 ch10  BL=[]
[RX  <- B] bucket=31152  peer_BL=[]  my_BL=[]
[03:34:56] HOP bucket=31153 L5 active=wlan1 ch6  | prep wlan0 ch11  | BL=[]
[TX  ->  *] bucket=31153 L5 active=wlan1 ch6  BL=[]
[RX  <- B] bucket=31153  peer_BL=[]  my_BL=[]
[03:34:58] HOP bucket=31154 L5 active=wlan0 ch11  | prep wlan1 ch5  | BL=[]
[TX  ->  *] bucket=31154 L5 active=wlan0 ch11  BL=[]
[RX  <- B] bucket=31154  peer_BL=[]  my_BL=[]
[03:35:00] HOP bucket=31155 L5 active=wlan1 ch5  | prep wlan0 ch5  | BL=[]
[TX  ->  *] bucket=31155 L5 active=wlan1 ch5  BL=[]
[RX  <- B] bucket=31155  peer_BL=[]  my_BL=[]
[03:35:02] HOP bucket=31156 L5 active=wlan0 ch5  | prep wlan1 ch5  | BL=[]
[TX  ->  *] bucket=31156 L5 active=wlan0 ch5  BL=[]
[RX  <- B] bucket=31156  peer_BL=[]  my_BL=[]
[03:35:04] HOP bucket=31157 L5 active=wlan1 ch5  | prep wlan0 ch9  | BL=[]
[TX  ->  *] bucket=31157 L5 active=wlan1 ch5  BL=[]
[RX  <- B] bucket=31157  peer_BL=[]  my_BL=[]
[03:35:06] HOP bucket=31158 L5 active=wlan0 ch9  | prep wlan1 ch3  | BL=[]
[TX  ->  *] bucket=31158 L5 active=wlan0 ch9  BL=[]
[RX  <- B] bucket=31158  peer_BL=[]  my_BL=[]
[03:35:08] HOP bucket=31159 L5 active=wlan1 ch3  | prep wlan0 ch4  | BL=[]
[RX  <- B] bucket=31159  peer_BL=[]  my_BL=[]
[TX  ->  *] bucket=31159 L5 active=wlan1 ch3  BL=[]
[03:35:10] HOP bucket=31160 L5 active=wlan0 ch4  | prep wlan1 ch3  | BL=[]
[TX  ->  *] bucket=31160 L5 active=wlan0 ch4  BL=[]
[RX  <- B] bucket=31160  peer_BL=[]  my_BL=[]
[03:35:12] HOP bucket=31161 L5 active=wlan1 ch3  | prep wlan0 ch9  | BL=[]
[TX  ->  *] bucket=31161 L5 active=wlan1 ch3  BL=[]
[RX  <- B] bucket=31161  peer_BL=[]  my_BL=[]
[03:35:14] HOP bucket=31162 L5 active=wlan0 ch9  | prep wlan1 ch11  | BL=[]
[TX  ->  *] bucket=31162 L5 active=wlan0 ch9  BL=[]
[RX  <- B] bucket=31162  peer_BL=[]  my_BL=[]
[03:35:16] HOP bucket=31163 L5 active=wlan1 ch11  | prep wlan0 ch6  | BL=[]
[RX  <- B] bucket=31163  peer_BL=[]  my_BL=[]
[TX  ->  *] bucket=31163 L5 active=wlan1 ch11  BL=[]
[03:35:18] HOP bucket=31164 L5 active=wlan0 ch6  | prep wlan1 ch8  | BL=[]
[TX  ->  *] bucket=31164 L5 active=wlan0 ch6  BL=[]
[RX  <- B] bucket=31164  peer_BL=[]  my_BL=[]
[03:35:20] HOP bucket=31165 L5 active=wlan1 ch8  | prep wlan0 ch3  | BL=[]