============================================================
 ARTCHO NODE — MODE=L2 — NODE_ID=B
============================================================
 Bucket duration : 2.0s
 TEST_EPOCH      : 1776794874.0
 BUCKET_EPOCH    : 1776794874.0
 sim offset      : 0s  (0.00h)
 Use blacklist   : False
 Detect enabled  : False
 Dual radio      : True
============================================================

[WAIT] sleeping 18.6s until TEST_EPOCH...
[INIT] L2 cold-start (bucket=0):
       active  wlan0 -> ch7 (2442 MHz)
       bg      wlan1 -> ch9 (2452 MHz)
       confirmed blacklist: []
[INIT] L2 cold-start complete.

[TX  ->  *] bucket=0 L2 active=wlan0 ch7  BL=[]
[RX  <- A] bucket=0  peer_BL=[]  my_BL=[]
[20:07:56] HOP bucket=1 L2 active=wlan1 ch9  | prep wlan0 ch9  | BL=[]
[TX  ->  *] bucket=1 L2 active=wlan1 ch9  BL=[]
[RX  <- A] bucket=1  peer_BL=[]  my_BL=[]
[20:07:58] HOP bucket=2 L2 active=wlan0 ch9  | prep wlan1 ch8  | BL=[]
[TX  ->  *] bucket=2 L2 active=wlan0 ch9  BL=[]
[RX  <- A] bucket=2  peer_BL=[]  my_BL=[]
[20:08:00] HOP bucket=3 L2 active=wlan1 ch8  | prep wlan0 ch9  | BL=[]
[TX  ->  *] bucket=3 L2 active=wlan1 ch8  BL=[]
[RX  <- A] bucket=3  peer_BL=[]  my_BL=[]
[20:08:02] HOP bucket=4 L2 active=wlan0 ch9  | prep wlan1 ch11  | BL=[]
[TX  ->  *] bucket=4 L2 active=wlan0 ch9  BL=[]
[RX  <- A] bucket=4  peer_BL=[]  my_BL=[]
[20:08:04] HOP bucket=5 L2 active=wlan1 ch11  | prep wlan0 ch7  | BL=[]
[TX  ->  *] bucket=5 L2 active=wlan1 ch11  BL=[]
[RX  <- A] bucket=5  peer_BL=[]  my_BL=[]
[20:08:06] HOP bucket=6 L2 active=wlan0 ch7  | prep wlan1 ch9  | BL=[]
[TX  ->  *] bucket=6 L2 active=wlan0 ch7  BL=[]
[RX  <- A] bucket=6  peer_BL=[]  my_BL=[]
[20:08:08] HOP bucket=7 L2 active=wlan1 ch9  | prep wlan0 ch10  | BL=[]
[RX  <- A] bucket=7  peer_BL=[]  my_BL=[]
[TX  ->  *] bucket=7 L2 active=wlan1 ch9  BL=[]
[20:08:10] HOP bucket=8 L2 active=wlan0 ch10  | prep wlan1 ch7  | BL=[]
[RX  <- A] bucket=8  peer_BL=[]  my_BL=[]
[TX  ->  *] bucket=8 L2 active=wlan0 ch10  BL=[]
[20:08:12] HOP bucket=9 L2 active=wlan1 ch7  | prep wlan0 ch9  | BL=[]
[TX  ->  *] bucket=9 L2 active=wlan1 ch7  BL=[]
[RX  <- A] bucket=9  peer_BL=[]  my_BL=[]
[20:08:14] HOP bucket=10 L2 active=wlan0 ch9  | prep wlan1 ch7  | BL=[]
[TX  ->  *] bucket=10 L2 active=wlan0 ch9  BL=[]
[RX  <- A] bucket=10  peer_BL=[]  my_BL=[]
[20:08:16] HOP bucket=11 L2 active=wlan1 ch7  | prep wlan0 ch5  | BL=[]
[TX  ->  *] bucket=11 L2 active=wlan1 ch7  BL=[]
[RX  <- A] bucket=11  peer_BL=[]  my_BL=[]
[20:08:18] HOP bucket=12 L2 active=wlan0 ch5  | prep wlan1 ch5  | BL=[]
[TX  ->  *] bucket=12 L2 active=wlan0 ch5  BL=[]
[RX  <- A] bucket=12  peer_BL=[]  my_BL=[]
[20:08:20] HOP bucket=13 L2 active=wlan1 ch5  | prep wlan0 ch10  | BL=[]
[TX  ->  *] bucket=13 L2 active=wlan1 ch5  BL=[]
[RX  <- A] bucket=13  peer_BL=[]  my_BL=[]
[20:08:22] HOP bucket=14 L2 active=wlan0 ch10  | prep wlan1 ch9  | BL=[]
[TX  ->  *] bucket=14 L2 active=wlan0 ch10  BL=[]
[RX  <- A] bucket=14  peer_BL=[]  my_BL=[]
[20:08:24] HOP bucket=15 L2 active=wlan1 ch9  | prep wlan0 ch8  | BL=[]
[TX  ->  *] bucket=15 L2 active=wlan1 ch9  BL=[]
[RX  <- A] bucket=15  peer_BL=[]  my_BL=[]
[20:08:26] HOP bucket=16 L2 active=wlan0 ch8  | prep wlan1 ch8  | BL=[]
[RX  <- A] bucket=16  peer_BL=[]  my_BL=[]
[TX  ->  *] bucket=16 L2 active=wlan0 ch8  BL=[]
[20:08:28] HOP bucket=17 L2 active=wlan1 ch8  | prep wlan0 ch8  | BL=[]
[TX  ->  *] bucket=17 L2 active=wlan1 ch8  BL=[]
[RX  <- A] bucket=17  peer_BL=[]  my_BL=[]
[20:08:30] HOP bucket=18 L2 active=wlan0 ch8  | prep wlan1 ch3  | BL=[]
[TX  ->  *] bucket=18 L2 active=wlan0 ch8  BL=[]
[RX  <- A] bucket=18  peer_BL=[]  my_BL=[]
[20:08:32] HOP bucket=19 L2 active=wlan1 ch3  | prep wlan0 ch8  | BL=[]
[TX  ->  *] bucket=19 L2 active=wlan1 ch3  BL=[]
[RX  <- A] bucket=19  peer_BL=[]  my_BL=[]
[20:08:34] HOP bucket=20 L2 active=wlan0 ch8  | prep wlan1 ch9  | BL=[]
[TX  ->  *] bucket=20 L2 active=wlan0 ch8  BL=[]
[RX  <- A] bucket=20  peer_BL=[]  my_BL=[]
[20:08:36] HOP bucket=21 L2 active=wlan1 ch9  | prep wlan0 ch11  | BL=[]
[RX  <- A] bucket=21  peer_BL=[]  my_BL=[]
[TX  ->  *] bucket=21 L2 active=wlan1 ch9  BL=[]
[20:08:38] HOP bucket=22 L2 active=wlan0 ch11  | prep wlan1 ch10  | BL=[]
[TX  ->  *] bucket=22 L2 active=wlan0 ch11  BL=[]
[RX  <- A] bucket=22  peer_BL=[]  my_BL=[]
[20:08:40] HOP bucket=23 L2 active=wlan1 ch10  | prep wlan0 ch9  | BL=[]
[TX  ->  *] bucket=23 L2 active=wlan1 ch10  BL=[]
[RX  <- A] bucket=23  peer_BL=[]  my_BL=[]
[20:08:42] HOP bucket=24 L2 active=wlan0 ch9  | prep wlan1 ch11  | BL=[]
[RX  <- A] bucket=24  peer_BL=[]  my_BL=[]
[TX  ->  *] bucket=24 L2 active=wlan0 ch9  BL=[]
[20:08:44] HOP bucket=25 L2 active=wlan1 ch11  | prep wlan0 ch11  | BL=[]
[TX  ->  *] bucket=25 L2 active=wlan1 ch11  BL=[]
[RX  <- A] bucket=25  peer_BL=[]  my_BL=[]
[20:08:46] HOP bucket=26 L2 active=wlan0 ch11  | prep wlan1 ch4  | BL=[]
[TX  ->  *] bucket=26 L2 active=wlan0 ch11  BL=[]
[RX  <- A] bucket=26  peer_BL=[]  my_BL=[]
[20:08:48] HOP bucket=27 L2 active=wlan1 ch4  | prep wlan0 ch3  | BL=[]
[RX  <- A] bucket=27  peer_BL=[]  my_BL=[]
[TX  ->  *] bucket=27 L2 active=wlan1 ch4  BL=[]
[20:08:50] HOP bucket=28 L2 active=wlan0 ch3  | prep wlan1 ch10  | BL=[]
[TX  ->  *] bucket=28 L2 active=wlan0 ch3  BL=[]
[RX  <- A] bucket=28  peer_BL=[]  my_BL=[]
[20:08:52] HOP bucket=29 L2 active=wlan1 ch10  | prep wlan0 ch3  | BL=[]
[RX  <- A] bucket=29  peer_BL=[]  my_BL=[]
[TX  ->  *] bucket=29 L2 active=wlan1 ch10  BL=[]
[20:08:54] HOP bucket=30 L2 active=wlan0 ch3  | prep wlan1 ch10  | BL=[]
[RX  <- A] bucket=30  peer_BL=[]  my_BL=[]
[TX  ->  *] bucket=30 L2 active=wlan0 ch3  BL=[]
[20:08:56] HOP bucket=31 L2 active=wlan1 ch10  | prep wlan0 ch10  | BL=[]
[TX  ->  *] bucket=31 L2 active=wlan1 ch10  BL=[]
[RX  <- A] bucket=31  peer_BL=[]  my_BL=[]
[20:08:58] HOP bucket=32 L2 active=wlan0 ch10  | prep wlan1 ch10  | BL=[]
[TX  ->  *] bucket=32 L2 active=wlan0 ch10  BL=[]
[RX  <- A] bucket=32  peer_BL=[]  my_BL=[]
[20:09:00] HOP bucket=33 L2 active=wlan1 ch10  | prep wlan0 ch10  | BL=[]
[TX  ->  *] bucket=33 L2 active=wlan1 ch10  BL=[]
[RX  <- A] bucket=33  peer_BL=[]  my_BL=[]
[20:09:02] HOP bucket=34 L2 active=wlan0 ch10  | prep wlan1 ch4  | BL=[]
[TX  ->  *] bucket=34 L2 active=wlan0 ch10  BL=[]
[RX  <- A] bucket=34  peer_BL=[]  my_BL=[]
[20:09:04] HOP bucket=35 L2 active=wlan1 ch4  | prep wlan0 ch11  | BL=[]
[RX  <- A] bucket=35  peer_BL=[]  my_BL=[]
[TX  ->  *] bucket=35 L2 active=wlan1 ch4  BL=[]
[20:09:06] HOP bucket=36 L2 active=wlan0 ch11  | prep wlan1 ch5  | BL=[]
[TX  ->  *] bucket=36 L2 active=wlan0 ch11  BL=[]
[RX  <- A] bucket=36  peer_BL=[]  my_BL=[]
[20:09:08] HOP bucket=37 L2 active=wlan1 ch5  | prep wlan0 ch8  | BL=[]
[TX  ->  *] bucket=37 L2 active=wlan1 ch5  BL=[]
[RX  <- A] bucket=37  peer_BL=[]  my_BL=[]
[20:09:10] HOP bucket=38 L2 active=wlan0 ch8  | prep wlan1 ch11  | BL=[]
[TX  ->  *] bucket=38 L2 active=wlan0 ch8  BL=[]
[RX  <- A] bucket=38  peer_BL=[]  my_BL=[]
[20:09:12] HOP bucket=39 L2 active=wlan1 ch11  | prep wlan0 ch5  | BL=[]
[TX  ->  *] bucket=39 L2 active=wlan1 ch11  BL=[]
[RX  <- A] bucket=39  peer_BL=[]  my_BL=[]
[20:09:14] HOP bucket=40 L2 active=wlan0 ch5  | prep wlan1 ch10  | BL=[]
[RX  <- A] bucket=40  peer_BL=[]  my_BL=[]
[TX  ->  *] bucket=40 L2 active=wlan0 ch5  BL=[]
[20:09:16] HOP bucket=41 L2 active=wlan1 ch10  | prep wlan0 ch11  | BL=[]
[TX  ->  *] bucket=41 L2 active=wlan1 ch10  BL=[]
[RX  <- A] bucket=41  peer_BL=[]  my_BL=[]
[20:09:18] HOP bucket=42 L2 active=wlan0 ch11  | prep wlan1 ch8  | BL=[]
[TX  ->  *] bucket=42 L2 active=wlan0 ch11  BL=[]
[RX  <- A] bucket=42  peer_BL=[]  my_BL=[]
[20:09:20] HOP bucket=43 L2 active=wlan1 ch8  | prep wlan0 ch7  | BL=[]
[RX  <- A] bucket=43  peer_BL=[]  my_BL=[]
[TX  ->  *] bucket=43 L2 active=wlan1 ch8  BL=[]
[20:09:22] HOP bucket=44 L2 active=wlan0 ch7  | prep wlan1 ch4  | BL=[]
[TX  ->  *] bucket=44 L2 active=wlan0 ch7  BL=[]
[RX  <- A] bucket=44  peer_BL=[]  my_BL=[]
[20:09:24] HOP bucket=45 L2 active=wlan1 ch4  | prep wlan0 ch10  | BL=[]
[TX  ->  *] bucket=45 L2 active=wlan1 ch4  BL=[]
[RX  <- A] bucket=45  peer_BL=[]  my_BL=[]
[20:09:26] HOP bucket=46 L2 active=wlan0 ch10  | prep wlan1 ch7  | BL=[]
[TX  ->  *] bucket=46 L2 active=wlan0 ch10  BL=[]
[RX  <- A] bucket=46  peer_BL=[]  my_BL=[]
[20:09:28] HOP bucket=47 L2 active=wlan1 ch7  | prep wlan0 ch3  | BL=[]
[RX  <- A] bucket=47  peer_BL=[]  my_BL=[]
[TX  ->  *] bucket=47 L2 active=wlan1 ch7  BL=[]
[20:09:30] HOP bucket=48 L2 active=wlan0 ch3  | prep wlan1 ch11  | BL=[]
[TX  ->  *] bucket=48 L2 active=wlan0 ch3  BL=[]
[RX  <- A] bucket=48  peer_BL=[]  my_BL=[]
[20:09:32] HOP bucket=49 L2 active=wlan1 ch11  | prep wlan0 ch6  | BL=[]
[TX  ->  *] bucket=49 L2 active=wlan1 ch11  BL=[]
[RX  <- A] bucket=49  peer_BL=[]  my_BL=[]
[20:09:34] HOP bucket=50 L2 active=wlan0 ch6  | prep wlan1 ch3  | BL=[]
[TX  ->  *] bucket=50 L2 active=wlan0 ch6  BL=[]
[20:09:36] HOP bucket=51 L2 active=wlan1 ch3  | prep wlan0 ch11  | BL=[]
[TX  ->  *] bucket=51 L2 active=wlan1 ch3  BL=[]
[RX  <- A] bucket=51  peer_BL=[]  my_BL=[]
[20:09:38] HOP bucket=52 L2 active=wlan0 ch11  | prep wlan1 ch5  | BL=[]
[RX  <- A] bucket=52  peer_BL=[]  my_BL=[]
[TX  ->  *] bucket=52 L2 active=wlan0 ch11  BL=[]
[20:09:40] HOP bucket=53 L2 active=wlan1 ch5  | prep wlan0 ch7  | BL=[]
[RX  <- A] bucket=53  peer_BL=[]  my_BL=[]
[TX  ->  *] bucket=53 L2 active=wlan1 ch5  BL=[]
[20:09:42] HOP bucket=54 L2 active=wlan0 ch7  | prep wlan1 ch7  | BL=[]
[RX  <- A] bucket=54  peer_BL=[]  my_BL=[]
[TX  ->  *] bucket=54 L2 active=wlan0 ch7  BL=[]
[20:09:44] HOP bucket=55 L2 active=wlan1 ch7  | prep wlan0 ch11  | BL=[]
[TX  ->  *] bucket=55 L2 active=wlan1 ch7  BL=[]
[RX  <- A] bucket=55  peer_BL=[]  my_BL=[]
[20:09:46] HOP bucket=56 L2 active=wlan0 ch11  | prep wlan1 ch7  | BL=[]
[RX  <- A] bucket=56  peer_BL=[]  my_BL=[]
[TX  ->  *] bucket=56 L2 active=wlan0 ch11  BL=[]
[20:09:48] HOP bucket=57 L2 active=wlan1 ch7  | prep wlan0 ch3  | BL=[]
[TX  ->  *] bucket=57 L2 active=wlan1 ch7  BL=[]
[RX  <- A] bucket=57  peer_BL=[]  my_BL=[]
[20:09:50] HOP bucket=58 L2 active=wlan0 ch3  | prep wlan1 ch7  | BL=[]
[RX  <- A] bucket=58  peer_BL=[]  my_BL=[]
[TX  ->  *] bucket=58 L2 active=wlan0 ch3  BL=[]
[20:09:52] HOP bucket=59 L2 active=wlan1 ch7  | prep wlan0 ch4  | BL=[]
[TX  ->  *] bucket=59 L2 active=wlan1 ch7  BL=[]
[RX  <- A] bucket=59  peer_BL=[]  my_BL=[]
[20:09:54] HOP bucket=60 L2 active=wlan0 ch4  | prep wlan1 ch6  | BL=[]
[TX  ->  *] bucket=60 L2 active=wlan0 ch4  BL=[]
[RX  <- A] bucket=60  peer_BL=[]  my_BL=[]
[20:09:56] HOP bucket=61 L2 active=wlan1 ch6  | prep wlan0 ch11  | BL=[]
[TX  ->  *] bucket=61 L2 active=wlan1 ch6  BL=[]
[20:09:58] HOP bucket=62 L2 active=wlan0 ch11  | prep wlan1 ch7  | BL=[]
[TX  ->  *] bucket=62 L2 active=wlan0 ch11  BL=[]
[RX  <- A] bucket=62  peer_BL=[]  my_BL=[]
[20:10:00] HOP bucket=63 L2 active=wlan1 ch7  | prep wlan0 ch9  | BL=[]
[RX  <- A] bucket=63  peer_BL=[]  my_BL=[]
[TX  ->  *] bucket=63 L2 active=wlan1 ch7  BL=[]
[20:10:02] HOP bucket=64 L2 active=wlan0 ch9  | prep wlan1 ch8  | BL=[]
[TX  ->  *] bucket=64 L2 active=wlan0 ch9  BL=[]
[RX  <- A] bucket=64  peer_BL=[]  my_BL=[]
[20:10:04] HOP bucket=65 L2 active=wlan1 ch8  | prep wlan0 ch11  | BL=[]
[TX  ->  *] bucket=65 L2 active=wlan1 ch8  BL=[]
[RX  <- A] bucket=65  peer_BL=[]  my_BL=[]
[20:10:06] HOP bucket=66 L2 active=wlan0 ch11  | prep wlan1 ch10  | BL=[]
[RX  <- A] bucket=66  peer_BL=[]  my_BL=[]
[TX  ->  *] bucket=66 L2 active=wlan0 ch11  BL=[]
[20:10:08] HOP bucket=67 L2 active=wlan1 ch10  | prep wlan0 ch9  | BL=[]
[RX  <- A] bucket=67  peer_BL=[]  my_BL=[]
[TX  ->  *] bucket=67 L2 active=wlan1 ch10  BL=[]
[20:10:10] HOP bucket=68 L2 active=wlan0 ch9  | prep wlan1 ch10  | BL=[]
[TX  ->  *] bucket=68 L2 active=wlan0 ch9  BL=[]
[RX  <- A] bucket=68  peer_BL=[]  my_BL=[]
[20:10:12] HOP bucket=69 L2 active=wlan1 ch10  | prep wlan0 ch11  | BL=[]
[TX  ->  *] bucket=69 L2 active=wlan1 ch10  BL=[]
[RX  <- A] bucket=69  peer_BL=[]  my_BL=[]
[20:10:14] HOP bucket=70 L2 active=wlan0 ch11  | prep wlan1 ch4  | BL=[]
[TX  ->  *] bucket=70 L2 active=wlan0 ch11  BL=[]
[RX  <- A] bucket=70  peer_BL=[]  my_BL=[]
[20:10:16] HOP bucket=71 L2 active=wlan1 ch4  | prep wlan0 ch9  | BL=[]
[RX  <- A] bucket=71  peer_BL=[]  my_BL=[]
[TX  ->  *] bucket=71 L2 active=wlan1 ch4  BL=[]
[20:10:18] HOP bucket=72 L2 active=wlan0 ch9  | prep wlan1 ch7  | BL=[]
[RX  <- A] bucket=72  peer_BL=[]  my_BL=[]
[TX  ->  *] bucket=72 L2 active=wlan0 ch9  BL=[]
[20:10:20] HOP bucket=73 L2 active=wlan1 ch7  | prep wlan0 ch11  | BL=[]
[RX  <- A] bucket=73  peer_BL=[]  my_BL=[]
[TX  ->  *] bucket=73 L2 active=wlan1 ch7  BL=[]
[20:10:22] HOP bucket=74 L2 active=wlan0 ch11  | prep wlan1 ch6  | BL=[]
[RX  <- A] bucket=74  peer_BL=[]  my_BL=[]
[TX  ->  *] bucket=74 L2 active=wlan0 ch11  BL=[]
[20:10:24] HOP bucket=75 L2 active=wlan1 ch6  | prep wlan0 ch8  | BL=[]
[TX  ->  *] bucket=75 L2 active=wlan1 ch6  BL=[]
[20:10:26] HOP bucket=76 L2 active=wlan0 ch8  | prep wlan1 ch9  | BL=[]
[TX  ->  *] bucket=76 L2 active=wlan0 ch8  BL=[]
[RX  <- A] bucket=76  peer_BL=[]  my_BL=[]
[20:10:28] HOP bucket=77 L2 active=wlan1 ch9  | prep wlan0 ch11  | BL=[]
[TX  ->  *] bucket=77 L2 active=wlan1 ch9  BL=[]
[RX  <- A] bucket=77  peer_BL=[]  my_BL=[]
[20:10:30] HOP bucket=78 L2 active=wlan0 ch11  | prep wlan1 ch4  | BL=[]
[TX  ->  *] bucket=78 L2 active=wlan0 ch11  BL=[]
[RX  <- A] bucket=78  peer_BL=[]  my_BL=[]
[20:10:32] HOP bucket=79 L2 active=wlan1 ch4  | prep wlan0 ch8  | BL=[]
[TX  ->  *] bucket=79 L2 active=wlan1 ch4  BL=[]
[RX  <- A] bucket=79  peer_BL=[]  my_BL=[]
[20:10:34] HOP bucket=80 L2 active=wlan0 ch8  | prep wlan1 ch7  | BL=[]
[TX  ->  *] bucket=80 L2 active=wlan0 ch8  BL=[]
[RX  <- A] bucket=80  peer_BL=[]  my_BL=[]
[20:10:36] HOP bucket=81 L2 active=wlan1 ch7  | prep wlan0 ch9  | BL=[]
[TX  ->  *] bucket=81 L2 active=wlan1 ch7  BL=[]
[RX  <- A] bucket=81  peer_BL=[]  my_BL=[]
[20:10:38] HOP bucket=82 L2 active=wlan0 ch9  | prep wlan1 ch4  | BL=[]
[TX  ->  *] bucket=82 L2 active=wlan0 ch9  BL=[]
[RX  <- A] bucket=82  peer_BL=[]  my_BL=[]
[20:10:40] HOP bucket=83 L2 active=wlan1 ch4  | prep wlan0 ch9  | BL=[]
[TX  ->  *] bucket=83 L2 active=wlan1 ch4  BL=[]
[RX  <- A] bucket=83  peer_BL=[]  my_BL=[]
[20:10:42] HOP bucket=84 L2 active=wlan0 ch9  | prep wlan1 ch8  | BL=[]
[TX  ->  *] bucket=84 L2 active=wlan0 ch9  BL=[]
[RX  <- A] bucket=84  peer_BL=[]  my_BL=[]
[20:10:44] HOP bucket=85 L2 active=wlan1 ch8  | prep wlan0 ch6  | BL=[]
[RX  <- A] bucket=85  peer_BL=[]  my_BL=[]
[TX  ->  *] bucket=85 L2 active=wlan1 ch8  BL=[]
[20:10:46] HOP bucket=86 L2 active=wlan0 ch6  | prep wlan1 ch3  | BL=[]
[TX  ->  *] bucket=86 L2 active=wlan0 ch6  BL=[]
[20:10:48] HOP bucket=87 L2 active=wlan1 ch3  | prep wlan0 ch3  | BL=[]
[RX  <- A] bucket=87  peer_BL=[]  my_BL=[]
[TX  ->  *] bucket=87 L2 active=wlan1 ch3  BL=[]
[20:10:50] HOP bucket=88 L2 active=wlan0 ch3  | prep wlan1 ch6  | BL=[]
[TX  ->  *] bucket=88 L2 active=wlan0 ch3  BL=[]
[RX  <- A] bucket=88  peer_BL=[]  my_BL=[]
[20:10:52] HOP bucket=89 L2 active=wlan1 ch6  | prep wlan0 ch7  | BL=[]
[TX  ->  *] bucket=89 L2 active=wlan1 ch6  BL=[]
[20:10:54] HOP bucket=90 L2 active=wlan0 ch7  | prep wlan1 ch5  | BL=[]
[TX  ->  *] bucket=90 L2 active=wlan0 ch7  BL=[]
[20:10:56] HOP bucket=91 L2 active=wlan1 ch5  | prep wlan0 ch7  | BL=[]
[TX  ->  *] bucket=91 L2 active=wlan1 ch5  BL=[]
[RX  <- A] bucket=91  peer_BL=[]  my_BL=[]
[20:10:58] HOP bucket=92 L2 active=wlan0 ch7  | prep wlan1 ch9  | BL=[]
[TX  ->  *] bucket=92 L2 active=wlan0 ch7  BL=[]
[20:11:00] HOP bucket=93 L2 active=wlan1 ch9  | prep wlan0 ch7  | BL=[]
[TX  ->  *] bucket=93 L2 active=wlan1 ch9  BL=[]
[RX  <- A] bucket=93  peer_BL=[]  my_BL=[]
[20:11:02] HOP bucket=94 L2 active=wlan0 ch7  | prep wlan1 ch8  | BL=[]
[TX  ->  *] bucket=94 L2 active=wlan0 ch7  BL=[]
[20:11:04] HOP bucket=95 L2 active=wlan1 ch8  | prep wlan0 ch9  | BL=[]
[RX  <- A] bucket=95  peer_BL=[]  my_BL=[]
[TX  ->  *] bucket=95 L2 active=wlan1 ch8  BL=[]
[20:11:06] HOP bucket=96 L2 active=wlan0 ch9  | prep wlan1 ch10  | BL=[]
[RX  <- A] bucket=96  peer_BL=[]  my_BL=[]
[TX  ->  *] bucket=96 L2 active=wlan0 ch9  BL=[]
[20:11:08] HOP bucket=97 L2 active=wlan1 ch10  | prep wlan0 ch3  | BL=[]
[TX  ->  *] bucket=97 L2 active=wlan1 ch10  BL=[]
[RX  <- A] bucket=97  peer_BL=[]  my_BL=[]
[20:11:10] HOP bucket=98 L2 active=wlan0 ch3  | prep wlan1 ch11  | BL=[]
[TX  ->  *] bucket=98 L2 active=wlan0 ch3  BL=[]
[RX  <- A] bucket=98  peer_BL=[]  my_BL=[]
[20:11:12] HOP bucket=99 L2 active=wlan1 ch11  | prep wlan0 ch5  | BL=[]
[RX  <- A] bucket=99  peer_BL=[]  my_BL=[]
[TX  ->  *] bucket=99 L2 active=wlan1 ch11  BL=[]
[20:11:14] HOP bucket=100 L2 active=wlan0 ch5  | prep wlan1 ch3  | BL=[]
[RX  <- A] bucket=100  peer_BL=[]  my_BL=[]
[TX  ->  *] bucket=100 L2 active=wlan0 ch5  BL=[]
[20:11:16] HOP bucket=101 L2 active=wlan1 ch3  | prep wlan0 ch9  | BL=[]
[TX  ->  *] bucket=101 L2 active=wlan1 ch3  BL=[]
[RX  <- A] bucket=101  peer_BL=[]  my_BL=[]
[20:11:18] HOP bucket=102 L2 active=wlan0 ch9  | prep wlan1 ch5  | BL=[]
[TX  ->  *] bucket=102 L2 active=wlan0 ch9  BL=[]
[RX  <- A] bucket=102  peer_BL=[]  my_BL=[]
[20:11:20] HOP bucket=103 L2 active=wlan1 ch5  | prep wlan0 ch5  | BL=[]
[TX  ->  *] bucket=103 L2 active=wlan1 ch5  BL=[]
[RX  <- A] bucket=103  peer_BL=[]  my_BL=[]
[20:11:22] HOP bucket=104 L2 active=wlan0 ch5  | prep wlan1 ch9  | BL=[]
[TX  ->  *] bucket=104 L2 active=wlan0 ch5  BL=[]
[RX  <- A] bucket=104  peer_BL=[]  my_BL=[]
[20:11:24] HOP bucket=105 L2 active=wlan1 ch9  | prep wlan0 ch11  | BL=[]
[TX  ->  *] bucket=105 L2 active=wlan1 ch9  BL=[]
[RX  <- A] bucket=105  peer_BL=[]  my_BL=[]
[20:11:26] HOP bucket=106 L2 active=wlan0 ch11  | prep wlan1 ch4  | BL=[]
[TX  ->  *] bucket=106 L2 active=wlan0 ch11  BL=[]
[RX  <- A] bucket=106  peer_BL=[]  my_BL=[]
[20:11:28] HOP bucket=107 L2 active=wlan1 ch4  | prep wlan0 ch9  | BL=[]
[TX  ->  *] bucket=107 L2 active=wlan1 ch4  BL=[]
[RX  <- A] bucket=107  peer_BL=[]  my_BL=[]
[20:11:30] HOP bucket=108 L2 active=wlan0 ch9  | prep wlan1 ch11  | BL=[]
[TX  ->  *] bucket=108 L2 active=wlan0 ch9  BL=[]
[RX  <- A] bucket=108  peer_BL=[]  my_BL=[]
[20:11:32] HOP bucket=109 L2 active=wlan1 ch11  | prep wlan0 ch3  | BL=[]
[TX  ->  *] bucket=109 L2 active=wlan1 ch11  BL=[]
[RX  <- A] bucket=109  peer_BL=[]  my_BL=[]
[20:11:34] HOP bucket=110 L2 active=wlan0 ch3  | prep wlan1 ch9  | BL=[]
[TX  ->  *] bucket=110 L2 active=wlan0 ch3  BL=[]
[RX  <- A] bucket=110  peer_BL=[]  my_BL=[]
[20:11:36] HOP bucket=111 L2 active=wlan1 ch9  | prep wlan0 ch11  | BL=[]
[TX  ->  *] bucket=111 L2 active=wlan1 ch9  BL=[]
[RX  <- A] bucket=111  peer_BL=[]  my_BL=[]
[20:11:38] HOP bucket=112 L2 active=wlan0 ch11  | prep wlan1 ch4  | BL=[]
[TX  ->  *] bucket=112 L2 active=wlan0 ch11  BL=[]
[RX  <- A] bucket=112  peer_BL=[]  my_BL=[]
[20:11:40] HOP bucket=113 L2 active=wlan1 ch4  | prep wlan0 ch9  | BL=[]
[TX  ->  *] bucket=113 L2 active=wlan1 ch4  BL=[]
[RX  <- A] bucket=113  peer_BL=[]  my_BL=[]
[20:11:42] HOP bucket=114 L2 active=wlan0 ch9  | prep wlan1 ch4  | BL=[]
[TX  ->  *] bucket=114 L2 active=wlan0 ch9  BL=[]
[RX  <- A] bucket=114  peer_BL=[]  my_BL=[]
[20:11:44] HOP bucket=115 L2 active=wlan1 ch4  | prep wlan0 ch9  | BL=[]
[TX  ->  *] bucket=115 L2 active=wlan1 ch4  BL=[]
[RX  <- A] bucket=115  peer_BL=[]  my_BL=[]
[20:11:46] HOP bucket=116 L2 active=wlan0 ch9  | prep wlan1 ch4  | BL=[]
[TX  ->  *] bucket=116 L2 active=wlan0 ch9  BL=[]
[RX  <- A] bucket=116  peer_BL=[]  my_BL=[]
[20:11:48] HOP bucket=117 L2 active=wlan1 ch4  | prep wlan0 ch11  | BL=[]
[TX  ->  *] bucket=117 L2 active=wlan1 ch4  BL=[]
[RX  <- A] bucket=117  peer_BL=[]  my_BL=[]
[20:11:50] HOP bucket=118 L2 active=wlan0 ch11  | prep wlan1 ch6  | BL=[]
[TX  ->  *] bucket=118 L2 active=wlan0 ch11  BL=[]
[RX  <- A] bucket=118  peer_BL=[]  my_BL=[]
[20:11:52] HOP bucket=119 L2 active=wlan1 ch6  | prep wlan0 ch7  | BL=[]
[TX  ->  *] bucket=119 L2 active=wlan1 ch6  BL=[]
[20:11:54] HOP bucket=120 L2 active=wlan0 ch7  | prep wlan1 ch9  | BL=[]
[TX  ->  *] bucket=120 L2 active=wlan0 ch7  BL=[]
[20:11:56] HOP bucket=121 L2 active=wlan1 ch9  | prep wlan0 ch7  | BL=[]
[TX  ->  *] bucket=121 L2 active=wlan1 ch9  BL=[]
[RX  <- A] bucket=121  peer_BL=[]  my_BL=[]
[20:11:58] HOP bucket=122 L2 active=wlan0 ch7  | prep wlan1 ch7  | BL=[]
[TX  ->  *] bucket=122 L2 active=wlan0 ch7  BL=[]
[20:12:00] HOP bucket=123 L2 active=wlan1 ch7  | prep wlan0 ch5  | BL=[]
[TX  ->  *] bucket=123 L2 active=wlan1 ch7  BL=[]
[20:12:02] HOP bucket=124 L2 active=wlan0 ch5  | prep wlan1 ch5  | BL=[]
[RX  <- A] bucket=124  peer_BL=[]  my_BL=[]
[TX  ->  *] bucket=124 L2 active=wlan0 ch5  BL=[]
[20:12:04] HOP bucket=125 L2 active=wlan1 ch5  | prep wlan0 ch8  | BL=[]
[RX  <- A] bucket=125  peer_BL=[]  my_BL=[]
[TX  ->  *] bucket=125 L2 active=wlan1 ch5  BL=[]
[20:12:06] HOP bucket=126 L2 active=wlan0 ch8  | prep wlan1 ch11  | BL=[]
[TX  ->  *] bucket=126 L2 active=wlan0 ch8  BL=[]
[RX  <- A] bucket=126  peer_BL=[]  my_BL=[]
[20:12:08] HOP bucket=127 L2 active=wlan1 ch11  | prep wlan0 ch3  | BL=[]
[TX  ->  *] bucket=127 L2 active=wlan1 ch11  BL=[]
[RX  <- A] bucket=127  peer_BL=[]  my_BL=[]
[20:12:10] HOP bucket=128 L2 active=wlan0 ch3  | prep wlan1 ch10  | BL=[]
[TX  ->  *] bucket=128 L2 active=wlan0 ch3  BL=[]
[RX  <- A] bucket=128  peer_BL=[]  my_BL=[]
[20:12:12] HOP bucket=129 L2 active=wlan1 ch10  | prep wlan0 ch7  | BL=[]
[TX  ->  *] bucket=129 L2 active=wlan1 ch10  BL=[]
[RX  <- A] bucket=129  peer_BL=[]  my_BL=[]
[20:12:14] HOP bucket=130 L2 active=wlan0 ch7  | prep wlan1 ch8  | BL=[]
[TX  ->  *] bucket=130 L2 active=wlan0 ch7  BL=[]
[20:12:16] HOP bucket=131 L2 active=wlan1 ch8  | prep wlan0 ch6  | BL=[]
[TX  ->  *] bucket=131 L2 active=wlan1 ch8  BL=[]
[RX  <- A] bucket=131  peer_BL=[]  my_BL=[]
[20:12:18] HOP bucket=132 L2 active=wlan0 ch6  | prep wlan1 ch7  | BL=[]
[TX  ->  *] bucket=132 L2 active=wlan0 ch6  BL=[]
[20:12:20] HOP bucket=133 L2 active=wlan1 ch7  | prep wlan0 ch8  | BL=[]
[TX  ->  *] bucket=133 L2 active=wlan1 ch7  BL=[]
[20:12:22] HOP bucket=134 L2 active=wlan0 ch8  | prep wlan1 ch8  | BL=[]
[TX  ->  *] bucket=134 L2 active=wlan0 ch8  BL=[]
[RX  <- A] bucket=134  peer_BL=[]  my_BL=[]
[20:12:24] HOP bucket=135 L2 active=wlan1 ch8  | prep wlan0 ch6  | BL=[]
[TX  ->  *] bucket=135 L2 active=wlan1 ch8  BL=[]
[RX  <- A] bucket=135  peer_BL=[]  my_BL=[]
[20:12:26] HOP bucket=136 L2 active=wlan0 ch6  | prep wlan1 ch11  | BL=[]
[TX  ->  *] bucket=136 L2 active=wlan0 ch6  BL=[]
[20:12:28] HOP bucket=137 L2 active=wlan1 ch11  | prep wlan0 ch3  | BL=[]
[TX  ->  *] bucket=137 L2 active=wlan1 ch11  BL=[]
[RX  <- A] bucket=137  peer_BL=[]  my_BL=[]
[20:12:30] HOP bucket=138 L2 active=wlan0 ch3  | prep wlan1 ch6  | BL=[]
[RX  <- A] bucket=138  peer_BL=[]  my_BL=[]
[TX  ->  *] bucket=138 L2 active=wlan0 ch3  BL=[]
[20:12:32] HOP bucket=139 L2 active=wlan1 ch6  | prep wlan0 ch10  | BL=[]
[TX  ->  *] bucket=139 L2 active=wlan1 ch6  BL=[]
[20:12:34] HOP bucket=140 L2 active=wlan0 ch10  | prep wlan1 ch8  | BL=[]
[RX  <- A] bucket=140  peer_BL=[]  my_BL=[]
[TX  ->  *] bucket=140 L2 active=wlan0 ch10  BL=[]
[20:12:36] HOP bucket=141 L2 active=wlan1 ch8  | prep wlan0 ch7  | BL=[]
[TX  ->  *] bucket=141 L2 active=wlan1 ch8  BL=[]
[RX  <- A] bucket=141  peer_BL=[]  my_BL=[]
[20:12:38] HOP bucket=142 L2 active=wlan0 ch7  | prep wlan1 ch3  | BL=[]
[TX  ->  *] bucket=142 L2 active=wlan0 ch7  BL=[]
[20:12:40] HOP bucket=143 L2 active=wlan1 ch3  | prep wlan0 ch4  | BL=[]
[RX  <- A] bucket=143  peer_BL=[]  my_BL=[]
[TX  ->  *] bucket=143 L2 active=wlan1 ch3  BL=[]
[20:12:42] HOP bucket=144 L2 active=wlan0 ch4  | prep wlan1 ch3  | BL=[]
[RX  <- A] bucket=144  peer_BL=[]  my_BL=[]
[TX  ->  *] bucket=144 L2 active=wlan0 ch4  BL=[]
[20:12:44] HOP bucket=145 L2 active=wlan1 ch3  | prep wlan0 ch6  | BL=[]
[RX  <- A] bucket=145  peer_BL=[]  my_BL=[]
[TX  ->  *] bucket=145 L2 active=wlan1 ch3  BL=[]
[20:12:46] HOP bucket=146 L2 active=wlan0 ch6  | prep wlan1 ch5  | BL=[]
[TX  ->  *] bucket=146 L2 active=wlan0 ch6  BL=[]
[20:12:48] HOP bucket=147 L2 active=wlan1 ch5  | prep wlan0 ch11  | BL=[]
[TX  ->  *] bucket=147 L2 active=wlan1 ch5  BL=[]
[RX  <- A] bucket=147  peer_BL=[]  my_BL=[]
[20:12:50] HOP bucket=148 L2 active=wlan0 ch11  | prep wlan1 ch11  | BL=[]
[TX  ->  *] bucket=148 L2 active=wlan0 ch11  BL=[]
[RX  <- A] bucket=148  peer_BL=[]  my_BL=[]
[20:12:52] HOP bucket=149 L2 active=wlan1 ch11  | prep wlan0 ch8  | BL=[]
[TX  ->  *] bucket=149 L2 active=wlan1 ch11  BL=[]
[RX  <- A] bucket=149  peer_BL=[]  my_BL=[]
[20:12:54] HOP bucket=150 L2 active=wlan0 ch8  | prep wlan1 ch7  | BL=[]
[TX  ->  *] bucket=150 L2 active=wlan0 ch8  BL=[]
[RX  <- A] bucket=150  peer_BL=[]  my_BL=[]
[20:12:56] HOP bucket=151 L2 active=wlan1 ch7  | prep wlan0 ch3  | BL=[]
[TX  ->  *] bucket=151 L2 active=wlan1 ch7  BL=[]
[20:12:58] HOP bucket=152 L2 active=wlan0 ch3  | prep wlan1 ch10  | BL=[]
[RX  <- A] bucket=152  peer_BL=[]  my_BL=[]
[TX  ->  *] bucket=152 L2 active=wlan0 ch3  BL=[]
[20:13:00] HOP bucket=153 L2 active=wlan1 ch10  | prep wlan0 ch9  | BL=[]
[TX  ->  *] bucket=153 L2 active=wlan1 ch10  BL=[]
[RX  <- A] bucket=153  peer_BL=[]  my_BL=[]
[20:13:02] HOP bucket=154 L2 active=wlan0 ch9  | prep wlan1 ch4  | BL=[]
[TX  ->  *] bucket=154 L2 active=wlan0 ch9  BL=[]
[RX  <- A] bucket=154  peer_BL=[]  my_BL=[]
[20:13:04] HOP bucket=155 L2 active=wlan1 ch4  | prep wlan0 ch3  | BL=[]
[TX  ->  *] bucket=155 L2 active=wlan1 ch4  BL=[]
[RX  <- A] bucket=155  peer_BL=[]  my_BL=[]
[20:13:06] HOP bucket=156 L2 active=wlan0 ch3  | prep wlan1 ch5  | BL=[]
[TX  ->  *] bucket=156 L2 active=wlan0 ch3  BL=[]
[RX  <- A] bucket=156  peer_BL=[]  my_BL=[]
[20:13:08] HOP bucket=157 L2 active=wlan1 ch5  | prep wlan0 ch5  | BL=[]
[TX  ->  *] bucket=157 L2 active=wlan1 ch5  BL=[]
[RX  <- A] bucket=157  peer_BL=[]  my_BL=[]
[20:13:10] HOP bucket=158 L2 active=wlan0 ch5  | prep wlan1 ch11  | BL=[]
[RX  <- A] bucket=158  peer_BL=[]  my_BL=[]
[TX  ->  *] bucket=158 L2 active=wlan0 ch5  BL=[]
[20:13:12] HOP bucket=159 L2 active=wlan1 ch11  | prep wlan0 ch6  | BL=[]
[TX  ->  *] bucket=159 L2 active=wlan1 ch11  BL=[]
[RX  <- A] bucket=159  peer_BL=[]  my_BL=[]
[20:13:14] HOP bucket=160 L2 active=wlan0 ch6  | prep wlan1 ch11  | BL=[]
[TX  ->  *] bucket=160 L2 active=wlan0 ch6  BL=[]
[RX  <- A] bucket=160  peer_BL=[]  my_BL=[]
[20:13:16] HOP bucket=161 L2 active=wlan1 ch11  | prep wlan0 ch9  | BL=[]
[TX  ->  *] bucket=161 L2 active=wlan1 ch11  BL=[]
[RX  <- A] bucket=161  peer_BL=[]  my_BL=[]
[20:13:18] HOP bucket=162 L2 active=wlan0 ch9  | prep wlan1 ch6  | BL=[]
[RX  <- A] bucket=162  peer_BL=[]  my_BL=[]
[TX  ->  *] bucket=162 L2 active=wlan0 ch9  BL=[]
[20:13:20] HOP bucket=163 L2 active=wlan1 ch6  | prep wlan0 ch6  | BL=[]
[TX  ->  *] bucket=163 L2 active=wlan1 ch6  BL=[]
[RX  <- A] bucket=163  peer_BL=[]  my_BL=[]
[20:13:22] HOP bucket=164 L2 active=wlan0 ch6  | prep wlan1 ch10  | BL=[]
[TX  ->  *] bucket=164 L2 active=wlan0 ch6  BL=[]
[RX  <- A] bucket=164  peer_BL=[]  my_BL=[]
[20:13:24] HOP bucket=165 L2 active=wlan1 ch10  | prep wlan0 ch6  | BL=[]
[RX  <- A] bucket=165  peer_BL=[]  my_BL=[]
[TX  ->  *] bucket=165 L2 active=wlan1 ch10  BL=[]
[20:13:26] HOP bucket=166 L2 active=wlan0 ch6  | prep wlan1 ch8  | BL=[]
[TX  ->  *] bucket=166 L2 active=wlan0 ch6  BL=[]
[RX  <- A] bucket=166  peer_BL=[]  my_BL=[]
[20:13:28] HOP bucket=167 L2 active=wlan1 ch8  | prep wlan0 ch10  | BL=[]
[TX  ->  *] bucket=167 L2 active=wlan1 ch8  BL=[]
[RX  <- A] bucket=167  peer_BL=[]  my_BL=[]
[20:13:30] HOP bucket=168 L2 active=wlan0 ch10  | prep wlan1 ch5  | BL=[]
[TX  ->  *] bucket=168 L2 active=wlan0 ch10  BL=[]
[RX  <- A] bucket=168  peer_BL=[]  my_BL=[]
[20:13:32] HOP bucket=169 L2 active=wlan1 ch5  | prep wlan0 ch4  | BL=[]
[TX  ->  *] bucket=169 L2 active=wlan1 ch5  BL=[]
[RX  <- A] bucket=169  peer_BL=[]  my_BL=[]
[20:13:34] HOP bucket=170 L2 active=wlan0 ch4  | prep wlan1 ch10  | BL=[]
[TX  ->  *] bucket=170 L2 active=wlan0 ch4  BL=[]
[RX  <- A] bucket=170  peer_BL=[]  my_BL=[]
[20:13:36] HOP bucket=171 L2 active=wlan1 ch10  | prep wlan0 ch3  | BL=[]
[TX  ->  *] bucket=171 L2 active=wlan1 ch10  BL=[]
[RX  <- A] bucket=171  peer_BL=[]  my_BL=[]
[20:13:38] HOP bucket=172 L2 active=wlan0 ch3  | prep wlan1 ch7  | BL=[]
[TX  ->  *] bucket=172 L2 active=wlan0 ch3  BL=[]
[RX  <- A] bucket=172  peer_BL=[]  my_BL=[]
[20:13:40] HOP bucket=173 L2 active=wlan1 ch7  | prep wlan0 ch3  | BL=[]
[TX  ->  *] bucket=173 L2 active=wlan1 ch7  BL=[]
[20:13:42] HOP bucket=174 L2 active=wlan0 ch3  | prep wlan1 ch7  | BL=[]
[TX  ->  *] bucket=174 L2 active=wlan0 ch3  BL=[]
[RX  <- A] bucket=174  peer_BL=[]  my_BL=[]
[20:13:44] HOP bucket=175 L2 active=wlan1 ch7  | prep wlan0 ch6  | BL=[]
[TX  ->  *] bucket=175 L2 active=wlan1 ch7  BL=[]
[20:13:46] HOP bucket=176 L2 active=wlan0 ch6  | prep wlan1 ch5  | BL=[]
[TX  ->  *] bucket=176 L2 active=wlan0 ch6  BL=[]
[RX  <- A] bucket=176  peer_BL=[]  my_BL=[]
[20:13:48] HOP bucket=177 L2 active=wlan1 ch5  | prep wlan0 ch8  | BL=[]
[TX  ->  *] bucket=177 L2 active=wlan1 ch5  BL=[]
[RX  <- A] bucket=177  peer_BL=[]  my_BL=[]
[20:13:50] HOP bucket=178 L2 active=wlan0 ch8  | prep wlan1 ch11  | BL=[]
[TX  ->  *] bucket=178 L2 active=wlan0 ch8  BL=[]
[RX  <- A] bucket=178  peer_BL=[]  my_BL=[]
[20:13:52] HOP bucket=179 L2 active=wlan1 ch11  | prep wlan0 ch10  | BL=[]
[TX  ->  *] bucket=179 L2 active=wlan1 ch11  BL=[]
[RX  <- A] bucket=179  peer_BL=[]  my_BL=[]
[20:13:54] HOP bucket=180 L2 active=wlan0 ch10  | prep wlan1 ch6  | BL=[]
[RX  <- A] bucket=180  peer_BL=[]  my_BL=[]
[TX  ->  *] bucket=180 L2 active=wlan0 ch10  BL=[]
[20:13:56] HOP bucket=181 L2 active=wlan1 ch6  | prep wlan0 ch10  | BL=[]
[RX  <- A] bucket=181  peer_BL=[]  my_BL=[]
[TX  ->  *] bucket=181 L2 active=wlan1 ch6  BL=[]
[20:13:58] HOP bucket=182 L2 active=wlan0 ch10  | prep wlan1 ch4  | BL=[]
[RX  <- A] bucket=182  peer_BL=[]  my_BL=[]
[TX  ->  *] bucket=182 L2 active=wlan0 ch10  BL=[]
[20:14:00] HOP bucket=183 L2 active=wlan1 ch4  | prep wlan0 ch6  | BL=[]
[TX  ->  *] bucket=183 L2 active=wlan1 ch4  BL=[]
[RX  <- A] bucket=183  peer_BL=[]  my_BL=[]
[20:14:02] HOP bucket=184 L2 active=wlan0 ch6  | prep wlan1 ch5  | BL=[]
[TX  ->  *] bucket=184 L2 active=wlan0 ch6  BL=[]
[RX  <- A] bucket=184  peer_BL=[]  my_BL=[]
[20:14:04] HOP bucket=185 L2 active=wlan1 ch5  | prep wlan0 ch3  | BL=[]
[TX  ->  *] bucket=185 L2 active=wlan1 ch5  BL=[]
[RX  <- A] bucket=185  peer_BL=[]  my_BL=[]
[20:14:06] HOP bucket=186 L2 active=wlan0 ch3  | prep wlan1 ch4  | BL=[]
[RX  <- A] bucket=186  peer_BL=[]  my_BL=[]
[TX  ->  *] bucket=186 L2 active=wlan0 ch3  BL=[]
[20:14:08] HOP bucket=187 L2 active=wlan1 ch4  | prep wlan0 ch4  | BL=[]
[RX  <- A] bucket=187  peer_BL=[]  my_BL=[]
[TX  ->  *] bucket=187 L2 active=wlan1 ch4  BL=[]
[20:14:10] HOP bucket=188 L2 active=wlan0 ch4  | prep wlan1 ch9  | BL=[]
[TX  ->  *] bucket=188 L2 active=wlan0 ch4  BL=[]
[RX  <- A] bucket=188  peer_BL=[]  my_BL=[]
[20:14:12] HOP bucket=189 L2 active=wlan1 ch9  | prep wlan0 ch11  | BL=[]
[RX  <- A] bucket=189  peer_BL=[]  my_BL=[]
[TX  ->  *] bucket=189 L2 active=wlan1 ch9  BL=[]
[20:14:14] HOP bucket=190 L2 active=wlan0 ch11  | prep wlan1 ch3  | BL=[]
[RX  <- A] bucket=190  peer_BL=[]  my_BL=[]
[TX  ->  *] bucket=190 L2 active=wlan0 ch11  BL=[]
[20:14:16] HOP bucket=191 L2 active=wlan1 ch3  | prep wlan0 ch9  | BL=[]
[RX  <- A] bucket=191  peer_BL=[]  my_BL=[]
[TX  ->  *] bucket=191 L2 active=wlan1 ch3  BL=[]
[20:14:18] HOP bucket=192 L2 active=wlan0 ch9  | prep wlan1 ch8  | BL=[]
[RX  <- A] bucket=192  peer_BL=[]  my_BL=[]
[TX  ->  *] bucket=192 L2 active=wlan0 ch9  BL=[]
[20:14:20] HOP bucket=193 L2 active=wlan1 ch8  | prep wlan0 ch9  | BL=[]
[RX  <- A] bucket=193  peer_BL=[]  my_BL=[]
[TX  ->  *] bucket=193 L2 active=wlan1 ch8  BL=[]
[20:14:22] HOP bucket=194 L2 active=wlan0 ch9  | prep wlan1 ch6  | BL=[]
[TX  ->  *] bucket=194 L2 active=wlan0 ch9  BL=[]
[RX  <- A] bucket=194  peer_BL=[]  my_BL=[]
[20:14:24] HOP bucket=195 L2 active=wlan1 ch6  | prep wlan0 ch11  | BL=[]
[TX  ->  *] bucket=195 L2 active=wlan1 ch6  BL=[]
[RX  <- A] bucket=195  peer_BL=[]  my_BL=[]
[20:14:26] HOP bucket=196 L2 active=wlan0 ch11  | prep wlan1 ch7  | BL=[]
[TX  ->  *] bucket=196 L2 active=wlan0 ch11  BL=[]
[RX  <- A] bucket=196  peer_BL=[]  my_BL=[]
[20:14:28] HOP bucket=197 L2 active=wlan1 ch7  | prep wlan0 ch10  | BL=[]
[TX  ->  *] bucket=197 L2 active=wlan1 ch7  BL=[]
[20:14:30] HOP bucket=198 L2 active=wlan0 ch10  | prep wlan1 ch5  | BL=[]
[RX  <- A] bucket=198  peer_BL=[]  my_BL=[]
[TX  ->  *] bucket=198 L2 active=wlan0 ch10  BL=[]
[20:14:32] HOP bucket=199 L2 active=wlan1 ch5  | prep wlan0 ch9  | BL=[]
[TX  ->  *] bucket=199 L2 active=wlan1 ch5  BL=[]
[RX  <- A] bucket=199  peer_BL=[]  my_BL=[]
[20:14:34] HOP bucket=200 L2 active=wlan0 ch9  | prep wlan1 ch3  | BL=[]
[RX  <- A] bucket=200  peer_BL=[]  my_BL=[]
[TX  ->  *] bucket=200 L2 active=wlan0 ch9  BL=[]
[20:14:36] HOP bucket=201 L2 active=wlan1 ch3  | prep wlan0 ch9  | BL=[]
[TX  ->  *] bucket=201 L2 active=wlan1 ch3  BL=[]
[RX  <- A] bucket=201  peer_BL=[]  my_BL=[]
[20:14:38] HOP bucket=202 L2 active=wlan0 ch9  | prep wlan1 ch6  | BL=[]
[RX  <- A] bucket=202  peer_BL=[]  my_BL=[]
[TX  ->  *] bucket=202 L2 active=wlan0 ch9  BL=[]
[20:14:40] HOP bucket=203 L2 active=wlan1 ch6  | prep wlan0 ch10  | BL=[]
[RX  <- A] bucket=203  peer_BL=[]  my_BL=[]
[TX  ->  *] bucket=203 L2 active=wlan1 ch6  BL=[]
[20:14:42] HOP bucket=204 L2 active=wlan0 ch10  | prep wlan1 ch11  | BL=[]
[TX  ->  *] bucket=204 L2 active=wlan0 ch10  BL=[]
[RX  <- A] bucket=204  peer_BL=[]  my_BL=[]
[20:14:44] HOP bucket=205 L2 active=wlan1 ch11  | prep wlan0 ch5  | BL=[]
[TX  ->  *] bucket=205 L2 active=wlan1 ch11  BL=[]
[RX  <- A] bucket=205  peer_BL=[]  my_BL=[]
[20:14:46] HOP bucket=206 L2 active=wlan0 ch5  | prep wlan1 ch6  | BL=[]
[RX  <- A] bucket=206  peer_BL=[]  my_BL=[]
[TX  ->  *] bucket=206 L2 active=wlan0 ch5  BL=[]
[20:14:48] HOP bucket=207 L2 active=wlan1 ch6  | prep wlan0 ch5  | BL=[]
[RX  <- A] bucket=207  peer_BL=[]  my_BL=[]
[TX  ->  *] bucket=207 L2 active=wlan1 ch6  BL=[]
[20:14:50] HOP bucket=208 L2 active=wlan0 ch5  | prep wlan1 ch11  | BL=[]
[TX  ->  *] bucket=208 L2 active=wlan0 ch5  BL=[]
[RX  <- A] bucket=208  peer_BL=[]  my_BL=[]
[20:14:52] HOP bucket=209 L2 active=wlan1 ch11  | prep wlan0 ch3  | BL=[]
[TX  ->  *] bucket=209 L2 active=wlan1 ch11  BL=[]
[RX  <- A] bucket=209  peer_BL=[]  my_BL=[]
[20:14:54] HOP bucket=210 L2 active=wlan0 ch3  | prep wlan1 ch7  | BL=[]
[RX  <- A] bucket=210  peer_BL=[]  my_BL=[]
[TX  ->  *] bucket=210 L2 active=wlan0 ch3  BL=[]
[20:14:56] HOP bucket=211 L2 active=wlan1 ch7  | prep wlan0 ch9  | BL=[]
[TX  ->  *] bucket=211 L2 active=wlan1 ch7  BL=[]
[20:14:58] HOP bucket=212 L2 active=wlan0 ch9  | prep wlan1 ch6  | BL=[]
[TX  ->  *] bucket=212 L2 active=wlan0 ch9  BL=[]
[RX  <- A] bucket=212  peer_BL=[]  my_BL=[]
[20:15:00] HOP bucket=213 L2 active=wlan1 ch6  | prep wlan0 ch9  | BL=[]
[TX  ->  *] bucket=213 L2 active=wlan1 ch6  BL=[]
[RX  <- A] bucket=213  peer_BL=[]  my_BL=[]
[20:15:02] HOP bucket=214 L2 active=wlan0 ch9  | prep wlan1 ch7  | BL=[]
[TX  ->  *] bucket=214 L2 active=wlan0 ch9  BL=[]
[RX  <- A] bucket=214  peer_BL=[]  my_BL=[]
[20:15:04] HOP bucket=215 L2 active=wlan1 ch7  | prep wlan0 ch4  | BL=[]
[TX  ->  *] bucket=215 L2 active=wlan1 ch7  BL=[]
[20:15:06] HOP bucket=216 L2 active=wlan0 ch4  | prep wlan1 ch9  | BL=[]
[TX  ->  *] bucket=216 L2 active=wlan0 ch4  BL=[]
[RX  <- A] bucket=216  peer_BL=[]  my_BL=[]
[20:15:08] HOP bucket=217 L2 active=wlan1 ch9  | prep wlan0 ch9  | BL=[]
[TX  ->  *] bucket=217 L2 active=wlan1 ch9  BL=[]
[RX  <- A] bucket=217  peer_BL=[]  my_BL=[]
[20:15:10] HOP bucket=218 L2 active=wlan0 ch9  | prep wlan1 ch3  | BL=[]
[TX  ->  *] bucket=218 L2 active=wlan0 ch9  BL=[]
[RX  <- A] bucket=218  peer_BL=[]  my_BL=[]
[20:15:12] HOP bucket=219 L2 active=wlan1 ch3  | prep wlan0 ch6  | BL=[]
[TX  ->  *] bucket=219 L2 active=wlan1 ch3  BL=[]
[RX  <- A] bucket=219  peer_BL=[]  my_BL=[]
[20:15:14] HOP bucket=220 L2 active=wlan0 ch6  | prep wlan1 ch9  | BL=[]
[TX  ->  *] bucket=220 L2 active=wlan0 ch6  BL=[]
[RX  <- A] bucket=220  peer_BL=[]  my_BL=[]
[20:15:16] HOP bucket=221 L2 active=wlan1 ch9  | prep wlan0 ch7  | BL=[]
[RX  <- A] bucket=221  peer_BL=[]  my_BL=[]
[TX  ->  *] bucket=221 L2 active=wlan1 ch9  BL=[]
[20:15:18] HOP bucket=222 L2 active=wlan0 ch7  | prep wlan1 ch7  | BL=[]
[TX  ->  *] bucket=222 L2 active=wlan0 ch7  BL=[]
[20:15:20] HOP bucket=223 L2 active=wlan1 ch7  | prep wlan0 ch8  | BL=[]
[TX  ->  *] bucket=223 L2 active=wlan1 ch7  BL=[]
[20:15:22] HOP bucket=224 L2 active=wlan0 ch8  | prep wlan1 ch8  | BL=[]
[TX  ->  *] bucket=224 L2 active=wlan0 ch8  BL=[]
[20:15:24] HOP bucket=225 L2 active=wlan1 ch8  | prep wlan0 ch10  | BL=[]
[TX  ->  *] bucket=225 L2 active=wlan1 ch8  BL=[]
[20:15:26] HOP bucket=226 L2 active=wlan0 ch10  | prep wlan1 ch8  | BL=[]
[RX  <- A] bucket=226  peer_BL=[]  my_BL=[]
[TX  ->  *] bucket=226 L2 active=wlan0 ch10  BL=[]
[20:15:28] HOP bucket=227 L2 active=wlan1 ch8  | prep wlan0 ch6  | BL=[]
[TX  ->  *] bucket=227 L2 active=wlan1 ch8  BL=[]
[20:15:30] HOP bucket=228 L2 active=wlan0 ch6  | prep wlan1 ch3  | BL=[]
[TX  ->  *] bucket=228 L2 active=wlan0 ch6  BL=[]
[RX  <- A] bucket=228  peer_BL=[]  my_BL=[]
[20:15:32] HOP bucket=229 L2 active=wlan1 ch3  | prep wlan0 ch4  | BL=[]
[TX  ->  *] bucket=229 L2 active=wlan1 ch3  BL=[]
[RX  <- A] bucket=229  peer_BL=[]  my_BL=[]
[20:15:34] HOP bucket=230 L2 active=wlan0 ch4  | prep wlan1 ch3  | BL=[]
[RX  <- A] bucket=230  peer_BL=[]  my_BL=[]
[TX  ->  *] bucket=230 L2 active=wlan0 ch4  BL=[]
[20:15:36] HOP bucket=231 L2 active=wlan1 ch3  | prep wlan0 ch7  | BL=[]
[TX  ->  *] bucket=231 L2 active=wlan1 ch3  BL=[]
[RX  <- A] bucket=231  peer_BL=[]  my_BL=[]
[20:15:38] HOP bucket=232 L2 active=wlan0 ch7  | prep wlan1 ch6  | BL=[]
[TX  ->  *] bucket=232 L2 active=wlan0 ch7  BL=[]
[20:15:40] HOP bucket=233 L2 active=wlan1 ch6  | prep wlan0 ch9  | BL=[]
[RX  <- A] bucket=233  peer_BL=[]  my_BL=[]
[TX  ->  *] bucket=233 L2 active=wlan1 ch6  BL=[]
[20:15:42] HOP bucket=234 L2 active=wlan0 ch9  | prep wlan1 ch7  | BL=[]
[RX  <- A] bucket=234  peer_BL=[]  my_BL=[]
[TX  ->  *] bucket=234 L2 active=wlan0 ch9  BL=[]
[20:15:44] HOP bucket=235 L2 active=wlan1 ch7  | prep wlan0 ch11  | BL=[]
[TX  ->  *] bucket=235 L2 active=wlan1 ch7  BL=[]
[20:15:46] HOP bucket=236 L2 active=wlan0 ch11  | prep wlan1 ch5  | BL=[]
[RX  <- A] bucket=236  peer_BL=[]  my_BL=[]
[TX  ->  *] bucket=236 L2 active=wlan0 ch11  BL=[]
[20:15:48] HOP bucket=237 L2 active=wlan1 ch5  | prep wlan0 ch9  | BL=[]
[TX  ->  *] bucket=237 L2 active=wlan1 ch5  BL=[]
[20:15:50] HOP bucket=238 L2 active=wlan0 ch9  | prep wlan1 ch6  | BL=[]
[RX  <- A] bucket=238  peer_BL=[]  my_BL=[]
[TX  ->  *] bucket=238 L2 active=wlan0 ch9  BL=[]
[20:15:52] HOP bucket=239 L2 active=wlan1 ch6  | prep wlan0 ch7  | BL=[]
[RX  <- A] bucket=239  peer_BL=[]  my_BL=[]
[TX  ->  *] bucket=239 L2 active=wlan1 ch6  BL=[]
[20:15:54] HOP bucket=240 L2 active=wlan0 ch7  | prep wlan1 ch10  | BL=[]
[TX  ->  *] bucket=240 L2 active=wlan0 ch7  BL=[]
[20:15:56] HOP bucket=241 L2 active=wlan1 ch10  | prep wlan0 ch4  | BL=[]
[RX  <- A] bucket=241  peer_BL=[]  my_BL=[]
[TX  ->  *] bucket=241 L2 active=wlan1 ch10  BL=[]
[20:15:58] HOP bucket=242 L2 active=wlan0 ch4  | prep wlan1 ch6  | BL=[]
[RX  <- A] bucket=242  peer_BL=[]  my_BL=[]
[TX  ->  *] bucket=242 L2 active=wlan0 ch4  BL=[]
[20:16:00] HOP bucket=243 L2 active=wlan1 ch6  | prep wlan0 ch7  | BL=[]
[TX  ->  *] bucket=243 L2 active=wlan1 ch6  BL=[]
[RX  <- A] bucket=243  peer_BL=[]  my_BL=[]
[20:16:02] HOP bucket=244 L2 active=wlan0 ch7  | prep wlan1 ch9  | BL=[]
[TX  ->  *] bucket=244 L2 active=wlan0 ch7  BL=[]
[20:16:04] HOP bucket=245 L2 active=wlan1 ch9  | prep wlan0 ch9  | BL=[]
[TX  ->  *] bucket=245 L2 active=wlan1 ch9  BL=[]
[RX  <- A] bucket=245  peer_BL=[]  my_BL=[]
[20:16:06] HOP bucket=246 L2 active=wlan0 ch9  | prep wlan1 ch10  | BL=[]
[TX  ->  *] bucket=246 L2 active=wlan0 ch9  BL=[]
[RX  <- A] bucket=246  peer_BL=[]  my_BL=[]
[20:16:08] HOP bucket=247 L2 active=wlan1 ch10  | prep wlan0 ch8  | BL=[]
[TX  ->  *] bucket=247 L2 active=wlan1 ch10  BL=[]
[RX  <- A] bucket=247  peer_BL=[]  my_BL=[]
[20:16:10] HOP bucket=248 L2 active=wlan0 ch8  | prep wlan1 ch8  | BL=[]
[TX  ->  *] bucket=248 L2 active=wlan0 ch8  BL=[]
[20:16:12] HOP bucket=249 L2 active=wlan1 ch8  | prep wlan0 ch3  | BL=[]
[TX  ->  *] bucket=249 L2 active=wlan1 ch8  BL=[]
[20:16:14] HOP bucket=250 L2 active=wlan0 ch3  | prep wlan1 ch11  | BL=[]
[TX  ->  *] bucket=250 L2 active=wlan0 ch3  BL=[]
[RX  <- A] bucket=250  peer_BL=[]  my_BL=[]
[20:16:16] HOP bucket=251 L2 active=wlan1 ch11  | prep wlan0 ch5  | BL=[]
[TX  ->  *] bucket=251 L2 active=wlan1 ch11  BL=[]
[RX  <- A] bucket=251  peer_BL=[]  my_BL=[]
[20:16:18] HOP bucket=252 L2 active=wlan0 ch5  | prep wlan1 ch11  | BL=[]
[TX  ->  *] bucket=252 L2 active=wlan0 ch5  BL=[]
[20:16:20] HOP bucket=253 L2 active=wlan1 ch11  | prep wlan0 ch8  | BL=[]
[TX  ->  *] bucket=253 L2 active=wlan1 ch11  BL=[]
[RX  <- A] bucket=253  peer_BL=[]  my_BL=[]
[20:16:22] HOP bucket=254 L2 active=wlan0 ch8  | prep wlan1 ch8  | BL=[]
[TX  ->  *] bucket=254 L2 active=wlan0 ch8  BL=[]
[20:16:24] HOP bucket=255 L2 active=wlan1 ch8  | prep wlan0 ch5  | BL=[]
[TX  ->  *] bucket=255 L2 active=wlan1 ch8  BL=[]
[20:16:26] HOP bucket=256 L2 active=wlan0 ch5  | prep wlan1 ch10  | BL=[]
[TX  ->  *] bucket=256 L2 active=wlan0 ch5  BL=[]
[20:16:28] HOP bucket=257 L2 active=wlan1 ch10  | prep wlan0 ch4  | BL=[]
[RX  <- A] bucket=257  peer_BL=[]  my_BL=[]
[TX  ->  *] bucket=257 L2 active=wlan1 ch10  BL=[]
[20:16:30] HOP bucket=258 L2 active=wlan0 ch4  | prep wlan1 ch5  | BL=[]
[RX  <- A] bucket=258  peer_BL=[]  my_BL=[]
[TX  ->  *] bucket=258 L2 active=wlan0 ch4  BL=[]
[20:16:32] HOP bucket=259 L2 active=wlan1 ch5  | prep wlan0 ch8  | BL=[]
[TX  ->  *] bucket=259 L2 active=wlan1 ch5  BL=[]
[20:16:34] HOP bucket=260 L2 active=wlan0 ch8  | prep wlan1 ch3  | BL=[]
[TX  ->  *] bucket=260 L2 active=wlan0 ch8  BL=[]
[20:16:36] HOP bucket=261 L2 active=wlan1 ch3  | prep wlan0 ch8  | BL=[]
[TX  ->  *] bucket=261 L2 active=wlan1 ch3  BL=[]
[RX  <- A] bucket=261  peer_BL=[]  my_BL=[]
[20:16:38] HOP bucket=262 L2 active=wlan0 ch8  | prep wlan1 ch3  | BL=[]
[TX  ->  *] bucket=262 L2 active=wlan0 ch8  BL=[]
[20:16:40] HOP bucket=263 L2 active=wlan1 ch3  | prep wlan0 ch9  | BL=[]
[RX  <- A] bucket=263  peer_BL=[]  my_BL=[]
[TX  ->  *] bucket=263 L2 active=wlan1 ch3  BL=[]
[20:16:42] HOP bucket=264 L2 active=wlan0 ch9  | prep wlan1 ch6  | BL=[]
[TX  ->  *] bucket=264 L2 active=wlan0 ch9  BL=[]
[RX  <- A] bucket=264  peer_BL=[]  my_BL=[]
[20:16:44] HOP bucket=265 L2 active=wlan1 ch6  | prep wlan0 ch8  | BL=[]
[TX  ->  *] bucket=265 L2 active=wlan1 ch6  BL=[]
[RX  <- A] bucket=265  peer_BL=[]  my_BL=[]
[20:16:46] HOP bucket=266 L2 active=wlan0 ch8  | prep wlan1 ch6  | BL=[]
[TX  ->  *] bucket=266 L2 active=wlan0 ch8  BL=[]
[20:16:48] HOP bucket=267 L2 active=wlan1 ch6  | prep wlan0 ch9  | BL=[]
[TX  ->  *] bucket=267 L2 active=wlan1 ch6  BL=[]
[RX  <- A] bucket=267  peer_BL=[]  my_BL=[]
[20:16:50] HOP bucket=268 L2 active=wlan0 ch9  | prep wlan1 ch7  | BL=[]
[TX  ->  *] bucket=268 L2 active=wlan0 ch9  BL=[]
[RX  <- A] bucket=268  peer_BL=[]  my_BL=[]
[20:16:52] HOP bucket=269 L2 active=wlan1 ch7  | prep wlan0 ch11  | BL=[]
[TX  ->  *] bucket=269 L2 active=wlan1 ch7  BL=[]
[20:16:54] HOP bucket=270 L2 active=wlan0 ch11  | prep wlan1 ch6  | BL=[]
[TX  ->  *] bucket=270 L2 active=wlan0 ch11  BL=[]
[RX  <- A] bucket=270  peer_BL=[]  my_BL=[]
[20:16:56] HOP bucket=271 L2 active=wlan1 ch6  | prep wlan0 ch7  | BL=[]
[TX  ->  *] bucket=271 L2 active=wlan1 ch6  BL=[]
[RX  <- A] bucket=271  peer_BL=[]  my_BL=[]
[20:16:58] HOP bucket=272 L2 active=wlan0 ch7  | prep wlan1 ch8  | BL=[]
[TX  ->  *] bucket=272 L2 active=wlan0 ch7  BL=[]
[RX  <- A] bucket=272  peer_BL=[]  my_BL=[]
[20:17:00] HOP bucket=273 L2 active=wlan1 ch8  | prep wlan0 ch7  | BL=[]
[TX  ->  *] bucket=273 L2 active=wlan1 ch8  BL=[]
[RX  <- A] bucket=273  peer_BL=[]  my_BL=[]
[20:17:02] HOP bucket=274 L2 active=wlan0 ch7  | prep wlan1 ch8  | BL=[]
[RX  <- A] bucket=274  peer_BL=[]  my_BL=[]
[TX  ->  *] bucket=274 L2 active=wlan0 ch7  BL=[]
[20:17:04] HOP bucket=275 L2 active=wlan1 ch8  | prep wlan0 ch5  | BL=[]
[TX  ->  *] bucket=275 L2 active=wlan1 ch8  BL=[]
[RX  <- A] bucket=275  peer_BL=[]  my_BL=[]
[20:17:06] HOP bucket=276 L2 active=wlan0 ch5  | prep wlan1 ch6  | BL=[]
[TX  ->  *] bucket=276 L2 active=wlan0 ch5  BL=[]
[RX  <- A] bucket=276  peer_BL=[]  my_BL=[]
[20:17:08] HOP bucket=277 L2 active=wlan1 ch6  | prep wlan0 ch10  | BL=[]
[RX  <- A] bucket=277  peer_BL=[]  my_BL=[]
[TX  ->  *] bucket=277 L2 active=wlan1 ch6  BL=[]
[20:17:10] HOP bucket=278 L2 active=wlan0 ch10  | prep wlan1 ch4  | BL=[]
[RX  <- A] bucket=278  peer_BL=[]  my_BL=[]
[TX  ->  *] bucket=278 L2 active=wlan0 ch10  BL=[]
[20:17:12] HOP bucket=279 L2 active=wlan1 ch4  | prep wlan0 ch5  | BL=[]
[TX  ->  *] bucket=279 L2 active=wlan1 ch4  BL=[]
[RX  <- A] bucket=279  peer_BL=[]  my_BL=[]
[20:17:14] HOP bucket=280 L2 active=wlan0 ch5  | prep wlan1 ch3  | BL=[]
[TX  ->  *] bucket=280 L2 active=wlan0 ch5  BL=[]
[RX  <- A] bucket=280  peer_BL=[]  my_BL=[]
[20:17:16] HOP bucket=281 L2 active=wlan1 ch3  | prep wlan0 ch10  | BL=[]
[TX  ->  *] bucket=281 L2 active=wlan1 ch3  BL=[]
[RX  <- A] bucket=281  peer_BL=[]  my_BL=[]
[20:17:18] HOP bucket=282 L2 active=wlan0 ch10  | prep wlan1 ch6  | BL=[]
[TX  ->  *] bucket=282 L2 active=wlan0 ch10  BL=[]
[RX  <- A] bucket=282  peer_BL=[]  my_BL=[]
[20:17:20] HOP bucket=283 L2 active=wlan1 ch6  | prep wlan0 ch11  | BL=[]
[TX  ->  *] bucket=283 L2 active=wlan1 ch6  BL=[]
[RX  <- A] bucket=283  peer_BL=[]  my_BL=[]
[20:17:22] HOP bucket=284 L2 active=wlan0 ch11  | prep wlan1 ch3  | BL=[]
[TX  ->  *] bucket=284 L2 active=wlan0 ch11  BL=[]
[RX  <- A] bucket=284  peer_BL=[]  my_BL=[]
[20:17:24] HOP bucket=285 L2 active=wlan1 ch3  | prep wlan0 ch10  | BL=[]
[TX  ->  *] bucket=285 L2 active=wlan1 ch3  BL=[]
[RX  <- A] bucket=285  peer_BL=[]  my_BL=[]
[20:17:26] HOP bucket=286 L2 active=wlan0 ch10  | prep wlan1 ch5  | BL=[]
[RX  <- A] bucket=286  peer_BL=[]  my_BL=[]
[TX  ->  *] bucket=286 L2 active=wlan0 ch10  BL=[]
[20:17:28] HOP bucket=287 L2 active=wlan1 ch5  | prep wlan0 ch4  | BL=[]
[RX  <- A] bucket=287  peer_BL=[]  my_BL=[]
[TX  ->  *] bucket=287 L2 active=wlan1 ch5  BL=[]
[20:17:30] HOP bucket=288 L2 active=wlan0 ch4  | prep wlan1 ch8  | BL=[]
[RX  <- A] bucket=288  peer_BL=[]  my_BL=[]
[TX  ->  *] bucket=288 L2 active=wlan0 ch4  BL=[]
[20:17:32] HOP bucket=289 L2 active=wlan1 ch8  | prep wlan0 ch3  | BL=[]
[TX  ->  *] bucket=289 L2 active=wlan1 ch8  BL=[]
[RX  <- A] bucket=289  peer_BL=[]  my_BL=[]
[20:17:34] HOP bucket=290 L2 active=wlan0 ch3  | prep wlan1 ch6  | BL=[]
[TX  ->  *] bucket=290 L2 active=wlan0 ch3  BL=[]
[RX  <- A] bucket=290  peer_BL=[]  my_BL=[]
[20:17:36] HOP bucket=291 L2 active=wlan1 ch6  | prep wlan0 ch11  | BL=[]
[TX  ->  *] bucket=291 L2 active=wlan1 ch6  BL=[]
[RX  <- A] bucket=291  peer_BL=[]  my_BL=[]
[20:17:38] HOP bucket=292 L2 active=wlan0 ch11  | prep wlan1 ch3  | BL=[]
[RX  <- A] bucket=292  peer_BL=[]  my_BL=[]
[TX  ->  *] bucket=292 L2 active=wlan0 ch11  BL=[]
[20:17:40] HOP bucket=293 L2 active=wlan1 ch3  | prep wlan0 ch10  | BL=[]
[TX  ->  *] bucket=293 L2 active=wlan1 ch3  BL=[]
[RX  <- A] bucket=293  peer_BL=[]  my_BL=[]
[20:17:42] HOP bucket=294 L2 active=wlan0 ch10  | prep wlan1 ch9  | BL=[]
[RX  <- A] bucket=294  peer_BL=[]  my_BL=[]
[TX  ->  *] bucket=294 L2 active=wlan0 ch10  BL=[]
[20:17:44] HOP bucket=295 L2 active=wlan1 ch9  | prep wlan0 ch8  | BL=[]
[RX  <- A] bucket=295  peer_BL=[]  my_BL=[]
[TX  ->  *] bucket=295 L2 active=wlan1 ch9  BL=[]
[20:17:46] HOP bucket=296 L2 active=wlan0 ch8  | prep wlan1 ch8  | BL=[]
[TX  ->  *] bucket=296 L2 active=wlan0 ch8  BL=[]
[RX  <- A] bucket=296  peer_BL=[]  my_BL=[]
[20:17:48] HOP bucket=297 L2 active=wlan1 ch8  | prep wlan0 ch5  | BL=[]
[TX  ->  *] bucket=297 L2 active=wlan1 ch8  BL=[]
[RX  <- A] bucket=297  peer_BL=[]  my_BL=[]
[20:17:50] HOP bucket=298 L2 active=wlan0 ch5  | prep wlan1 ch7  | BL=[]
[RX  <- A] bucket=298  peer_BL=[]  my_BL=[]
[TX  ->  *] bucket=298 L2 active=wlan0 ch5  BL=[]
[20:17:52] HOP bucket=299 L2 active=wlan1 ch7  | prep wlan0 ch8  | BL=[]
[TX  ->  *] bucket=299 L2 active=wlan1 ch7  BL=[]
[RX  <- A] bucket=299  peer_BL=[]  my_BL=[]
[20:17:54] HOP bucket=300 L2 active=wlan0 ch8  | prep wlan1 ch4  | BL=[]
[RX  <- A] bucket=300  peer_BL=[]  my_BL=[]
[TX  ->  *] bucket=300 L2 active=wlan0 ch8  BL=[]
[20:17:56] HOP bucket=301 L2 active=wlan1 ch4  | prep wlan0 ch10  | BL=[]
[TX  ->  *] bucket=301 L2 active=wlan1 ch4  BL=[]
[RX  <- A] bucket=301  peer_BL=[]  my_BL=[]
[20:17:58] HOP bucket=302 L2 active=wlan0 ch10  | prep wlan1 ch4  | BL=[]
[TX  ->  *] bucket=302 L2 active=wlan0 ch10  BL=[]
[RX  <- A] bucket=302  peer_BL=[]  my_BL=[]
[20:18:00] HOP bucket=303 L2 active=wlan1 ch4  | prep wlan0 ch5  | BL=[]
[TX  ->  *] bucket=303 L2 active=wlan1 ch4  BL=[]
[RX  <- A] bucket=303  peer_BL=[]  my_BL=[]
[20:18:02] HOP bucket=304 L2 active=wlan0 ch5  | prep wlan1 ch9  | BL=[]
[TX  ->  *] bucket=304 L2 active=wlan0 ch5  BL=[]
[RX  <- A] bucket=304  peer_BL=[]  my_BL=[]
[20:18:04] HOP bucket=305 L2 active=wlan1 ch9  | prep wlan0 ch9  | BL=[]
[TX  ->  *] bucket=305 L2 active=wlan1 ch9  BL=[]
[RX  <- A] bucket=305  peer_BL=[]  my_BL=[]
[20:18:06] HOP bucket=306 L2 active=wlan0 ch9  | prep wlan1 ch3  | BL=[]
[TX  ->  *] bucket=306 L2 active=wlan0 ch9  BL=[]
[RX  <- A] bucket=306  peer_BL=[]  my_BL=[]
[20:18:08] HOP bucket=307 L2 active=wlan1 ch3  | prep wlan0 ch3  | BL=[]
[TX  ->  *] bucket=307 L2 active=wlan1 ch3  BL=[]
[20:18:10] HOP bucket=308 L2 active=wlan0 ch3  | prep wlan1 ch11  | BL=[]
[TX  ->  *] bucket=308 L2 active=wlan0 ch3  BL=[]
[20:18:12] HOP bucket=309 L2 active=wlan1 ch11  | prep wlan0 ch10  | BL=[]
[RX  <- A] bucket=309  peer_BL=[]  my_BL=[]
[TX  ->  *] bucket=309 L2 active=wlan1 ch11  BL=[]
[20:18:14] HOP bucket=310 L2 active=wlan0 ch10  | prep wlan1 ch10  | BL=[]
[RX  <- A] bucket=310  peer_BL=[]  my_BL=[]
[TX  ->  *] bucket=310 L2 active=wlan0 ch10  BL=[]
[20:18:16] HOP bucket=311 L2 active=wlan1 ch10  | prep wlan0 ch3  | BL=[]
[RX  <- A] bucket=311  peer_BL=[]  my_BL=[]
[TX  ->  *] bucket=311 L2 active=wlan1 ch10  BL=[]
[20:18:18] HOP bucket=312 L2 active=wlan0 ch3  | prep wlan1 ch9  | BL=[]
[TX  ->  *] bucket=312 L2 active=wlan0 ch3  BL=[]
[20:18:20] HOP bucket=313 L2 active=wlan1 ch9  | prep wlan0 ch4  | BL=[]
[TX  ->  *] bucket=313 L2 active=wlan1 ch9  BL=[]
[RX  <- A] bucket=313  peer_BL=[]  my_BL=[]
[20:18:22] HOP bucket=314 L2 active=wlan0 ch4  | prep wlan1 ch8  | BL=[]
[TX  ->  *] bucket=314 L2 active=wlan0 ch4  BL=[]
[RX  <- A] bucket=314  peer_BL=[]  my_BL=[]
[20:18:24] HOP bucket=315 L2 active=wlan1 ch8  | prep wlan0 ch11  | BL=[]
[RX  <- A] bucket=315  peer_BL=[]  my_BL=[]
[TX  ->  *] bucket=315 L2 active=wlan1 ch8  BL=[]
[20:18:26] HOP bucket=316 L2 active=wlan0 ch11  | prep wlan1 ch6  | BL=[]
[RX  <- A] bucket=316  peer_BL=[]  my_BL=[]
[TX  ->  *] bucket=316 L2 active=wlan0 ch11  BL=[]
[20:18:28] HOP bucket=317 L2 active=wlan1 ch6  | prep wlan0 ch5  | BL=[]
[RX  <- A] bucket=317  peer_BL=[]  my_BL=[]
[TX  ->  *] bucket=317 L2 active=wlan1 ch6  BL=[]
[20:18:30] HOP bucket=318 L2 active=wlan0 ch5  | prep wlan1 ch10  | BL=[]
[TX  ->  *] bucket=318 L2 active=wlan0 ch5  BL=[]
[RX  <- A] bucket=318  peer_BL=[]  my_BL=[]
[20:18:32] HOP bucket=319 L2 active=wlan1 ch10  | prep wlan0 ch9  | BL=[]
[TX  ->  *] bucket=319 L2 active=wlan1 ch10  BL=[]
[RX  <- A] bucket=319  peer_BL=[]  my_BL=[]
[20:18:34] HOP bucket=320 L2 active=wlan0 ch9  | prep wlan1 ch9  | BL=[]
[RX  <- A] bucket=320  peer_BL=[]  my_BL=[]
[TX  ->  *] bucket=320 L2 active=wlan0 ch9  BL=[]
[20:18:36] HOP bucket=321 L2 active=wlan1 ch9  | prep wlan0 ch3  | BL=[]
[RX  <- A] bucket=321  peer_BL=[]  my_BL=[]
[TX  ->  *] bucket=321 L2 active=wlan1 ch9  BL=[]
[20:18:38] HOP bucket=322 L2 active=wlan0 ch3  | prep wlan1 ch6  | BL=[]
[TX  ->  *] bucket=322 L2 active=wlan0 ch3  BL=[]
[20:18:40] HOP bucket=323 L2 active=wlan1 ch6  | prep wlan0 ch10  | BL=[]
[RX  <- A] bucket=323  peer_BL=[]  my_BL=[]
[TX  ->  *] bucket=323 L2 active=wlan1 ch6  BL=[]
[20:18:42] HOP bucket=324 L2 active=wlan0 ch10  | prep wlan1 ch7  | BL=[]
[TX  ->  *] bucket=324 L2 active=wlan0 ch10  BL=[]
[RX  <- A] bucket=324  peer_BL=[]  my_BL=[]
[20:18:44] HOP bucket=325 L2 active=wlan1 ch7  | prep wlan0 ch9  | BL=[]
[TX  ->  *] bucket=325 L2 active=wlan1 ch7  BL=[]
[RX  <- A] bucket=325  peer_BL=[]  my_BL=[]
[20:18:46] HOP bucket=326 L2 active=wlan0 ch9  | prep wlan1 ch4  | BL=[]
[TX  ->  *] bucket=326 L2 active=wlan0 ch9  BL=[]
[RX  <- A] bucket=326  peer_BL=[]  my_BL=[]
[20:18:48] HOP bucket=327 L2 active=wlan1 ch4  | prep wlan0 ch9  | BL=[]
[RX  <- A] bucket=327  peer_BL=[]  my_BL=[]
[TX  ->  *] bucket=327 L2 active=wlan1 ch4  BL=[]
[20:18:50] HOP bucket=328 L2 active=wlan0 ch9  | prep wlan1 ch4  | BL=[]
[RX  <- A] bucket=328  peer_BL=[]  my_BL=[]
[TX  ->  *] bucket=328 L2 active=wlan0 ch9  BL=[]
[20:18:52] HOP bucket=329 L2 active=wlan1 ch4  | prep wlan0 ch5  | BL=[]
[TX  ->  *] bucket=329 L2 active=wlan1 ch4  BL=[]
[RX  <- A] bucket=329  peer_BL=[]  my_BL=[]
[20:18:54] HOP bucket=330 L2 active=wlan0 ch5  | prep wlan1 ch11  | BL=[]
[TX  ->  *] bucket=330 L2 active=wlan0 ch5  BL=[]
[RX  <- A] bucket=330  peer_BL=[]  my_BL=[]
[20:18:56] HOP bucket=331 L2 active=wlan1 ch11  | prep wlan0 ch4  | BL=[]
[TX  ->  *] bucket=331 L2 active=wlan1 ch11  BL=[]
[RX  <- A] bucket=331  peer_BL=[]  my_BL=[]
[20:18:58] HOP bucket=332 L2 active=wlan0 ch4  | prep wlan1 ch9  | BL=[]
[TX  ->  *] bucket=332 L2 active=wlan0 ch4  BL=[]
[20:19:00] HOP bucket=333 L2 active=wlan1 ch9  | prep wlan0 ch4  | BL=[]
[TX  ->  *] bucket=333 L2 active=wlan1 ch9  BL=[]
[RX  <- A] bucket=333  peer_BL=[]  my_BL=[]
[20:19:02] HOP bucket=334 L2 active=wlan0 ch4  | prep wlan1 ch8  | BL=[]
[TX  ->  *] bucket=334 L2 active=wlan0 ch4  BL=[]
[20:19:04] HOP bucket=335 L2 active=wlan1 ch8  | prep wlan0 ch9  | BL=[]
[TX  ->  *] bucket=335 L2 active=wlan1 ch8  BL=[]
[RX  <- A] bucket=335  peer_BL=[]  my_BL=[]
[20:19:06] HOP bucket=336 L2 active=wlan0 ch9  | prep wlan1 ch4  | BL=[]
[TX  ->  *] bucket=336 L2 active=wlan0 ch9  BL=[]
[RX  <- A] bucket=336  peer_BL=[]  my_BL=[]
[20:19:08] HOP bucket=337 L2 active=wlan1 ch4  | prep wlan0 ch3  | BL=[]
[TX  ->  *] bucket=337 L2 active=wlan1 ch4  BL=[]
[20:19:10] HOP bucket=338 L2 active=wlan0 ch3  | prep wlan1 ch4  | BL=[]
[TX  ->  *] bucket=338 L2 active=wlan0 ch3  BL=[]
[20:19:12] HOP bucket=339 L2 active=wlan1 ch4  | prep wlan0 ch3  | BL=[]
[TX  ->  *] bucket=339 L2 active=wlan1 ch4  BL=[]
[20:19:14] HOP bucket=340 L2 active=wlan0 ch3  | prep wlan1 ch3  | BL=[]
[TX  ->  *] bucket=340 L2 active=wlan0 ch3  BL=[]
[20:19:16] HOP bucket=341 L2 active=wlan1 ch3  | prep wlan0 ch10  | BL=[]
[TX  ->  *] bucket=341 L2 active=wlan1 ch3  BL=[]
[20:19:18] HOP bucket=342 L2 active=wlan0 ch10  | prep wlan1 ch3  | BL=[]
[TX  ->  *] bucket=342 L2 active=wlan0 ch10  BL=[]
[RX  <- A] bucket=342  peer_BL=[]  my_BL=[]
[20:19:20] HOP bucket=343 L2 active=wlan1 ch3  | prep wlan0 ch7  | BL=[]
[TX  ->  *] bucket=343 L2 active=wlan1 ch3  BL=[]
[20:19:22] HOP bucket=344 L2 active=wlan0 ch7  | prep wlan1 ch4  | BL=[]
[TX  ->  *] bucket=344 L2 active=wlan0 ch7  BL=[]
[RX  <- A] bucket=344  peer_BL=[]  my_BL=[]
[20:19:24] HOP bucket=345 L2 active=wlan1 ch4  | prep wlan0 ch11  | BL=[]
[TX  ->  *] bucket=345 L2 active=wlan1 ch4  BL=[]
[20:19:26] HOP bucket=346 L2 active=wlan0 ch11  | prep wlan1 ch8  | BL=[]
[RX  <- A] bucket=346  peer_BL=[]  my_BL=[]
[TX  ->  *] bucket=346 L2 active=wlan0 ch11  BL=[]
[20:19:28] HOP bucket=347 L2 active=wlan1 ch8  | prep wlan0 ch6  | BL=[]
[TX  ->  *] bucket=347 L2 active=wlan1 ch8  BL=[]
[RX  <- A] bucket=347  peer_BL=[]  my_BL=[]
[20:19:30] HOP bucket=348 L2 active=wlan0 ch6  | prep wlan1 ch7  | BL=[]
[RX  <- A] bucket=348  peer_BL=[]  my_BL=[]
[TX  ->  *] bucket=348 L2 active=wlan0 ch6  BL=[]
[20:19:32] HOP bucket=349 L2 active=wlan1 ch7  | prep wlan0 ch11  | BL=[]
[RX  <- A] bucket=349  peer_BL=[]  my_BL=[]
[TX  ->  *] bucket=349 L2 active=wlan1 ch7  BL=[]
[20:19:34] HOP bucket=350 L2 active=wlan0 ch11  | prep wlan1 ch8  | BL=[]
[TX  ->  *] bucket=350 L2 active=wlan0 ch11  BL=[]
[RX  <- A] bucket=350  peer_BL=[]  my_BL=[]
[20:19:36] HOP bucket=351 L2 active=wlan1 ch8  | prep wlan0 ch4  | BL=[]
[TX  ->  *] bucket=351 L2 active=wlan1 ch8  BL=[]
[RX  <- A] bucket=351  peer_BL=[]  my_BL=[]
[20:19:38] HOP bucket=352 L2 active=wlan0 ch4  | prep wlan1 ch9  | BL=[]
[TX  ->  *] bucket=352 L2 active=wlan0 ch4  BL=[]
[20:19:40] HOP bucket=353 L2 active=wlan1 ch9  | prep wlan0 ch5  | BL=[]
[TX  ->  *] bucket=353 L2 active=wlan1 ch9  BL=[]
[RX  <- A] bucket=353  peer_BL=[]  my_BL=[]
[20:19:42] HOP bucket=354 L2 active=wlan0 ch5  | prep wlan1 ch6  | BL=[]
[RX  <- A] bucket=354  peer_BL=[]  my_BL=[]
[TX  ->  *] bucket=354 L2 active=wlan0 ch5  BL=[]
[20:19:44] HOP bucket=355 L2 active=wlan1 ch6  | prep wlan0 ch10  | BL=[]
[TX  ->  *] bucket=355 L2 active=wlan1 ch6  BL=[]
[RX  <- A] bucket=355  peer_BL=[]  my_BL=[]
[20:19:46] HOP bucket=356 L2 active=wlan0 ch10  | prep wlan1 ch10  | BL=[]
[TX  ->  *] bucket=356 L2 active=wlan0 ch10  BL=[]
[RX  <- A] bucket=356  peer_BL=[]  my_BL=[]
[20:19:48] HOP bucket=357 L2 active=wlan1 ch10  | prep wlan0 ch11  | BL=[]
[TX  ->  *] bucket=357 L2 active=wlan1 ch10  BL=[]
[RX  <- A] bucket=357  peer_BL=[]  my_BL=[]
[20:19:50] HOP bucket=358 L2 active=wlan0 ch11  | prep wlan1 ch6  | BL=[]
[TX  ->  *] bucket=358 L2 active=wlan0 ch11  BL=[]
[RX  <- A] bucket=358  peer_BL=[]  my_BL=[]
[20:19:52] HOP bucket=359 L2 active=wlan1 ch6  | prep wlan0 ch8  | BL=[]
[TX  ->  *] bucket=359 L2 active=wlan1 ch6  BL=[]
[RX  <- A] bucket=359  peer_BL=[]  my_BL=[]
[20:19:54] HOP bucket=360 L2 active=wlan0 ch8  | prep wlan1 ch8  | BL=[]
[RX  <- A] bucket=360  peer_BL=[]  my_BL=[]
[TX  ->  *] bucket=360 L2 active=wlan0 ch8  BL=[]
[20:19:56] HOP bucket=361 L2 active=wlan1 ch8  | prep wlan0 ch5  | BL=[]
[TX  ->  *] bucket=361 L2 active=wlan1 ch8  BL=[]
[RX  <- A] bucket=361  peer_BL=[]  my_BL=[]
[20:19:58] HOP bucket=362 L2 active=wlan0 ch5  | prep wlan1 ch9  | BL=[]
[TX  ->  *] bucket=362 L2 active=wlan0 ch5  BL=[]
[20:20:00] HOP bucket=363 L2 active=wlan1 ch9  | prep wlan0 ch10  | BL=[]
[RX  <- A] bucket=363  peer_BL=[]  my_BL=[]
[TX  ->  *] bucket=363 L2 active=wlan1 ch9  BL=[]
[20:20:02] HOP bucket=364 L2 active=wlan0 ch10  | prep wlan1 ch10  | BL=[]
[RX  <- A] bucket=364  peer_BL=[]  my_BL=[]
[TX  ->  *] bucket=364 L2 active=wlan0 ch10  BL=[]
[20:20:04] HOP bucket=365 L2 active=wlan1 ch10  | prep wlan0 ch4  | BL=[]
[RX  <- A] bucket=365  peer_BL=[]  my_BL=[]
[TX  ->  *] bucket=365 L2 active=wlan1 ch10  BL=[]
[20:20:06] HOP bucket=366 L2 active=wlan0 ch4  | prep wlan1 ch3  | BL=[]
[TX  ->  *] bucket=366 L2 active=wlan0 ch4  BL=[]
[20:20:08] HOP bucket=367 L2 active=wlan1 ch3  | prep wlan0 ch4  | BL=[]
[RX  <- A] bucket=367  peer_BL=[]  my_BL=[]
[TX  ->  *] bucket=367 L2 active=wlan1 ch3  BL=[]
[20:20:10] HOP bucket=368 L2 active=wlan0 ch4  | prep wlan1 ch9  | BL=[]
[TX  ->  *] bucket=368 L2 active=wlan0 ch4  BL=[]
[20:20:12] HOP bucket=369 L2 active=wlan1 ch9  | prep wlan0 ch11  | BL=[]
[RX  <- A] bucket=369  peer_BL=[]  my_BL=[]
[TX  ->  *] bucket=369 L2 active=wlan1 ch9  BL=[]
[20:20:14] HOP bucket=370 L2 active=wlan0 ch11  | prep wlan1 ch11  | BL=[]
[RX  <- A] bucket=370  peer_BL=[]  my_BL=[]
[TX  ->  *] bucket=370 L2 active=wlan0 ch11  BL=[]
[20:20:16] HOP bucket=371 L2 active=wlan1 ch11  | prep wlan0 ch7  | BL=[]
[TX  ->  *] bucket=371 L2 active=wlan1 ch11  BL=[]
[RX  <- A] bucket=371  peer_BL=[]  my_BL=[]
[20:20:18] HOP bucket=372 L2 active=wlan0 ch7  | prep wlan1 ch6  | BL=[]
[RX  <- A] bucket=372  peer_BL=[]  my_BL=[]
[TX  ->  *] bucket=372 L2 active=wlan0 ch7  BL=[]
[20:20:20] HOP bucket=373 L2 active=wlan1 ch6  | prep wlan0 ch9  | BL=[]
[TX  ->  *] bucket=373 L2 active=wlan1 ch6  BL=[]
[20:20:22] HOP bucket=374 L2 active=wlan0 ch9  | prep wlan1 ch9  | BL=[]
[RX  <- A] bucket=374  peer_BL=[]  my_BL=[]
[TX  ->  *] bucket=374 L2 active=wlan0 ch9  BL=[]
[20:20:24] HOP bucket=375 L2 active=wlan1 ch9  | prep wlan0 ch9  | BL=[]
[TX  ->  *] bucket=375 L2 active=wlan1 ch9  BL=[]
[RX  <- A] bucket=375  peer_BL=[]  my_BL=[]
[20:20:26] HOP bucket=376 L2 active=wlan0 ch9  | prep wlan1 ch6  | BL=[]
[RX  <- A] bucket=376  peer_BL=[]  my_BL=[]
[TX  ->  *] bucket=376 L2 active=wlan0 ch9  BL=[]
[20:20:28] HOP bucket=377 L2 active=wlan1 ch6  | prep wlan0 ch7  | BL=[]
[TX  ->  *] bucket=377 L2 active=wlan1 ch6  BL=[]
[20:20:30] HOP bucket=378 L2 active=wlan0 ch7  | prep wlan1 ch10  | BL=[]
[RX  <- A] bucket=378  peer_BL=[]  my_BL=[]
[TX  ->  *] bucket=378 L2 active=wlan0 ch7  BL=[]
[20:20:32] HOP bucket=379 L2 active=wlan1 ch10  | prep wlan0 ch11  | BL=[]
[RX  <- A] bucket=379  peer_BL=[]  my_BL=[]
[TX  ->  *] bucket=379 L2 active=wlan1 ch10  BL=[]
[20:20:34] HOP bucket=380 L2 active=wlan0 ch11  | prep wlan1 ch10  | BL=[]
[TX  ->  *] bucket=380 L2 active=wlan0 ch11  BL=[]
[RX  <- A] bucket=380  peer_BL=[]  my_BL=[]
[20:20:36] HOP bucket=381 L2 active=wlan1 ch10  | prep wlan0 ch9  | BL=[]
[TX  ->  *] bucket=381 L2 active=wlan1 ch10  BL=[]
[RX  <- A] bucket=381  peer_BL=[]  my_BL=[]
[20:20:38] HOP bucket=382 L2 active=wlan0 ch9  | prep wlan1 ch4  | BL=[]
[TX  ->  *] bucket=382 L2 active=wlan0 ch9  BL=[]
[RX  <- A] bucket=382  peer_BL=[]  my_BL=[]
[20:20:40] HOP bucket=383 L2 active=wlan1 ch4  | prep wlan0 ch3  | BL=[]
[TX  ->  *] bucket=383 L2 active=wlan1 ch4  BL=[]
[20:20:42] HOP bucket=384 L2 active=wlan0 ch3  | prep wlan1 ch11  | BL=[]
[TX  ->  *] bucket=384 L2 active=wlan0 ch3  BL=[]
[RX  <- A] bucket=384  peer_BL=[]  my_BL=[]
[20:20:44] HOP bucket=385 L2 active=wlan1 ch11  | prep wlan0 ch8  | BL=[]
[TX  ->  *] bucket=385 L2 active=wlan1 ch11  BL=[]
[RX  <- A] bucket=385  peer_BL=[]  my_BL=[]
[20:20:46] HOP bucket=386 L2 active=wlan0 ch8  | prep wlan1 ch11  | BL=[]
[RX  <- A] bucket=386  peer_BL=[]  my_BL=[]
[TX  ->  *] bucket=386 L2 active=wlan0 ch8  BL=[]
[20:20:48] HOP bucket=387 L2 active=wlan1 ch11  | prep wlan0 ch6  | BL=[]
[RX  <- A] bucket=387  peer_BL=[]  my_BL=[]
[TX  ->  *] bucket=387 L2 active=wlan1 ch11  BL=[]
[20:20:50] HOP bucket=388 L2 active=wlan0 ch6  | prep wlan1 ch6  | BL=[]
[TX  ->  *] bucket=388 L2 active=wlan0 ch6  BL=[]
[20:20:52] HOP bucket=389 L2 active=wlan1 ch6  | prep wlan0 ch3  | BL=[]
[TX  ->  *] bucket=389 L2 active=wlan1 ch6  BL=[]
[20:20:54] HOP bucket=390 L2 active=wlan0 ch3  | prep wlan1 ch3  | BL=[]
[TX  ->  *] bucket=390 L2 active=wlan0 ch3  BL=[]
[RX  <- A] bucket=390  peer_BL=[]  my_BL=[]
[20:20:56] HOP bucket=391 L2 active=wlan1 ch3  | prep wlan0 ch7  | BL=[]
[RX  <- A] bucket=391  peer_BL=[]  my_BL=[]
[TX  ->  *] bucket=391 L2 active=wlan1 ch3  BL=[]
[20:20:58] HOP bucket=392 L2 active=wlan0 ch7  | prep wlan1 ch8  | BL=[]
[TX  ->  *] bucket=392 L2 active=wlan0 ch7  BL=[]
[20:21:00] HOP bucket=393 L2 active=wlan1 ch8  | prep wlan0 ch11  | BL=[]
[TX  ->  *] bucket=393 L2 active=wlan1 ch8  BL=[]
[RX  <- A] bucket=393  peer_BL=[]  my_BL=[]
[20:21:02] HOP bucket=394 L2 active=wlan0 ch11  | prep wlan1 ch9  | BL=[]
[TX  ->  *] bucket=394 L2 active=wlan0 ch11  BL=[]
[RX  <- A] bucket=394  peer_BL=[]  my_BL=[]
[20:21:04] HOP bucket=395 L2 active=wlan1 ch9  | prep wlan0 ch7  | BL=[]
[TX  ->  *] bucket=395 L2 active=wlan1 ch9  BL=[]
[RX  <- A] bucket=395  peer_BL=[]  my_BL=[]
[20:21:06] HOP bucket=396 L2 active=wlan0 ch7  | prep wlan1 ch4  | BL=[]
[TX  ->  *] bucket=396 L2 active=wlan0 ch7  BL=[]
[20:21:08] HOP bucket=397 L2 active=wlan1 ch4  | prep wlan0 ch4  | BL=[]
[TX  ->  *] bucket=397 L2 active=wlan1 ch4  BL=[]
[20:21:10] HOP bucket=398 L2 active=wlan0 ch4  | prep wlan1 ch8  | BL=[]
[TX  ->  *] bucket=398 L2 active=wlan0 ch4  BL=[]
[20:21:12] HOP bucket=399 L2 active=wlan1 ch8  | prep wlan0 ch7  | BL=[]
[TX  ->  *] bucket=399 L2 active=wlan1 ch8  BL=[]
[RX  <- A] bucket=399  peer_BL=[]  my_BL=[]
[20:21:14] HOP bucket=400 L2 active=wlan0 ch7  | prep wlan1 ch3  | BL=[]
[TX  ->  *] bucket=400 L2 active=wlan0 ch7  BL=[]
[20:21:16] HOP bucket=401 L2 active=wlan1 ch3  | prep wlan0 ch9  | BL=[]
[RX  <- A] bucket=401  peer_BL=[]  my_BL=[]
[TX  ->  *] bucket=401 L2 active=wlan1 ch3  BL=[]
[20:21:18] HOP bucket=402 L2 active=wlan0 ch9  | prep wlan1 ch5  | BL=[]
[TX  ->  *] bucket=402 L2 active=wlan0 ch9  BL=[]
[RX  <- A] bucket=402  peer_BL=[]  my_BL=[]
[20:21:20] HOP bucket=403 L2 active=wlan1 ch5  | prep wlan0 ch11  | BL=[]
[TX  ->  *] bucket=403 L2 active=wlan1 ch5  BL=[]
[20:21:22] HOP bucket=404 L2 active=wlan0 ch11  | prep wlan1 ch10  | BL=[]
[TX  ->  *] bucket=404 L2 active=wlan0 ch11  BL=[]
[RX  <- A] bucket=404  peer_BL=[]  my_BL=[]
[20:21:24] HOP bucket=405 L2 active=wlan1 ch10  | prep wlan0 ch5  | BL=[]
[RX  <- A] bucket=405  peer_BL=[]  my_BL=[]
[TX  ->  *] bucket=405 L2 active=wlan1 ch10  BL=[]
[20:21:26] HOP bucket=406 L2 active=wlan0 ch5  | prep wlan1 ch10  | BL=[]
[TX  ->  *] bucket=406 L2 active=wlan0 ch5  BL=[]
[20:21:28] HOP bucket=407 L2 active=wlan1 ch10  | prep wlan0 ch4  | BL=[]
[TX  ->  *] bucket=407 L2 active=wlan1 ch10  BL=[]
[RX  <- A] bucket=407  peer_BL=[]  my_BL=[]
[20:21:30] HOP bucket=408 L2 active=wlan0 ch4  | prep wlan1 ch9  | BL=[]
[TX  ->  *] bucket=408 L2 active=wlan0 ch4  BL=[]
[20:21:32] HOP bucket=409 L2 active=wlan1 ch9  | prep wlan0 ch10  | BL=[]
[RX  <- A] bucket=409  peer_BL=[]  my_BL=[]
[TX  ->  *] bucket=409 L2 active=wlan1 ch9  BL=[]
[20:21:34] HOP bucket=410 L2 active=wlan0 ch10  | prep wlan1 ch11  | BL=[]
[RX  <- A] bucket=410  peer_BL=[]  my_BL=[]
[TX  ->  *] bucket=410 L2 active=wlan0 ch10  BL=[]
[20:21:36] HOP bucket=411 L2 active=wlan1 ch11  | prep wlan0 ch11  | BL=[]
[RX  <- A] bucket=411  peer_BL=[]  my_BL=[]
[TX  ->  *] bucket=411 L2 active=wlan1 ch11  BL=[]
[20:21:38] HOP bucket=412 L2 active=wlan0 ch11  | prep wlan1 ch10  | BL=[]
[TX  ->  *] bucket=412 L2 active=wlan0 ch11  BL=[]
[RX  <- A] bucket=412  peer_BL=[]  my_BL=[]
[20:21:40] HOP bucket=413 L2 active=wlan1 ch10  | prep wlan0 ch7  | BL=[]
[TX  ->  *] bucket=413 L2 active=wlan1 ch10  BL=[]
[RX  <- A] bucket=413  peer_BL=[]  my_BL=[]
[20:21:42] HOP bucket=414 L2 active=wlan0 ch7  | prep wlan1 ch9  | BL=[]
[TX  ->  *] bucket=414 L2 active=wlan0 ch7  BL=[]
[20:21:44] HOP bucket=415 L2 active=wlan1 ch9  | prep wlan0 ch8  | BL=[]
[RX  <- A] bucket=415  peer_BL=[]  my_BL=[]
[TX  ->  *] bucket=415 L2 active=wlan1 ch9  BL=[]
[20:21:46] HOP bucket=416 L2 active=wlan0 ch8  | prep wlan1 ch10  | BL=[]
[TX  ->  *] bucket=416 L2 active=wlan0 ch8  BL=[]
[RX  <- A] bucket=416  peer_BL=[]  my_BL=[]
[20:21:48] HOP bucket=417 L2 active=wlan1 ch10  | prep wlan0 ch7  | BL=[]
[TX  ->  *] bucket=417 L2 active=wlan1 ch10  BL=[]
[RX  <- A] bucket=417  peer_BL=[]  my_BL=[]
[20:21:50] HOP bucket=418 L2 active=wlan0 ch7  | prep wlan1 ch9  | BL=[]
[TX  ->  *] bucket=418 L2 active=wlan0 ch7  BL=[]
[20:21:52] HOP bucket=419 L2 active=wlan1 ch9  | prep wlan0 ch11  | BL=[]
[TX  ->  *] bucket=419 L2 active=wlan1 ch9  BL=[]
[RX  <- A] bucket=419  peer_BL=[]  my_BL=[]
[20:21:54] HOP bucket=420 L2 active=wlan0 ch11  | prep wlan1 ch11  | BL=[]
[TX  ->  *] bucket=420 L2 active=wlan0 ch11  BL=[]
[RX  <- A] bucket=420  peer_BL=[]  my_BL=[]
[20:21:56] HOP bucket=421 L2 active=wlan1 ch11  | prep wlan0 ch11  | BL=[]
[TX  ->  *] bucket=421 L2 active=wlan1 ch11  BL=[]
[RX  <- A] bucket=421  peer_BL=[]  my_BL=[]
[20:21:58] HOP bucket=422 L2 active=wlan0 ch11  | prep wlan1 ch10  | BL=[]
[TX  ->  *] bucket=422 L2 active=wlan0 ch11  BL=[]
[RX  <- A] bucket=422  peer_BL=[]  my_BL=[]
[20:22:00] HOP bucket=423 L2 active=wlan1 ch10  | prep wlan0 ch8  | BL=[]
[TX  ->  *] bucket=423 L2 active=wlan1 ch10  BL=[]
[RX  <- A] bucket=423  peer_BL=[]  my_BL=[]
[20:22:02] HOP bucket=424 L2 active=wlan0 ch8  | prep wlan1 ch10  | BL=[]
[TX  ->  *] bucket=424 L2 active=wlan0 ch8  BL=[]
[20:22:04] HOP bucket=425 L2 active=wlan1 ch10  | prep wlan0 ch10  | BL=[]
[TX  ->  *] bucket=425 L2 active=wlan1 ch10  BL=[]
[RX  <- A] bucket=425  peer_BL=[]  my_BL=[]
[20:22:06] HOP bucket=426 L2 active=wlan0 ch10  | prep wlan1 ch4  | BL=[]
[TX  ->  *] bucket=426 L2 active=wlan0 ch10  BL=[]
[RX  <- A] bucket=426  peer_BL=[]  my_BL=[]
[20:22:08] HOP bucket=427 L2 active=wlan1 ch4  | prep wlan0 ch8  | BL=[]
[RX  <- A] bucket=427  peer_BL=[]  my_BL=[]
[TX  ->  *] bucket=427 L2 active=wlan1 ch4  BL=[]
[20:22:10] HOP bucket=428 L2 active=wlan0 ch8  | prep wlan1 ch10  | BL=[]
[TX  ->  *] bucket=428 L2 active=wlan0 ch8  BL=[]
[20:22:12] HOP bucket=429 L2 active=wlan1 ch10  | prep wlan0 ch7  | BL=[]
[RX  <- A] bucket=429  peer_BL=[]  my_BL=[]
[TX  ->  *] bucket=429 L2 active=wlan1 ch10  BL=[]
[20:22:14] HOP bucket=430 L2 active=wlan0 ch7  | prep wlan1 ch11  | BL=[]
[TX  ->  *] bucket=430 L2 active=wlan0 ch7  BL=[]
[20:22:16] HOP bucket=431 L2 active=wlan1 ch11  | prep wlan0 ch4  | BL=[]
[RX  <- A] bucket=431  peer_BL=[]  my_BL=[]
[TX  ->  *] bucket=431 L2 active=wlan1 ch11  BL=[]
[20:22:18] HOP bucket=432 L2 active=wlan0 ch4  | prep wlan1 ch8  | BL=[]
[TX  ->  *] bucket=432 L2 active=wlan0 ch4  BL=[]
[RX  <- A] bucket=432  peer_BL=[]  my_BL=[]
[20:22:20] HOP bucket=433 L2 active=wlan1 ch8  | prep wlan0 ch11  | BL=[]
[TX  ->  *] bucket=433 L2 active=wlan1 ch8  BL=[]
[20:22:22] HOP bucket=434 L2 active=wlan0 ch11  | prep wlan1 ch8  | BL=[]
[TX  ->  *] bucket=434 L2 active=wlan0 ch11  BL=[]
[RX  <- A] bucket=434  peer_BL=[]  my_BL=[]
[20:22:24] HOP bucket=435 L2 active=wlan1 ch8  | prep wlan0 ch9  | BL=[]
[TX  ->  *] bucket=435 L2 active=wlan1 ch8  BL=[]
[20:22:26] HOP bucket=436 L2 active=wlan0 ch9  | prep wlan1 ch9  | BL=[]
[TX  ->  *] bucket=436 L2 active=wlan0 ch9  BL=[]
[20:22:28] HOP bucket=437 L2 active=wlan1 ch9  | prep wlan0 ch3  | BL=[]
[TX  ->  *] bucket=437 L2 active=wlan1 ch9  BL=[]
[20:22:30] HOP bucket=438 L2 active=wlan0 ch3  | prep wlan1 ch4  | BL=[]
[TX  ->  *] bucket=438 L2 active=wlan0 ch3  BL=[]
[RX  <- A] bucket=438  peer_BL=[]  my_BL=[]
[20:22:32] HOP bucket=439 L2 active=wlan1 ch4  | prep wlan0 ch10  | BL=[]
[TX  ->  *] bucket=439 L2 active=wlan1 ch4  BL=[]
[RX  <- A] bucket=439  peer_BL=[]  my_BL=[]
[20:22:34] HOP bucket=440 L2 active=wlan0 ch10  | prep wlan1 ch5  | BL=[]
[TX  ->  *] bucket=440 L2 active=wlan0 ch10  BL=[]
[RX  <- A] bucket=440  peer_BL=[]  my_BL=[]
[20:22:36] HOP bucket=441 L2 active=wlan1 ch5  | prep wlan0 ch7  | BL=[]
[RX  <- A] bucket=441  peer_BL=[]  my_BL=[]
[TX  ->  *] bucket=441 L2 active=wlan1 ch5  BL=[]
[20:22:38] HOP bucket=442 L2 active=wlan0 ch7  | prep wlan1 ch7  | BL=[]
[TX  ->  *] bucket=442 L2 active=wlan0 ch7  BL=[]
[20:22:40] HOP bucket=443 L2 active=wlan1 ch7  | prep wlan0 ch9  | BL=[]
[TX  ->  *] bucket=443 L2 active=wlan1 ch7  BL=[]
[20:22:42] HOP bucket=444 L2 active=wlan0 ch9  | prep wlan1 ch10  | BL=[]
[TX  ->  *] bucket=444 L2 active=wlan0 ch9  BL=[]
[20:22:44] HOP bucket=445 L2 active=wlan1 ch10  | prep wlan0 ch10  | BL=[]
[TX  ->  *] bucket=445 L2 active=wlan1 ch10  BL=[]
[RX  <- A] bucket=445  peer_BL=[]  my_BL=[]
[20:22:46] HOP bucket=446 L2 active=wlan0 ch10  | prep wlan1 ch10  | BL=[]
[TX  ->  *] bucket=446 L2 active=wlan0 ch10  BL=[]
[RX  <- A] bucket=446  peer_BL=[]  my_BL=[]
[20:22:48] HOP bucket=447 L2 active=wlan1 ch10  | prep wlan0 ch10  | BL=[]
[TX  ->  *] bucket=447 L2 active=wlan1 ch10  BL=[]
[RX  <- A] bucket=447  peer_BL=[]  my_BL=[]
[20:22:50] HOP bucket=448 L2 active=wlan0 ch10  | prep wlan1 ch5  | BL=[]
[TX  ->  *] bucket=448 L2 active=wlan0 ch10  BL=[]
[RX  <- A] bucket=448  peer_BL=[]  my_BL=[]
[20:22:52] HOP bucket=449 L2 active=wlan1 ch5  | prep wlan0 ch7  | BL=[]
[RX  <- A] bucket=449  peer_BL=[]  my_BL=[]
[TX  ->  *] bucket=449 L2 active=wlan1 ch5  BL=[]
[20:22:54] HOP bucket=450 L2 active=wlan0 ch7  | prep wlan1 ch4  | BL=[]
[TX  ->  *] bucket=450 L2 active=wlan0 ch7  BL=[]
[20:22:56] HOP bucket=451 L2 active=wlan1 ch4  | prep wlan0 ch8  | BL=[]
[TX  ->  *] bucket=451 L2 active=wlan1 ch4  BL=[]
[RX  <- A] bucket=451  peer_BL=[]  my_BL=[]
[20:22:58] HOP bucket=452 L2 active=wlan0 ch8  | prep wlan1 ch6  | BL=[]
[TX  ->  *] bucket=452 L2 active=wlan0 ch8  BL=[]
[20:23:00] HOP bucket=453 L2 active=wlan1 ch6  | prep wlan0 ch7  | BL=[]
[RX  <- A] bucket=453  peer_BL=[]  my_BL=[]
[TX  ->  *] bucket=453 L2 active=wlan1 ch6  BL=[]
[20:23:02] HOP bucket=454 L2 active=wlan0 ch7  | prep wlan1 ch4  | BL=[]
[TX  ->  *] bucket=454 L2 active=wlan0 ch7  BL=[]
[20:23:04] HOP bucket=455 L2 active=wlan1 ch4  | prep wlan0 ch4  | BL=[]
[RX  <- A] bucket=455  peer_BL=[]  my_BL=[]
[TX  ->  *] bucket=455 L2 active=wlan1 ch4  BL=[]
[20:23:06] HOP bucket=456 L2 active=wlan0 ch4  | prep wlan1 ch3  | BL=[]
[TX  ->  *] bucket=456 L2 active=wlan0 ch4  BL=[]
[RX  <- A] bucket=456  peer_BL=[]  my_BL=[]
[20:23:08] HOP bucket=457 L2 active=wlan1 ch3  | prep wlan0 ch11  | BL=[]
[RX  <- A] bucket=457  peer_BL=[]  my_BL=[]
[TX  ->  *] bucket=457 L2 active=wlan1 ch3  BL=[]
[20:23:10] HOP bucket=458 L2 active=wlan0 ch11  | prep wlan1 ch4  | BL=[]
[RX  <- A] bucket=458  peer_BL=[]  my_BL=[]
[TX  ->  *] bucket=458 L2 active=wlan0 ch11  BL=[]
[20:23:12] HOP bucket=459 L2 active=wlan1 ch4  | prep wlan0 ch5  | BL=[]
[TX  ->  *] bucket=459 L2 active=wlan1 ch4  BL=[]
[RX  <- A] bucket=459  peer_BL=[]  my_BL=[]
[20:23:14] HOP bucket=460 L2 active=wlan0 ch5  | prep wlan1 ch5  | BL=[]
[TX  ->  *] bucket=460 L2 active=wlan0 ch5  BL=[]
[RX  <- A] bucket=460  peer_BL=[]  my_BL=[]
[20:23:16] HOP bucket=461 L2 active=wlan1 ch5  | prep wlan0 ch4  | BL=[]
[TX  ->  *] bucket=461 L2 active=wlan1 ch5  BL=[]
[RX  <- A] bucket=461  peer_BL=[]  my_BL=[]
[20:23:18] HOP bucket=462 L2 active=wlan0 ch4  | prep wlan1 ch7  | BL=[]
[TX  ->  *] bucket=462 L2 active=wlan0 ch4  BL=[]
[RX  <- A] bucket=462  peer_BL=[]  my_BL=[]
[20:23:20] HOP bucket=463 L2 active=wlan1 ch7  | prep wlan0 ch5  | BL=[]
[TX  ->  *] bucket=463 L2 active=wlan1 ch7  BL=[]
[20:23:22] HOP bucket=464 L2 active=wlan0 ch5  | prep wlan1 ch9  | BL=[]
[RX  <- A] bucket=464  peer_BL=[]  my_BL=[]
[TX  ->  *] bucket=464 L2 active=wlan0 ch5  BL=[]
[20:23:24] HOP bucket=465 L2 active=wlan1 ch9  | prep wlan0 ch8  | BL=[]
[TX  ->  *] bucket=465 L2 active=wlan1 ch9  BL=[]
[20:23:26] HOP bucket=466 L2 active=wlan0 ch8  | prep wlan1 ch10  | BL=[]
[TX  ->  *] bucket=466 L2 active=wlan0 ch8  BL=[]
[20:23:28] HOP bucket=467 L2 active=wlan1 ch10  | prep wlan0 ch9  | BL=[]
[TX  ->  *] bucket=467 L2 active=wlan1 ch10  BL=[]
[20:23:30] HOP bucket=468 L2 active=wlan0 ch9  | prep wlan1 ch7  | BL=[]
[TX  ->  *] bucket=468 L2 active=wlan0 ch9  BL=[]
[20:23:32] HOP bucket=469 L2 active=wlan1 ch7  | prep wlan0 ch5  | BL=[]
[TX  ->  *] bucket=469 L2 active=wlan1 ch7  BL=[]
[20:23:34] HOP bucket=470 L2 active=wlan0 ch5  | prep wlan1 ch11  | BL=[]
[RX  <- A] bucket=470  peer_BL=[]  my_BL=[]
[TX  ->  *] bucket=470 L2 active=wlan0 ch5  BL=[]
[20:23:36] HOP bucket=471 L2 active=wlan1 ch11  | prep wlan0 ch3  | BL=[]
[RX  <- A] bucket=471  peer_BL=[]  my_BL=[]
[TX  ->  *] bucket=471 L2 active=wlan1 ch11  BL=[]
[20:23:38] HOP bucket=472 L2 active=wlan0 ch3  | prep wlan1 ch11  | BL=[]
[TX  ->  *] bucket=472 L2 active=wlan0 ch3  BL=[]
[RX  <- A] bucket=472  peer_BL=[]  my_BL=[]
[20:23:40] HOP bucket=473 L2 active=wlan1 ch11  | prep wlan0 ch10  | BL=[]
[TX  ->  *] bucket=473 L2 active=wlan1 ch11  BL=[]
[RX  <- A] bucket=473  peer_BL=[]  my_BL=[]
[20:23:42] HOP bucket=474 L2 active=wlan0 ch10  | prep wlan1 ch3  | BL=[]
[TX  ->  *] bucket=474 L2 active=wlan0 ch10  BL=[]
[20:23:44] HOP bucket=475 L2 active=wlan1 ch3  | prep wlan0 ch3  | BL=[]
[TX  ->  *] bucket=475 L2 active=wlan1 ch3  BL=[]
[RX  <- A] bucket=475  peer_BL=[]  my_BL=[]
[20:23:46] HOP bucket=476 L2 active=wlan0 ch3  | prep wlan1 ch10  | BL=[]
[TX  ->  *] bucket=476 L2 active=wlan0 ch3  BL=[]
[RX  <- A] bucket=476  peer_BL=[]  my_BL=[]
[20:23:48] HOP bucket=477 L2 active=wlan1 ch10  | prep wlan0 ch11  | BL=[]
[TX  ->  *] bucket=477 L2 active=wlan1 ch10  BL=[]
[20:23:50] HOP bucket=478 L2 active=wlan0 ch11  | prep wlan1 ch11  | BL=[]
[TX  ->  *] bucket=478 L2 active=wlan0 ch11  BL=[]
[RX  <- A] bucket=478  peer_BL=[]  my_BL=[]
[20:23:52] HOP bucket=479 L2 active=wlan1 ch11  | prep wlan0 ch10  | BL=[]
[RX  <- A] bucket=479  peer_BL=[]  my_BL=[]
[TX  ->  *] bucket=479 L2 active=wlan1 ch11  BL=[]
[20:23:54] HOP bucket=480 L2 active=wlan0 ch10  | prep wlan1 ch11  | BL=[]
[TX  ->  *] bucket=480 L2 active=wlan0 ch10  BL=[]
[20:23:56] HOP bucket=481 L2 active=wlan1 ch11  | prep wlan0 ch9  | BL=[]
[TX  ->  *] bucket=481 L2 active=wlan1 ch11  BL=[]
[20:23:58] HOP bucket=482 L2 active=wlan0 ch9  | prep wlan1 ch9  | BL=[]
[TX  ->  *] bucket=482 L2 active=wlan0 ch9  BL=[]
[RX  <- A] bucket=482  peer_BL=[]  my_BL=[]
[20:24:00] HOP bucket=483 L2 active=wlan1 ch9  | prep wlan0 ch9  | BL=[]
[TX  ->  *] bucket=483 L2 active=wlan1 ch9  BL=[]
[RX  <- A] bucket=483  peer_BL=[]  my_BL=[]
[20:24:02] HOP bucket=484 L2 active=wlan0 ch9  | prep wlan1 ch7  | BL=[]
[TX  ->  *] bucket=484 L2 active=wlan0 ch9  BL=[]
[RX  <- A] bucket=484  peer_BL=[]  my_BL=[]
[20:24:04] HOP bucket=485 L2 active=wlan1 ch7  | prep wlan0 ch9  | BL=[]
[TX  ->  *] bucket=485 L2 active=wlan1 ch7  BL=[]
[RX  <- A] bucket=485  peer_BL=[]  my_BL=[]
[20:24:06] HOP bucket=486 L2 active=wlan0 ch9  | prep wlan1 ch4  | BL=[]
[TX  ->  *] bucket=486 L2 active=wlan0 ch9  BL=[]
[RX  <- A] bucket=486  peer_BL=[]  my_BL=[]
[20:24:08] HOP bucket=487 L2 active=wlan1 ch4  | prep wlan0 ch8  | BL=[]
[TX  ->  *] bucket=487 L2 active=wlan1 ch4  BL=[]
[RX  <- A] bucket=487  peer_BL=[]  my_BL=[]
[20:24:10] HOP bucket=488 L2 active=wlan0 ch8  | prep wlan1 ch7  | BL=[]
[RX  <- A] bucket=488  peer_BL=[]  my_BL=[]
[TX  ->  *] bucket=488 L2 active=wlan0 ch8  BL=[]
[20:24:12] HOP bucket=489 L2 active=wlan1 ch7  | prep wlan0 ch3  | BL=[]
[RX  <- A] bucket=489  peer_BL=[]  my_BL=[]
[TX  ->  *] bucket=489 L2 active=wlan1 ch7  BL=[]
[20:24:14] HOP bucket=490 L2 active=wlan0 ch3  | prep wlan1 ch3  | BL=[]
[TX  ->  *] bucket=490 L2 active=wlan0 ch3  BL=[]
[RX  <- A] bucket=490  peer_BL=[]  my_BL=[]
[20:24:16] HOP bucket=491 L2 active=wlan1 ch3  | prep wlan0 ch6  | BL=[]
[RX  <- A] bucket=491  peer_BL=[]  my_BL=[]
[TX  ->  *] bucket=491 L2 active=wlan1 ch3  BL=[]
[20:24:18] HOP bucket=492 L2 active=wlan0 ch6  | prep wlan1 ch10  | BL=[]
[TX  ->  *] bucket=492 L2 active=wlan0 ch6  BL=[]
[RX  <- A] bucket=492  peer_BL=[]  my_BL=[]
[20:24:20] HOP bucket=493 L2 active=wlan1 ch10  | prep wlan0 ch5  | BL=[]
[TX  ->  *] bucket=493 L2 active=wlan1 ch10  BL=[]
[20:24:22] HOP bucket=494 L2 active=wlan0 ch5  | prep wlan1 ch7  | BL=[]
[RX  <- A] bucket=494  peer_BL=[]  my_BL=[]
[TX  ->  *] bucket=494 L2 active=wlan0 ch5  BL=[]
[20:24:24] HOP bucket=495 L2 active=wlan1 ch7  | prep wlan0 ch6  | BL=[]
[RX  <- A] bucket=495  peer_BL=[]  my_BL=[]
[TX  ->  *] bucket=495 L2 active=wlan1 ch7  BL=[]
[20:24:26] HOP bucket=496 L2 active=wlan0 ch6  | prep wlan1 ch6  | BL=[]
[RX  <- A] bucket=496  peer_BL=[]  my_BL=[]
[TX  ->  *] bucket=496 L2 active=wlan0 ch6  BL=[]
[20:24:28] HOP bucket=497 L2 active=wlan1 ch6  | prep wlan0 ch7  | BL=[]
[RX  <- A] bucket=497  peer_BL=[]  my_BL=[]
[TX  ->  *] bucket=497 L2 active=wlan1 ch6  BL=[]
[20:24:30] HOP bucket=498 L2 active=wlan0 ch7  | prep wlan1 ch8  | BL=[]
[RX  <- A] bucket=498  peer_BL=[]  my_BL=[]
[TX  ->  *] bucket=498 L2 active=wlan0 ch7  BL=[]
[20:24:32] HOP bucket=499 L2 active=wlan1 ch8  | prep wlan0 ch5  | BL=[]
[TX  ->  *] bucket=499 L2 active=wlan1 ch8  BL=[]
[RX  <- A] bucket=499  peer_BL=[]  my_BL=[]
[20:24:34] HOP bucket=500 L2 active=wlan0 ch5  | prep wlan1 ch7  | BL=[]
[RX  <- A] bucket=500  peer_BL=[]  my_BL=[]
[TX  ->  *] bucket=500 L2 active=wlan0 ch5  BL=[]
[20:24:36] HOP bucket=501 L2 active=wlan1 ch7  | prep wlan0 ch7  | BL=[]
[RX  <- A] bucket=501  peer_BL=[]  my_BL=[]
[TX  ->  *] bucket=501 L2 active=wlan1 ch7  BL=[]
[20:24:38] HOP bucket=502 L2 active=wlan0 ch7  | prep wlan1 ch11  | BL=[]
[TX  ->  *] bucket=502 L2 active=wlan0 ch7  BL=[]
[RX  <- A] bucket=502  peer_BL=[]  my_BL=[]
[20:24:40] HOP bucket=503 L2 active=wlan1 ch11  | prep wlan0 ch5  | BL=[]
[TX  ->  *] bucket=503 L2 active=wlan1 ch11  BL=[]
[20:24:42] HOP bucket=504 L2 active=wlan0 ch5  | prep wlan1 ch7  | BL=[]
[RX  <- A] bucket=504  peer_BL=[]  my_BL=[]
[TX  ->  *] bucket=504 L2 active=wlan0 ch5  BL=[]
[20:24:44] HOP bucket=505 L2 active=wlan1 ch7  | prep wlan0 ch8  | BL=[]
[TX  ->  *] bucket=505 L2 active=wlan1 ch7  BL=[]
[RX  <- A] bucket=505  peer_BL=[]  my_BL=[]
[20:24:46] HOP bucket=506 L2 active=wlan0 ch8  | prep wlan1 ch9  | BL=[]
[TX  ->  *] bucket=506 L2 active=wlan0 ch8  BL=[]
[RX  <- A] bucket=506  peer_BL=[]  my_BL=[]
[20:24:48] HOP bucket=507 L2 active=wlan1 ch9  | prep wlan0 ch9  | BL=[]
[RX  <- A] bucket=507  peer_BL=[]  my_BL=[]
[TX  ->  *] bucket=507 L2 active=wlan1 ch9  BL=[]
[20:24:50] HOP bucket=508 L2 active=wlan0 ch9  | prep wlan1 ch8  | BL=[]
[TX  ->  *] bucket=508 L2 active=wlan0 ch9  BL=[]
[RX  <- A] bucket=508  peer_BL=[]  my_BL=[]
[20:24:52] HOP bucket=509 L2 active=wlan1 ch8  | prep wlan0 ch10  | BL=[]
[TX  ->  *] bucket=509 L2 active=wlan1 ch8  BL=[]
[RX  <- A] bucket=509  peer_BL=[]  my_BL=[]
[20:24:54] HOP bucket=510 L2 active=wlan0 ch10  | prep wlan1 ch4  | BL=[]
[RX  <- A] bucket=510  peer_BL=[]  my_BL=[]
[TX  ->  *] bucket=510 L2 active=wlan0 ch10  BL=[]
[20:24:56] HOP bucket=511 L2 active=wlan1 ch4  | prep wlan0 ch7  | BL=[]
[RX  <- A] bucket=511  peer_BL=[]  my_BL=[]
[TX  ->  *] bucket=511 L2 active=wlan1 ch4  BL=[]
[20:24:58] HOP bucket=512 L2 active=wlan0 ch7  | prep wlan1 ch11  | BL=[]
[RX  <- A] bucket=512  peer_BL=[]  my_BL=[]
[TX  ->  *] bucket=512 L2 active=wlan0 ch7  BL=[]
[20:25:00] HOP bucket=513 L2 active=wlan1 ch11  | prep wlan0 ch10  | BL=[]
[TX  ->  *] bucket=513 L2 active=wlan1 ch11  BL=[]
[20:25:02] HOP bucket=514 L2 active=wlan0 ch10  | prep wlan1 ch7  | BL=[]
[TX  ->  *] bucket=514 L2 active=wlan0 ch10  BL=[]
[RX  <- A] bucket=514  peer_BL=[]  my_BL=[]